2025-05-05 21:28:31 DEBUG org.testng.TestNG - suiteXmlPath: "C:\Users\mpore\eclipse-workspace\DSAlgo_Testng\DsAlgo_TestNGProject\testng.xml"
2025-05-05 21:28:32 DEBUG com.aventstack.chaintest.service.ChainPluginService - Found configuration entry chaintest.generator.simple.enabled, will use chaintest.generator.simple.class-name to resolve class
2025-05-05 21:28:32 DEBUG com.aventstack.chaintest.service.ChainPluginService - Found configuration entry chaintest.generator.email.enabled, will use chaintest.generator.email.class-name to resolve class
2025-05-05 21:28:32 DEBUG com.aventstack.chaintest.service.ChainPluginService - Found configuration entry chaintest.generator.chainlp.enabled, will use chaintest.generator.chainlp.class-name to resolve class
2025-05-05 21:28:32 DEBUG com.aventstack.chaintest.generator.FileGenerator - Loading template index.ftl for class class com.aventstack.chaintest.generator.ChainTestSimpleGenerator with basePackagePath simple
2025-05-05 21:28:32 DEBUG com.aventstack.chaintest.generator.FileGenerator - Loading template index.ftl for class class com.aventstack.chaintest.generator.ChainTestEmailGenerator with basePackagePath email/
2025-05-05 21:28:32 DEBUG com.aventstack.chaintest.http.HttpRetryHandler - Creating HttpRetryHandler instance for 3 retry attempts
2025-05-05 21:28:32 DEBUG com.aventstack.chaintest.http.ChainTestApiClient - Created request for entity Build with body: {"id":0,"projectId":0,"projectName":"DsAlgoTestNG","startedAt":1746494912816,"endedAt":0,"durationMs":0,"executionStage":"IN_PROGRESS","testRunner":"testng","name":null,"result":"PASSED","tagStatsMonitor":{},"tags":[],"gitRepository":null,"gitBranch":null,"gitCommitHash":null,"gitTags":null,"gitCommitMessage":null,"systemInfo":[{"id":0,"name":"java.version","val":"21.0.6"},{"id":0,"name":"java.vm.name","val":"OpenJDK 64-Bit Server VM"},{"id":0,"name":"java.vm.vendor","val":"Eclipse Adoptium"},{"id":0,"name":"java.class.version","val":"65.0"},{"id":0,"name":"java.runtime.name","val":"OpenJDK Runtime Environment"},{"id":0,"name":"os.name","val":"Windows 11"},{"id":0,"name":"os.arch","val":"amd64"},{"id":0,"name":"os.version","val":"10.0"}],"durationPretty":"0ms","bdd":false}
2025-05-05 21:28:32 DEBUG com.aventstack.chaintest.http.HttpRetryHandler - Failed to connect to the ChainTest service
java.net.ConnectException: null
	at java.net.http/jdk.internal.net.http.HttpClientImpl.send(HttpClientImpl.java:951) ~[java.net.http:?]
	at java.net.http/jdk.internal.net.http.HttpClientFacade.send(HttpClientFacade.java:133) ~[java.net.http:?]
	at com.aventstack.chaintest.http.ChainTestApiClient.send(ChainTestApiClient.java:150) ~[chaintest-core-1.0.12.jar:?]
	at com.aventstack.chaintest.http.HttpRetryHandler.trySend(HttpRetryHandler.java:57) ~[chaintest-core-1.0.12.jar:?]
	at com.aventstack.chaintest.http.HttpRetryHandler.trySend(HttpRetryHandler.java:90) ~[chaintest-core-1.0.12.jar:?]
	at com.aventstack.chaintest.generator.ChainLPGenerator.start(ChainLPGenerator.java:98) ~[chaintest-core-1.0.12.jar:?]
	at com.aventstack.chaintest.service.ChainPluginService.lambda$start$1(ChainPluginService.java:101) ~[chaintest-core-1.0.12.jar:?]
	at java.base/java.util.stream.ForEachOps$ForEachOp$OfRef.accept(ForEachOps.java:184) [?:?]
	at java.base/java.util.stream.ReferencePipeline$2$1.accept(ReferencePipeline.java:179) [?:?]
	at java.base/java.util.ArrayList$ArrayListSpliterator.forEachRemaining(ArrayList.java:1708) [?:?]
	at java.base/java.util.stream.AbstractPipeline.copyInto(AbstractPipeline.java:509) [?:?]
	at java.base/java.util.stream.AbstractPipeline.wrapAndCopyInto(AbstractPipeline.java:499) [?:?]
	at java.base/java.util.stream.ForEachOps$ForEachOp.evaluateSequential(ForEachOps.java:151) [?:?]
	at java.base/java.util.stream.ForEachOps$ForEachOp$OfRef.evaluateSequential(ForEachOps.java:174) [?:?]
	at java.base/java.util.stream.AbstractPipeline.evaluate(AbstractPipeline.java:234) [?:?]
	at java.base/java.util.stream.ReferencePipeline.forEach(ReferencePipeline.java:596) [?:?]
	at com.aventstack.chaintest.service.ChainPluginService.start(ChainPluginService.java:101) [chaintest-core-1.0.12.jar:?]
	at com.aventstack.chaintest.plugins.ChainTestListener.onExecutionStart(ChainTestListener.java:65) [chaintest-testng-1.0.12.jar:?]
	at org.testng.TestNG.runExecutionListeners(TestNG.java:1129) [testng-7.11.0.jar:7.11.0]
	at org.testng.TestNG.run(TestNG.java:1074) [testng-7.11.0.jar:7.11.0]
	at org.testng.remote.AbstractRemoteTestNG.run(AbstractRemoteTestNG.java:115) [testng-remote.jar:?]
	at org.testng.remote.RemoteTestNG.initAndRun(RemoteTestNG.java:293) [testng-remote.jar:?]
	at org.testng.remote.RemoteTestNG.main(RemoteTestNG.java:91) [testng-remote.jar:?]
Caused by: java.net.ConnectException
	at java.net.http/jdk.internal.net.http.common.Utils.toConnectException(Utils.java:1041) ~[java.net.http:?]
	at java.net.http/jdk.internal.net.http.PlainHttpConnection.connectAsync(PlainHttpConnection.java:227) ~[java.net.http:?]
	at java.net.http/jdk.internal.net.http.PlainHttpConnection.checkRetryConnect(PlainHttpConnection.java:280) ~[java.net.http:?]
	at java.net.http/jdk.internal.net.http.PlainHttpConnection.lambda$connectAsync$2(PlainHttpConnection.java:238) ~[java.net.http:?]
	at java.base/java.util.concurrent.CompletableFuture.uniHandle(CompletableFuture.java:934) ~[?:?]
	at java.base/java.util.concurrent.CompletableFuture$UniHandle.tryFire(CompletableFuture.java:911) ~[?:?]
	at java.base/java.util.concurrent.CompletableFuture.postComplete(CompletableFuture.java:510) ~[?:?]
	at java.base/java.util.concurrent.CompletableFuture$AsyncSupply.run(CompletableFuture.java:1773) ~[?:?]
	at java.base/java.util.concurrent.ThreadPoolExecutor.runWorker(ThreadPoolExecutor.java:1144) ~[?:?]
	at java.base/java.util.concurrent.ThreadPoolExecutor$Worker.run(ThreadPoolExecutor.java:642) ~[?:?]
	at java.base/java.lang.Thread.run(Thread.java:1583) ~[?:?]
Caused by: java.nio.channels.ClosedChannelException
	at java.base/sun.nio.ch.SocketChannelImpl.ensureOpen(SocketChannelImpl.java:202) ~[?:?]
	at java.base/sun.nio.ch.SocketChannelImpl.beginConnect(SocketChannelImpl.java:786) ~[?:?]
	at java.base/sun.nio.ch.SocketChannelImpl.connect(SocketChannelImpl.java:874) ~[?:?]
	at java.net.http/jdk.internal.net.http.PlainHttpConnection.lambda$connectAsync$1(PlainHttpConnection.java:210) ~[java.net.http:?]
	at java.base/java.security.AccessController.doPrivileged(AccessController.java:571) ~[?:?]
	at java.net.http/jdk.internal.net.http.PlainHttpConnection.connectAsync(PlainHttpConnection.java:212) ~[java.net.http:?]
	at java.net.http/jdk.internal.net.http.PlainHttpConnection.checkRetryConnect(PlainHttpConnection.java:280) ~[java.net.http:?]
	at java.net.http/jdk.internal.net.http.PlainHttpConnection.lambda$connectAsync$2(PlainHttpConnection.java:238) ~[java.net.http:?]
	at java.base/java.util.concurrent.CompletableFuture.uniHandle(CompletableFuture.java:934) ~[?:?]
	at java.base/java.util.concurrent.CompletableFuture$UniHandle.tryFire(CompletableFuture.java:911) ~[?:?]
	at java.base/java.util.concurrent.CompletableFuture.postComplete(CompletableFuture.java:510) ~[?:?]
	at java.base/java.util.concurrent.CompletableFuture$AsyncSupply.run(CompletableFuture.java:1773) ~[?:?]
	at java.base/java.util.concurrent.ThreadPoolExecutor.runWorker(ThreadPoolExecutor.java:1144) ~[?:?]
	at java.base/java.util.concurrent.ThreadPoolExecutor$Worker.run(ThreadPoolExecutor.java:642) ~[?:?]
	at java.base/java.lang.Thread.run(Thread.java:1583) ~[?:?]
2025-05-05 21:28:35 DEBUG com.aventstack.chaintest.http.ChainTestApiClient - Created request for entity Build with body: {"id":0,"projectId":0,"projectName":"DsAlgoTestNG","startedAt":1746494912816,"endedAt":0,"durationMs":0,"executionStage":"IN_PROGRESS","testRunner":"testng","name":null,"result":"PASSED","tagStatsMonitor":{},"tags":[],"gitRepository":null,"gitBranch":null,"gitCommitHash":null,"gitTags":null,"gitCommitMessage":null,"systemInfo":[{"id":0,"name":"java.version","val":"21.0.6"},{"id":0,"name":"java.vm.name","val":"OpenJDK 64-Bit Server VM"},{"id":0,"name":"java.vm.vendor","val":"Eclipse Adoptium"},{"id":0,"name":"java.class.version","val":"65.0"},{"id":0,"name":"java.runtime.name","val":"OpenJDK Runtime Environment"},{"id":0,"name":"os.name","val":"Windows 11"},{"id":0,"name":"os.arch","val":"amd64"},{"id":0,"name":"os.version","val":"10.0"}],"durationPretty":"0ms","bdd":false}
2025-05-05 21:28:35 DEBUG com.aventstack.chaintest.http.HttpRetryHandler - Failed to connect to the ChainTest service
java.net.ConnectException: null
	at java.net.http/jdk.internal.net.http.HttpClientImpl.send(HttpClientImpl.java:951) ~[java.net.http:?]
	at java.net.http/jdk.internal.net.http.HttpClientFacade.send(HttpClientFacade.java:133) ~[java.net.http:?]
	at com.aventstack.chaintest.http.ChainTestApiClient.send(ChainTestApiClient.java:150) ~[chaintest-core-1.0.12.jar:?]
	at com.aventstack.chaintest.http.HttpRetryHandler.trySend(HttpRetryHandler.java:57) ~[chaintest-core-1.0.12.jar:?]
	at com.aventstack.chaintest.http.HttpRetryHandler.trySend(HttpRetryHandler.java:90) ~[chaintest-core-1.0.12.jar:?]
	at com.aventstack.chaintest.generator.ChainLPGenerator.start(ChainLPGenerator.java:98) ~[chaintest-core-1.0.12.jar:?]
	at com.aventstack.chaintest.service.ChainPluginService.lambda$start$1(ChainPluginService.java:101) ~[chaintest-core-1.0.12.jar:?]
	at java.base/java.util.stream.ForEachOps$ForEachOp$OfRef.accept(ForEachOps.java:184) [?:?]
	at java.base/java.util.stream.ReferencePipeline$2$1.accept(ReferencePipeline.java:179) [?:?]
	at java.base/java.util.ArrayList$ArrayListSpliterator.forEachRemaining(ArrayList.java:1708) [?:?]
	at java.base/java.util.stream.AbstractPipeline.copyInto(AbstractPipeline.java:509) [?:?]
	at java.base/java.util.stream.AbstractPipeline.wrapAndCopyInto(AbstractPipeline.java:499) [?:?]
	at java.base/java.util.stream.ForEachOps$ForEachOp.evaluateSequential(ForEachOps.java:151) [?:?]
	at java.base/java.util.stream.ForEachOps$ForEachOp$OfRef.evaluateSequential(ForEachOps.java:174) [?:?]
	at java.base/java.util.stream.AbstractPipeline.evaluate(AbstractPipeline.java:234) [?:?]
	at java.base/java.util.stream.ReferencePipeline.forEach(ReferencePipeline.java:596) [?:?]
	at com.aventstack.chaintest.service.ChainPluginService.start(ChainPluginService.java:101) [chaintest-core-1.0.12.jar:?]
	at com.aventstack.chaintest.plugins.ChainTestListener.onExecutionStart(ChainTestListener.java:65) [chaintest-testng-1.0.12.jar:?]
	at org.testng.TestNG.runExecutionListeners(TestNG.java:1129) [testng-7.11.0.jar:7.11.0]
	at org.testng.TestNG.run(TestNG.java:1074) [testng-7.11.0.jar:7.11.0]
	at org.testng.remote.AbstractRemoteTestNG.run(AbstractRemoteTestNG.java:115) [testng-remote.jar:?]
	at org.testng.remote.RemoteTestNG.initAndRun(RemoteTestNG.java:293) [testng-remote.jar:?]
	at org.testng.remote.RemoteTestNG.main(RemoteTestNG.java:91) [testng-remote.jar:?]
Caused by: java.net.ConnectException
	at java.net.http/jdk.internal.net.http.common.Utils.toConnectException(Utils.java:1041) ~[java.net.http:?]
	at java.net.http/jdk.internal.net.http.PlainHttpConnection.connectAsync(PlainHttpConnection.java:227) ~[java.net.http:?]
	at java.net.http/jdk.internal.net.http.PlainHttpConnection.checkRetryConnect(PlainHttpConnection.java:280) ~[java.net.http:?]
	at java.net.http/jdk.internal.net.http.PlainHttpConnection.lambda$connectAsync$2(PlainHttpConnection.java:238) ~[java.net.http:?]
	at java.base/java.util.concurrent.CompletableFuture.uniHandle(CompletableFuture.java:934) ~[?:?]
	at java.base/java.util.concurrent.CompletableFuture$UniHandle.tryFire(CompletableFuture.java:911) ~[?:?]
	at java.base/java.util.concurrent.CompletableFuture.postComplete(CompletableFuture.java:510) ~[?:?]
	at java.base/java.util.concurrent.CompletableFuture$AsyncSupply.run(CompletableFuture.java:1773) ~[?:?]
	at java.base/java.util.concurrent.ThreadPoolExecutor.runWorker(ThreadPoolExecutor.java:1144) ~[?:?]
	at java.base/java.util.concurrent.ThreadPoolExecutor$Worker.run(ThreadPoolExecutor.java:642) ~[?:?]
	at java.base/java.lang.Thread.run(Thread.java:1583) ~[?:?]
Caused by: java.nio.channels.ClosedChannelException
	at java.base/sun.nio.ch.SocketChannelImpl.ensureOpen(SocketChannelImpl.java:202) ~[?:?]
	at java.base/sun.nio.ch.SocketChannelImpl.beginConnect(SocketChannelImpl.java:786) ~[?:?]
	at java.base/sun.nio.ch.SocketChannelImpl.connect(SocketChannelImpl.java:874) ~[?:?]
	at java.net.http/jdk.internal.net.http.PlainHttpConnection.lambda$connectAsync$1(PlainHttpConnection.java:210) ~[java.net.http:?]
	at java.base/java.security.AccessController.doPrivileged(AccessController.java:571) ~[?:?]
	at java.net.http/jdk.internal.net.http.PlainHttpConnection.connectAsync(PlainHttpConnection.java:212) ~[java.net.http:?]
	at java.net.http/jdk.internal.net.http.PlainHttpConnection.checkRetryConnect(PlainHttpConnection.java:280) ~[java.net.http:?]
	at java.net.http/jdk.internal.net.http.PlainHttpConnection.lambda$connectAsync$2(PlainHttpConnection.java:238) ~[java.net.http:?]
	at java.base/java.util.concurrent.CompletableFuture.uniHandle(CompletableFuture.java:934) ~[?:?]
	at java.base/java.util.concurrent.CompletableFuture$UniHandle.tryFire(CompletableFuture.java:911) ~[?:?]
	at java.base/java.util.concurrent.CompletableFuture.postComplete(CompletableFuture.java:510) ~[?:?]
	at java.base/java.util.concurrent.CompletableFuture$AsyncSupply.run(CompletableFuture.java:1773) ~[?:?]
	at java.base/java.util.concurrent.ThreadPoolExecutor.runWorker(ThreadPoolExecutor.java:1144) ~[?:?]
	at java.base/java.util.concurrent.ThreadPoolExecutor$Worker.run(ThreadPoolExecutor.java:642) ~[?:?]
	at java.base/java.lang.Thread.run(Thread.java:1583) ~[?:?]
2025-05-05 21:28:37 DEBUG com.aventstack.chaintest.http.ChainTestApiClient - Created request for entity Build with body: {"id":0,"projectId":0,"projectName":"DsAlgoTestNG","startedAt":1746494912816,"endedAt":0,"durationMs":0,"executionStage":"IN_PROGRESS","testRunner":"testng","name":null,"result":"PASSED","tagStatsMonitor":{},"tags":[],"gitRepository":null,"gitBranch":null,"gitCommitHash":null,"gitTags":null,"gitCommitMessage":null,"systemInfo":[{"id":0,"name":"java.version","val":"21.0.6"},{"id":0,"name":"java.vm.name","val":"OpenJDK 64-Bit Server VM"},{"id":0,"name":"java.vm.vendor","val":"Eclipse Adoptium"},{"id":0,"name":"java.class.version","val":"65.0"},{"id":0,"name":"java.runtime.name","val":"OpenJDK Runtime Environment"},{"id":0,"name":"os.name","val":"Windows 11"},{"id":0,"name":"os.arch","val":"amd64"},{"id":0,"name":"os.version","val":"10.0"}],"durationPretty":"0ms","bdd":false}
2025-05-05 21:28:37 DEBUG com.aventstack.chaintest.http.HttpRetryHandler - Failed to connect to the ChainTest service
java.net.ConnectException: null
	at java.net.http/jdk.internal.net.http.HttpClientImpl.send(HttpClientImpl.java:951) ~[java.net.http:?]
	at java.net.http/jdk.internal.net.http.HttpClientFacade.send(HttpClientFacade.java:133) ~[java.net.http:?]
	at com.aventstack.chaintest.http.ChainTestApiClient.send(ChainTestApiClient.java:150) ~[chaintest-core-1.0.12.jar:?]
	at com.aventstack.chaintest.http.HttpRetryHandler.trySend(HttpRetryHandler.java:57) ~[chaintest-core-1.0.12.jar:?]
	at com.aventstack.chaintest.http.HttpRetryHandler.trySend(HttpRetryHandler.java:90) ~[chaintest-core-1.0.12.jar:?]
	at com.aventstack.chaintest.generator.ChainLPGenerator.start(ChainLPGenerator.java:98) ~[chaintest-core-1.0.12.jar:?]
	at com.aventstack.chaintest.service.ChainPluginService.lambda$start$1(ChainPluginService.java:101) ~[chaintest-core-1.0.12.jar:?]
	at java.base/java.util.stream.ForEachOps$ForEachOp$OfRef.accept(ForEachOps.java:184) [?:?]
	at java.base/java.util.stream.ReferencePipeline$2$1.accept(ReferencePipeline.java:179) [?:?]
	at java.base/java.util.ArrayList$ArrayListSpliterator.forEachRemaining(ArrayList.java:1708) [?:?]
	at java.base/java.util.stream.AbstractPipeline.copyInto(AbstractPipeline.java:509) [?:?]
	at java.base/java.util.stream.AbstractPipeline.wrapAndCopyInto(AbstractPipeline.java:499) [?:?]
	at java.base/java.util.stream.ForEachOps$ForEachOp.evaluateSequential(ForEachOps.java:151) [?:?]
	at java.base/java.util.stream.ForEachOps$ForEachOp$OfRef.evaluateSequential(ForEachOps.java:174) [?:?]
	at java.base/java.util.stream.AbstractPipeline.evaluate(AbstractPipeline.java:234) [?:?]
	at java.base/java.util.stream.ReferencePipeline.forEach(ReferencePipeline.java:596) [?:?]
	at com.aventstack.chaintest.service.ChainPluginService.start(ChainPluginService.java:101) [chaintest-core-1.0.12.jar:?]
	at com.aventstack.chaintest.plugins.ChainTestListener.onExecutionStart(ChainTestListener.java:65) [chaintest-testng-1.0.12.jar:?]
	at org.testng.TestNG.runExecutionListeners(TestNG.java:1129) [testng-7.11.0.jar:7.11.0]
	at org.testng.TestNG.run(TestNG.java:1074) [testng-7.11.0.jar:7.11.0]
	at org.testng.remote.AbstractRemoteTestNG.run(AbstractRemoteTestNG.java:115) [testng-remote.jar:?]
	at org.testng.remote.RemoteTestNG.initAndRun(RemoteTestNG.java:293) [testng-remote.jar:?]
	at org.testng.remote.RemoteTestNG.main(RemoteTestNG.java:91) [testng-remote.jar:?]
Caused by: java.net.ConnectException
	at java.net.http/jdk.internal.net.http.common.Utils.toConnectException(Utils.java:1041) ~[java.net.http:?]
	at java.net.http/jdk.internal.net.http.PlainHttpConnection.connectAsync(PlainHttpConnection.java:227) ~[java.net.http:?]
	at java.net.http/jdk.internal.net.http.PlainHttpConnection.checkRetryConnect(PlainHttpConnection.java:280) ~[java.net.http:?]
	at java.net.http/jdk.internal.net.http.PlainHttpConnection.lambda$connectAsync$2(PlainHttpConnection.java:238) ~[java.net.http:?]
	at java.base/java.util.concurrent.CompletableFuture.uniHandle(CompletableFuture.java:934) ~[?:?]
	at java.base/java.util.concurrent.CompletableFuture$UniHandle.tryFire(CompletableFuture.java:911) ~[?:?]
	at java.base/java.util.concurrent.CompletableFuture.postComplete(CompletableFuture.java:510) ~[?:?]
	at java.base/java.util.concurrent.CompletableFuture$AsyncSupply.run(CompletableFuture.java:1773) ~[?:?]
	at java.base/java.util.concurrent.ThreadPoolExecutor.runWorker(ThreadPoolExecutor.java:1144) ~[?:?]
	at java.base/java.util.concurrent.ThreadPoolExecutor$Worker.run(ThreadPoolExecutor.java:642) ~[?:?]
	at java.base/java.lang.Thread.run(Thread.java:1583) ~[?:?]
Caused by: java.nio.channels.ClosedChannelException
	at java.base/sun.nio.ch.SocketChannelImpl.ensureOpen(SocketChannelImpl.java:202) ~[?:?]
	at java.base/sun.nio.ch.SocketChannelImpl.beginConnect(SocketChannelImpl.java:786) ~[?:?]
	at java.base/sun.nio.ch.SocketChannelImpl.connect(SocketChannelImpl.java:874) ~[?:?]
	at java.net.http/jdk.internal.net.http.PlainHttpConnection.lambda$connectAsync$1(PlainHttpConnection.java:210) ~[java.net.http:?]
	at java.base/java.security.AccessController.doPrivileged(AccessController.java:571) ~[?:?]
	at java.net.http/jdk.internal.net.http.PlainHttpConnection.connectAsync(PlainHttpConnection.java:212) ~[java.net.http:?]
	at java.net.http/jdk.internal.net.http.PlainHttpConnection.checkRetryConnect(PlainHttpConnection.java:280) ~[java.net.http:?]
	at java.net.http/jdk.internal.net.http.PlainHttpConnection.lambda$connectAsync$2(PlainHttpConnection.java:238) ~[java.net.http:?]
	at java.base/java.util.concurrent.CompletableFuture.uniHandle(CompletableFuture.java:934) ~[?:?]
	at java.base/java.util.concurrent.CompletableFuture$UniHandle.tryFire(CompletableFuture.java:911) ~[?:?]
	at java.base/java.util.concurrent.CompletableFuture.postComplete(CompletableFuture.java:510) ~[?:?]
	at java.base/java.util.concurrent.CompletableFuture$AsyncSupply.run(CompletableFuture.java:1773) ~[?:?]
	at java.base/java.util.concurrent.ThreadPoolExecutor.runWorker(ThreadPoolExecutor.java:1144) ~[?:?]
	at java.base/java.util.concurrent.ThreadPoolExecutor$Worker.run(ThreadPoolExecutor.java:642) ~[?:?]
	at java.base/java.lang.Thread.run(Thread.java:1583) ~[?:?]
2025-05-05 21:28:39 DEBUG com.aventstack.chaintest.http.ChainTestApiClient - Created request for entity Build with body: {"id":0,"projectId":0,"projectName":"DsAlgoTestNG","startedAt":1746494912816,"endedAt":0,"durationMs":0,"executionStage":"IN_PROGRESS","testRunner":"testng","name":null,"result":"PASSED","tagStatsMonitor":{},"tags":[],"gitRepository":null,"gitBranch":null,"gitCommitHash":null,"gitTags":null,"gitCommitMessage":null,"systemInfo":[{"id":0,"name":"java.version","val":"21.0.6"},{"id":0,"name":"java.vm.name","val":"OpenJDK 64-Bit Server VM"},{"id":0,"name":"java.vm.vendor","val":"Eclipse Adoptium"},{"id":0,"name":"java.class.version","val":"65.0"},{"id":0,"name":"java.runtime.name","val":"OpenJDK Runtime Environment"},{"id":0,"name":"os.name","val":"Windows 11"},{"id":0,"name":"os.arch","val":"amd64"},{"id":0,"name":"os.version","val":"10.0"}],"durationPretty":"0ms","bdd":false}
2025-05-05 21:28:39 DEBUG com.aventstack.chaintest.http.HttpRetryHandler - Failed to connect to the ChainTest service
java.net.ConnectException: null
	at java.net.http/jdk.internal.net.http.HttpClientImpl.send(HttpClientImpl.java:951) ~[java.net.http:?]
	at java.net.http/jdk.internal.net.http.HttpClientFacade.send(HttpClientFacade.java:133) ~[java.net.http:?]
	at com.aventstack.chaintest.http.ChainTestApiClient.send(ChainTestApiClient.java:150) ~[chaintest-core-1.0.12.jar:?]
	at com.aventstack.chaintest.http.HttpRetryHandler.trySend(HttpRetryHandler.java:57) ~[chaintest-core-1.0.12.jar:?]
	at com.aventstack.chaintest.http.HttpRetryHandler.trySend(HttpRetryHandler.java:90) ~[chaintest-core-1.0.12.jar:?]
	at com.aventstack.chaintest.generator.ChainLPGenerator.start(ChainLPGenerator.java:98) ~[chaintest-core-1.0.12.jar:?]
	at com.aventstack.chaintest.service.ChainPluginService.lambda$start$1(ChainPluginService.java:101) ~[chaintest-core-1.0.12.jar:?]
	at java.base/java.util.stream.ForEachOps$ForEachOp$OfRef.accept(ForEachOps.java:184) [?:?]
	at java.base/java.util.stream.ReferencePipeline$2$1.accept(ReferencePipeline.java:179) [?:?]
	at java.base/java.util.ArrayList$ArrayListSpliterator.forEachRemaining(ArrayList.java:1708) [?:?]
	at java.base/java.util.stream.AbstractPipeline.copyInto(AbstractPipeline.java:509) [?:?]
	at java.base/java.util.stream.AbstractPipeline.wrapAndCopyInto(AbstractPipeline.java:499) [?:?]
	at java.base/java.util.stream.ForEachOps$ForEachOp.evaluateSequential(ForEachOps.java:151) [?:?]
	at java.base/java.util.stream.ForEachOps$ForEachOp$OfRef.evaluateSequential(ForEachOps.java:174) [?:?]
	at java.base/java.util.stream.AbstractPipeline.evaluate(AbstractPipeline.java:234) [?:?]
	at java.base/java.util.stream.ReferencePipeline.forEach(ReferencePipeline.java:596) [?:?]
	at com.aventstack.chaintest.service.ChainPluginService.start(ChainPluginService.java:101) [chaintest-core-1.0.12.jar:?]
	at com.aventstack.chaintest.plugins.ChainTestListener.onExecutionStart(ChainTestListener.java:65) [chaintest-testng-1.0.12.jar:?]
	at org.testng.TestNG.runExecutionListeners(TestNG.java:1129) [testng-7.11.0.jar:7.11.0]
	at org.testng.TestNG.run(TestNG.java:1074) [testng-7.11.0.jar:7.11.0]
	at org.testng.remote.AbstractRemoteTestNG.run(AbstractRemoteTestNG.java:115) [testng-remote.jar:?]
	at org.testng.remote.RemoteTestNG.initAndRun(RemoteTestNG.java:293) [testng-remote.jar:?]
	at org.testng.remote.RemoteTestNG.main(RemoteTestNG.java:91) [testng-remote.jar:?]
Caused by: java.net.ConnectException
	at java.net.http/jdk.internal.net.http.common.Utils.toConnectException(Utils.java:1041) ~[java.net.http:?]
	at java.net.http/jdk.internal.net.http.PlainHttpConnection.connectAsync(PlainHttpConnection.java:227) ~[java.net.http:?]
	at java.net.http/jdk.internal.net.http.PlainHttpConnection.checkRetryConnect(PlainHttpConnection.java:280) ~[java.net.http:?]
	at java.net.http/jdk.internal.net.http.PlainHttpConnection.lambda$connectAsync$2(PlainHttpConnection.java:238) ~[java.net.http:?]
	at java.base/java.util.concurrent.CompletableFuture.uniHandle(CompletableFuture.java:934) ~[?:?]
	at java.base/java.util.concurrent.CompletableFuture$UniHandle.tryFire(CompletableFuture.java:911) ~[?:?]
	at java.base/java.util.concurrent.CompletableFuture.postComplete(CompletableFuture.java:510) ~[?:?]
	at java.base/java.util.concurrent.CompletableFuture$AsyncSupply.run(CompletableFuture.java:1773) ~[?:?]
	at java.base/java.util.concurrent.ThreadPoolExecutor.runWorker(ThreadPoolExecutor.java:1144) ~[?:?]
	at java.base/java.util.concurrent.ThreadPoolExecutor$Worker.run(ThreadPoolExecutor.java:642) ~[?:?]
	at java.base/java.lang.Thread.run(Thread.java:1583) ~[?:?]
Caused by: java.nio.channels.ClosedChannelException
	at java.base/sun.nio.ch.SocketChannelImpl.ensureOpen(SocketChannelImpl.java:202) ~[?:?]
	at java.base/sun.nio.ch.SocketChannelImpl.beginConnect(SocketChannelImpl.java:786) ~[?:?]
	at java.base/sun.nio.ch.SocketChannelImpl.connect(SocketChannelImpl.java:874) ~[?:?]
	at java.net.http/jdk.internal.net.http.PlainHttpConnection.lambda$connectAsync$1(PlainHttpConnection.java:210) ~[java.net.http:?]
	at java.base/java.security.AccessController.doPrivileged(AccessController.java:571) ~[?:?]
	at java.net.http/jdk.internal.net.http.PlainHttpConnection.connectAsync(PlainHttpConnection.java:212) ~[java.net.http:?]
	at java.net.http/jdk.internal.net.http.PlainHttpConnection.checkRetryConnect(PlainHttpConnection.java:280) ~[java.net.http:?]
	at java.net.http/jdk.internal.net.http.PlainHttpConnection.lambda$connectAsync$2(PlainHttpConnection.java:238) ~[java.net.http:?]
	at java.base/java.util.concurrent.CompletableFuture.uniHandle(CompletableFuture.java:934) ~[?:?]
	at java.base/java.util.concurrent.CompletableFuture$UniHandle.tryFire(CompletableFuture.java:911) ~[?:?]
	at java.base/java.util.concurrent.CompletableFuture.postComplete(CompletableFuture.java:510) ~[?:?]
	at java.base/java.util.concurrent.CompletableFuture$AsyncSupply.run(CompletableFuture.java:1773) ~[?:?]
	at java.base/java.util.concurrent.ThreadPoolExecutor.runWorker(ThreadPoolExecutor.java:1144) ~[?:?]
	at java.base/java.util.concurrent.ThreadPoolExecutor$Worker.run(ThreadPoolExecutor.java:642) ~[?:?]
	at java.base/java.lang.Thread.run(Thread.java:1583) ~[?:?]
2025-05-05 21:28:43 INFO  com.dsalgo.automation.pages.HomePage - HomePage initialized with WebDriver and waitHelper
2025-05-05 21:28:43 INFO  com.dsalgo.automation.pages.HomePage - HomePage initialized with WebDriver and waitHelper
2025-05-05 21:28:43 INFO  com.dsalgo.automation.pages.LoginPage - LoginPage initialized with WebDriver and waitHelper
2025-05-05 21:28:43 INFO  com.dsalgo.automation.pages.LoginPage - LoginPage initialized with WebDriver and waitHelper
2025-05-05 21:28:43 INFO  com.dsalgo.automation.pages.DataStructure - Initialized DataStructure page
2025-05-05 21:28:43 DEBUG org.apache.poi.openxml4j.opc.PackageRelationshipCollection - Parsing relationship: /xl/_rels/workbook.xml.rels
2025-05-05 21:28:43 DEBUG org.apache.poi.openxml4j.opc.PackageRelationshipCollection - Parsing relationship: /_rels/.rels
2025-05-05 21:28:44 INFO  com.dsalgo.automation.pages.HomePage - Navigated to DSAlgo portal: https://dsportalapp.herokuapp.com/
2025-05-05 21:28:44 INFO  com.dsalgo.automation.pages.HomePage - Navigated to DSAlgo portal: https://dsportalapp.herokuapp.com/
2025-05-05 21:28:44 INFO  com.dsalgo.automation.pages.LoginPage - LoginPage initialized with WebDriver and waitHelper
2025-05-05 21:28:44 INFO  com.dsalgo.automation.pages.HomePage - HomePage initialized with WebDriver and waitHelper
2025-05-05 21:28:44 INFO  com.dsalgo.automation.pages.HomePage - Clicked on Get Started button in DSAlgo Portal.
2025-05-05 21:28:44 INFO  com.dsalgo.automation.utils.NavigationUtil - Navigated to DS Algo Home Page
2025-05-05 21:28:44 INFO  com.dsalgo.automation.pages.HomePage - Clicked on Get Started button in DSAlgo Portal.
2025-05-05 21:28:44 INFO  com.dsalgo.automation.utils.NavigationUtil - Navigated to DS Algo Home Page
2025-05-05 21:28:44 INFO  com.dsalgo.automation.pages.HomePage - Navigated to DSAlgo portal: https://dsportalapp.herokuapp.com/
2025-05-05 21:28:44 INFO  com.dsalgo.automation.pages.HomePage - Clicked on NumpyNinja Logo link.
2025-05-05 21:28:44 INFO  com.dsalgo.automation.tests.HomePageTest - Redirected to home page successfully
2025-05-05 21:28:44 INFO  com.dsalgo.automation.pages.HomePage - Clicked on Signin link.
2025-05-05 21:28:44 INFO  com.dsalgo.automation.pages.HomePage - HomePage initialized with WebDriver and waitHelper
2025-05-05 21:28:44 INFO  com.dsalgo.automation.pages.LoginPage - LoginPage initialized with WebDriver and waitHelper
2025-05-05 21:28:45 INFO  com.dsalgo.automation.pages.HomePage - Navigated to DSAlgo portal: https://dsportalapp.herokuapp.com/
2025-05-05 21:28:45 INFO  com.dsalgo.automation.pages.HomePage - Clicked on Get Started button in DSAlgo Portal.
2025-05-05 21:28:45 INFO  com.dsalgo.automation.utils.NavigationUtil - Navigated to DS Algo Home Page
2025-05-05 21:28:45 INFO  com.dsalgo.automation.pages.HomePage - Clicked on Get Started button in DSAlgo Portal.
2025-05-05 21:28:45 INFO  com.dsalgo.automation.utils.NavigationUtil - Navigated to DS Algo Home Page
2025-05-05 21:28:45 INFO  com.dsalgo.automation.pages.HomePage - Clicked on Register link.
2025-05-05 21:28:45 INFO  com.dsalgo.automation.pages.HomePage - HomePage initialized with WebDriver and waitHelper
2025-05-05 21:28:45 INFO  com.dsalgo.automation.pages.LoginPage - LoginPage initialized with WebDriver and waitHelper
2025-05-05 21:28:45 INFO  com.dsalgo.automation.pages.HomePage - Clicked on Signin link.
2025-05-05 21:28:45 INFO  com.dsalgo.automation.pages.HomePage - Navigated to DSAlgo portal: https://dsportalapp.herokuapp.com/
2025-05-05 21:28:45 INFO  com.dsalgo.automation.pages.HomePage - Clicked on Get Started button in DSAlgo Portal.
2025-05-05 21:28:45 INFO  com.dsalgo.automation.utils.NavigationUtil - Navigated to DS Algo Home Page
2025-05-05 21:28:45 INFO  com.dsalgo.automation.pages.HomePage - Clicked on Signin link.
2025-05-05 21:28:45 INFO  com.dsalgo.automation.utils.NavigationUtil - Login performed successfully
2025-05-05 21:28:45 INFO  com.dsalgo.automation.pages.HomePage - HomePage initialized with WebDriver and waitHelper
2025-05-05 21:28:45 INFO  com.dsalgo.automation.pages.LoginPage - LoginPage initialized with WebDriver and waitHelper
2025-05-05 21:28:45 INFO  com.dsalgo.automation.pages.HomePage - clicked Get Startedlink on  DataStructures 
2025-05-05 21:28:46 INFO  com.dsalgo.automation.pages.HomePage - Navigated to DSAlgo portal: https://dsportalapp.herokuapp.com/
2025-05-05 21:28:46 INFO  com.dsalgo.automation.tests.LoginPageTest - Tested invalid login with: abc@test.com | 
2025-05-05 21:28:46 INFO  com.dsalgo.automation.pages.LoginPage - LoginPage initialized with WebDriver and waitHelper
2025-05-05 21:28:46 INFO  com.dsalgo.automation.pages.HomePage - HomePage initialized with WebDriver and waitHelper
2025-05-05 21:28:46 INFO  com.dsalgo.automation.pages.HomePage - Clicked on Get Started button in DSAlgo Portal.
2025-05-05 21:28:46 INFO  com.dsalgo.automation.utils.NavigationUtil - Navigated to DS Algo Home Page
2025-05-05 21:28:46 INFO  com.dsalgo.automation.pages.HomePage - Navigated to DSAlgo portal: https://dsportalapp.herokuapp.com/
2025-05-05 21:28:46 INFO  com.dsalgo.automation.pages.HomePage - Clicked on Signin link.
2025-05-05 21:28:46 INFO  com.dsalgo.automation.pages.HomePage - Clicked on Get Started button in DSAlgo Portal.
2025-05-05 21:28:46 INFO  com.dsalgo.automation.utils.NavigationUtil - Navigated to DS Algo Home Page
2025-05-05 21:28:46 INFO  com.dsalgo.automation.pages.DataStructure - Clicked on 'Time Complexity' link
2025-05-05 21:28:46 INFO  com.dsalgo.automation.pages.HomePage - Clicked on Signin link.
2025-05-05 21:28:46 INFO  com.dsalgo.automation.pages.DataStructure - Clicked on Practice Questions
2025-05-05 21:28:46 INFO  com.dsalgo.automation.tests.LoginPageTest - Tested invalid login with:  | testtest@123
2025-05-05 21:28:46 INFO  com.dsalgo.automation.pages.LoginPage - LoginPage initialized with WebDriver and waitHelper
2025-05-05 21:28:46 INFO  com.dsalgo.automation.pages.HomePage - HomePage initialized with WebDriver and waitHelper
2025-05-05 21:28:47 INFO  com.dsalgo.automation.utils.NavigationUtil - Login performed successfully
2025-05-05 21:28:47 INFO  com.dsalgo.automation.pages.HomePage - Navigated to DSAlgo portal: https://dsportalapp.herokuapp.com/
2025-05-05 21:28:47 INFO  com.dsalgo.automation.pages.HomePage - Clicked on Sign out link.
2025-05-05 21:28:47 INFO  com.dsalgo.automation.pages.HomePage - HomePage initialized with WebDriver and waitHelper
2025-05-05 21:28:47 INFO  com.dsalgo.automation.pages.LoginPage - LoginPage initialized with WebDriver and waitHelper
2025-05-05 21:28:47 INFO  com.dsalgo.automation.pages.DataStructure - Initialized DataStructure page
2025-05-05 21:28:47 INFO  com.dsalgo.automation.pages.HomePage - User click on Arraydropdown
2025-05-05 21:28:47 INFO  com.dsalgo.automation.pages.HomePage - Navigated to DSAlgo portal: https://dsportalapp.herokuapp.com/
2025-05-05 21:28:47 INFO  com.dsalgo.automation.pages.HomePage - Clicked on Get Started button in DSAlgo Portal.
2025-05-05 21:28:47 INFO  com.dsalgo.automation.utils.NavigationUtil - Navigated to DS Algo Home Page
2025-05-05 21:28:47 INFO  com.dsalgo.automation.pages.HomePage - Clicked on Signin link.
2025-05-05 21:28:47 INFO  com.dsalgo.automation.pages.HomePage - Clicked on Get Started button in DSAlgo Portal.
2025-05-05 21:28:47 INFO  com.dsalgo.automation.utils.NavigationUtil - Navigated to DS Algo Home Page
2025-05-05 21:28:47 INFO  com.dsalgo.automation.pages.HomePage - Clicked on Signin link.
2025-05-05 21:28:48 INFO  com.dsalgo.automation.pages.HomePage - Clicked on Sign out link.
2025-05-05 21:28:48 INFO  com.dsalgo.automation.pages.HomePage - HomePage initialized with WebDriver and waitHelper
2025-05-05 21:28:48 INFO  com.dsalgo.automation.pages.LoginPage - LoginPage initialized with WebDriver and waitHelper
2025-05-05 21:28:48 INFO  com.dsalgo.automation.tests.LoginPageTest - Tested invalid login with: abc@test.com | invalid
2025-05-05 21:28:48 INFO  com.dsalgo.automation.pages.HomePage - Navigated to DSAlgo portal: https://dsportalapp.herokuapp.com/
2025-05-05 21:28:48 INFO  com.dsalgo.automation.pages.LoginPage - LoginPage initialized with WebDriver and waitHelper
2025-05-05 21:28:48 INFO  com.dsalgo.automation.pages.HomePage - HomePage initialized with WebDriver and waitHelper
2025-05-05 21:28:48 INFO  com.dsalgo.automation.utils.NavigationUtil - Login performed successfully
2025-05-05 21:28:48 INFO  com.dsalgo.automation.pages.HomePage - clicked Get Startedlink on  DataStructures 
2025-05-05 21:28:48 INFO  com.dsalgo.automation.pages.HomePage - Navigated to DSAlgo portal: https://dsportalapp.herokuapp.com/
2025-05-05 21:28:48 INFO  com.dsalgo.automation.pages.HomePage - Clicked on Get Started button in DSAlgo Portal.
2025-05-05 21:28:48 INFO  com.dsalgo.automation.utils.NavigationUtil - Navigated to DS Algo Home Page
2025-05-05 21:28:48 INFO  com.dsalgo.automation.pages.HomePage - Clicked on Get Started button in DSAlgo Portal.
2025-05-05 21:28:48 INFO  com.dsalgo.automation.utils.NavigationUtil - Navigated to DS Algo Home Page
2025-05-05 21:28:48 INFO  com.dsalgo.automation.pages.HomePage - Clicked on Signin link.
2025-05-05 21:28:49 INFO  com.dsalgo.automation.pages.HomePage - Clicked on Signin link.
2025-05-05 21:28:49 INFO  com.dsalgo.automation.pages.DataStructure - Clicked on 'Time Complexity' link
2025-05-05 21:28:49 INFO  com.dsalgo.automation.pages.DataStructure - Clicked on Practice Questions
2025-05-05 21:28:49 INFO  com.dsalgo.automation.pages.HomePage - Clicked on Sign out link.
2025-05-05 21:28:49 INFO  com.dsalgo.automation.pages.HomePage - HomePage initialized with WebDriver and waitHelper
2025-05-05 21:28:49 INFO  com.dsalgo.automation.pages.LoginPage - LoginPage initialized with WebDriver and waitHelper
2025-05-05 21:28:49 INFO  com.dsalgo.automation.pages.DataStructure - Initialized DataStructure page
2025-05-05 21:28:49 INFO  com.dsalgo.automation.tests.LoginPageTest - Tested invalid login with: invalid | testtest@123
2025-05-05 21:28:49 INFO  com.dsalgo.automation.pages.LoginPage - LoginPage initialized with WebDriver and waitHelper
2025-05-05 21:28:49 INFO  com.dsalgo.automation.pages.HomePage - HomePage initialized with WebDriver and waitHelper
2025-05-05 21:28:50 INFO  com.dsalgo.automation.utils.NavigationUtil - Login performed successfully
2025-05-05 21:28:50 INFO  com.dsalgo.automation.pages.HomePage - Navigated to DSAlgo portal: https://dsportalapp.herokuapp.com/
2025-05-05 21:28:50 INFO  com.dsalgo.automation.pages.HomePage - Navigated to DSAlgo portal: https://dsportalapp.herokuapp.com/
2025-05-05 21:28:50 INFO  com.dsalgo.automation.pages.HomePage - User click on Linked Listdropdown
2025-05-05 21:28:50 INFO  com.dsalgo.automation.pages.HomePage - Clicked on Get Started button in DSAlgo Portal.
2025-05-05 21:28:50 INFO  com.dsalgo.automation.utils.NavigationUtil - Navigated to DS Algo Home Page
2025-05-05 21:28:50 INFO  com.dsalgo.automation.pages.HomePage - Clicked on Get Started button in DSAlgo Portal.
2025-05-05 21:28:50 INFO  com.dsalgo.automation.utils.NavigationUtil - Navigated to DS Algo Home Page
2025-05-05 21:28:50 INFO  com.dsalgo.automation.pages.HomePage - Clicked on Signin link.
2025-05-05 21:28:50 INFO  com.dsalgo.automation.pages.HomePage - Clicked on Signin link.
2025-05-05 21:28:50 INFO  com.dsalgo.automation.pages.HomePage - Clicked on Sign out link.
2025-05-05 21:28:50 INFO  com.dsalgo.automation.pages.HomePage - HomePage initialized with WebDriver and waitHelper
2025-05-05 21:28:50 INFO  com.dsalgo.automation.pages.LoginPage - LoginPage initialized with WebDriver and waitHelper
2025-05-05 21:28:51 INFO  com.dsalgo.automation.pages.HomePage - Navigated to DSAlgo portal: https://dsportalapp.herokuapp.com/
2025-05-05 21:28:51 INFO  com.dsalgo.automation.utils.NavigationUtil - Login performed successfully
2025-05-05 21:28:51 INFO  com.dsalgo.automation.pages.HomePage - Clicked on Get Started button in DSAlgo Portal.
2025-05-05 21:28:51 INFO  com.dsalgo.automation.utils.NavigationUtil - Navigated to DS Algo Home Page
2025-05-05 21:28:51 INFO  com.dsalgo.automation.utils.NavigationUtil - Login performed successfully
2025-05-05 21:28:51 INFO  com.dsalgo.automation.pages.HomePage - clicked Get Startedlink on  DataStructures 
2025-05-05 21:28:51 INFO  com.dsalgo.automation.pages.HomePage - Clicked on Signin link.
2025-05-05 21:28:51 INFO  com.dsalgo.automation.pages.HomePage - Clicked on Sign out link.
2025-05-05 21:28:52 INFO  com.dsalgo.automation.pages.DataStructure - Clicked on 'Time Complexity' link
2025-05-05 21:28:52 INFO  com.dsalgo.automation.pages.DataStructure - Clicked on Practice Questions
2025-05-05 21:28:53 INFO  com.dsalgo.automation.utils.NavigationUtil - Login performed successfully
2025-05-05 21:28:53 DEBUG org.apache.poi.openxml4j.opc.PackageRelationshipCollection - Parsing relationship: /xl/_rels/workbook.xml.rels
2025-05-05 21:28:53 DEBUG org.apache.poi.openxml4j.opc.PackageRelationshipCollection - Parsing relationship: /_rels/.rels
2025-05-05 21:28:53 INFO  com.dsalgo.automation.pages.HomePage - User click on Stackdropdown
2025-05-05 21:28:53 INFO  com.dsalgo.automation.pages.HomePage - HomePage initialized with WebDriver and waitHelper
2025-05-05 21:28:53 INFO  com.dsalgo.automation.pages.GraphPage - GraphPage initialized
2025-05-05 21:28:53 INFO  com.dsalgo.automation.pages.LoginPage - LoginPage initialized with WebDriver and waitHelper
2025-05-05 21:28:53 INFO  com.dsalgo.automation.pages.HomePage - Clicked on Sign out link.
2025-05-05 21:28:53 INFO  com.dsalgo.automation.pages.HomePage - HomePage initialized with WebDriver and waitHelper
2025-05-05 21:28:53 INFO  com.dsalgo.automation.pages.LoginPage - LoginPage initialized with WebDriver and waitHelper
2025-05-05 21:28:53 INFO  com.dsalgo.automation.pages.DataStructure - Initialized DataStructure page
2025-05-05 21:28:53 INFO  com.dsalgo.automation.pages.HomePage - Navigated to DSAlgo portal: https://dsportalapp.herokuapp.com/
2025-05-05 21:28:53 INFO  com.dsalgo.automation.pages.HomePage - Navigated to DSAlgo portal: https://dsportalapp.herokuapp.com/
2025-05-05 21:28:53 INFO  com.dsalgo.automation.pages.HomePage - Clicked on Get Started button in DSAlgo Portal.
2025-05-05 21:28:53 INFO  com.dsalgo.automation.utils.NavigationUtil - Navigated to DS Algo Home Page
2025-05-05 21:28:54 INFO  com.dsalgo.automation.pages.HomePage - Clicked on Get Started button in DSAlgo Portal.
2025-05-05 21:28:54 INFO  com.dsalgo.automation.utils.NavigationUtil - Navigated to DS Algo Home Page
2025-05-05 21:28:54 INFO  com.dsalgo.automation.pages.HomePage - Clicked on Sign out link.
2025-05-05 21:28:54 INFO  com.dsalgo.automation.pages.HomePage - Clicked on Signin link.
2025-05-05 21:28:54 INFO  com.dsalgo.automation.pages.HomePage - HomePage initialized with WebDriver and waitHelper
2025-05-05 21:28:54 INFO  com.dsalgo.automation.pages.LoginPage - LoginPage initialized with WebDriver and waitHelper
2025-05-05 21:28:54 INFO  com.dsalgo.automation.pages.HomePage - Navigated to DSAlgo portal: https://dsportalapp.herokuapp.com/
2025-05-05 21:28:54 INFO  com.dsalgo.automation.pages.HomePage - Clicked on Signin link.
2025-05-05 21:28:54 INFO  com.dsalgo.automation.pages.HomePage - Clicked on Get Started button in DSAlgo Portal.
2025-05-05 21:28:54 INFO  com.dsalgo.automation.utils.NavigationUtil - Navigated to DS Algo Home Page
2025-05-05 21:28:55 INFO  com.dsalgo.automation.pages.HomePage - Clicked on Signin link.
2025-05-05 21:28:55 INFO  com.dsalgo.automation.utils.NavigationUtil - Login performed successfully
2025-05-05 21:28:55 INFO  com.dsalgo.automation.pages.HomePage - clicked Get Startedlink on  DataStructures 
2025-05-05 21:28:55 INFO  com.dsalgo.automation.utils.NavigationUtil - Login performed successfully
2025-05-05 21:28:55 INFO  com.dsalgo.automation.pages.HomePage - clicked Get Startedlink on Graph 
2025-05-05 21:28:55 INFO  com.dsalgo.automation.pages.DataStructure - Clicked on 'Time Complexity' link
2025-05-05 21:28:56 INFO  com.dsalgo.automation.utils.NavigationUtil - Login performed successfully
2025-05-05 21:28:56 INFO  com.dsalgo.automation.pages.HomePage - User click on Queuedropdown
2025-05-05 21:28:56 INFO  com.dsalgo.automation.pages.GraphPage - Clicked on Graph link
2025-05-05 21:28:57 INFO  com.dsalgo.automation.pages.DataStructure - Clicked on Try Here link
2025-05-05 21:28:57 INFO  com.dsalgo.automation.pages.DataStructure - Page title: Assessment
2025-05-05 21:28:57 INFO  com.dsalgo.automation.pages.HomePage - Clicked on Sign out link.
2025-05-05 21:28:57 INFO  com.dsalgo.automation.pages.HomePage - HomePage initialized with WebDriver and waitHelper
2025-05-05 21:28:57 INFO  com.dsalgo.automation.pages.LoginPage - LoginPage initialized with WebDriver and waitHelper
2025-05-05 21:28:57 INFO  com.dsalgo.automation.pages.HomePage - Navigated to DSAlgo portal: https://dsportalapp.herokuapp.com/
2025-05-05 21:28:57 INFO  com.dsalgo.automation.pages.HomePage - Clicked on Get Started button in DSAlgo Portal.
2025-05-05 21:28:57 INFO  com.dsalgo.automation.utils.NavigationUtil - Navigated to DS Algo Home Page
2025-05-05 21:28:57 INFO  com.dsalgo.automation.pages.GraphPage - Clicked on Try Here
2025-05-05 21:28:57 INFO  com.dsalgo.automation.pages.HomePage - Clicked on Sign out link.
2025-05-05 21:28:57 INFO  com.dsalgo.automation.pages.HomePage - HomePage initialized with WebDriver and waitHelper
2025-05-05 21:28:57 INFO  com.dsalgo.automation.pages.LoginPage - LoginPage initialized with WebDriver and waitHelper
2025-05-05 21:28:57 INFO  com.dsalgo.automation.pages.DataStructure - Initialized DataStructure page
2025-05-05 21:28:57 INFO  com.dsalgo.automation.pages.HomePage - Clicked on Signin link.
2025-05-05 21:28:57 INFO  com.dsalgo.automation.pages.GraphPage - Entered Python code: print("DSAlgo");
2025-05-05 21:28:57 INFO  com.dsalgo.automation.tests.GraphPageTest - Entered Python Code: print("DSAlgo");
2025-05-05 21:28:57 INFO  com.dsalgo.automation.pages.HomePage - Navigated to DSAlgo portal: https://dsportalapp.herokuapp.com/
2025-05-05 21:28:57 INFO  com.dsalgo.automation.pages.GraphPage - Clicked Run button
2025-05-05 21:28:57 INFO  com.dsalgo.automation.tests.GraphPageTest - Clicked Run Button
2025-05-05 21:28:57 INFO  com.dsalgo.automation.tests.GraphPageTest - Verified Output message successfully.print("DSAlgo");Output Message:DSAlgo
2025-05-05 21:28:58 INFO  com.dsalgo.automation.pages.HomePage - Clicked on Get Started button in DSAlgo Portal.
2025-05-05 21:28:58 INFO  com.dsalgo.automation.utils.NavigationUtil - Navigated to DS Algo Home Page
2025-05-05 21:28:58 INFO  com.dsalgo.automation.pages.HomePage - Clicked on Signin link.
2025-05-05 21:28:58 INFO  com.dsalgo.automation.pages.HomePage - Clicked on Sign out link.
2025-05-05 21:28:58 INFO  com.dsalgo.automation.pages.HomePage - HomePage initialized with WebDriver and waitHelper
2025-05-05 21:28:58 INFO  com.dsalgo.automation.pages.GraphPage - GraphPage initialized
2025-05-05 21:28:58 INFO  com.dsalgo.automation.pages.LoginPage - LoginPage initialized with WebDriver and waitHelper
2025-05-05 21:28:58 INFO  com.dsalgo.automation.utils.NavigationUtil - Login performed successfully
2025-05-05 21:28:58 INFO  com.dsalgo.automation.pages.HomePage - Navigated to DSAlgo portal: https://dsportalapp.herokuapp.com/
2025-05-05 21:28:59 INFO  com.dsalgo.automation.pages.HomePage - User click on Treedropdown
2025-05-05 21:28:59 INFO  com.dsalgo.automation.pages.HomePage - Clicked on Get Started button in DSAlgo Portal.
2025-05-05 21:28:59 INFO  com.dsalgo.automation.utils.NavigationUtil - Navigated to DS Algo Home Page
2025-05-05 21:28:59 INFO  com.dsalgo.automation.pages.HomePage - Clicked on Signin link.
2025-05-05 21:28:59 INFO  com.dsalgo.automation.utils.NavigationUtil - Login performed successfully
2025-05-05 21:28:59 INFO  com.dsalgo.automation.pages.HomePage - clicked Get Startedlink on  DataStructures 
2025-05-05 21:28:59 INFO  com.dsalgo.automation.utils.NavigationUtil - Login performed successfully
2025-05-05 21:29:00 INFO  com.dsalgo.automation.pages.HomePage - Clicked on Sign out link.
2025-05-05 21:29:00 INFO  com.dsalgo.automation.pages.HomePage - HomePage initialized with WebDriver and waitHelper
2025-05-05 21:29:00 INFO  com.dsalgo.automation.pages.LoginPage - LoginPage initialized with WebDriver and waitHelper
2025-05-05 21:29:00 INFO  com.dsalgo.automation.pages.HomePage - Navigated to DSAlgo portal: https://dsportalapp.herokuapp.com/
2025-05-05 21:29:00 INFO  com.dsalgo.automation.pages.HomePage - Clicked on Sign out link.
2025-05-05 21:29:00 INFO  com.dsalgo.automation.pages.HomePage - HomePage initialized with WebDriver and waitHelper
2025-05-05 21:29:00 INFO  com.dsalgo.automation.pages.LoginPage - LoginPage initialized with WebDriver and waitHelper
2025-05-05 21:29:00 INFO  com.dsalgo.automation.pages.DataStructure - Initialized DataStructure page
2025-05-05 21:29:00 INFO  com.dsalgo.automation.pages.HomePage - clicked Get Startedlink on Graph 
2025-05-05 21:29:00 INFO  com.dsalgo.automation.pages.HomePage - Navigated to DSAlgo portal: https://dsportalapp.herokuapp.com/
2025-05-05 21:29:00 INFO  com.dsalgo.automation.pages.HomePage - Clicked on Get Started button in DSAlgo Portal.
2025-05-05 21:29:00 INFO  com.dsalgo.automation.utils.NavigationUtil - Navigated to DS Algo Home Page
2025-05-05 21:29:00 INFO  com.dsalgo.automation.pages.HomePage - Clicked on Get Started button in DSAlgo Portal.
2025-05-05 21:29:00 INFO  com.dsalgo.automation.utils.NavigationUtil - Navigated to DS Algo Home Page
2025-05-05 21:29:00 INFO  com.dsalgo.automation.pages.HomePage - Clicked on Signin link.
2025-05-05 21:29:01 INFO  com.dsalgo.automation.pages.HomePage - Clicked on Signin link.
2025-05-05 21:29:01 INFO  com.dsalgo.automation.pages.GraphPage - Clicked on Graph link
2025-05-05 21:29:01 INFO  com.dsalgo.automation.pages.GraphPage - Clicked on Try Here
2025-05-05 21:29:01 INFO  com.dsalgo.automation.pages.GraphPage - Entered Python code: print("NumpyNinja
2025-05-05 21:29:01 INFO  com.dsalgo.automation.tests.GraphPageTest - Entered Python Code: print("NumpyNinja
2025-05-05 21:29:01 INFO  com.dsalgo.automation.pages.GraphPage - Clicked Run button
2025-05-05 21:29:01 INFO  com.dsalgo.automation.tests.GraphPageTest - Clicked Run Button
2025-05-05 21:29:01 INFO  com.dsalgo.automation.pages.GraphPage - Alert appeared: SyntaxError: bad input on line 1
2025-05-05 21:29:01 INFO  com.dsalgo.automation.tests.GraphPageTest - Tested alert with code: print("NumpyNinja | Alert: SyntaxError: bad input on line 1
2025-05-05 21:29:01 INFO  com.dsalgo.automation.utils.NavigationUtil - Login performed successfully
2025-05-05 21:29:01 INFO  com.dsalgo.automation.pages.HomePage - User click on Graphdropdown
2025-05-05 21:29:02 INFO  com.dsalgo.automation.pages.HomePage - Clicked on Sign out link.
2025-05-05 21:29:02 DEBUG org.apache.poi.openxml4j.opc.PackageRelationshipCollection - Parsing relationship: /xl/_rels/workbook.xml.rels
2025-05-05 21:29:02 DEBUG org.apache.poi.openxml4j.opc.PackageRelationshipCollection - Parsing relationship: /_rels/.rels
2025-05-05 21:29:02 INFO  com.dsalgo.automation.utils.NavigationUtil - Login performed successfully
2025-05-05 21:29:02 INFO  com.dsalgo.automation.pages.HomePage - clicked Get Startedlink on  DataStructures 
2025-05-05 21:29:02 INFO  com.dsalgo.automation.pages.HomePage - HomePage initialized with WebDriver and waitHelper
2025-05-05 21:29:02 INFO  com.dsalgo.automation.pages.GraphPage - GraphPage initialized
2025-05-05 21:29:02 INFO  com.dsalgo.automation.pages.LoginPage - LoginPage initialized with WebDriver and waitHelper
2025-05-05 21:29:02 INFO  com.dsalgo.automation.pages.HomePage - Navigated to DSAlgo portal: https://dsportalapp.herokuapp.com/
2025-05-05 21:29:03 INFO  com.dsalgo.automation.pages.HomePage - Clicked on Sign out link.
2025-05-05 21:29:03 INFO  com.dsalgo.automation.pages.HomePage - HomePage initialized with WebDriver and waitHelper
2025-05-05 21:29:03 INFO  com.dsalgo.automation.pages.LoginPage - LoginPage initialized with WebDriver and waitHelper
2025-05-05 21:29:03 INFO  com.dsalgo.automation.pages.HomePage - Clicked on Get Started button in DSAlgo Portal.
2025-05-05 21:29:03 INFO  com.dsalgo.automation.utils.NavigationUtil - Navigated to DS Algo Home Page
2025-05-05 21:29:03 INFO  com.dsalgo.automation.pages.HomePage - Navigated to DSAlgo portal: https://dsportalapp.herokuapp.com/
2025-05-05 21:29:03 INFO  com.dsalgo.automation.pages.DataStructure - Clicked on 'Time Complexity' link
2025-05-05 21:29:03 INFO  com.dsalgo.automation.pages.DataStructure - Page title: Time Complexity
2025-05-05 21:29:03 INFO  com.dsalgo.automation.pages.HomePage - Clicked on Signin link.
2025-05-05 21:29:03 INFO  com.dsalgo.automation.pages.HomePage - Clicked on Get Started button in DSAlgo Portal.
2025-05-05 21:29:03 INFO  com.dsalgo.automation.utils.NavigationUtil - Navigated to DS Algo Home Page
2025-05-05 21:29:03 INFO  com.dsalgo.automation.pages.HomePage - User click on Arraydropdown
2025-05-05 21:29:03 WARN  com.dsalgo.automation.tests.HomePageTest - Warning for 'Array': You are not logged in
2025-05-05 21:29:03 INFO  com.dsalgo.automation.pages.HomePage - Clicked on Sign out link.
2025-05-05 21:29:03 INFO  com.dsalgo.automation.pages.HomePage - HomePage initialized with WebDriver and waitHelper
2025-05-05 21:29:03 INFO  com.dsalgo.automation.pages.LoginPage - LoginPage initialized with WebDriver and waitHelper
2025-05-05 21:29:03 INFO  com.dsalgo.automation.pages.DataStructure - Initialized DataStructure page
2025-05-05 21:29:04 INFO  com.dsalgo.automation.pages.HomePage - HomePage initialized with WebDriver and waitHelper
2025-05-05 21:29:04 INFO  com.dsalgo.automation.pages.LoginPage - LoginPage initialized with WebDriver and waitHelper
2025-05-05 21:29:04 INFO  com.dsalgo.automation.pages.HomePage - Navigated to DSAlgo portal: https://dsportalapp.herokuapp.com/
2025-05-05 21:29:04 INFO  com.dsalgo.automation.utils.NavigationUtil - Login performed successfully
2025-05-05 21:29:04 INFO  com.dsalgo.automation.pages.HomePage - clicked Get Startedlink on Graph 
2025-05-05 21:29:04 INFO  com.dsalgo.automation.pages.HomePage - Navigated to DSAlgo portal: https://dsportalapp.herokuapp.com/
2025-05-05 21:29:04 INFO  com.dsalgo.automation.pages.HomePage - Clicked on Get Started button in DSAlgo Portal.
2025-05-05 21:29:04 INFO  com.dsalgo.automation.utils.NavigationUtil - Navigated to DS Algo Home Page
2025-05-05 21:29:04 INFO  com.dsalgo.automation.pages.HomePage - Clicked on Get Started button in DSAlgo Portal.
2025-05-05 21:29:04 INFO  com.dsalgo.automation.utils.NavigationUtil - Navigated to DS Algo Home Page
2025-05-05 21:29:04 INFO  com.dsalgo.automation.pages.HomePage - User click on Linked Listdropdown
2025-05-05 21:29:04 INFO  com.dsalgo.automation.pages.HomePage - Clicked on Signin link.
2025-05-05 21:29:04 WARN  com.dsalgo.automation.tests.HomePageTest - Warning for 'Linked List': You are not logged in
2025-05-05 21:29:04 INFO  com.dsalgo.automation.pages.GraphPage - Clicked Graph Representation link
2025-05-05 21:29:04 INFO  com.dsalgo.automation.pages.HomePage - HomePage initialized with WebDriver and waitHelper
2025-05-05 21:29:04 INFO  com.dsalgo.automation.pages.LoginPage - LoginPage initialized with WebDriver and waitHelper
2025-05-05 21:29:04 INFO  com.dsalgo.automation.pages.HomePage - Navigated to DSAlgo portal: https://dsportalapp.herokuapp.com/
2025-05-05 21:29:05 INFO  com.dsalgo.automation.pages.GraphPage - Clicked on Try Here
2025-05-05 21:29:05 INFO  com.dsalgo.automation.pages.HomePage - Clicked on Get Started button in DSAlgo Portal.
2025-05-05 21:29:05 INFO  com.dsalgo.automation.utils.NavigationUtil - Navigated to DS Algo Home Page
2025-05-05 21:29:05 INFO  com.dsalgo.automation.utils.NavigationUtil - Login performed successfully
2025-05-05 21:29:05 INFO  com.dsalgo.automation.pages.HomePage - clicked Get Startedlink on  DataStructures 
2025-05-05 21:29:05 INFO  com.dsalgo.automation.pages.GraphPage - Entered Python code: print("DSAlgo");
2025-05-05 21:29:05 INFO  com.dsalgo.automation.tests.GraphPageTest - Entered Python Code: print("DSAlgo");
2025-05-05 21:29:05 INFO  com.dsalgo.automation.pages.HomePage - User click on Stackdropdown
2025-05-05 21:29:05 INFO  com.dsalgo.automation.pages.GraphPage - Clicked Run button
2025-05-05 21:29:05 INFO  com.dsalgo.automation.tests.GraphPageTest - Clicked Run Button
2025-05-05 21:29:05 INFO  com.dsalgo.automation.tests.GraphPageTest - Verified Output message successfully.print("DSAlgo");Output Message:DSAlgo
2025-05-05 21:29:05 WARN  com.dsalgo.automation.tests.HomePageTest - Warning for 'Stack': You are not logged in
2025-05-05 21:29:05 INFO  com.dsalgo.automation.pages.HomePage - HomePage initialized with WebDriver and waitHelper
2025-05-05 21:29:05 INFO  com.dsalgo.automation.pages.LoginPage - LoginPage initialized with WebDriver and waitHelper
2025-05-05 21:29:05 INFO  com.dsalgo.automation.pages.DataStructure - Clicked on NumpyNinja logo
2025-05-05 21:29:05 INFO  com.dsalgo.automation.pages.HomePage - Clicked on Sign out link.
2025-05-05 21:29:05 INFO  com.dsalgo.automation.pages.HomePage - HomePage initialized with WebDriver and waitHelper
2025-05-05 21:29:05 INFO  com.dsalgo.automation.pages.GraphPage - GraphPage initialized
2025-05-05 21:29:05 INFO  com.dsalgo.automation.pages.LoginPage - LoginPage initialized with WebDriver and waitHelper
2025-05-05 21:29:05 INFO  com.dsalgo.automation.pages.HomePage - Navigated to DSAlgo portal: https://dsportalapp.herokuapp.com/
2025-05-05 21:29:05 INFO  com.dsalgo.automation.pages.HomePage - Navigated to DSAlgo portal: https://dsportalapp.herokuapp.com/
2025-05-05 21:29:06 INFO  com.dsalgo.automation.pages.HomePage - Clicked on Get Started button in DSAlgo Portal.
2025-05-05 21:29:06 INFO  com.dsalgo.automation.utils.NavigationUtil - Navigated to DS Algo Home Page
2025-05-05 21:29:06 INFO  com.dsalgo.automation.pages.HomePage - Clicked on Get Started button in DSAlgo Portal.
2025-05-05 21:29:06 INFO  com.dsalgo.automation.utils.NavigationUtil - Navigated to DS Algo Home Page
2025-05-05 21:29:06 INFO  com.dsalgo.automation.pages.HomePage - User click on Queuedropdown
2025-05-05 21:29:06 INFO  com.dsalgo.automation.pages.HomePage - Clicked on Signin link.
2025-05-05 21:29:06 WARN  com.dsalgo.automation.tests.HomePageTest - Warning for 'Queue': You are not logged in
2025-05-05 21:29:06 INFO  com.dsalgo.automation.pages.HomePage - HomePage initialized with WebDriver and waitHelper
2025-05-05 21:29:06 INFO  com.dsalgo.automation.pages.LoginPage - LoginPage initialized with WebDriver and waitHelper
2025-05-05 21:29:06 INFO  com.dsalgo.automation.pages.HomePage - Navigated to DSAlgo portal: https://dsportalapp.herokuapp.com/
2025-05-05 21:29:06 INFO  com.dsalgo.automation.pages.HomePage - Clicked on Get Started button in DSAlgo Portal.
2025-05-05 21:29:06 INFO  com.dsalgo.automation.utils.NavigationUtil - Navigated to DS Algo Home Page
2025-05-05 21:29:06 INFO  com.dsalgo.automation.utils.NavigationUtil - Login performed successfully
2025-05-05 21:29:06 INFO  com.dsalgo.automation.pages.HomePage - User click on Treedropdown
2025-05-05 21:29:06 INFO  com.dsalgo.automation.pages.HomePage - clicked Get Startedlink on Graph 
2025-05-05 21:29:07 WARN  com.dsalgo.automation.tests.HomePageTest - Warning for 'Tree': You are not logged in
2025-05-05 21:29:07 INFO  com.dsalgo.automation.pages.GraphPage - Clicked Graph Representation link
2025-05-05 21:29:07 INFO  com.dsalgo.automation.pages.HomePage - HomePage initialized with WebDriver and waitHelper
2025-05-05 21:29:07 INFO  com.dsalgo.automation.pages.LoginPage - LoginPage initialized with WebDriver and waitHelper
2025-05-05 21:29:07 INFO  com.dsalgo.automation.pages.HomePage - Navigated to DSAlgo portal: https://dsportalapp.herokuapp.com/
2025-05-05 21:29:07 INFO  com.dsalgo.automation.pages.GraphPage - Clicked on Try Here
2025-05-05 21:29:07 INFO  com.dsalgo.automation.pages.GraphPage - Entered Python code: print("NumpyNinja
2025-05-05 21:29:07 INFO  com.dsalgo.automation.tests.GraphPageTest - Entered Python Code: print("NumpyNinja
2025-05-05 21:29:07 INFO  com.dsalgo.automation.pages.HomePage - Clicked on Get Started button in DSAlgo Portal.
2025-05-05 21:29:07 INFO  com.dsalgo.automation.utils.NavigationUtil - Navigated to DS Algo Home Page
2025-05-05 21:29:07 INFO  com.dsalgo.automation.pages.GraphPage - Clicked Run button
2025-05-05 21:29:07 INFO  com.dsalgo.automation.tests.GraphPageTest - Clicked Run Button
2025-05-05 21:29:07 INFO  com.dsalgo.automation.pages.GraphPage - Alert appeared: SyntaxError: bad input on line 1
2025-05-05 21:29:07 INFO  com.dsalgo.automation.tests.GraphPageTest - Tested alert with code: print("NumpyNinja | Alert: SyntaxError: bad input on line 1
2025-05-05 21:29:07 INFO  com.dsalgo.automation.pages.HomePage - User click on Graphdropdown
2025-05-05 21:29:08 INFO  com.dsalgo.automation.pages.HomePage - Clicked on Sign out link.
2025-05-05 21:29:08 WARN  com.dsalgo.automation.tests.HomePageTest - Warning for 'Graph': You are not logged in
2025-05-05 21:29:08 INFO  com.dsalgo.automation.pages.HomePage - HomePage initialized with WebDriver and waitHelper
2025-05-05 21:29:08 INFO  com.dsalgo.automation.pages.GraphPage - GraphPage initialized
2025-05-05 21:29:08 INFO  com.dsalgo.automation.pages.LoginPage - LoginPage initialized with WebDriver and waitHelper
2025-05-05 21:29:08 INFO  com.dsalgo.automation.pages.HomePage - Navigated to DSAlgo portal: https://dsportalapp.herokuapp.com/
2025-05-05 21:29:08 INFO  com.dsalgo.automation.pages.HomePage - HomePage initialized with WebDriver and waitHelper
2025-05-05 21:29:08 INFO  com.dsalgo.automation.pages.LoginPage - LoginPage initialized with WebDriver and waitHelper
2025-05-05 21:29:08 INFO  com.dsalgo.automation.pages.HomePage - Navigated to DSAlgo portal: https://dsportalapp.herokuapp.com/
2025-05-05 21:29:08 INFO  com.dsalgo.automation.pages.HomePage - Clicked on Get Started button in DSAlgo Portal.
2025-05-05 21:29:08 INFO  com.dsalgo.automation.utils.NavigationUtil - Navigated to DS Algo Home Page
2025-05-05 21:29:08 INFO  com.dsalgo.automation.pages.HomePage - Clicked on Get Started button in DSAlgo Portal.
2025-05-05 21:29:08 INFO  com.dsalgo.automation.utils.NavigationUtil - Navigated to DS Algo Home Page
2025-05-05 21:29:08 INFO  com.dsalgo.automation.pages.HomePage - clicked Get Startedlink on  DataStructures 
2025-05-05 21:29:08 INFO  com.dsalgo.automation.pages.HomePage - Clicked on Signin link.
2025-05-05 21:29:09 WARN  com.dsalgo.automation.tests.HomePageTest - Warning message displayed for 'Data Structures-Introduction': You are not logged in
2025-05-05 21:29:09 INFO  com.dsalgo.automation.pages.HomePage - Clicked on Sign out link.
2025-05-05 21:29:09 INFO  com.dsalgo.automation.pages.HomePage - HomePage initialized with WebDriver and waitHelper
2025-05-05 21:29:09 INFO  com.dsalgo.automation.pages.LoginPage - LoginPage initialized with WebDriver and waitHelper
2025-05-05 21:29:09 INFO  com.dsalgo.automation.pages.DataStructure - Initialized DataStructure page
2025-05-05 21:29:09 INFO  com.dsalgo.automation.pages.HomePage - HomePage initialized with WebDriver and waitHelper
2025-05-05 21:29:09 INFO  com.dsalgo.automation.pages.LoginPage - LoginPage initialized with WebDriver and waitHelper
2025-05-05 21:29:09 INFO  com.dsalgo.automation.pages.HomePage - Navigated to DSAlgo portal: https://dsportalapp.herokuapp.com/
2025-05-05 21:29:09 INFO  com.dsalgo.automation.pages.HomePage - Navigated to DSAlgo portal: https://dsportalapp.herokuapp.com/
2025-05-05 21:29:09 INFO  com.dsalgo.automation.utils.NavigationUtil - Login performed successfully
2025-05-05 21:29:09 INFO  com.dsalgo.automation.pages.HomePage - clicked Get Startedlink on Graph 
2025-05-05 21:29:09 INFO  com.dsalgo.automation.pages.HomePage - Clicked on Get Started button in DSAlgo Portal.
2025-05-05 21:29:09 INFO  com.dsalgo.automation.utils.NavigationUtil - Navigated to DS Algo Home Page
2025-05-05 21:29:09 INFO  com.dsalgo.automation.pages.HomePage - Clicked on Get Started button in DSAlgo Portal.
2025-05-05 21:29:09 INFO  com.dsalgo.automation.utils.NavigationUtil - Navigated to DS Algo Home Page
2025-05-05 21:29:09 INFO  com.dsalgo.automation.pages.HomePage - Clicked on Signin link.
2025-05-05 21:29:10 INFO  com.dsalgo.automation.pages.GraphPage - Clicked on Graph link
2025-05-05 21:29:10 INFO  com.dsalgo.automation.pages.GraphPage - Clicked on Try Here
2025-05-05 21:29:10 INFO  com.dsalgo.automation.pages.GraphPage - Page title: Assessment
2025-05-05 21:29:11 INFO  com.dsalgo.automation.utils.NavigationUtil - Login performed successfully
2025-05-05 21:29:11 INFO  com.dsalgo.automation.pages.HomePage - clicked Get Startedlink on  DataStructures 
2025-05-05 21:29:11 INFO  com.dsalgo.automation.pages.HomePage - Clicked on Sign out link.
2025-05-05 21:29:11 INFO  com.dsalgo.automation.pages.HomePage - HomePage initialized with WebDriver and waitHelper
2025-05-05 21:29:11 INFO  com.dsalgo.automation.pages.GraphPage - GraphPage initialized
2025-05-05 21:29:11 INFO  com.dsalgo.automation.pages.LoginPage - LoginPage initialized with WebDriver and waitHelper
2025-05-05 21:29:11 INFO  com.dsalgo.automation.pages.HomePage - Navigated to DSAlgo portal: https://dsportalapp.herokuapp.com/
2025-05-05 21:29:11 INFO  com.dsalgo.automation.pages.DataStructure - Clicked on NumpyNinja logo
2025-05-05 21:29:11 INFO  com.dsalgo.automation.pages.HomePage - Clicked on Get Started button in DSAlgo Portal.
2025-05-05 21:29:11 INFO  com.dsalgo.automation.utils.NavigationUtil - Navigated to DS Algo Home Page
2025-05-05 21:29:11 INFO  com.dsalgo.automation.pages.HomePage - Clicked on Signin link.
2025-05-05 21:29:12 INFO  com.dsalgo.automation.utils.NavigationUtil - Login performed successfully
2025-05-05 21:29:12 INFO  com.dsalgo.automation.pages.HomePage - clicked Get Startedlink on Graph 
2025-05-05 21:29:13 INFO  com.dsalgo.automation.pages.HomePage - Clicked on Sign out link.
2025-05-05 21:29:13 INFO  com.dsalgo.automation.pages.HomePage - HomePage initialized with WebDriver and waitHelper
2025-05-05 21:29:13 INFO  com.dsalgo.automation.pages.GraphPage - GraphPage initialized
2025-05-05 21:29:13 INFO  com.dsalgo.automation.pages.LoginPage - LoginPage initialized with WebDriver and waitHelper
2025-05-05 21:29:13 INFO  com.dsalgo.automation.pages.HomePage - Navigated to DSAlgo portal: https://dsportalapp.herokuapp.com/
2025-05-05 21:29:13 INFO  com.dsalgo.automation.pages.HomePage - Clicked on Get Started button in DSAlgo Portal.
2025-05-05 21:29:13 INFO  com.dsalgo.automation.utils.NavigationUtil - Navigated to DS Algo Home Page
2025-05-05 21:29:13 INFO  com.dsalgo.automation.pages.HomePage - Clicked on Signin link.
2025-05-05 21:29:14 INFO  com.dsalgo.automation.utils.NavigationUtil - Login performed successfully
2025-05-05 21:29:14 INFO  com.dsalgo.automation.pages.HomePage - clicked Get Startedlink on Graph 
2025-05-05 21:29:15 INFO  com.dsalgo.automation.pages.HomePage - Clicked on Sign out link.
2025-05-05 21:29:15 INFO  com.dsalgo.automation.pages.HomePage - HomePage initialized with WebDriver and waitHelper
2025-05-05 21:29:15 INFO  com.dsalgo.automation.pages.LoginPage - LoginPage initialized with WebDriver and waitHelper
2025-05-05 21:29:15 INFO  com.dsalgo.automation.pages.DataStructure - Initialized DataStructure page
2025-05-05 21:29:15 INFO  com.dsalgo.automation.pages.GraphPage - Clicked Graph Representation link
2025-05-05 21:29:15 INFO  com.dsalgo.automation.pages.HomePage - Navigated to DSAlgo portal: https://dsportalapp.herokuapp.com/
2025-05-05 21:29:15 INFO  com.dsalgo.automation.pages.HomePage - Clicked on Get Started button in DSAlgo Portal.
2025-05-05 21:29:15 INFO  com.dsalgo.automation.utils.NavigationUtil - Navigated to DS Algo Home Page
2025-05-05 21:29:15 INFO  com.dsalgo.automation.pages.GraphPage - Clicked on Try Here
2025-05-05 21:29:15 INFO  com.dsalgo.automation.pages.GraphPage - Page title: Assessment
2025-05-05 21:29:15 INFO  com.dsalgo.automation.pages.HomePage - Clicked on Signin link.
2025-05-05 21:29:15 INFO  com.dsalgo.automation.pages.HomePage - Clicked on Sign out link.
2025-05-05 21:29:15 INFO  com.dsalgo.automation.pages.HomePage - HomePage initialized with WebDriver and waitHelper
2025-05-05 21:29:15 INFO  com.dsalgo.automation.pages.GraphPage - GraphPage initialized
2025-05-05 21:29:15 INFO  com.dsalgo.automation.pages.LoginPage - LoginPage initialized with WebDriver and waitHelper
2025-05-05 21:29:16 INFO  com.dsalgo.automation.pages.HomePage - Navigated to DSAlgo portal: https://dsportalapp.herokuapp.com/
2025-05-05 21:29:16 INFO  com.dsalgo.automation.pages.HomePage - Clicked on Get Started button in DSAlgo Portal.
2025-05-05 21:29:16 INFO  com.dsalgo.automation.utils.NavigationUtil - Navigated to DS Algo Home Page
2025-05-05 21:29:16 INFO  com.dsalgo.automation.utils.NavigationUtil - Login performed successfully
2025-05-05 21:29:16 INFO  com.dsalgo.automation.pages.HomePage - clicked Get Startedlink on  DataStructures 
2025-05-05 21:29:16 INFO  com.dsalgo.automation.pages.HomePage - Clicked on Signin link.
2025-05-05 21:29:17 INFO  com.dsalgo.automation.pages.DataStructure - Clicked on NumpyNinja logo
2025-05-05 21:29:17 INFO  com.dsalgo.automation.utils.NavigationUtil - Login performed successfully
2025-05-05 21:29:17 INFO  com.dsalgo.automation.pages.HomePage - clicked Get Startedlink on Graph 
2025-05-05 21:29:18 INFO  com.dsalgo.automation.pages.GraphPage - Clicked Graph Representation link
2025-05-05 21:29:18 INFO  com.dsalgo.automation.pages.GraphPage - Page title: Graph Representations
2025-05-05 21:29:18 INFO  com.dsalgo.automation.pages.HomePage - Clicked on Sign out link.
2025-05-05 21:29:18 INFO  com.dsalgo.automation.pages.HomePage - HomePage initialized with WebDriver and waitHelper
2025-05-05 21:29:18 INFO  com.dsalgo.automation.pages.GraphPage - GraphPage initialized
2025-05-05 21:29:18 INFO  com.dsalgo.automation.pages.LoginPage - LoginPage initialized with WebDriver and waitHelper
2025-05-05 21:29:18 INFO  com.dsalgo.automation.pages.HomePage - Navigated to DSAlgo portal: https://dsportalapp.herokuapp.com/
2025-05-05 21:29:18 INFO  com.dsalgo.automation.pages.HomePage - Clicked on Get Started button in DSAlgo Portal.
2025-05-05 21:29:18 INFO  com.dsalgo.automation.utils.NavigationUtil - Navigated to DS Algo Home Page
2025-05-05 21:29:18 INFO  com.dsalgo.automation.pages.HomePage - Clicked on Signin link.
2025-05-05 21:29:19 INFO  com.dsalgo.automation.utils.NavigationUtil - Login performed successfully
2025-05-05 21:29:19 INFO  com.dsalgo.automation.pages.HomePage - clicked Get Startedlink on Graph 
2025-05-05 21:29:20 INFO  com.dsalgo.automation.pages.GraphPage - Clicked Graph Representation link
2025-05-05 21:29:20 INFO  com.dsalgo.automation.pages.GraphPage - Paragraph and table overlapping: true
2025-05-05 21:29:20 INFO  com.dsalgo.automation.pages.GraphPage - Overlapped Image saved at: C:\Users\mpore\eclipse-workspace\DSAlgo_Testng\DsAlgo_TestNGProject/screenshots/overlappingImage.png
2025-05-05 21:29:20 INFO  com.dsalgo.automation.pages.HomePage - Clicked on Sign out link.
2025-05-05 21:29:20 INFO  com.dsalgo.automation.pages.HomePage - HomePage initialized with WebDriver and waitHelper
2025-05-05 21:29:20 INFO  com.dsalgo.automation.pages.GraphPage - GraphPage initialized
2025-05-05 21:29:20 INFO  com.dsalgo.automation.pages.LoginPage - LoginPage initialized with WebDriver and waitHelper
2025-05-05 21:29:21 INFO  com.dsalgo.automation.pages.HomePage - Clicked on Sign out link.
2025-05-05 21:29:21 DEBUG org.apache.poi.openxml4j.opc.PackageRelationshipCollection - Parsing relationship: /xl/_rels/workbook.xml.rels
2025-05-05 21:29:21 DEBUG org.apache.poi.openxml4j.opc.PackageRelationshipCollection - Parsing relationship: /_rels/.rels
2025-05-05 21:29:21 INFO  com.dsalgo.automation.pages.HomePage - HomePage initialized with WebDriver and waitHelper
2025-05-05 21:29:21 INFO  com.dsalgo.automation.pages.LoginPage - LoginPage initialized with WebDriver and waitHelper
2025-05-05 21:29:21 INFO  com.dsalgo.automation.pages.DataStructure - Initialized DataStructure page
2025-05-05 21:29:21 INFO  com.dsalgo.automation.pages.HomePage - Navigated to DSAlgo portal: https://dsportalapp.herokuapp.com/
2025-05-05 21:29:21 INFO  com.dsalgo.automation.pages.HomePage - Navigated to DSAlgo portal: https://dsportalapp.herokuapp.com/
2025-05-05 21:29:21 INFO  com.dsalgo.automation.pages.HomePage - Clicked on Get Started button in DSAlgo Portal.
2025-05-05 21:29:21 INFO  com.dsalgo.automation.utils.NavigationUtil - Navigated to DS Algo Home Page
2025-05-05 21:29:21 INFO  com.dsalgo.automation.pages.HomePage - Clicked on Get Started button in DSAlgo Portal.
2025-05-05 21:29:21 INFO  com.dsalgo.automation.utils.NavigationUtil - Navigated to DS Algo Home Page
2025-05-05 21:29:21 INFO  com.dsalgo.automation.pages.HomePage - Clicked on Signin link.
2025-05-05 21:29:21 INFO  com.dsalgo.automation.pages.HomePage - Clicked on Signin link.
2025-05-05 21:29:21 INFO  com.dsalgo.automation.utils.NavigationUtil - Login performed successfully
2025-05-05 21:29:22 INFO  com.dsalgo.automation.utils.NavigationUtil - Login performed successfully
2025-05-05 21:29:22 INFO  com.dsalgo.automation.pages.HomePage - clicked Get Startedlink on Graph 
2025-05-05 21:29:22 INFO  com.dsalgo.automation.pages.HomePage - clicked Get Startedlink on  DataStructures 
2025-05-05 21:29:22 INFO  com.dsalgo.automation.pages.GraphPage - Clicked Graph Representation link
2025-05-05 21:29:22 INFO  com.dsalgo.automation.pages.GraphPage - Paragraph and table overlapping: true
2025-05-05 21:29:22 INFO  com.dsalgo.automation.pages.GraphPage - Overlapped Image saved at: C:\Users\mpore\eclipse-workspace\DSAlgo_Testng\DsAlgo_TestNGProject/screenshots/overlappingImage.png
2025-05-05 21:29:22 INFO  com.dsalgo.automation.tests.HomePageTest - No warning message for 'Arrays'
2025-05-05 21:29:22 INFO  com.dsalgo.automation.pages.DataStructure - Clicked on 'Time Complexity' link
2025-05-05 21:29:22 INFO  com.dsalgo.automation.pages.HomePage - HomePage initialized with WebDriver and waitHelper
2025-05-05 21:29:22 INFO  com.dsalgo.automation.pages.LoginPage - LoginPage initialized with WebDriver and waitHelper
2025-05-05 21:29:23 INFO  com.dsalgo.automation.pages.HomePage - Navigated to DSAlgo portal: https://dsportalapp.herokuapp.com/
2025-05-05 21:29:23 INFO  com.dsalgo.automation.pages.DataStructure - Clicked on Try Here link
2025-05-05 21:29:23 INFO  com.dsalgo.automation.pages.HomePage - Clicked on Sign out link.
2025-05-05 21:29:23 INFO  com.dsalgo.automation.pages.HomePage - HomePage initialized with WebDriver and waitHelper
2025-05-05 21:29:23 INFO  com.dsalgo.automation.pages.GraphPage - GraphPage initialized
2025-05-05 21:29:23 INFO  com.dsalgo.automation.pages.LoginPage - LoginPage initialized with WebDriver and waitHelper
2025-05-05 21:29:23 INFO  com.dsalgo.automation.pages.HomePage - Clicked on Get Started button in DSAlgo Portal.
2025-05-05 21:29:23 INFO  com.dsalgo.automation.utils.NavigationUtil - Navigated to DS Algo Home Page
2025-05-05 21:29:23 INFO  com.dsalgo.automation.pages.DataStructure - Entered Python code into editor: print("DSAlgo");
2025-05-05 21:29:23 INFO  com.dsalgo.automation.tests.DataStructureTest - Entered Python Code: print("DSAlgo");
2025-05-05 21:29:23 INFO  com.dsalgo.automation.pages.HomePage - clicked Get Startedlink on LinkedList
2025-05-05 21:29:23 INFO  com.dsalgo.automation.pages.HomePage - Navigated to DSAlgo portal: https://dsportalapp.herokuapp.com/
2025-05-05 21:29:23 INFO  com.dsalgo.automation.pages.DataStructure - Clicked on Run button
2025-05-05 21:29:23 INFO  com.dsalgo.automation.tests.DataStructureTest - Clicked Run Button
2025-05-05 21:29:23 INFO  com.dsalgo.automation.pages.DataStructure - Success message: DSAlgo
2025-05-05 21:29:23 INFO  com.dsalgo.automation.tests.DataStructureTest - Verified Output message successfully.print("DSAlgo");Output Message:DSAlgo
2025-05-05 21:29:23 INFO  com.dsalgo.automation.pages.HomePage - Clicked on Get Started button in DSAlgo Portal.
2025-05-05 21:29:23 INFO  com.dsalgo.automation.utils.NavigationUtil - Navigated to DS Algo Home Page
2025-05-05 21:29:23 WARN  com.dsalgo.automation.tests.HomePageTest - Warning message displayed for 'Linked List': You are not logged in
2025-05-05 21:29:23 INFO  com.dsalgo.automation.pages.HomePage - Clicked on Signin link.
2025-05-05 21:29:23 INFO  com.dsalgo.automation.pages.HomePage - HomePage initialized with WebDriver and waitHelper
2025-05-05 21:29:23 INFO  com.dsalgo.automation.pages.LoginPage - LoginPage initialized with WebDriver and waitHelper
2025-05-05 21:29:24 INFO  com.dsalgo.automation.pages.HomePage - Clicked on Sign out link.
2025-05-05 21:29:24 INFO  com.dsalgo.automation.pages.HomePage - Navigated to DSAlgo portal: https://dsportalapp.herokuapp.com/
2025-05-05 21:29:24 INFO  com.dsalgo.automation.pages.HomePage - HomePage initialized with WebDriver and waitHelper
2025-05-05 21:29:24 INFO  com.dsalgo.automation.pages.LoginPage - LoginPage initialized with WebDriver and waitHelper
2025-05-05 21:29:24 INFO  com.dsalgo.automation.pages.DataStructure - Initialized DataStructure page
2025-05-05 21:29:24 INFO  com.dsalgo.automation.pages.HomePage - Navigated to DSAlgo portal: https://dsportalapp.herokuapp.com/
2025-05-05 21:29:24 INFO  com.dsalgo.automation.pages.HomePage - Clicked on Get Started button in DSAlgo Portal.
2025-05-05 21:29:24 INFO  com.dsalgo.automation.utils.NavigationUtil - Navigated to DS Algo Home Page
2025-05-05 21:29:24 INFO  com.dsalgo.automation.pages.HomePage - clicked Get Startedlink on stack
2025-05-05 21:29:24 INFO  com.dsalgo.automation.pages.HomePage - Clicked on Get Started button in DSAlgo Portal.
2025-05-05 21:29:24 INFO  com.dsalgo.automation.utils.NavigationUtil - Navigated to DS Algo Home Page
2025-05-05 21:29:24 WARN  com.dsalgo.automation.tests.HomePageTest - Warning message displayed for 'Stack': You are not logged in
2025-05-05 21:29:24 INFO  com.dsalgo.automation.pages.HomePage - Clicked on Signin link.
2025-05-05 21:29:24 INFO  com.dsalgo.automation.pages.HomePage - HomePage initialized with WebDriver and waitHelper
2025-05-05 21:29:24 INFO  com.dsalgo.automation.pages.LoginPage - LoginPage initialized with WebDriver and waitHelper
2025-05-05 21:29:25 INFO  com.dsalgo.automation.utils.NavigationUtil - Login performed successfully
2025-05-05 21:29:25 INFO  com.dsalgo.automation.pages.HomePage - Navigated to DSAlgo portal: https://dsportalapp.herokuapp.com/
2025-05-05 21:29:25 INFO  com.dsalgo.automation.pages.HomePage - clicked Get Startedlink on Graph 
2025-05-05 21:29:25 INFO  com.dsalgo.automation.pages.HomePage - Clicked on Get Started button in DSAlgo Portal.
2025-05-05 21:29:25 INFO  com.dsalgo.automation.utils.NavigationUtil - Navigated to DS Algo Home Page
2025-05-05 21:29:25 INFO  com.dsalgo.automation.pages.HomePage - clicked Get Startedlink on queue 
2025-05-05 21:29:25 INFO  com.dsalgo.automation.pages.GraphPage - Clicked Graph Representation link
2025-05-05 21:29:25 INFO  com.dsalgo.automation.pages.GraphPage - Paragraph and table overlapping: true
2025-05-05 21:29:25 WARN  com.dsalgo.automation.tests.HomePageTest - Warning message displayed for 'Queue': You are not logged in
2025-05-05 21:29:25 INFO  com.dsalgo.automation.utils.NavigationUtil - Login performed successfully
2025-05-05 21:29:25 INFO  com.dsalgo.automation.pages.GraphPage - Overlapped Image saved at: C:\Users\mpore\eclipse-workspace\DSAlgo_Testng\DsAlgo_TestNGProject/screenshots/overlappingImage.png
2025-05-05 21:29:25 INFO  com.dsalgo.automation.pages.HomePage - clicked Get Startedlink on  DataStructures 
2025-05-05 21:29:25 INFO  com.dsalgo.automation.pages.HomePage - HomePage initialized with WebDriver and waitHelper
2025-05-05 21:29:25 INFO  com.dsalgo.automation.pages.LoginPage - LoginPage initialized with WebDriver and waitHelper
2025-05-05 21:29:26 INFO  com.dsalgo.automation.pages.HomePage - Navigated to DSAlgo portal: https://dsportalapp.herokuapp.com/
2025-05-05 21:29:26 INFO  com.dsalgo.automation.pages.DataStructure - Clicked on 'Time Complexity' link
2025-05-05 21:29:26 INFO  com.dsalgo.automation.pages.HomePage - Clicked on Get Started button in DSAlgo Portal.
2025-05-05 21:29:26 INFO  com.dsalgo.automation.utils.NavigationUtil - Navigated to DS Algo Home Page
2025-05-05 21:29:26 INFO  com.dsalgo.automation.pages.HomePage - clicked Get Startedlink on Tree 
2025-05-05 21:29:26 INFO  com.dsalgo.automation.pages.DataStructure - Clicked on Try Here link
2025-05-05 21:29:26 INFO  com.dsalgo.automation.pages.DataStructure - Entered Python code into editor: print("NumpyNinja
2025-05-05 21:29:26 INFO  com.dsalgo.automation.tests.DataStructureTest - Entered Python Code: print("NumpyNinja
2025-05-05 21:29:26 INFO  com.dsalgo.automation.pages.HomePage - Clicked on Sign out link.
2025-05-05 21:29:26 INFO  com.dsalgo.automation.pages.HomePage - HomePage initialized with WebDriver and waitHelper
2025-05-05 21:29:26 INFO  com.dsalgo.automation.pages.GraphPage - GraphPage initialized
2025-05-05 21:29:26 INFO  com.dsalgo.automation.pages.LoginPage - LoginPage initialized with WebDriver and waitHelper
2025-05-05 21:29:26 WARN  com.dsalgo.automation.tests.HomePageTest - Warning message displayed for 'Tree': You are not logged in
2025-05-05 21:29:26 INFO  com.dsalgo.automation.pages.DataStructure - Clicked on Run button
2025-05-05 21:29:26 INFO  com.dsalgo.automation.tests.DataStructureTest - Clicked Run Button
2025-05-05 21:29:26 INFO  com.dsalgo.automation.pages.DataStructure - Alert appeared: SyntaxError: bad input on line 1
2025-05-05 21:29:26 INFO  com.dsalgo.automation.tests.DataStructureTest - Tested alert with code: print("NumpyNinja | Alert: SyntaxError: bad input on line 1
2025-05-05 21:29:26 INFO  com.dsalgo.automation.pages.HomePage - Navigated to DSAlgo portal: https://dsportalapp.herokuapp.com/
2025-05-05 21:29:27 INFO  com.dsalgo.automation.pages.HomePage - HomePage initialized with WebDriver and waitHelper
2025-05-05 21:29:27 INFO  com.dsalgo.automation.pages.LoginPage - LoginPage initialized with WebDriver and waitHelper
2025-05-05 21:29:27 INFO  com.dsalgo.automation.pages.HomePage - Clicked on Get Started button in DSAlgo Portal.
2025-05-05 21:29:27 INFO  com.dsalgo.automation.utils.NavigationUtil - Navigated to DS Algo Home Page
2025-05-05 21:29:27 INFO  com.dsalgo.automation.pages.HomePage - Navigated to DSAlgo portal: https://dsportalapp.herokuapp.com/
2025-05-05 21:29:27 INFO  com.dsalgo.automation.pages.HomePage - Clicked on Signin link.
2025-05-05 21:29:27 INFO  com.dsalgo.automation.pages.HomePage - Clicked on Get Started button in DSAlgo Portal.
2025-05-05 21:29:27 INFO  com.dsalgo.automation.utils.NavigationUtil - Navigated to DS Algo Home Page
2025-05-05 21:29:27 INFO  com.dsalgo.automation.pages.HomePage - Clicked on Sign out link.
2025-05-05 21:29:27 INFO  com.dsalgo.automation.pages.HomePage - clicked Get Startedlink on Graph 
2025-05-05 21:29:27 WARN  com.dsalgo.automation.tests.HomePageTest - Warning message displayed for 'Graph': You are not logged in
2025-05-05 21:29:28 INFO  com.dsalgo.automation.pages.HomePage - HomePage initialized with WebDriver and waitHelper
2025-05-05 21:29:28 INFO  com.dsalgo.automation.pages.LoginPage - LoginPage initialized with WebDriver and waitHelper
2025-05-05 21:29:28 INFO  com.dsalgo.automation.pages.HomePage - Navigated to DSAlgo portal: https://dsportalapp.herokuapp.com/
2025-05-05 21:29:28 INFO  com.dsalgo.automation.utils.NavigationUtil - Login performed successfully
2025-05-05 21:29:28 INFO  com.dsalgo.automation.pages.HomePage - clicked Get Startedlink on Graph 
2025-05-05 21:29:28 INFO  com.dsalgo.automation.pages.HomePage - Clicked on Get Started button in DSAlgo Portal.
2025-05-05 21:29:28 INFO  com.dsalgo.automation.utils.NavigationUtil - Navigated to DS Algo Home Page
2025-05-05 21:29:28 INFO  com.dsalgo.automation.pages.HomePage - Clicked on Data Structures dropdown.
2025-05-05 21:29:28 INFO  com.dsalgo.automation.pages.HomePage - HomePage initialized with WebDriver and waitHelper
2025-05-05 21:29:28 INFO  com.dsalgo.automation.pages.LoginPage - LoginPage initialized with WebDriver and waitHelper
2025-05-05 21:29:28 INFO  com.dsalgo.automation.pages.HomePage - HomePage initialized with WebDriver and waitHelper
2025-05-05 21:29:28 INFO  com.dsalgo.automation.pages.HomePage - HomePage initialized with WebDriver and waitHelper
2025-05-05 21:29:28 INFO  com.dsalgo.automation.pages.LoginPage - LoginPage initialized with WebDriver and waitHelper
2025-05-05 21:29:28 INFO  com.dsalgo.automation.pages.HomePage - Navigated to DSAlgo portal: https://dsportalapp.herokuapp.com/
2025-05-05 21:29:29 INFO  com.dsalgo.automation.pages.HomePage - Clicked on Get Started button in DSAlgo Portal.
2025-05-05 21:29:29 INFO  com.dsalgo.automation.utils.NavigationUtil - Navigated to DS Algo Home Page
2025-05-05 21:29:29 INFO  com.dsalgo.automation.pages.GraphPage - Clicked on Graph link
2025-05-05 21:29:29 INFO  com.dsalgo.automation.pages.HomePage - Navigated to DSAlgo portal: https://dsportalapp.herokuapp.com/
2025-05-05 21:29:29 INFO  com.dsalgo.automation.pages.GraphPage - Page title: Graph
2025-05-05 21:29:29 INFO  com.dsalgo.automation.pages.HomePage - Clicked on Data Structures dropdown.
2025-05-05 21:29:29 INFO  com.dsalgo.automation.pages.HomePage - HomePage initialized with WebDriver and waitHelper
2025-05-05 21:29:29 INFO  com.dsalgo.automation.pages.LoginPage - LoginPage initialized with WebDriver and waitHelper
2025-05-05 21:29:29 INFO  com.dsalgo.automation.pages.HomePage - Navigated to DSAlgo portal: https://dsportalapp.herokuapp.com/
2025-05-05 21:29:29 INFO  com.dsalgo.automation.pages.HomePage - Clicked on Get Started button in DSAlgo Portal.
2025-05-05 21:29:29 INFO  com.dsalgo.automation.utils.NavigationUtil - Navigated to DS Algo Home Page
2025-05-05 21:29:29 INFO  com.dsalgo.automation.pages.HomePage - Clicked on Sign out link.
2025-05-05 21:29:29 INFO  com.dsalgo.automation.pages.HomePage - Clicked on Get Started button in DSAlgo Portal.
2025-05-05 21:29:29 INFO  com.dsalgo.automation.utils.NavigationUtil - Navigated to DS Algo Home Page
2025-05-05 21:29:29 INFO  com.dsalgo.automation.pages.HomePage - Clicked on Data Structures dropdown.
2025-05-05 21:29:29 INFO  com.dsalgo.automation.pages.HomePage - Clicked on Signin link.
2025-05-05 21:29:30 INFO  com.dsalgo.automation.utils.NavigationUtil - Login performed successfully
2025-05-05 21:29:30 INFO  com.dsalgo.automation.pages.HomePage - clicked Get Startedlink on Array 
2025-05-05 21:29:30 INFO  com.dsalgo.automation.pages.HomePage - HomePage initialized with WebDriver and waitHelper
2025-05-05 21:29:30 INFO  com.dsalgo.automation.pages.HomePage - HomePage initialized with WebDriver and waitHelper
2025-05-05 21:29:30 INFO  com.dsalgo.automation.pages.LoginPage - LoginPage initialized with WebDriver and waitHelper
2025-05-05 21:29:31 INFO  com.dsalgo.automation.tests.ArrayPageTest - Redirected to Applications of Array page successfully
2025-05-05 21:29:31 INFO  com.dsalgo.automation.pages.HomePage - Navigated to DSAlgo portal: https://dsportalapp.herokuapp.com/
2025-05-05 21:29:31 INFO  com.dsalgo.automation.pages.HomePage - HomePage initialized with WebDriver and waitHelper
2025-05-05 21:29:31 INFO  com.dsalgo.automation.pages.HomePage - HomePage initialized with WebDriver and waitHelper
2025-05-05 21:29:31 INFO  com.dsalgo.automation.pages.LoginPage - LoginPage initialized with WebDriver and waitHelper
2025-05-05 21:29:31 INFO  com.dsalgo.automation.pages.HomePage - Clicked on Sign out link.
2025-05-05 21:29:31 INFO  com.dsalgo.automation.pages.HomePage - HomePage initialized with WebDriver and waitHelper
2025-05-05 21:29:31 INFO  com.dsalgo.automation.pages.HomePage - HomePage initialized with WebDriver and waitHelper
2025-05-05 21:29:31 INFO  com.dsalgo.automation.pages.LoginPage - LoginPage initialized with WebDriver and waitHelper
2025-05-05 21:29:31 INFO  com.dsalgo.automation.pages.HomePage - Navigated to DSAlgo portal: https://dsportalapp.herokuapp.com/
2025-05-05 21:29:31 INFO  com.dsalgo.automation.pages.HomePage - Clicked on Get Started button in DSAlgo Portal.
2025-05-05 21:29:31 INFO  com.dsalgo.automation.utils.NavigationUtil - Navigated to DS Algo Home Page
2025-05-05 21:29:31 INFO  com.dsalgo.automation.pages.HomePage - Clicked on Get Started button in DSAlgo Portal.
2025-05-05 21:29:31 INFO  com.dsalgo.automation.utils.NavigationUtil - Navigated to DS Algo Home Page
2025-05-05 21:29:32 INFO  com.dsalgo.automation.pages.HomePage - Navigated to DSAlgo portal: https://dsportalapp.herokuapp.com/
2025-05-05 21:29:32 INFO  com.dsalgo.automation.pages.HomePage - Clicked on Signin link.
2025-05-05 21:29:32 INFO  com.dsalgo.automation.pages.HomePage - Clicked on Signin link.
2025-05-05 21:29:32 INFO  com.dsalgo.automation.utils.NavigationUtil - Login performed successfully
2025-05-05 21:29:32 INFO  com.dsalgo.automation.pages.HomePage - Clicked on Get Started button in DSAlgo Portal.
2025-05-05 21:29:32 INFO  com.dsalgo.automation.utils.NavigationUtil - Navigated to DS Algo Home Page
2025-05-05 21:29:33 INFO  com.dsalgo.automation.pages.HomePage - Clicked on Signin link.
2025-05-05 21:29:33 INFO  com.dsalgo.automation.pages.HomePage - clicked Get Startedlink on Array 
2025-05-05 21:29:33 INFO  com.dsalgo.automation.utils.NavigationUtil - Login performed successfully
2025-05-05 21:29:33 INFO  com.dsalgo.automation.pages.HomePage - clicked Get Startedlink on LinkedList
2025-05-05 21:29:33 INFO  com.dsalgo.automation.utils.NavigationUtil - Login performed successfully
2025-05-05 21:29:33 INFO  com.dsalgo.automation.pages.HomePage - clicked Get Startedlink on stack
2025-05-05 21:29:34 INFO  com.dsalgo.automation.tests.ArrayPageTest - Redirected to Stack Landing page successfully
2025-05-05 21:29:34 INFO  com.dsalgo.automation.pages.HomePage - Clicked on Sign out link.
2025-05-05 21:29:34 INFO  com.dsalgo.automation.pages.HomePage - HomePage initialized with WebDriver and waitHelper
2025-05-05 21:29:34 INFO  com.dsalgo.automation.pages.HomePage - HomePage initialized with WebDriver and waitHelper
2025-05-05 21:29:34 INFO  com.dsalgo.automation.pages.LoginPage - LoginPage initialized with WebDriver and waitHelper
2025-05-05 21:29:35 INFO  com.dsalgo.automation.tests.ArrayPageTest - Redirected to Applications of Array Text Editor page successfully
2025-05-05 21:29:35 INFO  com.dsalgo.automation.pages.HomePage - Navigated to DSAlgo portal: https://dsportalapp.herokuapp.com/
2025-05-05 21:29:35 INFO  com.dsalgo.automation.pages.HomePage - Clicked on Get Started button in DSAlgo Portal.
2025-05-05 21:29:35 INFO  com.dsalgo.automation.utils.NavigationUtil - Navigated to DS Algo Home Page
2025-05-05 21:29:35 INFO  com.dsalgo.automation.pages.HomePage - Clicked on Signin link.
2025-05-05 21:29:35 INFO  com.dsalgo.automation.pages.HomePage - Clicked on Sign out link.
2025-05-05 21:29:35 INFO  com.dsalgo.automation.pages.HomePage - HomePage initialized with WebDriver and waitHelper
2025-05-05 21:29:35 INFO  com.dsalgo.automation.pages.HomePage - HomePage initialized with WebDriver and waitHelper
2025-05-05 21:29:35 INFO  com.dsalgo.automation.pages.LoginPage - LoginPage initialized with WebDriver and waitHelper
2025-05-05 21:29:35 INFO  com.dsalgo.automation.pages.HomePage - Navigated to DSAlgo portal: https://dsportalapp.herokuapp.com/
2025-05-05 21:29:35 INFO  com.dsalgo.automation.pages.HomePage - Clicked on Get Started button in DSAlgo Portal.
2025-05-05 21:29:35 INFO  com.dsalgo.automation.utils.NavigationUtil - Navigated to DS Algo Home Page
2025-05-05 21:29:36 INFO  com.dsalgo.automation.pages.HomePage - Clicked on Signin link.
2025-05-05 21:29:36 INFO  com.dsalgo.automation.utils.NavigationUtil - Login performed successfully
2025-05-05 21:29:36 INFO  com.dsalgo.automation.pages.HomePage - clicked Get Startedlink on stack
2025-05-05 21:29:36 INFO  com.dsalgo.automation.utils.NavigationUtil - Login performed successfully
2025-05-05 21:29:36 INFO  com.dsalgo.automation.pages.HomePage - clicked Get Startedlink on Array 
2025-05-05 21:29:36 INFO  com.dsalgo.automation.tests.ArrayPageTest - Redirected to Operations in Stack Landing page successfully
2025-05-05 21:29:37 INFO  com.dsalgo.automation.pages.HomePage - Clicked on Sign out link.
2025-05-05 21:29:37 INFO  com.dsalgo.automation.pages.HomePage - HomePage initialized with WebDriver and waitHelper
2025-05-05 21:29:37 INFO  com.dsalgo.automation.pages.HomePage - HomePage initialized with WebDriver and waitHelper
2025-05-05 21:29:37 INFO  com.dsalgo.automation.pages.LoginPage - LoginPage initialized with WebDriver and waitHelper
2025-05-05 21:29:37 INFO  com.dsalgo.automation.tests.ArrayPageTest - Redirected to arrays Basic Operations page successfully
2025-05-05 21:29:37 INFO  com.dsalgo.automation.pages.HomePage - Navigated to DSAlgo portal: https://dsportalapp.herokuapp.com/
2025-05-05 21:29:37 INFO  com.dsalgo.automation.pages.HomePage - Clicked on Get Started button in DSAlgo Portal.
2025-05-05 21:29:37 INFO  com.dsalgo.automation.utils.NavigationUtil - Navigated to DS Algo Home Page
2025-05-05 21:29:37 INFO  com.dsalgo.automation.pages.HomePage - Clicked on Signin link.
2025-05-05 21:29:38 INFO  com.dsalgo.automation.pages.HomePage - Clicked on Sign out link.
2025-05-05 21:29:38 INFO  com.dsalgo.automation.pages.HomePage - HomePage initialized with WebDriver and waitHelper
2025-05-05 21:29:38 INFO  com.dsalgo.automation.pages.HomePage - HomePage initialized with WebDriver and waitHelper
2025-05-05 21:29:38 INFO  com.dsalgo.automation.pages.LoginPage - LoginPage initialized with WebDriver and waitHelper
2025-05-05 21:29:38 INFO  com.dsalgo.automation.pages.HomePage - Navigated to DSAlgo portal: https://dsportalapp.herokuapp.com/
2025-05-05 21:29:38 INFO  com.dsalgo.automation.pages.HomePage - Clicked on Get Started button in DSAlgo Portal.
2025-05-05 21:29:38 INFO  com.dsalgo.automation.utils.NavigationUtil - Navigated to DS Algo Home Page
2025-05-05 21:29:38 INFO  com.dsalgo.automation.utils.NavigationUtil - Login performed successfully
2025-05-05 21:29:38 INFO  com.dsalgo.automation.pages.HomePage - clicked Get Startedlink on stack
2025-05-05 21:29:39 INFO  com.dsalgo.automation.pages.HomePage - Clicked on Signin link.
2025-05-05 21:29:39 INFO  com.dsalgo.automation.utils.NavigationUtil - Login performed successfully
2025-05-05 21:29:39 INFO  com.dsalgo.automation.pages.HomePage - Clicked on Sign out link.
2025-05-05 21:29:39 INFO  com.dsalgo.automation.pages.HomePage - HomePage initialized with WebDriver and waitHelper
2025-05-05 21:29:39 INFO  com.dsalgo.automation.pages.HomePage - HomePage initialized with WebDriver and waitHelper
2025-05-05 21:29:39 INFO  com.dsalgo.automation.pages.LoginPage - LoginPage initialized with WebDriver and waitHelper
2025-05-05 21:29:39 INFO  com.dsalgo.automation.pages.HomePage - Navigated to DSAlgo portal: https://dsportalapp.herokuapp.com/
2025-05-05 21:29:39 INFO  com.dsalgo.automation.pages.HomePage - Clicked on Get Started button in DSAlgo Portal.
2025-05-05 21:29:39 INFO  com.dsalgo.automation.utils.NavigationUtil - Navigated to DS Algo Home Page
2025-05-05 21:29:39 INFO  com.dsalgo.automation.pages.HomePage - clicked Get Startedlink on Array 
2025-05-05 21:29:39 INFO  com.dsalgo.automation.tests.ArrayPageTest - Redirected to Operations in Stack Text edit Landing page successfully
2025-05-05 21:29:39 INFO  com.dsalgo.automation.pages.HomePage - Clicked on Signin link.
2025-05-05 21:29:40 INFO  com.dsalgo.automation.pages.HomePage - Clicked on Sign out link.
2025-05-05 21:29:40 INFO  com.dsalgo.automation.pages.HomePage - HomePage initialized with WebDriver and waitHelper
2025-05-05 21:29:40 INFO  com.dsalgo.automation.pages.HomePage - HomePage initialized with WebDriver and waitHelper
2025-05-05 21:29:40 INFO  com.dsalgo.automation.pages.LoginPage - LoginPage initialized with WebDriver and waitHelper
2025-05-05 21:29:40 INFO  com.dsalgo.automation.pages.HomePage - Navigated to DSAlgo portal: https://dsportalapp.herokuapp.com/
2025-05-05 21:29:40 INFO  com.dsalgo.automation.pages.HomePage - Clicked on Get Started button in DSAlgo Portal.
2025-05-05 21:29:40 INFO  com.dsalgo.automation.utils.NavigationUtil - Navigated to DS Algo Home Page
2025-05-05 21:29:40 INFO  com.dsalgo.automation.utils.NavigationUtil - Login performed successfully
2025-05-05 21:29:40 INFO  com.dsalgo.automation.tests.ArrayPageTest - Redirected to Practiece Questions of Array page successfully
2025-05-05 21:29:40 INFO  com.dsalgo.automation.pages.HomePage - clicked Get Startedlink on LinkedList
2025-05-05 21:29:40 INFO  com.dsalgo.automation.pages.HomePage - Clicked on Signin link.
2025-05-05 21:29:41 INFO  com.dsalgo.automation.pages.HomePage - Clicked on Sign out link.
2025-05-05 21:29:41 INFO  com.dsalgo.automation.pages.HomePage - HomePage initialized with WebDriver and waitHelper
2025-05-05 21:29:41 INFO  com.dsalgo.automation.pages.HomePage - HomePage initialized with WebDriver and waitHelper
2025-05-05 21:29:41 INFO  com.dsalgo.automation.pages.LoginPage - LoginPage initialized with WebDriver and waitHelper
2025-05-05 21:29:41 INFO  com.dsalgo.automation.pages.HomePage - Navigated to DSAlgo portal: https://dsportalapp.herokuapp.com/
2025-05-05 21:29:41 INFO  com.dsalgo.automation.utils.NavigationUtil - Login performed successfully
2025-05-05 21:29:41 INFO  com.dsalgo.automation.pages.HomePage - clicked Get Startedlink on stack
2025-05-05 21:29:41 INFO  com.dsalgo.automation.pages.HomePage - Clicked on Get Started button in DSAlgo Portal.
2025-05-05 21:29:41 INFO  com.dsalgo.automation.utils.NavigationUtil - Navigated to DS Algo Home Page
2025-05-05 21:29:42 INFO  com.dsalgo.automation.pages.HomePage - Clicked on Signin link.
2025-05-05 21:29:42 INFO  com.dsalgo.automation.tests.ArrayPageTest - Redirected to Stack Applications Landing page successfully
2025-05-05 21:29:42 INFO  com.dsalgo.automation.pages.HomePage - Clicked on Sign out link.
2025-05-05 21:29:42 INFO  com.dsalgo.automation.pages.HomePage - HomePage initialized with WebDriver and waitHelper
2025-05-05 21:29:42 INFO  com.dsalgo.automation.pages.HomePage - HomePage initialized with WebDriver and waitHelper
2025-05-05 21:29:42 INFO  com.dsalgo.automation.pages.LoginPage - LoginPage initialized with WebDriver and waitHelper
2025-05-05 21:29:42 INFO  com.dsalgo.automation.pages.HomePage - Navigated to DSAlgo portal: https://dsportalapp.herokuapp.com/
2025-05-05 21:29:42 INFO  com.dsalgo.automation.utils.NavigationUtil - Login performed successfully
2025-05-05 21:29:42 INFO  com.dsalgo.automation.pages.HomePage - clicked Get Startedlink on Array 
2025-05-05 21:29:43 INFO  com.dsalgo.automation.pages.HomePage - Clicked on Get Started button in DSAlgo Portal.
2025-05-05 21:29:43 INFO  com.dsalgo.automation.utils.NavigationUtil - Navigated to DS Algo Home Page
2025-05-05 21:29:43 INFO  com.dsalgo.automation.pages.HomePage - Clicked on Signin link.
2025-05-05 21:29:43 INFO  com.dsalgo.automation.utils.NavigationUtil - Login performed successfully
2025-05-05 21:29:43 INFO  com.dsalgo.automation.pages.HomePage - clicked Get Startedlink on stack
2025-05-05 21:29:43 INFO  com.dsalgo.automation.tests.ArrayPageTest - Redirected to arrays-in-python Landing page successfully
2025-05-05 21:29:44 INFO  com.dsalgo.automation.pages.HomePage - Clicked on Sign out link.
2025-05-05 21:29:44 INFO  com.dsalgo.automation.pages.HomePage - HomePage initialized with WebDriver and waitHelper
2025-05-05 21:29:44 INFO  com.dsalgo.automation.pages.HomePage - HomePage initialized with WebDriver and waitHelper
2025-05-05 21:29:44 INFO  com.dsalgo.automation.pages.LoginPage - LoginPage initialized with WebDriver and waitHelper
2025-05-05 21:29:44 INFO  com.dsalgo.automation.pages.HomePage - Navigated to DSAlgo portal: https://dsportalapp.herokuapp.com/
2025-05-05 21:29:44 INFO  com.dsalgo.automation.tests.ArrayPageTest - Redirected to Stack Practiece link Text edit Landing page successfully
2025-05-05 21:29:45 INFO  com.dsalgo.automation.pages.HomePage - Clicked on Get Started button in DSAlgo Portal.
2025-05-05 21:29:45 INFO  com.dsalgo.automation.utils.NavigationUtil - Navigated to DS Algo Home Page
2025-05-05 21:29:45 INFO  com.dsalgo.automation.pages.HomePage - Clicked on Signin link.
2025-05-05 21:29:45 INFO  com.dsalgo.automation.pages.HomePage - Clicked on Sign out link.
2025-05-05 21:29:45 INFO  com.dsalgo.automation.pages.HomePage - HomePage initialized with WebDriver and waitHelper
2025-05-05 21:29:45 INFO  com.dsalgo.automation.pages.HomePage - HomePage initialized with WebDriver and waitHelper
2025-05-05 21:29:45 INFO  com.dsalgo.automation.pages.LoginPage - LoginPage initialized with WebDriver and waitHelper
2025-05-05 21:29:45 INFO  com.dsalgo.automation.pages.HomePage - Navigated to DSAlgo portal: https://dsportalapp.herokuapp.com/
2025-05-05 21:29:45 INFO  com.dsalgo.automation.pages.HomePage - Clicked on Get Started button in DSAlgo Portal.
2025-05-05 21:29:45 INFO  com.dsalgo.automation.utils.NavigationUtil - Navigated to DS Algo Home Page
2025-05-05 21:29:45 INFO  com.dsalgo.automation.pages.HomePage - Clicked on Signin link.
2025-05-05 21:29:46 INFO  com.dsalgo.automation.pages.HomePage - Clicked on Sign out link.
2025-05-05 21:29:46 INFO  com.dsalgo.automation.pages.HomePage - HomePage initialized with WebDriver and waitHelper
2025-05-05 21:29:46 INFO  com.dsalgo.automation.pages.HomePage - HomePage initialized with WebDriver and waitHelper
2025-05-05 21:29:46 INFO  com.dsalgo.automation.pages.LoginPage - LoginPage initialized with WebDriver and waitHelper
2025-05-05 21:29:46 INFO  com.dsalgo.automation.pages.HomePage - Navigated to DSAlgo portal: https://dsportalapp.herokuapp.com/
2025-05-05 21:29:46 INFO  com.dsalgo.automation.utils.NavigationUtil - Login performed successfully
2025-05-05 21:29:46 INFO  com.dsalgo.automation.pages.HomePage - clicked Get Startedlink on Array 
2025-05-05 21:29:46 INFO  com.dsalgo.automation.pages.HomePage - Clicked on Get Started button in DSAlgo Portal.
2025-05-05 21:29:46 INFO  com.dsalgo.automation.utils.NavigationUtil - Navigated to DS Algo Home Page
2025-05-05 21:29:46 INFO  com.dsalgo.automation.utils.NavigationUtil - Login performed successfully
2025-05-05 21:29:46 INFO  com.dsalgo.automation.pages.HomePage - Clicked on Signin link.
2025-05-05 21:29:46 INFO  com.dsalgo.automation.pages.HomePage - clicked Get Startedlink on stack
2025-05-05 21:29:47 INFO  com.dsalgo.automation.tests.ArrayPageTest - Redirected to Operations in Stack Landing page successfully
2025-05-05 21:29:47 INFO  com.dsalgo.automation.tests.ArrayPageTest - Redirected to arrays-in-python Text Editor page successfully
2025-05-05 21:29:47 INFO  com.dsalgo.automation.utils.NavigationUtil - Login performed successfully
2025-05-05 21:29:47 INFO  com.dsalgo.automation.pages.HomePage - clicked Get Startedlink on LinkedList
2025-05-05 21:29:48 INFO  com.dsalgo.automation.pages.HomePage - Clicked on Sign out link.
2025-05-05 21:29:48 INFO  com.dsalgo.automation.pages.HomePage - HomePage initialized with WebDriver and waitHelper
2025-05-05 21:29:48 INFO  com.dsalgo.automation.pages.HomePage - HomePage initialized with WebDriver and waitHelper
2025-05-05 21:29:48 INFO  com.dsalgo.automation.pages.LoginPage - LoginPage initialized with WebDriver and waitHelper
2025-05-05 21:29:48 INFO  com.dsalgo.automation.pages.HomePage - Clicked on Sign out link.
2025-05-05 21:29:48 INFO  com.dsalgo.automation.pages.HomePage - HomePage initialized with WebDriver and waitHelper
2025-05-05 21:29:48 INFO  com.dsalgo.automation.pages.HomePage - HomePage initialized with WebDriver and waitHelper
2025-05-05 21:29:48 INFO  com.dsalgo.automation.pages.LoginPage - LoginPage initialized with WebDriver and waitHelper
2025-05-05 21:29:48 INFO  com.dsalgo.automation.pages.HomePage - Navigated to DSAlgo portal: https://dsportalapp.herokuapp.com/
2025-05-05 21:29:48 INFO  com.dsalgo.automation.pages.HomePage - Navigated to DSAlgo portal: https://dsportalapp.herokuapp.com/
2025-05-05 21:29:48 INFO  com.dsalgo.automation.pages.HomePage - Clicked on Get Started button in DSAlgo Portal.
2025-05-05 21:29:48 INFO  com.dsalgo.automation.utils.NavigationUtil - Navigated to DS Algo Home Page
2025-05-05 21:29:48 INFO  com.dsalgo.automation.pages.HomePage - Clicked on Get Started button in DSAlgo Portal.
2025-05-05 21:29:48 INFO  com.dsalgo.automation.utils.NavigationUtil - Navigated to DS Algo Home Page
2025-05-05 21:29:48 INFO  com.dsalgo.automation.pages.HomePage - Clicked on Signin link.
2025-05-05 21:29:48 INFO  com.dsalgo.automation.pages.HomePage - Clicked on Signin link.
2025-05-05 21:29:48 INFO  com.dsalgo.automation.utils.NavigationUtil - Login performed successfully
2025-05-05 21:29:49 INFO  com.dsalgo.automation.utils.NavigationUtil - Login performed successfully
2025-05-05 21:29:49 INFO  com.dsalgo.automation.pages.HomePage - clicked Get Startedlink on stack
2025-05-05 21:29:49 INFO  com.dsalgo.automation.pages.HomePage - clicked Get Startedlink on Array 
2025-05-05 21:29:50 INFO  com.dsalgo.automation.tests.ArrayPageTest - Redirected to arrays Using List Text Editor page successfully
2025-05-05 21:29:50 INFO  com.dsalgo.automation.tests.ArrayPageTest - Redirected to stack Implementation Text edit Landing page successfully
2025-05-05 21:29:50 INFO  com.dsalgo.automation.pages.HomePage - Clicked on Sign out link.
2025-05-05 21:29:50 INFO  com.dsalgo.automation.pages.HomePage - HomePage initialized with WebDriver and waitHelper
2025-05-05 21:29:50 INFO  com.dsalgo.automation.pages.HomePage - HomePage initialized with WebDriver and waitHelper
2025-05-05 21:29:50 INFO  com.dsalgo.automation.pages.LoginPage - LoginPage initialized with WebDriver and waitHelper
2025-05-05 21:29:50 INFO  com.dsalgo.automation.pages.HomePage - Clicked on Sign out link.
2025-05-05 21:29:50 INFO  com.dsalgo.automation.pages.HomePage - HomePage initialized with WebDriver and waitHelper
2025-05-05 21:29:50 INFO  com.dsalgo.automation.pages.HomePage - HomePage initialized with WebDriver and waitHelper
2025-05-05 21:29:50 INFO  com.dsalgo.automation.pages.LoginPage - LoginPage initialized with WebDriver and waitHelper
2025-05-05 21:29:51 INFO  com.dsalgo.automation.pages.HomePage - Navigated to DSAlgo portal: https://dsportalapp.herokuapp.com/
2025-05-05 21:29:51 INFO  com.dsalgo.automation.pages.HomePage - Navigated to DSAlgo portal: https://dsportalapp.herokuapp.com/
2025-05-05 21:29:51 INFO  com.dsalgo.automation.pages.HomePage - Clicked on Get Started button in DSAlgo Portal.
2025-05-05 21:29:51 INFO  com.dsalgo.automation.utils.NavigationUtil - Navigated to DS Algo Home Page
2025-05-05 21:29:51 INFO  com.dsalgo.automation.pages.HomePage - Clicked on Get Started button in DSAlgo Portal.
2025-05-05 21:29:51 INFO  com.dsalgo.automation.utils.NavigationUtil - Navigated to DS Algo Home Page
2025-05-05 21:29:51 INFO  com.dsalgo.automation.pages.HomePage - Clicked on Signin link.
2025-05-05 21:29:51 INFO  com.dsalgo.automation.pages.HomePage - Clicked on Signin link.
2025-05-05 21:29:51 INFO  com.dsalgo.automation.utils.NavigationUtil - Login performed successfully
2025-05-05 21:29:52 INFO  com.dsalgo.automation.utils.NavigationUtil - Login performed successfully
2025-05-05 21:29:52 INFO  com.dsalgo.automation.pages.HomePage - clicked Get Startedlink on stack
2025-05-05 21:29:52 INFO  com.dsalgo.automation.pages.HomePage - clicked Get Startedlink on Array 
2025-05-05 21:29:53 INFO  com.dsalgo.automation.tests.ArrayPageTest - Redirected to Practice Questions Landing page successfully
2025-05-05 21:29:53 INFO  com.dsalgo.automation.tests.ArrayPageTest - Redirected to Arrays Using List Text Editor page successfully
2025-05-05 21:29:53 INFO  com.dsalgo.automation.pages.HomePage - Clicked on Sign out link.
2025-05-05 21:29:53 INFO  com.dsalgo.automation.pages.HomePage - HomePage initialized with WebDriver and waitHelper
2025-05-05 21:29:53 INFO  com.dsalgo.automation.pages.HomePage - HomePage initialized with WebDriver and waitHelper
2025-05-05 21:29:53 INFO  com.dsalgo.automation.pages.LoginPage - LoginPage initialized with WebDriver and waitHelper
2025-05-05 21:29:54 INFO  com.dsalgo.automation.pages.HomePage - Navigated to DSAlgo portal: https://dsportalapp.herokuapp.com/
2025-05-05 21:29:54 INFO  com.dsalgo.automation.pages.HomePage - Clicked on Sign out link.
2025-05-05 21:29:54 INFO  com.dsalgo.automation.pages.HomePage - Clicked on Sign out link.
2025-05-05 21:29:54 DEBUG org.apache.poi.openxml4j.opc.PackageRelationshipCollection - Parsing relationship: /xl/_rels/workbook.xml.rels
2025-05-05 21:29:54 INFO  com.dsalgo.automation.pages.HomePage - HomePage initialized with WebDriver and waitHelper
2025-05-05 21:29:54 INFO  com.dsalgo.automation.pages.HomePage - HomePage initialized with WebDriver and waitHelper
2025-05-05 21:29:54 INFO  com.dsalgo.automation.pages.LoginPage - LoginPage initialized with WebDriver and waitHelper
2025-05-05 21:29:54 DEBUG org.apache.poi.openxml4j.opc.PackageRelationshipCollection - Parsing relationship: /_rels/.rels
2025-05-05 21:29:54 INFO  com.dsalgo.automation.pages.HomePage - Navigated to DSAlgo portal: https://dsportalapp.herokuapp.com/
2025-05-05 21:29:54 INFO  com.dsalgo.automation.pages.HomePage - HomePage initialized with WebDriver and waitHelper
2025-05-05 21:29:54 INFO  com.dsalgo.automation.pages.HomePage - HomePage initialized with WebDriver and waitHelper
2025-05-05 21:29:54 INFO  com.dsalgo.automation.pages.LoginPage - LoginPage initialized with WebDriver and waitHelper
2025-05-05 21:29:54 INFO  com.dsalgo.automation.pages.HomePage - Clicked on Get Started button in DSAlgo Portal.
2025-05-05 21:29:54 INFO  com.dsalgo.automation.utils.NavigationUtil - Navigated to DS Algo Home Page
2025-05-05 21:29:54 INFO  com.dsalgo.automation.pages.HomePage - Navigated to DSAlgo portal: https://dsportalapp.herokuapp.com/
2025-05-05 21:29:54 INFO  com.dsalgo.automation.pages.HomePage - Clicked on Get Started button in DSAlgo Portal.
2025-05-05 21:29:54 INFO  com.dsalgo.automation.utils.NavigationUtil - Navigated to DS Algo Home Page
2025-05-05 21:29:54 INFO  com.dsalgo.automation.pages.HomePage - Clicked on Get Started button in DSAlgo Portal.
2025-05-05 21:29:54 INFO  com.dsalgo.automation.utils.NavigationUtil - Navigated to DS Algo Home Page
2025-05-05 21:29:54 INFO  com.dsalgo.automation.pages.HomePage - Clicked on Signin link.
2025-05-05 21:29:55 INFO  com.dsalgo.automation.pages.HomePage - Clicked on Signin link.
2025-05-05 21:29:55 INFO  com.dsalgo.automation.pages.HomePage - Clicked on Signin link.
2025-05-05 21:29:56 INFO  com.dsalgo.automation.utils.NavigationUtil - Login performed successfully
2025-05-05 21:29:56 INFO  com.dsalgo.automation.pages.HomePage - clicked Get Startedlink on LinkedList
2025-05-05 21:29:56 INFO  com.dsalgo.automation.utils.NavigationUtil - Login performed successfully
2025-05-05 21:29:56 INFO  com.dsalgo.automation.pages.HomePage - clicked Get Startedlink on stack
2025-05-05 21:29:56 INFO  com.dsalgo.automation.utils.NavigationUtil - Login performed successfully
2025-05-05 21:29:56 INFO  com.dsalgo.automation.pages.HomePage - clicked Get Startedlink on Array 
2025-05-05 21:29:57 INFO  com.dsalgo.automation.tests.ArrayPageTest - Redirected to Arrays Using List of Array page from left side menu successfully
2025-05-05 21:29:57 INFO  com.dsalgo.automation.pages.HomePage - Clicked on Sign out link.
2025-05-05 21:29:57 INFO  com.dsalgo.automation.pages.HomePage - HomePage initialized with WebDriver and waitHelper
2025-05-05 21:29:57 INFO  com.dsalgo.automation.pages.HomePage - HomePage initialized with WebDriver and waitHelper
2025-05-05 21:29:57 INFO  com.dsalgo.automation.pages.LoginPage - LoginPage initialized with WebDriver and waitHelper
2025-05-05 21:29:57 INFO  com.dsalgo.automation.pages.HomePage - Clicked on Sign out link.
2025-05-05 21:29:57 INFO  com.dsalgo.automation.pages.HomePage - HomePage initialized with WebDriver and waitHelper
2025-05-05 21:29:57 INFO  com.dsalgo.automation.pages.HomePage - HomePage initialized with WebDriver and waitHelper
2025-05-05 21:29:57 INFO  com.dsalgo.automation.pages.LoginPage - LoginPage initialized with WebDriver and waitHelper
2025-05-05 21:29:57 INFO  com.dsalgo.automation.pages.HomePage - Navigated to DSAlgo portal: https://dsportalapp.herokuapp.com/
2025-05-05 21:29:57 INFO  com.dsalgo.automation.pages.HomePage - Navigated to DSAlgo portal: https://dsportalapp.herokuapp.com/
2025-05-05 21:29:58 INFO  com.dsalgo.automation.pages.HomePage - Clicked on Get Started button in DSAlgo Portal.
2025-05-05 21:29:58 INFO  com.dsalgo.automation.utils.NavigationUtil - Navigated to DS Algo Home Page
2025-05-05 21:29:58 INFO  com.dsalgo.automation.pages.HomePage - Clicked on Get Started button in DSAlgo Portal.
2025-05-05 21:29:58 INFO  com.dsalgo.automation.utils.NavigationUtil - Navigated to DS Algo Home Page
2025-05-05 21:29:58 INFO  com.dsalgo.automation.pages.HomePage - Clicked on Signin link.
2025-05-05 21:29:58 INFO  com.dsalgo.automation.pages.HomePage - Clicked on Signin link.
2025-05-05 21:29:58 INFO  com.dsalgo.automation.utils.NavigationUtil - Login performed successfully
2025-05-05 21:29:59 INFO  com.dsalgo.automation.utils.NavigationUtil - Login performed successfully
2025-05-05 21:29:59 INFO  com.dsalgo.automation.pages.HomePage - clicked Get Startedlink on stack
2025-05-05 21:29:59 INFO  com.dsalgo.automation.pages.HomePage - clicked Get Startedlink on Array 
2025-05-05 21:30:00 INFO  com.dsalgo.automation.tests.ArrayPageTest - Redirected to BasicOperinList Text Editor page successfully
2025-05-05 21:30:00 INFO  com.dsalgo.automation.pages.HomePage - Clicked on Sign out link.
2025-05-05 21:30:00 INFO  com.dsalgo.automation.pages.HomePage - HomePage initialized with WebDriver and waitHelper
2025-05-05 21:30:00 INFO  com.dsalgo.automation.pages.HomePage - HomePage initialized with WebDriver and waitHelper
2025-05-05 21:30:00 INFO  com.dsalgo.automation.pages.LoginPage - LoginPage initialized with WebDriver and waitHelper
2025-05-05 21:30:00 INFO  com.dsalgo.automation.pages.HomePage - Navigated to DSAlgo portal: https://dsportalapp.herokuapp.com/
2025-05-05 21:30:00 INFO  com.dsalgo.automation.pages.HomePage - Clicked on Get Started button in DSAlgo Portal.
2025-05-05 21:30:00 INFO  com.dsalgo.automation.utils.NavigationUtil - Navigated to DS Algo Home Page
2025-05-05 21:30:00 INFO  com.dsalgo.automation.pages.HomePage - Clicked on Sign out link.
2025-05-05 21:30:00 INFO  com.dsalgo.automation.pages.HomePage - HomePage initialized with WebDriver and waitHelper
2025-05-05 21:30:00 INFO  com.dsalgo.automation.pages.HomePage - HomePage initialized with WebDriver and waitHelper
2025-05-05 21:30:00 INFO  com.dsalgo.automation.pages.LoginPage - LoginPage initialized with WebDriver and waitHelper
2025-05-05 21:30:00 INFO  com.dsalgo.automation.pages.HomePage - Navigated to DSAlgo portal: https://dsportalapp.herokuapp.com/
2025-05-05 21:30:00 INFO  com.dsalgo.automation.pages.HomePage - Clicked on Signin link.
2025-05-05 21:30:01 INFO  com.dsalgo.automation.pages.HomePage - Clicked on Get Started button in DSAlgo Portal.
2025-05-05 21:30:01 INFO  com.dsalgo.automation.utils.NavigationUtil - Navigated to DS Algo Home Page
2025-05-05 21:30:01 INFO  com.dsalgo.automation.utils.NavigationUtil - Login performed successfully
2025-05-05 21:30:01 INFO  com.dsalgo.automation.pages.HomePage - Clicked on Signin link.
2025-05-05 21:30:01 INFO  com.dsalgo.automation.pages.HomePage - clicked Get Startedlink on stack
2025-05-05 21:30:01 INFO  com.dsalgo.automation.utils.NavigationUtil - Login performed successfully
2025-05-05 21:30:02 INFO  com.dsalgo.automation.pages.HomePage - clicked Get Startedlink on Array 
2025-05-05 21:30:02 INFO  com.dsalgo.automation.tests.ArrayPageTest - Redirected to Array Landing page successfully
2025-05-05 21:30:02 INFO  com.dsalgo.automation.tests.ArrayPageTest - Tested alert with code: System.out.println("Hello,World"); | Alert: NameError: name 'System' is not defined on line 1
2025-05-05 21:30:02 INFO  com.dsalgo.automation.pages.HomePage - Clicked on Sign out link.
2025-05-05 21:30:02 INFO  com.dsalgo.automation.pages.HomePage - HomePage initialized with WebDriver and waitHelper
2025-05-05 21:30:02 INFO  com.dsalgo.automation.pages.HomePage - HomePage initialized with WebDriver and waitHelper
2025-05-05 21:30:02 INFO  com.dsalgo.automation.pages.LoginPage - LoginPage initialized with WebDriver and waitHelper
2025-05-05 21:30:03 INFO  com.dsalgo.automation.pages.HomePage - Navigated to DSAlgo portal: https://dsportalapp.herokuapp.com/
2025-05-05 21:30:03 INFO  com.dsalgo.automation.pages.HomePage - Clicked on Sign out link.
2025-05-05 21:30:03 INFO  com.dsalgo.automation.pages.HomePage - Clicked on Get Started button in DSAlgo Portal.
2025-05-05 21:30:03 INFO  com.dsalgo.automation.utils.NavigationUtil - Navigated to DS Algo Home Page
2025-05-05 21:30:03 INFO  com.dsalgo.automation.pages.HomePage - Clicked on Signin link.
2025-05-05 21:30:04 INFO  com.dsalgo.automation.utils.NavigationUtil - Login performed successfully
2025-05-05 21:30:04 INFO  com.dsalgo.automation.pages.HomePage - HomePage initialized with WebDriver and waitHelper
2025-05-05 21:30:04 INFO  com.dsalgo.automation.pages.LoginPage - LoginPage initialized with WebDriver and waitHelper
2025-05-05 21:30:04 INFO  com.dsalgo.automation.pages.HomePage - Navigated to DSAlgo portal: https://dsportalapp.herokuapp.com/
2025-05-05 21:30:04 INFO  com.dsalgo.automation.pages.HomePage - clicked Get Startedlink on Array 
2025-05-05 21:30:05 INFO  com.dsalgo.automation.pages.HomePage - Clicked on Get Started button in DSAlgo Portal.
2025-05-05 21:30:05 INFO  com.dsalgo.automation.utils.NavigationUtil - Navigated to DS Algo Home Page
2025-05-05 21:30:05 INFO  com.dsalgo.automation.pages.HomePage - Clicked on Signin link.
2025-05-05 21:30:06 INFO  com.dsalgo.automation.tests.ArrayPageTest - Redirected to Find with Even Digits of the Array Practiece Questions of Array page successfully
2025-05-05 21:30:06 INFO  com.dsalgo.automation.utils.NavigationUtil - Login performed successfully
2025-05-05 21:30:06 INFO  com.dsalgo.automation.pages.HomePage - clicked Get Startedlink on queue 
2025-05-05 21:30:06 INFO  com.dsalgo.automation.pages.HomePage - Clicked on Sign out link.
2025-05-05 21:30:06 INFO  com.dsalgo.automation.pages.HomePage - HomePage initialized with WebDriver and waitHelper
2025-05-05 21:30:06 INFO  com.dsalgo.automation.pages.HomePage - HomePage initialized with WebDriver and waitHelper
2025-05-05 21:30:06 INFO  com.dsalgo.automation.pages.LoginPage - LoginPage initialized with WebDriver and waitHelper
2025-05-05 21:30:06 INFO  com.dsalgo.automation.pages.HomePage - Clicked on Sign out link.
2025-05-05 21:30:06 INFO  com.dsalgo.automation.pages.HomePage - HomePage initialized with WebDriver and waitHelper
2025-05-05 21:30:06 INFO  com.dsalgo.automation.pages.HomePage - HomePage initialized with WebDriver and waitHelper
2025-05-05 21:30:06 INFO  com.dsalgo.automation.pages.LoginPage - LoginPage initialized with WebDriver and waitHelper
2025-05-05 21:30:07 INFO  com.dsalgo.automation.pages.HomePage - Navigated to DSAlgo portal: https://dsportalapp.herokuapp.com/
2025-05-05 21:30:07 INFO  com.dsalgo.automation.pages.HomePage - Navigated to DSAlgo portal: https://dsportalapp.herokuapp.com/
2025-05-05 21:30:07 INFO  com.dsalgo.automation.pages.HomePage - Clicked on Get Started button in DSAlgo Portal.
2025-05-05 21:30:07 INFO  com.dsalgo.automation.utils.NavigationUtil - Navigated to DS Algo Home Page
2025-05-05 21:30:07 INFO  com.dsalgo.automation.pages.HomePage - Clicked on Get Started button in DSAlgo Portal.
2025-05-05 21:30:07 INFO  com.dsalgo.automation.utils.NavigationUtil - Navigated to DS Algo Home Page
2025-05-05 21:30:07 INFO  com.dsalgo.automation.pages.HomePage - Clicked on Signin link.
2025-05-05 21:30:07 INFO  com.dsalgo.automation.pages.HomePage - Clicked on Signin link.
2025-05-05 21:30:07 INFO  com.dsalgo.automation.pages.HomePage - Clicked on Sign out link.
2025-05-05 21:30:07 INFO  com.dsalgo.automation.pages.HomePage - HomePage initialized with WebDriver and waitHelper
2025-05-05 21:30:07 INFO  com.dsalgo.automation.pages.LoginPage - LoginPage initialized with WebDriver and waitHelper
2025-05-05 21:30:07 INFO  com.dsalgo.automation.pages.HomePage - Navigated to DSAlgo portal: https://dsportalapp.herokuapp.com/
2025-05-05 21:30:08 INFO  com.dsalgo.automation.pages.HomePage - Clicked on Get Started button in DSAlgo Portal.
2025-05-05 21:30:08 INFO  com.dsalgo.automation.utils.NavigationUtil - Navigated to DS Algo Home Page
2025-05-05 21:30:08 INFO  com.dsalgo.automation.pages.HomePage - Clicked on Signin link.
2025-05-05 21:30:08 INFO  com.dsalgo.automation.utils.NavigationUtil - Login performed successfully
2025-05-05 21:30:08 INFO  com.dsalgo.automation.utils.NavigationUtil - Login performed successfully
2025-05-05 21:30:08 INFO  com.dsalgo.automation.pages.HomePage - clicked Get Startedlink on Array 
2025-05-05 21:30:08 INFO  com.dsalgo.automation.pages.HomePage - clicked Get Startedlink on LinkedList
2025-05-05 21:30:08 INFO  com.dsalgo.automation.utils.NavigationUtil - Login performed successfully
2025-05-05 21:30:09 INFO  com.dsalgo.automation.pages.HomePage - clicked Get Startedlink on queue 
2025-05-05 21:30:09 INFO  com.dsalgo.automation.tests.ArrayPageTest - Redirected to Max practiece questions of the Array Practiece Questions of Array page successfully
2025-05-05 21:30:10 ERROR com.dsalgo.automation.tests.QueuePageTest - Assertion failed: expected [true] but found [false]
2025-05-05 21:30:10 INFO  com.dsalgo.automation.pages.HomePage - Clicked on Sign out link.
2025-05-05 21:30:10 INFO  com.dsalgo.automation.pages.HomePage - HomePage initialized with WebDriver and waitHelper
2025-05-05 21:30:10 INFO  com.dsalgo.automation.pages.HomePage - HomePage initialized with WebDriver and waitHelper
2025-05-05 21:30:10 INFO  com.dsalgo.automation.pages.LoginPage - LoginPage initialized with WebDriver and waitHelper
2025-05-05 21:30:10 INFO  com.dsalgo.automation.pages.HomePage - Navigated to DSAlgo portal: https://dsportalapp.herokuapp.com/
2025-05-05 21:30:10 INFO  com.dsalgo.automation.pages.HomePage - Clicked on Sign out link.
2025-05-05 21:30:10 INFO  com.dsalgo.automation.pages.HomePage - HomePage initialized with WebDriver and waitHelper
2025-05-05 21:30:10 INFO  com.dsalgo.automation.pages.LoginPage - LoginPage initialized with WebDriver and waitHelper
2025-05-05 21:30:10 INFO  com.dsalgo.automation.pages.HomePage - Clicked on Get Started button in DSAlgo Portal.
2025-05-05 21:30:10 INFO  com.dsalgo.automation.utils.NavigationUtil - Navigated to DS Algo Home Page
2025-05-05 21:30:11 INFO  com.dsalgo.automation.pages.HomePage - Navigated to DSAlgo portal: https://dsportalapp.herokuapp.com/
2025-05-05 21:30:11 INFO  com.dsalgo.automation.pages.HomePage - Clicked on Signin link.
2025-05-05 21:30:11 INFO  com.dsalgo.automation.pages.HomePage - Clicked on Get Started button in DSAlgo Portal.
2025-05-05 21:30:11 INFO  com.dsalgo.automation.utils.NavigationUtil - Navigated to DS Algo Home Page
2025-05-05 21:30:11 INFO  com.dsalgo.automation.pages.HomePage - Clicked on Signin link.
2025-05-05 21:30:11 INFO  com.dsalgo.automation.utils.NavigationUtil - Login performed successfully
2025-05-05 21:30:11 INFO  com.dsalgo.automation.utils.NavigationUtil - Login performed successfully
2025-05-05 21:30:11 INFO  com.dsalgo.automation.pages.HomePage - clicked Get Startedlink on Array 
2025-05-05 21:30:12 INFO  com.dsalgo.automation.pages.HomePage - clicked Get Startedlink on queue 
2025-05-05 21:30:12 ERROR com.dsalgo.automation.tests.QueuePageTest - Assertion failed: expected [true] but found [false]
2025-05-05 21:30:12 INFO  com.dsalgo.automation.tests.ArrayPageTest - Redirected to Search the Array Practiece Questions of Array page successfully
2025-05-05 21:30:13 INFO  com.dsalgo.automation.pages.HomePage - Clicked on Sign out link.
2025-05-05 21:30:13 INFO  com.dsalgo.automation.pages.HomePage - HomePage initialized with WebDriver and waitHelper
2025-05-05 21:30:13 INFO  com.dsalgo.automation.pages.LoginPage - LoginPage initialized with WebDriver and waitHelper
2025-05-05 21:30:13 INFO  com.dsalgo.automation.pages.HomePage - Clicked on Sign out link.
2025-05-05 21:30:13 INFO  com.dsalgo.automation.pages.HomePage - HomePage initialized with WebDriver and waitHelper
2025-05-05 21:30:13 INFO  com.dsalgo.automation.pages.HomePage - HomePage initialized with WebDriver and waitHelper
2025-05-05 21:30:13 INFO  com.dsalgo.automation.pages.LoginPage - LoginPage initialized with WebDriver and waitHelper
2025-05-05 21:30:13 INFO  com.dsalgo.automation.pages.HomePage - Navigated to DSAlgo portal: https://dsportalapp.herokuapp.com/
2025-05-05 21:30:13 INFO  com.dsalgo.automation.pages.HomePage - Navigated to DSAlgo portal: https://dsportalapp.herokuapp.com/
2025-05-05 21:30:13 INFO  com.dsalgo.automation.pages.HomePage - Clicked on Get Started button in DSAlgo Portal.
2025-05-05 21:30:13 INFO  com.dsalgo.automation.utils.NavigationUtil - Navigated to DS Algo Home Page
2025-05-05 21:30:13 INFO  com.dsalgo.automation.pages.HomePage - Clicked on Get Started button in DSAlgo Portal.
2025-05-05 21:30:13 INFO  com.dsalgo.automation.utils.NavigationUtil - Navigated to DS Algo Home Page
2025-05-05 21:30:13 INFO  com.dsalgo.automation.pages.HomePage - Clicked on Signin link.
2025-05-05 21:30:13 INFO  com.dsalgo.automation.pages.HomePage - Clicked on Signin link.
2025-05-05 21:30:14 INFO  com.dsalgo.automation.utils.NavigationUtil - Login performed successfully
2025-05-05 21:30:14 INFO  com.dsalgo.automation.utils.NavigationUtil - Login performed successfully
2025-05-05 21:30:14 INFO  com.dsalgo.automation.pages.HomePage - clicked Get Startedlink on queue 
2025-05-05 21:30:15 INFO  com.dsalgo.automation.pages.HomePage - Clicked on Sign out link.
2025-05-05 21:30:15 INFO  com.dsalgo.automation.pages.HomePage - HomePage initialized with WebDriver and waitHelper
2025-05-05 21:30:15 INFO  com.dsalgo.automation.pages.HomePage - HomePage initialized with WebDriver and waitHelper
2025-05-05 21:30:15 INFO  com.dsalgo.automation.pages.LoginPage - LoginPage initialized with WebDriver and waitHelper
2025-05-05 21:30:15 INFO  com.dsalgo.automation.pages.HomePage - clicked Get Startedlink on Array 
2025-05-05 21:30:15 INFO  com.dsalgo.automation.pages.HomePage - Navigated to DSAlgo portal: https://dsportalapp.herokuapp.com/
2025-05-05 21:30:15 INFO  com.dsalgo.automation.pages.HomePage - Clicked on Get Started button in DSAlgo Portal.
2025-05-05 21:30:15 INFO  com.dsalgo.automation.utils.NavigationUtil - Navigated to DS Algo Home Page
2025-05-05 21:30:15 ERROR com.dsalgo.automation.tests.QueuePageTest - Assertion failed: expected [true] but found [false]
2025-05-05 21:30:15 INFO  com.dsalgo.automation.pages.HomePage - Clicked on Signin link.
2025-05-05 21:30:16 INFO  com.dsalgo.automation.pages.HomePage - Clicked on Sign out link.
2025-05-05 21:30:16 DEBUG org.apache.poi.openxml4j.opc.PackageRelationshipCollection - Parsing relationship: /xl/_rels/workbook.xml.rels
2025-05-05 21:30:16 DEBUG org.apache.poi.openxml4j.opc.PackageRelationshipCollection - Parsing relationship: /_rels/.rels
2025-05-05 21:30:16 INFO  com.dsalgo.automation.tests.ArrayPageTest - Redirected to Squared of the Sorted Array Practiece Questions of Array page successfully
2025-05-05 21:30:16 INFO  com.dsalgo.automation.pages.HomePage - HomePage initialized with WebDriver and waitHelper
2025-05-05 21:30:16 INFO  com.dsalgo.automation.pages.LoginPage - LoginPage initialized with WebDriver and waitHelper
2025-05-05 21:30:16 INFO  com.dsalgo.automation.utils.NavigationUtil - Login performed successfully
2025-05-05 21:30:16 INFO  com.dsalgo.automation.pages.HomePage - clicked Get Startedlink on LinkedList
2025-05-05 21:30:16 INFO  com.dsalgo.automation.pages.HomePage - Navigated to DSAlgo portal: https://dsportalapp.herokuapp.com/
2025-05-05 21:30:17 INFO  com.dsalgo.automation.pages.HomePage - Clicked on Get Started button in DSAlgo Portal.
2025-05-05 21:30:17 INFO  com.dsalgo.automation.utils.NavigationUtil - Navigated to DS Algo Home Page
2025-05-05 21:30:17 INFO  com.dsalgo.automation.pages.HomePage - Clicked on Sign out link.
2025-05-05 21:30:17 DEBUG org.apache.poi.openxml4j.opc.PackageRelationshipCollection - Parsing relationship: /xl/_rels/workbook.xml.rels
2025-05-05 21:30:17 DEBUG org.apache.poi.openxml4j.opc.PackageRelationshipCollection - Parsing relationship: /_rels/.rels
2025-05-05 21:30:17 INFO  com.dsalgo.automation.pages.HomePage - HomePage initialized with WebDriver and waitHelper
2025-05-05 21:30:17 INFO  com.dsalgo.automation.pages.HomePage - HomePage initialized with WebDriver and waitHelper
2025-05-05 21:30:17 INFO  com.dsalgo.automation.pages.LoginPage - LoginPage initialized with WebDriver and waitHelper
2025-05-05 21:30:17 INFO  com.dsalgo.automation.pages.HomePage - Clicked on Signin link.
2025-05-05 21:30:17 INFO  com.dsalgo.automation.pages.HomePage - Navigated to DSAlgo portal: https://dsportalapp.herokuapp.com/
2025-05-05 21:30:17 INFO  com.dsalgo.automation.pages.HomePage - Clicked on Get Started button in DSAlgo Portal.
2025-05-05 21:30:17 INFO  com.dsalgo.automation.utils.NavigationUtil - Navigated to DS Algo Home Page
2025-05-05 21:30:17 INFO  com.dsalgo.automation.pages.HomePage - Clicked on Signin link.
2025-05-05 21:30:17 INFO  com.dsalgo.automation.utils.NavigationUtil - Login performed successfully
2025-05-05 21:30:18 INFO  com.dsalgo.automation.pages.HomePage - clicked Get Startedlink on queue 
2025-05-05 21:30:18 INFO  com.dsalgo.automation.utils.NavigationUtil - Login performed successfully
2025-05-05 21:30:18 INFO  com.dsalgo.automation.pages.HomePage - clicked Get Startedlink on Array 
2025-05-05 21:30:19 INFO  com.dsalgo.automation.tests.ArrayPageTest - Actual Output upon clicking Run is 
2025-05-05 21:30:20 INFO  com.dsalgo.automation.pages.HomePage - Clicked on Sign out link.
2025-05-05 21:30:20 INFO  com.dsalgo.automation.pages.HomePage - HomePage initialized with WebDriver and waitHelper
2025-05-05 21:30:20 INFO  com.dsalgo.automation.pages.LoginPage - LoginPage initialized with WebDriver and waitHelper
2025-05-05 21:30:20 INFO  com.dsalgo.automation.pages.HomePage - Clicked on Sign out link.
2025-05-05 21:30:20 INFO  com.dsalgo.automation.pages.HomePage - HomePage initialized with WebDriver and waitHelper
2025-05-05 21:30:20 INFO  com.dsalgo.automation.pages.HomePage - HomePage initialized with WebDriver and waitHelper
2025-05-05 21:30:20 INFO  com.dsalgo.automation.pages.LoginPage - LoginPage initialized with WebDriver and waitHelper
2025-05-05 21:30:20 INFO  com.dsalgo.automation.pages.HomePage - Navigated to DSAlgo portal: https://dsportalapp.herokuapp.com/
2025-05-05 21:30:20 INFO  com.dsalgo.automation.pages.HomePage - Navigated to DSAlgo portal: https://dsportalapp.herokuapp.com/
2025-05-05 21:30:20 INFO  com.dsalgo.automation.pages.HomePage - Clicked on Get Started button in DSAlgo Portal.
2025-05-05 21:30:20 INFO  com.dsalgo.automation.utils.NavigationUtil - Navigated to DS Algo Home Page
2025-05-05 21:30:20 INFO  com.dsalgo.automation.pages.HomePage - Clicked on Get Started button in DSAlgo Portal.
2025-05-05 21:30:20 INFO  com.dsalgo.automation.utils.NavigationUtil - Navigated to DS Algo Home Page
2025-05-05 21:30:20 INFO  com.dsalgo.automation.pages.HomePage - Clicked on Signin link.
2025-05-05 21:30:20 INFO  com.dsalgo.automation.pages.HomePage - Clicked on Signin link.
2025-05-05 21:30:21 INFO  com.dsalgo.automation.utils.NavigationUtil - Login performed successfully
2025-05-05 21:30:21 INFO  com.dsalgo.automation.utils.NavigationUtil - Login performed successfully
2025-05-05 21:30:21 INFO  com.dsalgo.automation.pages.HomePage - clicked Get Startedlink on queue 
2025-05-05 21:30:21 INFO  com.dsalgo.automation.pages.HomePage - clicked Get Startedlink on Array 
2025-05-05 21:30:22 INFO  com.dsalgo.automation.pages.HomePage - Clicked on Sign out link.
2025-05-05 21:30:22 INFO  com.dsalgo.automation.pages.HomePage - HomePage initialized with WebDriver and waitHelper
2025-05-05 21:30:22 INFO  com.dsalgo.automation.pages.LoginPage - LoginPage initialized with WebDriver and waitHelper
2025-05-05 21:30:22 INFO  com.dsalgo.automation.pages.HomePage - Navigated to DSAlgo portal: https://dsportalapp.herokuapp.com/
2025-05-05 21:30:23 INFO  com.dsalgo.automation.pages.HomePage - Clicked on Get Started button in DSAlgo Portal.
2025-05-05 21:30:23 INFO  com.dsalgo.automation.utils.NavigationUtil - Navigated to DS Algo Home Page
2025-05-05 21:30:23 INFO  com.dsalgo.automation.pages.HomePage - Clicked on Sign out link.
2025-05-05 21:30:23 INFO  com.dsalgo.automation.pages.HomePage - HomePage initialized with WebDriver and waitHelper
2025-05-05 21:30:23 INFO  com.dsalgo.automation.pages.HomePage - HomePage initialized with WebDriver and waitHelper
2025-05-05 21:30:23 INFO  com.dsalgo.automation.pages.LoginPage - LoginPage initialized with WebDriver and waitHelper
2025-05-05 21:30:23 INFO  com.dsalgo.automation.pages.HomePage - Clicked on Signin link.
2025-05-05 21:30:23 INFO  com.dsalgo.automation.pages.HomePage - Navigated to DSAlgo portal: https://dsportalapp.herokuapp.com/
2025-05-05 21:30:23 INFO  com.dsalgo.automation.pages.HomePage - Clicked on Get Started button in DSAlgo Portal.
2025-05-05 21:30:23 INFO  com.dsalgo.automation.utils.NavigationUtil - Navigated to DS Algo Home Page
2025-05-05 21:30:23 INFO  com.dsalgo.automation.pages.HomePage - Clicked on Signin link.
2025-05-05 21:30:24 INFO  com.dsalgo.automation.utils.NavigationUtil - Login performed successfully
2025-05-05 21:30:24 INFO  com.dsalgo.automation.pages.HomePage - clicked Get Startedlink on queue 
2025-05-05 21:30:24 INFO  com.dsalgo.automation.utils.NavigationUtil - Login performed successfully
2025-05-05 21:30:24 INFO  com.dsalgo.automation.pages.HomePage - clicked Get Startedlink on Array 
2025-05-05 21:30:25 INFO  com.dsalgo.automation.pages.HomePage - Clicked on Sign out link.
2025-05-05 21:30:25 INFO  com.dsalgo.automation.pages.HomePage - HomePage initialized with WebDriver and waitHelper
2025-05-05 21:30:25 INFO  com.dsalgo.automation.pages.LoginPage - LoginPage initialized with WebDriver and waitHelper
2025-05-05 21:30:25 INFO  com.dsalgo.automation.pages.HomePage - Navigated to DSAlgo portal: https://dsportalapp.herokuapp.com/
2025-05-05 21:30:25 INFO  com.dsalgo.automation.pages.HomePage - Clicked on Get Started button in DSAlgo Portal.
2025-05-05 21:30:25 INFO  com.dsalgo.automation.utils.NavigationUtil - Navigated to DS Algo Home Page
2025-05-05 21:30:26 INFO  com.dsalgo.automation.pages.HomePage - Clicked on Signin link.
2025-05-05 21:30:26 INFO  com.dsalgo.automation.utils.NavigationUtil - Login performed successfully
2025-05-05 21:30:26 INFO  com.dsalgo.automation.pages.HomePage - Clicked on Sign out link.
2025-05-05 21:30:26 INFO  com.dsalgo.automation.pages.HomePage - HomePage initialized with WebDriver and waitHelper
2025-05-05 21:30:26 INFO  com.dsalgo.automation.pages.HomePage - HomePage initialized with WebDriver and waitHelper
2025-05-05 21:30:26 INFO  com.dsalgo.automation.pages.LoginPage - LoginPage initialized with WebDriver and waitHelper
2025-05-05 21:30:27 INFO  com.dsalgo.automation.pages.HomePage - clicked Get Startedlink on queue 
2025-05-05 21:30:27 INFO  com.dsalgo.automation.pages.HomePage - Navigated to DSAlgo portal: https://dsportalapp.herokuapp.com/
2025-05-05 21:30:27 INFO  com.dsalgo.automation.pages.HomePage - Clicked on Sign out link.
2025-05-05 21:30:27 INFO  com.dsalgo.automation.pages.HomePage - HomePage initialized with WebDriver and waitHelper
2025-05-05 21:30:27 INFO  com.dsalgo.automation.pages.HomePage - HomePage initialized with WebDriver and waitHelper
2025-05-05 21:30:27 INFO  com.dsalgo.automation.pages.LoginPage - LoginPage initialized with WebDriver and waitHelper
2025-05-05 21:30:27 INFO  com.dsalgo.automation.pages.HomePage - Clicked on Get Started button in DSAlgo Portal.
2025-05-05 21:30:27 INFO  com.dsalgo.automation.utils.NavigationUtil - Navigated to DS Algo Home Page
2025-05-05 21:30:27 INFO  com.dsalgo.automation.pages.HomePage - Navigated to DSAlgo portal: https://dsportalapp.herokuapp.com/
2025-05-05 21:30:27 INFO  com.dsalgo.automation.pages.HomePage - Clicked on Get Started button in DSAlgo Portal.
2025-05-05 21:30:27 INFO  com.dsalgo.automation.utils.NavigationUtil - Navigated to DS Algo Home Page
2025-05-05 21:30:27 INFO  com.dsalgo.automation.pages.HomePage - Clicked on Signin link.
2025-05-05 21:30:27 INFO  com.dsalgo.automation.pages.HomePage - Clicked on Signin link.
2025-05-05 21:30:28 INFO  com.dsalgo.automation.pages.HomePage - Clicked on Sign out link.
2025-05-05 21:30:28 INFO  com.dsalgo.automation.pages.HomePage - HomePage initialized with WebDriver and waitHelper
2025-05-05 21:30:28 INFO  com.dsalgo.automation.pages.LoginPage - LoginPage initialized with WebDriver and waitHelper
2025-05-05 21:30:28 INFO  com.dsalgo.automation.pages.HomePage - Navigated to DSAlgo portal: https://dsportalapp.herokuapp.com/
2025-05-05 21:30:28 INFO  com.dsalgo.automation.pages.HomePage - Clicked on Get Started button in DSAlgo Portal.
2025-05-05 21:30:28 INFO  com.dsalgo.automation.utils.NavigationUtil - Navigated to DS Algo Home Page
2025-05-05 21:30:28 INFO  com.dsalgo.automation.utils.NavigationUtil - Login performed successfully
2025-05-05 21:30:28 INFO  com.dsalgo.automation.pages.HomePage - clicked Get Startedlink on Array 
2025-05-05 21:30:28 INFO  com.dsalgo.automation.pages.HomePage - Clicked on Signin link.
2025-05-05 21:30:28 INFO  com.dsalgo.automation.utils.NavigationUtil - Login performed successfully
2025-05-05 21:30:28 INFO  com.dsalgo.automation.pages.HomePage - clicked Get Startedlink on LinkedList
2025-05-05 21:30:29 INFO  com.dsalgo.automation.utils.NavigationUtil - Login performed successfully
2025-05-05 21:30:29 INFO  com.dsalgo.automation.pages.HomePage - clicked Get Startedlink on queue 
2025-05-05 21:30:30 ERROR com.dsalgo.automation.tests.QueuePageTest - Assertion failed: expected [true] but found [false]
2025-05-05 21:30:31 INFO  com.dsalgo.automation.pages.HomePage - Clicked on Sign out link.
2025-05-05 21:30:31 INFO  com.dsalgo.automation.pages.HomePage - HomePage initialized with WebDriver and waitHelper
2025-05-05 21:30:31 INFO  com.dsalgo.automation.pages.LoginPage - LoginPage initialized with WebDriver and waitHelper
2025-05-05 21:30:31 INFO  com.dsalgo.automation.pages.HomePage - Clicked on Sign out link.
2025-05-05 21:30:31 DEBUG org.apache.poi.openxml4j.opc.PackageRelationshipCollection - Parsing relationship: /xl/_rels/workbook.xml.rels
2025-05-05 21:30:31 DEBUG org.apache.poi.openxml4j.opc.PackageRelationshipCollection - Parsing relationship: /_rels/.rels
2025-05-05 21:30:31 INFO  com.dsalgo.automation.pages.HomePage - Navigated to DSAlgo portal: https://dsportalapp.herokuapp.com/
2025-05-05 21:30:31 INFO  com.dsalgo.automation.pages.HomePage - HomePage initialized with WebDriver and waitHelper
2025-05-05 21:30:31 INFO  com.dsalgo.automation.pages.HomePage - HomePage initialized with WebDriver and waitHelper
2025-05-05 21:30:31 INFO  com.dsalgo.automation.pages.LoginPage - LoginPage initialized with WebDriver and waitHelper
2025-05-05 21:30:31 INFO  com.dsalgo.automation.pages.HomePage - Navigated to DSAlgo portal: https://dsportalapp.herokuapp.com/
2025-05-05 21:30:31 INFO  com.dsalgo.automation.pages.HomePage - Clicked on Get Started button in DSAlgo Portal.
2025-05-05 21:30:31 INFO  com.dsalgo.automation.utils.NavigationUtil - Navigated to DS Algo Home Page
2025-05-05 21:30:31 INFO  com.dsalgo.automation.pages.HomePage - Clicked on Get Started button in DSAlgo Portal.
2025-05-05 21:30:31 INFO  com.dsalgo.automation.utils.NavigationUtil - Navigated to DS Algo Home Page
2025-05-05 21:30:31 INFO  com.dsalgo.automation.pages.HomePage - Clicked on Signin link.
2025-05-05 21:30:31 INFO  com.dsalgo.automation.pages.HomePage - Clicked on Signin link.
2025-05-05 21:30:31 INFO  com.dsalgo.automation.utils.NavigationUtil - Login performed successfully
2025-05-05 21:30:32 INFO  com.dsalgo.automation.utils.NavigationUtil - Login performed successfully
2025-05-05 21:30:32 INFO  com.dsalgo.automation.pages.HomePage - clicked Get Startedlink on queue 
2025-05-05 21:30:32 INFO  com.dsalgo.automation.pages.HomePage - clicked Get Startedlink on Array 
2025-05-05 21:30:33 ERROR com.dsalgo.automation.tests.QueuePageTest - Assertion failed: expected [true] but found [false]
2025-05-05 21:30:33 INFO  com.dsalgo.automation.pages.HomePage - Clicked on Sign out link.
2025-05-05 21:30:33 INFO  com.dsalgo.automation.pages.HomePage - HomePage initialized with WebDriver and waitHelper
2025-05-05 21:30:33 INFO  com.dsalgo.automation.pages.LoginPage - LoginPage initialized with WebDriver and waitHelper
2025-05-05 21:30:33 INFO  com.dsalgo.automation.pages.HomePage - Navigated to DSAlgo portal: https://dsportalapp.herokuapp.com/
2025-05-05 21:30:34 INFO  com.dsalgo.automation.pages.HomePage - Clicked on Get Started button in DSAlgo Portal.
2025-05-05 21:30:34 INFO  com.dsalgo.automation.utils.NavigationUtil - Navigated to DS Algo Home Page
2025-05-05 21:30:34 INFO  com.dsalgo.automation.tests.ArrayPageTest - Actual Output upon clicking Run is 1
1
2
2
2025-05-05 21:30:34 INFO  com.dsalgo.automation.pages.HomePage - Clicked on Signin link.
2025-05-05 21:30:34 INFO  com.dsalgo.automation.utils.NavigationUtil - Login performed successfully
2025-05-05 21:30:34 INFO  com.dsalgo.automation.pages.HomePage - Clicked on Sign out link.
2025-05-05 21:30:34 INFO  com.dsalgo.automation.pages.HomePage - HomePage initialized with WebDriver and waitHelper
2025-05-05 21:30:34 INFO  com.dsalgo.automation.pages.HomePage - HomePage initialized with WebDriver and waitHelper
2025-05-05 21:30:34 INFO  com.dsalgo.automation.pages.LoginPage - LoginPage initialized with WebDriver and waitHelper
2025-05-05 21:30:35 INFO  com.dsalgo.automation.pages.HomePage - Clicked on Sign out link.
2025-05-05 21:30:35 INFO  com.dsalgo.automation.pages.HomePage - HomePage initialized with WebDriver and waitHelper
2025-05-05 21:30:35 INFO  com.dsalgo.automation.pages.HomePage - HomePage initialized with WebDriver and waitHelper
2025-05-05 21:30:35 INFO  com.dsalgo.automation.pages.LoginPage - LoginPage initialized with WebDriver and waitHelper
2025-05-05 21:30:35 INFO  com.dsalgo.automation.pages.HomePage - Navigated to DSAlgo portal: https://dsportalapp.herokuapp.com/
2025-05-05 21:30:35 INFO  com.dsalgo.automation.pages.HomePage - clicked Get Startedlink on queue 
2025-05-05 21:30:35 INFO  com.dsalgo.automation.pages.HomePage - Navigated to DSAlgo portal: https://dsportalapp.herokuapp.com/
2025-05-05 21:30:35 INFO  com.dsalgo.automation.pages.HomePage - Clicked on Get Started button in DSAlgo Portal.
2025-05-05 21:30:35 INFO  com.dsalgo.automation.utils.NavigationUtil - Navigated to DS Algo Home Page
2025-05-05 21:30:35 INFO  com.dsalgo.automation.pages.HomePage - Clicked on Get Started button in DSAlgo Portal.
2025-05-05 21:30:35 INFO  com.dsalgo.automation.pages.HomePage - Clicked on Signin link.
2025-05-05 21:30:35 INFO  com.dsalgo.automation.utils.NavigationUtil - Navigated to DS Algo Home Page
2025-05-05 21:30:35 INFO  com.dsalgo.automation.pages.HomePage - Clicked on Signin link.
2025-05-05 21:30:35 INFO  com.dsalgo.automation.utils.NavigationUtil - Login performed successfully
2025-05-05 21:30:36 ERROR com.dsalgo.automation.tests.QueuePageTest - Assertion failed: expected [true] but found [false]
2025-05-05 21:30:36 INFO  com.dsalgo.automation.pages.HomePage - clicked Get Startedlink on LinkedList
2025-05-05 21:30:37 INFO  com.dsalgo.automation.utils.NavigationUtil - Login performed successfully
2025-05-05 21:30:37 INFO  com.dsalgo.automation.pages.HomePage - Clicked on Sign out link.
2025-05-05 21:30:37 DEBUG org.apache.poi.openxml4j.opc.PackageRelationshipCollection - Parsing relationship: /xl/_rels/workbook.xml.rels
2025-05-05 21:30:37 DEBUG org.apache.poi.openxml4j.opc.PackageRelationshipCollection - Parsing relationship: /_rels/.rels
2025-05-05 21:30:37 INFO  com.dsalgo.automation.pages.HomePage - clicked Get Startedlink on Array 
2025-05-05 21:30:37 INFO  com.dsalgo.automation.pages.HomePage - HomePage initialized with WebDriver and waitHelper
2025-05-05 21:30:37 INFO  com.dsalgo.automation.pages.LoginPage - LoginPage initialized with WebDriver and waitHelper
2025-05-05 21:30:37 INFO  com.dsalgo.automation.pages.HomePage - Navigated to DSAlgo portal: https://dsportalapp.herokuapp.com/
2025-05-05 21:30:37 INFO  com.dsalgo.automation.pages.HomePage - Clicked on Get Started button in DSAlgo Portal.
2025-05-05 21:30:37 INFO  com.dsalgo.automation.utils.NavigationUtil - Navigated to DS Algo Home Page
2025-05-05 21:30:37 INFO  com.dsalgo.automation.pages.HomePage - Clicked on Signin link.
2025-05-05 21:30:38 INFO  com.dsalgo.automation.utils.NavigationUtil - Login performed successfully
2025-05-05 21:30:38 INFO  com.dsalgo.automation.pages.HomePage - clicked Get Startedlink on queue 
2025-05-05 21:30:39 INFO  com.dsalgo.automation.pages.HomePage - Clicked on Sign out link.
2025-05-05 21:30:39 INFO  com.dsalgo.automation.pages.HomePage - HomePage initialized with WebDriver and waitHelper
2025-05-05 21:30:39 INFO  com.dsalgo.automation.pages.HomePage - HomePage initialized with WebDriver and waitHelper
2025-05-05 21:30:39 INFO  com.dsalgo.automation.pages.LoginPage - LoginPage initialized with WebDriver and waitHelper
2025-05-05 21:30:39 INFO  com.dsalgo.automation.pages.HomePage - Navigated to DSAlgo portal: https://dsportalapp.herokuapp.com/
2025-05-05 21:30:39 INFO  com.dsalgo.automation.pages.HomePage - Clicked on Get Started button in DSAlgo Portal.
2025-05-05 21:30:39 INFO  com.dsalgo.automation.utils.NavigationUtil - Navigated to DS Algo Home Page
2025-05-05 21:30:39 INFO  com.dsalgo.automation.pages.HomePage - Clicked on Sign out link.
2025-05-05 21:30:39 INFO  com.dsalgo.automation.pages.HomePage - HomePage initialized with WebDriver and waitHelper
2025-05-05 21:30:39 INFO  com.dsalgo.automation.pages.LoginPage - LoginPage initialized with WebDriver and waitHelper
2025-05-05 21:30:40 INFO  com.dsalgo.automation.pages.HomePage - Clicked on Signin link.
2025-05-05 21:30:40 INFO  com.dsalgo.automation.pages.HomePage - Navigated to DSAlgo portal: https://dsportalapp.herokuapp.com/
2025-05-05 21:30:40 INFO  com.dsalgo.automation.pages.HomePage - Clicked on Get Started button in DSAlgo Portal.
2025-05-05 21:30:40 INFO  com.dsalgo.automation.utils.NavigationUtil - Navigated to DS Algo Home Page
2025-05-05 21:30:40 INFO  com.dsalgo.automation.pages.HomePage - Clicked on Signin link.
2025-05-05 21:30:40 INFO  com.dsalgo.automation.utils.NavigationUtil - Login performed successfully
2025-05-05 21:30:40 INFO  com.dsalgo.automation.utils.NavigationUtil - Login performed successfully
2025-05-05 21:30:40 INFO  com.dsalgo.automation.pages.HomePage - clicked Get Startedlink on Array 
2025-05-05 21:30:41 INFO  com.dsalgo.automation.pages.HomePage - clicked Get Startedlink on queue 
2025-05-05 21:30:42 INFO  com.dsalgo.automation.pages.HomePage - Clicked on Sign out link.
2025-05-05 21:30:42 INFO  com.dsalgo.automation.pages.HomePage - HomePage initialized with WebDriver and waitHelper
2025-05-05 21:30:42 INFO  com.dsalgo.automation.pages.LoginPage - LoginPage initialized with WebDriver and waitHelper
2025-05-05 21:30:43 INFO  com.dsalgo.automation.pages.HomePage - Clicked on Sign out link.
2025-05-05 21:30:43 INFO  com.dsalgo.automation.pages.HomePage - HomePage initialized with WebDriver and waitHelper
2025-05-05 21:30:43 INFO  com.dsalgo.automation.pages.HomePage - HomePage initialized with WebDriver and waitHelper
2025-05-05 21:30:43 INFO  com.dsalgo.automation.pages.LoginPage - LoginPage initialized with WebDriver and waitHelper
2025-05-05 21:30:43 INFO  com.dsalgo.automation.pages.HomePage - Navigated to DSAlgo portal: https://dsportalapp.herokuapp.com/
2025-05-05 21:30:43 INFO  com.dsalgo.automation.pages.HomePage - Navigated to DSAlgo portal: https://dsportalapp.herokuapp.com/
2025-05-05 21:30:43 INFO  com.dsalgo.automation.pages.HomePage - Clicked on Get Started button in DSAlgo Portal.
2025-05-05 21:30:43 INFO  com.dsalgo.automation.utils.NavigationUtil - Navigated to DS Algo Home Page
2025-05-05 21:30:43 INFO  com.dsalgo.automation.pages.HomePage - Clicked on Signin link.
2025-05-05 21:30:43 INFO  com.dsalgo.automation.pages.HomePage - Clicked on Get Started button in DSAlgo Portal.
2025-05-05 21:30:43 INFO  com.dsalgo.automation.utils.NavigationUtil - Navigated to DS Algo Home Page
2025-05-05 21:30:43 INFO  com.dsalgo.automation.pages.HomePage - Clicked on Sign out link.
2025-05-05 21:30:43 INFO  com.dsalgo.automation.pages.HomePage - HomePage initialized with WebDriver and waitHelper
2025-05-05 21:30:43 INFO  com.dsalgo.automation.pages.HomePage - HomePage initialized with WebDriver and waitHelper
2025-05-05 21:30:43 INFO  com.dsalgo.automation.pages.LoginPage - LoginPage initialized with WebDriver and waitHelper
2025-05-05 21:30:43 INFO  com.dsalgo.automation.pages.HomePage - Clicked on Signin link.
2025-05-05 21:30:43 INFO  com.dsalgo.automation.pages.HomePage - Navigated to DSAlgo portal: https://dsportalapp.herokuapp.com/
2025-05-05 21:30:44 INFO  com.dsalgo.automation.pages.HomePage - Clicked on Get Started button in DSAlgo Portal.
2025-05-05 21:30:44 INFO  com.dsalgo.automation.utils.NavigationUtil - Navigated to DS Algo Home Page
2025-05-05 21:30:44 INFO  com.dsalgo.automation.pages.HomePage - Clicked on Signin link.
2025-05-05 21:30:44 INFO  com.dsalgo.automation.utils.NavigationUtil - Login performed successfully
2025-05-05 21:30:44 INFO  com.dsalgo.automation.pages.HomePage - clicked Get Startedlink on queue 
2025-05-05 21:30:44 INFO  com.dsalgo.automation.utils.NavigationUtil - Login performed successfully
2025-05-05 21:30:44 INFO  com.dsalgo.automation.pages.HomePage - clicked Get Startedlink on LinkedList
2025-05-05 21:30:45 INFO  com.dsalgo.automation.utils.NavigationUtil - Login performed successfully
2025-05-05 21:30:45 INFO  com.dsalgo.automation.pages.HomePage - clicked Get Startedlink on Array 
2025-05-05 21:30:46 INFO  com.dsalgo.automation.pages.HomePage - Clicked on Sign out link.
2025-05-05 21:30:46 INFO  com.dsalgo.automation.pages.HomePage - HomePage initialized with WebDriver and waitHelper
2025-05-05 21:30:46 INFO  com.dsalgo.automation.pages.LoginPage - LoginPage initialized with WebDriver and waitHelper
2025-05-05 21:30:46 INFO  com.dsalgo.automation.pages.HomePage - Navigated to DSAlgo portal: https://dsportalapp.herokuapp.com/
2025-05-05 21:30:46 INFO  com.dsalgo.automation.pages.HomePage - Clicked on Get Started button in DSAlgo Portal.
2025-05-05 21:30:46 INFO  com.dsalgo.automation.utils.NavigationUtil - Navigated to DS Algo Home Page
2025-05-05 21:30:46 INFO  com.dsalgo.automation.pages.HomePage - Clicked on Signin link.
2025-05-05 21:30:47 INFO  com.dsalgo.automation.utils.NavigationUtil - Login performed successfully
2025-05-05 21:30:47 INFO  com.dsalgo.automation.pages.HomePage - clicked Get Startedlink on queue 
2025-05-05 21:30:47 INFO  com.dsalgo.automation.pages.HomePage - Clicked on Sign out link.
2025-05-05 21:30:47 DEBUG org.apache.poi.openxml4j.opc.PackageRelationshipCollection - Parsing relationship: /xl/_rels/workbook.xml.rels
2025-05-05 21:30:47 DEBUG org.apache.poi.openxml4j.opc.PackageRelationshipCollection - Parsing relationship: /_rels/.rels
2025-05-05 21:30:47 INFO  com.dsalgo.automation.pages.HomePage - HomePage initialized with WebDriver and waitHelper
2025-05-05 21:30:47 INFO  com.dsalgo.automation.pages.HomePage - HomePage initialized with WebDriver and waitHelper
2025-05-05 21:30:47 INFO  com.dsalgo.automation.pages.LoginPage - LoginPage initialized with WebDriver and waitHelper
2025-05-05 21:30:47 INFO  com.dsalgo.automation.pages.HomePage - Navigated to DSAlgo portal: https://dsportalapp.herokuapp.com/
2025-05-05 21:30:48 INFO  com.dsalgo.automation.pages.HomePage - Clicked on Get Started button in DSAlgo Portal.
2025-05-05 21:30:48 INFO  com.dsalgo.automation.utils.NavigationUtil - Navigated to DS Algo Home Page
2025-05-05 21:30:48 INFO  com.dsalgo.automation.pages.HomePage - Clicked on Signin link.
2025-05-05 21:30:48 INFO  com.dsalgo.automation.pages.HomePage - Clicked on Sign out link.
2025-05-05 21:30:48 INFO  com.dsalgo.automation.pages.HomePage - HomePage initialized with WebDriver and waitHelper
2025-05-05 21:30:48 INFO  com.dsalgo.automation.pages.LoginPage - LoginPage initialized with WebDriver and waitHelper
2025-05-05 21:30:49 INFO  com.dsalgo.automation.pages.HomePage - Navigated to DSAlgo portal: https://dsportalapp.herokuapp.com/
2025-05-05 21:30:49 INFO  com.dsalgo.automation.utils.NavigationUtil - Login performed successfully
2025-05-05 21:30:49 INFO  com.dsalgo.automation.pages.HomePage - clicked Get Startedlink on Array 
2025-05-05 21:30:49 INFO  com.dsalgo.automation.pages.HomePage - Clicked on Get Started button in DSAlgo Portal.
2025-05-05 21:30:49 INFO  com.dsalgo.automation.utils.NavigationUtil - Navigated to DS Algo Home Page
2025-05-05 21:30:49 INFO  com.dsalgo.automation.pages.HomePage - Clicked on Signin link.
2025-05-05 21:30:50 INFO  com.dsalgo.automation.utils.NavigationUtil - Login performed successfully
2025-05-05 21:30:50 INFO  com.dsalgo.automation.pages.HomePage - clicked Get Startedlink on queue 
2025-05-05 21:30:50 INFO  com.dsalgo.automation.tests.ArrayPageTest - Actual Output upon clicking Run is Element Found
2025-05-05 21:30:51 ERROR com.dsalgo.automation.tests.QueuePageTest - Assertion failed: expected [true] but found [false]
2025-05-05 21:30:51 INFO  com.dsalgo.automation.pages.HomePage - Clicked on Sign out link.
2025-05-05 21:30:51 INFO  com.dsalgo.automation.pages.HomePage - HomePage initialized with WebDriver and waitHelper
2025-05-05 21:30:51 INFO  com.dsalgo.automation.pages.HomePage - HomePage initialized with WebDriver and waitHelper
2025-05-05 21:30:51 INFO  com.dsalgo.automation.pages.LoginPage - LoginPage initialized with WebDriver and waitHelper
2025-05-05 21:30:51 INFO  com.dsalgo.automation.pages.HomePage - Navigated to DSAlgo portal: https://dsportalapp.herokuapp.com/
2025-05-05 21:30:51 INFO  com.dsalgo.automation.pages.HomePage - Clicked on Get Started button in DSAlgo Portal.
2025-05-05 21:30:51 INFO  com.dsalgo.automation.utils.NavigationUtil - Navigated to DS Algo Home Page
2025-05-05 21:30:51 INFO  com.dsalgo.automation.pages.HomePage - Clicked on Sign out link.
2025-05-05 21:30:51 INFO  com.dsalgo.automation.pages.HomePage - HomePage initialized with WebDriver and waitHelper
2025-05-05 21:30:51 INFO  com.dsalgo.automation.pages.LoginPage - LoginPage initialized with WebDriver and waitHelper
2025-05-05 21:30:51 INFO  com.dsalgo.automation.pages.HomePage - Clicked on Sign out link.
2025-05-05 21:30:51 INFO  com.dsalgo.automation.pages.HomePage - HomePage initialized with WebDriver and waitHelper
2025-05-05 21:30:51 INFO  com.dsalgo.automation.pages.HomePage - HomePage initialized with WebDriver and waitHelper
2025-05-05 21:30:51 INFO  com.dsalgo.automation.pages.LoginPage - LoginPage initialized with WebDriver and waitHelper
2025-05-05 21:30:51 INFO  com.dsalgo.automation.pages.HomePage - Navigated to DSAlgo portal: https://dsportalapp.herokuapp.com/
2025-05-05 21:30:51 INFO  com.dsalgo.automation.pages.HomePage - Navigated to DSAlgo portal: https://dsportalapp.herokuapp.com/
2025-05-05 21:30:51 INFO  com.dsalgo.automation.pages.HomePage - Clicked on Signin link.
2025-05-05 21:30:51 INFO  com.dsalgo.automation.pages.HomePage - Clicked on Get Started button in DSAlgo Portal.
2025-05-05 21:30:51 INFO  com.dsalgo.automation.utils.NavigationUtil - Navigated to DS Algo Home Page
2025-05-05 21:30:52 INFO  com.dsalgo.automation.pages.HomePage - Clicked on Get Started button in DSAlgo Portal.
2025-05-05 21:30:52 INFO  com.dsalgo.automation.utils.NavigationUtil - Navigated to DS Algo Home Page
2025-05-05 21:30:52 INFO  com.dsalgo.automation.pages.HomePage - Clicked on Signin link.
2025-05-05 21:30:52 INFO  com.dsalgo.automation.pages.HomePage - Clicked on Signin link.
2025-05-05 21:30:53 INFO  com.dsalgo.automation.utils.NavigationUtil - Login performed successfully
2025-05-05 21:30:53 INFO  com.dsalgo.automation.utils.NavigationUtil - Login performed successfully
2025-05-05 21:30:53 INFO  com.dsalgo.automation.pages.HomePage - clicked Get Startedlink on queue 
2025-05-05 21:30:53 INFO  com.dsalgo.automation.pages.HomePage - clicked Get Startedlink on Array 
2025-05-05 21:30:53 INFO  com.dsalgo.automation.utils.NavigationUtil - Login performed successfully
2025-05-05 21:30:53 INFO  com.dsalgo.automation.pages.HomePage - clicked Get Startedlink on LinkedList
2025-05-05 21:30:54 ERROR com.dsalgo.automation.tests.QueuePageTest - Assertion failed: expected [true] but found [false]
2025-05-05 21:30:55 INFO  com.dsalgo.automation.pages.HomePage - Clicked on Sign out link.
2025-05-05 21:30:55 INFO  com.dsalgo.automation.tests.ArrayPageTest - Actual Output upon clicking Run is Element Not Found
2025-05-05 21:30:55 INFO  com.dsalgo.automation.pages.HomePage - HomePage initialized with WebDriver and waitHelper
2025-05-05 21:30:55 INFO  com.dsalgo.automation.pages.LoginPage - LoginPage initialized with WebDriver and waitHelper
2025-05-05 21:30:55 INFO  com.dsalgo.automation.pages.HomePage - Navigated to DSAlgo portal: https://dsportalapp.herokuapp.com/
2025-05-05 21:30:55 INFO  com.dsalgo.automation.pages.HomePage - Clicked on Get Started button in DSAlgo Portal.
2025-05-05 21:30:55 INFO  com.dsalgo.automation.utils.NavigationUtil - Navigated to DS Algo Home Page
2025-05-05 21:30:55 INFO  com.dsalgo.automation.pages.HomePage - Clicked on Sign out link.
2025-05-05 21:30:55 INFO  com.dsalgo.automation.pages.HomePage - HomePage initialized with WebDriver and waitHelper
2025-05-05 21:30:55 INFO  com.dsalgo.automation.pages.HomePage - HomePage initialized with WebDriver and waitHelper
2025-05-05 21:30:55 INFO  com.dsalgo.automation.pages.LoginPage - LoginPage initialized with WebDriver and waitHelper
2025-05-05 21:30:55 INFO  com.dsalgo.automation.pages.HomePage - Clicked on Signin link.
2025-05-05 21:30:55 INFO  com.dsalgo.automation.pages.HomePage - Navigated to DSAlgo portal: https://dsportalapp.herokuapp.com/
2025-05-05 21:30:56 INFO  com.dsalgo.automation.pages.HomePage - Clicked on Get Started button in DSAlgo Portal.
2025-05-05 21:30:56 INFO  com.dsalgo.automation.utils.NavigationUtil - Navigated to DS Algo Home Page
2025-05-05 21:30:56 INFO  com.dsalgo.automation.pages.HomePage - Clicked on Signin link.
2025-05-05 21:30:56 INFO  com.dsalgo.automation.utils.NavigationUtil - Login performed successfully
2025-05-05 21:30:56 INFO  com.dsalgo.automation.pages.HomePage - clicked Get Startedlink on queue 
2025-05-05 21:30:56 INFO  com.dsalgo.automation.utils.NavigationUtil - Login performed successfully
2025-05-05 21:30:57 INFO  com.dsalgo.automation.pages.HomePage - clicked Get Startedlink on Array 
2025-05-05 21:30:57 ERROR com.dsalgo.automation.tests.QueuePageTest - Assertion failed: expected [true] but found [false]
2025-05-05 21:30:58 INFO  com.dsalgo.automation.pages.HomePage - Clicked on Sign out link.
2025-05-05 21:30:58 DEBUG org.apache.poi.openxml4j.opc.PackageRelationshipCollection - Parsing relationship: /xl/_rels/workbook.xml.rels
2025-05-05 21:30:58 DEBUG org.apache.poi.openxml4j.opc.PackageRelationshipCollection - Parsing relationship: /_rels/.rels
2025-05-05 21:30:58 INFO  com.dsalgo.automation.pages.HomePage - HomePage initialized with WebDriver and waitHelper
2025-05-05 21:30:58 INFO  com.dsalgo.automation.pages.LoginPage - LoginPage initialized with WebDriver and waitHelper
2025-05-05 21:30:58 INFO  com.dsalgo.automation.pages.HomePage - Navigated to DSAlgo portal: https://dsportalapp.herokuapp.com/
2025-05-05 21:30:58 INFO  com.dsalgo.automation.pages.HomePage - Clicked on Get Started button in DSAlgo Portal.
2025-05-05 21:30:58 INFO  com.dsalgo.automation.utils.NavigationUtil - Navigated to DS Algo Home Page
2025-05-05 21:30:58 INFO  com.dsalgo.automation.pages.HomePage - Clicked on Signin link.
2025-05-05 21:30:59 INFO  com.dsalgo.automation.pages.HomePage - Clicked on Sign out link.
2025-05-05 21:30:59 INFO  com.dsalgo.automation.pages.HomePage - HomePage initialized with WebDriver and waitHelper
2025-05-05 21:30:59 INFO  com.dsalgo.automation.pages.HomePage - HomePage initialized with WebDriver and waitHelper
2025-05-05 21:30:59 INFO  com.dsalgo.automation.pages.LoginPage - LoginPage initialized with WebDriver and waitHelper
2025-05-05 21:30:59 INFO  com.dsalgo.automation.pages.HomePage - Navigated to DSAlgo portal: https://dsportalapp.herokuapp.com/
2025-05-05 21:30:59 INFO  com.dsalgo.automation.pages.HomePage - Clicked on Get Started button in DSAlgo Portal.
2025-05-05 21:30:59 INFO  com.dsalgo.automation.utils.NavigationUtil - Navigated to DS Algo Home Page
2025-05-05 21:30:59 INFO  com.dsalgo.automation.pages.HomePage - Clicked on Sign out link.
2025-05-05 21:30:59 INFO  com.dsalgo.automation.pages.HomePage - HomePage initialized with WebDriver and waitHelper
2025-05-05 21:30:59 INFO  com.dsalgo.automation.pages.HomePage - HomePage initialized with WebDriver and waitHelper
2025-05-05 21:30:59 INFO  com.dsalgo.automation.pages.LoginPage - LoginPage initialized with WebDriver and waitHelper
2025-05-05 21:30:59 INFO  com.dsalgo.automation.utils.NavigationUtil - Login performed successfully
2025-05-05 21:30:59 INFO  com.dsalgo.automation.pages.HomePage - Navigated to DSAlgo portal: https://dsportalapp.herokuapp.com/
2025-05-05 21:30:59 INFO  com.dsalgo.automation.pages.HomePage - clicked Get Startedlink on queue 
2025-05-05 21:30:59 INFO  com.dsalgo.automation.pages.HomePage - Clicked on Signin link.
2025-05-05 21:30:59 INFO  com.dsalgo.automation.pages.HomePage - Clicked on Get Started button in DSAlgo Portal.
2025-05-05 21:30:59 INFO  com.dsalgo.automation.utils.NavigationUtil - Navigated to DS Algo Home Page
2025-05-05 21:31:00 INFO  com.dsalgo.automation.pages.HomePage - Clicked on Signin link.
2025-05-05 21:31:00 INFO  com.dsalgo.automation.utils.NavigationUtil - Login performed successfully
2025-05-05 21:31:01 INFO  com.dsalgo.automation.pages.HomePage - clicked Get Startedlink on Array 
2025-05-05 21:31:01 INFO  com.dsalgo.automation.pages.HomePage - Clicked on Sign out link.
2025-05-05 21:31:01 INFO  com.dsalgo.automation.pages.HomePage - HomePage initialized with WebDriver and waitHelper
2025-05-05 21:31:01 INFO  com.dsalgo.automation.pages.LoginPage - LoginPage initialized with WebDriver and waitHelper
2025-05-05 21:31:01 INFO  com.dsalgo.automation.utils.NavigationUtil - Login performed successfully
2025-05-05 21:31:01 INFO  com.dsalgo.automation.pages.HomePage - clicked Get Startedlink on LinkedList
2025-05-05 21:31:01 INFO  com.dsalgo.automation.pages.HomePage - Navigated to DSAlgo portal: https://dsportalapp.herokuapp.com/
2025-05-05 21:31:01 INFO  com.dsalgo.automation.pages.HomePage - Clicked on Get Started button in DSAlgo Portal.
2025-05-05 21:31:01 INFO  com.dsalgo.automation.utils.NavigationUtil - Navigated to DS Algo Home Page
2025-05-05 21:31:01 INFO  com.dsalgo.automation.pages.HomePage - Clicked on Signin link.
2025-05-05 21:31:02 INFO  com.dsalgo.automation.utils.NavigationUtil - Login performed successfully
2025-05-05 21:31:02 INFO  com.dsalgo.automation.pages.HomePage - clicked Get Startedlink on queue 
2025-05-05 21:31:02 INFO  com.dsalgo.automation.pages.HomePage - Clicked on Sign out link.
2025-05-05 21:31:02 INFO  com.dsalgo.automation.pages.HomePage - HomePage initialized with WebDriver and waitHelper
2025-05-05 21:31:02 INFO  com.dsalgo.automation.pages.HomePage - HomePage initialized with WebDriver and waitHelper
2025-05-05 21:31:02 INFO  com.dsalgo.automation.pages.LoginPage - LoginPage initialized with WebDriver and waitHelper
2025-05-05 21:31:03 INFO  com.dsalgo.automation.pages.HomePage - Navigated to DSAlgo portal: https://dsportalapp.herokuapp.com/
2025-05-05 21:31:03 INFO  com.dsalgo.automation.pages.HomePage - Clicked on Get Started button in DSAlgo Portal.
2025-05-05 21:31:03 INFO  com.dsalgo.automation.utils.NavigationUtil - Navigated to DS Algo Home Page
2025-05-05 21:31:03 INFO  com.dsalgo.automation.pages.HomePage - Clicked on Signin link.
2025-05-05 21:31:04 INFO  com.dsalgo.automation.pages.HomePage - Clicked on Sign out link.
2025-05-05 21:31:04 INFO  com.dsalgo.automation.pages.HomePage - HomePage initialized with WebDriver and waitHelper
2025-05-05 21:31:04 INFO  com.dsalgo.automation.pages.LoginPage - LoginPage initialized with WebDriver and waitHelper
2025-05-05 21:31:04 INFO  com.dsalgo.automation.utils.NavigationUtil - Login performed successfully
2025-05-05 21:31:04 INFO  com.dsalgo.automation.pages.HomePage - Navigated to DSAlgo portal: https://dsportalapp.herokuapp.com/
2025-05-05 21:31:04 INFO  com.dsalgo.automation.pages.HomePage - clicked Get Startedlink on Array 
2025-05-05 21:31:04 INFO  com.dsalgo.automation.pages.HomePage - Clicked on Get Started button in DSAlgo Portal.
2025-05-05 21:31:04 INFO  com.dsalgo.automation.utils.NavigationUtil - Navigated to DS Algo Home Page
2025-05-05 21:31:04 INFO  com.dsalgo.automation.pages.HomePage - Clicked on Signin link.
2025-05-05 21:31:05 INFO  com.dsalgo.automation.utils.NavigationUtil - Login performed successfully
2025-05-05 21:31:05 INFO  com.dsalgo.automation.pages.HomePage - clicked Get Startedlink on queue 
2025-05-05 21:31:06 INFO  com.dsalgo.automation.pages.HomePage - Clicked on Sign out link.
2025-05-05 21:31:06 INFO  com.dsalgo.automation.pages.HomePage - HomePage initialized with WebDriver and waitHelper
2025-05-05 21:31:06 INFO  com.dsalgo.automation.pages.HomePage - HomePage initialized with WebDriver and waitHelper
2025-05-05 21:31:06 INFO  com.dsalgo.automation.pages.LoginPage - LoginPage initialized with WebDriver and waitHelper
2025-05-05 21:31:06 INFO  com.dsalgo.automation.pages.HomePage - Navigated to DSAlgo portal: https://dsportalapp.herokuapp.com/
2025-05-05 21:31:06 INFO  com.dsalgo.automation.pages.HomePage - Clicked on Get Started button in DSAlgo Portal.
2025-05-05 21:31:06 INFO  com.dsalgo.automation.utils.NavigationUtil - Navigated to DS Algo Home Page
2025-05-05 21:31:06 INFO  com.dsalgo.automation.pages.HomePage - Clicked on Signin link.
2025-05-05 21:31:07 INFO  com.dsalgo.automation.pages.HomePage - Clicked on Sign out link.
2025-05-05 21:31:07 INFO  com.dsalgo.automation.pages.HomePage - HomePage initialized with WebDriver and waitHelper
2025-05-05 21:31:07 INFO  com.dsalgo.automation.pages.LoginPage - LoginPage initialized with WebDriver and waitHelper
2025-05-05 21:31:07 INFO  com.dsalgo.automation.pages.HomePage - Navigated to DSAlgo portal: https://dsportalapp.herokuapp.com/
2025-05-05 21:31:07 INFO  com.dsalgo.automation.pages.HomePage - Clicked on Sign out link.
2025-05-05 21:31:07 INFO  com.dsalgo.automation.pages.HomePage - HomePage initialized with WebDriver and waitHelper
2025-05-05 21:31:07 INFO  com.dsalgo.automation.pages.HomePage - HomePage initialized with WebDriver and waitHelper
2025-05-05 21:31:07 INFO  com.dsalgo.automation.pages.LoginPage - LoginPage initialized with WebDriver and waitHelper
2025-05-05 21:31:07 INFO  com.dsalgo.automation.pages.HomePage - Clicked on Get Started button in DSAlgo Portal.
2025-05-05 21:31:07 INFO  com.dsalgo.automation.utils.NavigationUtil - Navigated to DS Algo Home Page
2025-05-05 21:31:07 INFO  com.dsalgo.automation.pages.HomePage - Navigated to DSAlgo portal: https://dsportalapp.herokuapp.com/
2025-05-05 21:31:07 INFO  com.dsalgo.automation.pages.HomePage - Clicked on Signin link.
2025-05-05 21:31:07 INFO  com.dsalgo.automation.utils.NavigationUtil - Login performed successfully
2025-05-05 21:31:07 INFO  com.dsalgo.automation.pages.HomePage - Clicked on Get Started button in DSAlgo Portal.
2025-05-05 21:31:07 INFO  com.dsalgo.automation.utils.NavigationUtil - Navigated to DS Algo Home Page
2025-05-05 21:31:07 INFO  com.dsalgo.automation.pages.HomePage - clicked Get Startedlink on Array 
2025-05-05 21:31:07 INFO  com.dsalgo.automation.pages.HomePage - Clicked on Signin link.
2025-05-05 21:31:08 INFO  com.dsalgo.automation.utils.NavigationUtil - Login performed successfully
2025-05-05 21:31:08 INFO  com.dsalgo.automation.pages.HomePage - clicked Get Startedlink on queue 
2025-05-05 21:31:08 INFO  com.dsalgo.automation.utils.NavigationUtil - Login performed successfully
2025-05-05 21:31:08 INFO  com.dsalgo.automation.pages.HomePage - clicked Get Startedlink on LinkedList
2025-05-05 21:31:09 INFO  com.dsalgo.automation.pages.HomePage - Clicked on Sign out link.
2025-05-05 21:31:09 INFO  com.dsalgo.automation.pages.HomePage - HomePage initialized with WebDriver and waitHelper
2025-05-05 21:31:09 INFO  com.dsalgo.automation.pages.LoginPage - LoginPage initialized with WebDriver and waitHelper
2025-05-05 21:31:09 INFO  com.dsalgo.automation.pages.HomePage - Navigated to DSAlgo portal: https://dsportalapp.herokuapp.com/
2025-05-05 21:31:09 INFO  com.dsalgo.automation.pages.HomePage - Clicked on Get Started button in DSAlgo Portal.
2025-05-05 21:31:09 INFO  com.dsalgo.automation.utils.NavigationUtil - Navigated to DS Algo Home Page
2025-05-05 21:31:09 INFO  com.dsalgo.automation.pages.HomePage - Clicked on Signin link.
2025-05-05 21:31:09 INFO  com.dsalgo.automation.pages.HomePage - Clicked on Sign out link.
2025-05-05 21:31:09 INFO  com.dsalgo.automation.pages.HomePage - HomePage initialized with WebDriver and waitHelper
2025-05-05 21:31:09 INFO  com.dsalgo.automation.pages.HomePage - HomePage initialized with WebDriver and waitHelper
2025-05-05 21:31:09 INFO  com.dsalgo.automation.pages.LoginPage - LoginPage initialized with WebDriver and waitHelper
2025-05-05 21:31:10 INFO  com.dsalgo.automation.pages.HomePage - Navigated to DSAlgo portal: https://dsportalapp.herokuapp.com/
2025-05-05 21:31:10 INFO  com.dsalgo.automation.utils.NavigationUtil - Login performed successfully
2025-05-05 21:31:10 INFO  com.dsalgo.automation.pages.HomePage - Clicked on Get Started button in DSAlgo Portal.
2025-05-05 21:31:10 INFO  com.dsalgo.automation.utils.NavigationUtil - Navigated to DS Algo Home Page
2025-05-05 21:31:10 INFO  com.dsalgo.automation.pages.HomePage - Clicked on Signin link.
2025-05-05 21:31:10 INFO  com.dsalgo.automation.pages.HomePage - clicked Get Startedlink on queue 
2025-05-05 21:31:11 INFO  com.dsalgo.automation.utils.NavigationUtil - Login performed successfully
2025-05-05 21:31:11 INFO  com.dsalgo.automation.pages.HomePage - clicked Get Startedlink on Array 
2025-05-05 21:31:11 ERROR com.dsalgo.automation.tests.QueuePageTest - Assertion failed: expected [true] but found [false]
2025-05-05 21:31:12 INFO  com.dsalgo.automation.pages.HomePage - Clicked on Sign out link.
2025-05-05 21:31:12 INFO  com.dsalgo.automation.pages.HomePage - HomePage initialized with WebDriver and waitHelper
2025-05-05 21:31:12 INFO  com.dsalgo.automation.pages.LoginPage - LoginPage initialized with WebDriver and waitHelper
2025-05-05 21:31:12 INFO  com.dsalgo.automation.pages.HomePage - Navigated to DSAlgo portal: https://dsportalapp.herokuapp.com/
2025-05-05 21:31:12 INFO  com.dsalgo.automation.pages.HomePage - Clicked on Get Started button in DSAlgo Portal.
2025-05-05 21:31:12 INFO  com.dsalgo.automation.utils.NavigationUtil - Navigated to DS Algo Home Page
2025-05-05 21:31:12 INFO  com.dsalgo.automation.pages.HomePage - Clicked on Signin link.
2025-05-05 21:31:13 INFO  com.dsalgo.automation.tests.ArrayPageTest - Actual Output upon clicking Submit is Error occurred during submission
2025-05-05 21:31:13 INFO  com.dsalgo.automation.utils.NavigationUtil - Login performed successfully
2025-05-05 21:31:13 INFO  com.dsalgo.automation.pages.HomePage - clicked Get Startedlink on queue 
2025-05-05 21:31:13 INFO  com.dsalgo.automation.pages.HomePage - Clicked on Sign out link.
2025-05-05 21:31:13 INFO  com.dsalgo.automation.pages.HomePage - HomePage initialized with WebDriver and waitHelper
2025-05-05 21:31:13 INFO  com.dsalgo.automation.pages.HomePage - HomePage initialized with WebDriver and waitHelper
2025-05-05 21:31:13 INFO  com.dsalgo.automation.pages.LoginPage - LoginPage initialized with WebDriver and waitHelper
2025-05-05 21:31:13 INFO  com.dsalgo.automation.pages.HomePage - Navigated to DSAlgo portal: https://dsportalapp.herokuapp.com/
2025-05-05 21:31:14 ERROR com.dsalgo.automation.tests.QueuePageTest - Assertion failed: expected [true] but found [false]
2025-05-05 21:31:14 INFO  com.dsalgo.automation.pages.HomePage - Clicked on Get Started button in DSAlgo Portal.
2025-05-05 21:31:14 INFO  com.dsalgo.automation.utils.NavigationUtil - Navigated to DS Algo Home Page
2025-05-05 21:31:14 INFO  com.dsalgo.automation.pages.HomePage - Clicked on Signin link.
2025-05-05 21:31:14 INFO  com.dsalgo.automation.pages.HomePage - Clicked on Sign out link.
2025-05-05 21:31:14 INFO  com.dsalgo.automation.pages.HomePage - HomePage initialized with WebDriver and waitHelper
2025-05-05 21:31:14 INFO  com.dsalgo.automation.pages.LoginPage - LoginPage initialized with WebDriver and waitHelper
2025-05-05 21:31:14 INFO  com.dsalgo.automation.pages.HomePage - Navigated to DSAlgo portal: https://dsportalapp.herokuapp.com/
2025-05-05 21:31:15 INFO  com.dsalgo.automation.pages.HomePage - Clicked on Get Started button in DSAlgo Portal.
2025-05-05 21:31:15 INFO  com.dsalgo.automation.utils.NavigationUtil - Navigated to DS Algo Home Page
2025-05-05 21:31:15 INFO  com.dsalgo.automation.pages.HomePage - Clicked on Sign out link.
2025-05-05 21:31:15 INFO  com.dsalgo.automation.pages.HomePage - HomePage initialized with WebDriver and waitHelper
2025-05-05 21:31:15 INFO  com.dsalgo.automation.pages.HomePage - HomePage initialized with WebDriver and waitHelper
2025-05-05 21:31:15 INFO  com.dsalgo.automation.pages.LoginPage - LoginPage initialized with WebDriver and waitHelper
2025-05-05 21:31:15 INFO  com.dsalgo.automation.pages.HomePage - Clicked on Signin link.
2025-05-05 21:31:15 INFO  com.dsalgo.automation.pages.HomePage - Navigated to DSAlgo portal: https://dsportalapp.herokuapp.com/
2025-05-05 21:31:15 INFO  com.dsalgo.automation.utils.NavigationUtil - Login performed successfully
2025-05-05 21:31:15 INFO  com.dsalgo.automation.pages.HomePage - clicked Get Startedlink on Array 
2025-05-05 21:31:15 INFO  com.dsalgo.automation.pages.HomePage - Clicked on Get Started button in DSAlgo Portal.
2025-05-05 21:31:15 INFO  com.dsalgo.automation.utils.NavigationUtil - Navigated to DS Algo Home Page
2025-05-05 21:31:15 INFO  com.dsalgo.automation.pages.HomePage - Clicked on Signin link.
2025-05-05 21:31:16 INFO  com.dsalgo.automation.utils.NavigationUtil - Login performed successfully
2025-05-05 21:31:16 INFO  com.dsalgo.automation.pages.HomePage - clicked Get Startedlink on queue 
2025-05-05 21:31:16 INFO  com.dsalgo.automation.utils.NavigationUtil - Login performed successfully
2025-05-05 21:31:16 INFO  com.dsalgo.automation.pages.HomePage - clicked Get Startedlink on LinkedList
2025-05-05 21:31:16 INFO  com.dsalgo.automation.tests.ArrayPageTest - Redirected to Linked List Landing page successfully
2025-05-05 21:31:17 ERROR com.dsalgo.automation.tests.QueuePageTest - Assertion failed: expected [true] but found [false]
2025-05-05 21:31:17 INFO  com.dsalgo.automation.pages.HomePage - Clicked on Sign out link.
2025-05-05 21:31:17 INFO  com.dsalgo.automation.pages.HomePage - HomePage initialized with WebDriver and waitHelper
2025-05-05 21:31:17 INFO  com.dsalgo.automation.pages.HomePage - HomePage initialized with WebDriver and waitHelper
2025-05-05 21:31:17 INFO  com.dsalgo.automation.pages.LoginPage - LoginPage initialized with WebDriver and waitHelper
2025-05-05 21:31:17 INFO  com.dsalgo.automation.tests.ArrayPageTest - Actual Output upon clicking Submit is Error occurred during submission
2025-05-05 21:31:17 INFO  com.dsalgo.automation.pages.HomePage - Navigated to DSAlgo portal: https://dsportalapp.herokuapp.com/
2025-05-05 21:31:17 INFO  com.dsalgo.automation.pages.HomePage - Clicked on Get Started button in DSAlgo Portal.
2025-05-05 21:31:17 INFO  com.dsalgo.automation.utils.NavigationUtil - Navigated to DS Algo Home Page
2025-05-05 21:31:17 INFO  com.dsalgo.automation.pages.HomePage - Clicked on Sign out link.
2025-05-05 21:31:17 DEBUG org.apache.poi.openxml4j.opc.PackageRelationshipCollection - Parsing relationship: /xl/_rels/workbook.xml.rels
2025-05-05 21:31:17 DEBUG org.apache.poi.openxml4j.opc.PackageRelationshipCollection - Parsing relationship: /_rels/.rels
2025-05-05 21:31:17 INFO  com.dsalgo.automation.pages.HomePage - HomePage initialized with WebDriver and waitHelper
2025-05-05 21:31:17 INFO  com.dsalgo.automation.pages.LoginPage - LoginPage initialized with WebDriver and waitHelper
2025-05-05 21:31:17 INFO  com.dsalgo.automation.pages.HomePage - Clicked on Sign out link.
2025-05-05 21:31:17 DEBUG org.apache.poi.openxml4j.opc.PackageRelationshipCollection - Parsing relationship: /xl/_rels/workbook.xml.rels
2025-05-05 21:31:17 DEBUG org.apache.poi.openxml4j.opc.PackageRelationshipCollection - Parsing relationship: /_rels/.rels
2025-05-05 21:31:18 INFO  com.dsalgo.automation.pages.HomePage - HomePage initialized with WebDriver and waitHelper
2025-05-05 21:31:18 INFO  com.dsalgo.automation.pages.HomePage - HomePage initialized with WebDriver and waitHelper
2025-05-05 21:31:18 INFO  com.dsalgo.automation.pages.LoginPage - LoginPage initialized with WebDriver and waitHelper
2025-05-05 21:31:18 INFO  com.dsalgo.automation.pages.HomePage - Navigated to DSAlgo portal: https://dsportalapp.herokuapp.com/
2025-05-05 21:31:18 INFO  com.dsalgo.automation.pages.HomePage - Clicked on Signin link.
2025-05-05 21:31:18 INFO  com.dsalgo.automation.pages.HomePage - Navigated to DSAlgo portal: https://dsportalapp.herokuapp.com/
2025-05-05 21:31:18 INFO  com.dsalgo.automation.pages.HomePage - Clicked on Get Started button in DSAlgo Portal.
2025-05-05 21:31:18 INFO  com.dsalgo.automation.utils.NavigationUtil - Navigated to DS Algo Home Page
2025-05-05 21:31:18 INFO  com.dsalgo.automation.pages.HomePage - Clicked on Get Started button in DSAlgo Portal.
2025-05-05 21:31:18 INFO  com.dsalgo.automation.utils.NavigationUtil - Navigated to DS Algo Home Page
2025-05-05 21:31:18 INFO  com.dsalgo.automation.pages.HomePage - Clicked on Signin link.
2025-05-05 21:31:18 INFO  com.dsalgo.automation.pages.HomePage - Clicked on Signin link.
2025-05-05 21:31:18 INFO  com.dsalgo.automation.utils.NavigationUtil - Login performed successfully
2025-05-05 21:31:18 INFO  com.dsalgo.automation.utils.NavigationUtil - Login performed successfully
2025-05-05 21:31:18 INFO  com.dsalgo.automation.pages.HomePage - clicked Get Startedlink on LinkedList
2025-05-05 21:31:19 INFO  com.dsalgo.automation.pages.HomePage - clicked Get Startedlink on queue 
2025-05-05 21:31:19 INFO  com.dsalgo.automation.utils.NavigationUtil - Login performed successfully
2025-05-05 21:31:19 INFO  com.dsalgo.automation.pages.HomePage - clicked Get Startedlink on Array 
2025-05-05 21:31:19 INFO  com.dsalgo.automation.tests.ArrayPageTest - Redirected to Creating Linked List Landing page successfully
2025-05-05 21:31:20 INFO  com.dsalgo.automation.pages.HomePage - Clicked on Sign out link.
2025-05-05 21:31:20 INFO  com.dsalgo.automation.pages.HomePage - HomePage initialized with WebDriver and waitHelper
2025-05-05 21:31:20 INFO  com.dsalgo.automation.pages.HomePage - HomePage initialized with WebDriver and waitHelper
2025-05-05 21:31:20 INFO  com.dsalgo.automation.pages.LoginPage - LoginPage initialized with WebDriver and waitHelper
2025-05-05 21:31:20 INFO  com.dsalgo.automation.pages.HomePage - Navigated to DSAlgo portal: https://dsportalapp.herokuapp.com/
2025-05-05 21:31:20 INFO  com.dsalgo.automation.pages.HomePage - Clicked on Get Started button in DSAlgo Portal.
2025-05-05 21:31:20 INFO  com.dsalgo.automation.utils.NavigationUtil - Navigated to DS Algo Home Page
2025-05-05 21:31:20 INFO  com.dsalgo.automation.pages.HomePage - Clicked on Sign out link.
2025-05-05 21:31:20 INFO  com.dsalgo.automation.pages.HomePage - HomePage initialized with WebDriver and waitHelper
2025-05-05 21:31:20 INFO  com.dsalgo.automation.pages.LoginPage - LoginPage initialized with WebDriver and waitHelper
2025-05-05 21:31:20 INFO  com.dsalgo.automation.pages.HomePage - Clicked on Signin link.
2025-05-05 21:31:21 INFO  com.dsalgo.automation.pages.HomePage - Navigated to DSAlgo portal: https://dsportalapp.herokuapp.com/
2025-05-05 21:31:21 INFO  com.dsalgo.automation.tests.ArrayPageTest - Actual Output upon clicking Run is [4, 9, 9, 49, 121]
2025-05-05 21:31:21 INFO  com.dsalgo.automation.pages.HomePage - Clicked on Get Started button in DSAlgo Portal.
2025-05-05 21:31:21 INFO  com.dsalgo.automation.utils.NavigationUtil - Navigated to DS Algo Home Page
2025-05-05 21:31:21 INFO  com.dsalgo.automation.pages.HomePage - Clicked on Signin link.
2025-05-05 21:31:21 INFO  com.dsalgo.automation.utils.NavigationUtil - Login performed successfully
2025-05-05 21:31:21 INFO  com.dsalgo.automation.pages.HomePage - Clicked on Sign out link.
2025-05-05 21:31:21 INFO  com.dsalgo.automation.pages.HomePage - HomePage initialized with WebDriver and waitHelper
2025-05-05 21:31:21 INFO  com.dsalgo.automation.pages.HomePage - HomePage initialized with WebDriver and waitHelper
2025-05-05 21:31:21 INFO  com.dsalgo.automation.pages.LoginPage - LoginPage initialized with WebDriver and waitHelper
2025-05-05 21:31:22 INFO  com.dsalgo.automation.utils.NavigationUtil - Login performed successfully
2025-05-05 21:31:22 INFO  com.dsalgo.automation.pages.HomePage - clicked Get Startedlink on LinkedList
2025-05-05 21:31:22 INFO  com.dsalgo.automation.pages.HomePage - Navigated to DSAlgo portal: https://dsportalapp.herokuapp.com/
2025-05-05 21:31:22 INFO  com.dsalgo.automation.pages.HomePage - clicked Get Startedlink on queue 
2025-05-05 21:31:22 INFO  com.dsalgo.automation.pages.HomePage - Clicked on Get Started button in DSAlgo Portal.
2025-05-05 21:31:22 INFO  com.dsalgo.automation.utils.NavigationUtil - Navigated to DS Algo Home Page
2025-05-05 21:31:22 INFO  com.dsalgo.automation.pages.HomePage - Clicked on Signin link.
2025-05-05 21:31:23 INFO  com.dsalgo.automation.pages.HomePage - Clicked on Sign out link.
2025-05-05 21:31:23 INFO  com.dsalgo.automation.pages.HomePage - HomePage initialized with WebDriver and waitHelper
2025-05-05 21:31:23 INFO  com.dsalgo.automation.pages.LoginPage - LoginPage initialized with WebDriver and waitHelper
2025-05-05 21:31:23 INFO  com.dsalgo.automation.utils.NavigationUtil - Login performed successfully
2025-05-05 21:31:23 INFO  com.dsalgo.automation.pages.HomePage - clicked Get Startedlink on Array 
2025-05-05 21:31:23 INFO  com.dsalgo.automation.pages.HomePage - Navigated to DSAlgo portal: https://dsportalapp.herokuapp.com/
2025-05-05 21:31:23 INFO  com.dsalgo.automation.pages.HomePage - Clicked on Get Started button in DSAlgo Portal.
2025-05-05 21:31:23 INFO  com.dsalgo.automation.utils.NavigationUtil - Navigated to DS Algo Home Page
2025-05-05 21:31:24 INFO  com.dsalgo.automation.pages.HomePage - Clicked on Signin link.
2025-05-05 21:31:24 INFO  com.dsalgo.automation.tests.ArrayPageTest - Redirected to Creating Linked List Text Edit Landing page successfully
2025-05-05 21:31:25 INFO  com.dsalgo.automation.pages.HomePage - Clicked on Sign out link.
2025-05-05 21:31:25 INFO  com.dsalgo.automation.pages.HomePage - HomePage initialized with WebDriver and waitHelper
2025-05-05 21:31:25 INFO  com.dsalgo.automation.pages.HomePage - HomePage initialized with WebDriver and waitHelper
2025-05-05 21:31:25 INFO  com.dsalgo.automation.pages.LoginPage - LoginPage initialized with WebDriver and waitHelper
2025-05-05 21:31:25 INFO  com.dsalgo.automation.utils.NavigationUtil - Login performed successfully
2025-05-05 21:31:25 INFO  com.dsalgo.automation.pages.HomePage - clicked Get Startedlink on queue 
2025-05-05 21:31:25 INFO  com.dsalgo.automation.pages.HomePage - Navigated to DSAlgo portal: https://dsportalapp.herokuapp.com/
2025-05-05 21:31:25 INFO  com.dsalgo.automation.pages.HomePage - Clicked on Get Started button in DSAlgo Portal.
2025-05-05 21:31:25 INFO  com.dsalgo.automation.utils.NavigationUtil - Navigated to DS Algo Home Page
2025-05-05 21:31:25 INFO  com.dsalgo.automation.pages.HomePage - Clicked on Signin link.
2025-05-05 21:31:26 INFO  com.dsalgo.automation.pages.HomePage - Clicked on Sign out link.
2025-05-05 21:31:26 INFO  com.dsalgo.automation.pages.HomePage - HomePage initialized with WebDriver and waitHelper
2025-05-05 21:31:26 INFO  com.dsalgo.automation.pages.HomePage - HomePage initialized with WebDriver and waitHelper
2025-05-05 21:31:26 INFO  com.dsalgo.automation.pages.LoginPage - LoginPage initialized with WebDriver and waitHelper
2025-05-05 21:31:26 INFO  com.dsalgo.automation.pages.HomePage - Clicked on Sign out link.
2025-05-05 21:31:26 INFO  com.dsalgo.automation.pages.HomePage - Navigated to DSAlgo portal: https://dsportalapp.herokuapp.com/
2025-05-05 21:31:26 INFO  com.dsalgo.automation.utils.NavigationUtil - Login performed successfully
2025-05-05 21:31:26 INFO  com.dsalgo.automation.pages.HomePage - clicked Get Startedlink on LinkedList
2025-05-05 21:31:26 INFO  com.dsalgo.automation.pages.HomePage - Clicked on Get Started button in DSAlgo Portal.
2025-05-05 21:31:26 INFO  com.dsalgo.automation.utils.NavigationUtil - Navigated to DS Algo Home Page
2025-05-05 21:31:27 INFO  com.dsalgo.automation.pages.HomePage - Clicked on Signin link.
2025-05-05 21:31:27 INFO  com.dsalgo.automation.tests.ArrayPageTest - Redirected to deletion Landing page successfully
2025-05-05 21:31:27 INFO  com.dsalgo.automation.pages.HomePage - HomePage initialized with WebDriver and waitHelper
2025-05-05 21:31:27 INFO  com.dsalgo.automation.pages.LoginPage - LoginPage initialized with WebDriver and waitHelper
2025-05-05 21:31:28 INFO  com.dsalgo.automation.pages.HomePage - Clicked on Sign out link.
2025-05-05 21:31:28 INFO  com.dsalgo.automation.pages.HomePage - HomePage initialized with WebDriver and waitHelper
2025-05-05 21:31:28 INFO  com.dsalgo.automation.pages.HomePage - HomePage initialized with WebDriver and waitHelper
2025-05-05 21:31:28 INFO  com.dsalgo.automation.pages.LoginPage - LoginPage initialized with WebDriver and waitHelper
2025-05-05 21:31:28 INFO  com.dsalgo.automation.pages.HomePage - Navigated to DSAlgo portal: https://dsportalapp.herokuapp.com/
2025-05-05 21:31:28 INFO  com.dsalgo.automation.utils.NavigationUtil - Login performed successfully
2025-05-05 21:31:28 INFO  com.dsalgo.automation.pages.HomePage - Navigated to DSAlgo portal: https://dsportalapp.herokuapp.com/
2025-05-05 21:31:28 INFO  com.dsalgo.automation.pages.HomePage - clicked Get Startedlink on Array 
2025-05-05 21:31:28 INFO  com.dsalgo.automation.pages.HomePage - Clicked on Get Started button in DSAlgo Portal.
2025-05-05 21:31:28 INFO  com.dsalgo.automation.utils.NavigationUtil - Navigated to DS Algo Home Page
2025-05-05 21:31:28 INFO  com.dsalgo.automation.pages.HomePage - Clicked on Get Started button in DSAlgo Portal.
2025-05-05 21:31:28 INFO  com.dsalgo.automation.utils.NavigationUtil - Navigated to DS Algo Home Page
2025-05-05 21:31:28 INFO  com.dsalgo.automation.pages.HomePage - Clicked on Signin link.
2025-05-05 21:31:28 INFO  com.dsalgo.automation.pages.HomePage - Clicked on Signin link.
2025-05-05 21:31:29 INFO  com.dsalgo.automation.utils.NavigationUtil - Login performed successfully
2025-05-05 21:31:29 INFO  com.dsalgo.automation.pages.HomePage - clicked Get Startedlink on LinkedList
2025-05-05 21:31:29 INFO  com.dsalgo.automation.utils.NavigationUtil - Login performed successfully
2025-05-05 21:31:29 INFO  com.dsalgo.automation.pages.HomePage - clicked Get Startedlink on Tree 
2025-05-05 21:31:30 INFO  com.dsalgo.automation.tests.ArrayPageTest - Redirected to deletion Text Edit Landing page successfully
2025-05-05 21:31:31 INFO  com.dsalgo.automation.pages.HomePage - Clicked on Sign out link.
2025-05-05 21:31:31 INFO  com.dsalgo.automation.pages.HomePage - HomePage initialized with WebDriver and waitHelper
2025-05-05 21:31:31 INFO  com.dsalgo.automation.pages.HomePage - HomePage initialized with WebDriver and waitHelper
2025-05-05 21:31:31 INFO  com.dsalgo.automation.pages.LoginPage - LoginPage initialized with WebDriver and waitHelper
2025-05-05 21:31:31 INFO  com.dsalgo.automation.pages.HomePage - Clicked on Sign out link.
2025-05-05 21:31:31 INFO  com.dsalgo.automation.pages.HomePage - Navigated to DSAlgo portal: https://dsportalapp.herokuapp.com/
2025-05-05 21:31:31 INFO  com.dsalgo.automation.pages.HomePage - Clicked on Sign out link.
2025-05-05 21:31:31 INFO  com.dsalgo.automation.pages.HomePage - HomePage initialized with WebDriver and waitHelper
2025-05-05 21:31:31 INFO  com.dsalgo.automation.pages.HomePage - HomePage initialized with WebDriver and waitHelper
2025-05-05 21:31:31 INFO  com.dsalgo.automation.pages.LoginPage - LoginPage initialized with WebDriver and waitHelper
2025-05-05 21:31:31 INFO  com.dsalgo.automation.pages.HomePage - Navigated to DSAlgo portal: https://dsportalapp.herokuapp.com/
2025-05-05 21:31:31 INFO  com.dsalgo.automation.pages.HomePage - Navigated to DSAlgo portal: https://dsportalapp.herokuapp.com/
2025-05-05 21:31:31 INFO  com.dsalgo.automation.pages.HomePage - Clicked on Get Started button in DSAlgo Portal.
2025-05-05 21:31:31 INFO  com.dsalgo.automation.utils.NavigationUtil - Navigated to DS Algo Home Page
2025-05-05 21:31:31 INFO  com.dsalgo.automation.pages.HomePage - Clicked on Get Started button in DSAlgo Portal.
2025-05-05 21:31:31 INFO  com.dsalgo.automation.utils.NavigationUtil - Navigated to DS Algo Home Page
2025-05-05 21:31:31 INFO  com.dsalgo.automation.pages.HomePage - Clicked on Get Started button in DSAlgo Portal.
2025-05-05 21:31:31 INFO  com.dsalgo.automation.utils.NavigationUtil - Navigated to DS Algo Home Page
2025-05-05 21:31:31 INFO  com.dsalgo.automation.pages.HomePage - Clicked on Signin link.
2025-05-05 21:31:31 INFO  com.dsalgo.automation.pages.HomePage - Clicked on Signin link.
2025-05-05 21:31:31 INFO  com.dsalgo.automation.pages.HomePage - Clicked on Signin link.
2025-05-05 21:31:32 INFO  com.dsalgo.automation.utils.NavigationUtil - Login performed successfully
2025-05-05 21:31:32 INFO  com.dsalgo.automation.utils.NavigationUtil - Login performed successfully
2025-05-05 21:31:32 INFO  com.dsalgo.automation.pages.HomePage - clicked Get Startedlink on Tree 
2025-05-05 21:31:32 INFO  com.dsalgo.automation.utils.NavigationUtil - Login performed successfully
2025-05-05 21:31:32 INFO  com.dsalgo.automation.pages.HomePage - clicked Get Startedlink on Array 
2025-05-05 21:31:33 INFO  com.dsalgo.automation.pages.HomePage - clicked Get Startedlink on LinkedList
2025-05-05 21:31:33 INFO  com.dsalgo.automation.pages.HomePage - Clicked on Sign out link.
2025-05-05 21:31:33 INFO  com.dsalgo.automation.tests.ArrayPageTest - Redirected to Implement Linked List in Python Landing page successfully
2025-05-05 21:31:33 INFO  com.dsalgo.automation.pages.HomePage - Navigated to DSAlgo portal: https://dsportalapp.herokuapp.com/
2025-05-05 21:31:34 INFO  com.dsalgo.automation.pages.HomePage - Clicked on Get Started button in DSAlgo Portal.
2025-05-05 21:31:34 INFO  com.dsalgo.automation.utils.NavigationUtil - Navigated to DS Algo Home Page
2025-05-05 21:31:34 INFO  com.dsalgo.automation.pages.HomePage - Clicked on Signin link.
2025-05-05 21:31:34 INFO  com.dsalgo.automation.pages.HomePage - Clicked on Sign out link.
2025-05-05 21:31:34 INFO  com.dsalgo.automation.pages.HomePage - HomePage initialized with WebDriver and waitHelper
2025-05-05 21:31:34 INFO  com.dsalgo.automation.pages.HomePage - HomePage initialized with WebDriver and waitHelper
2025-05-05 21:31:34 INFO  com.dsalgo.automation.pages.LoginPage - LoginPage initialized with WebDriver and waitHelper
2025-05-05 21:31:34 INFO  com.dsalgo.automation.pages.HomePage - Navigated to DSAlgo portal: https://dsportalapp.herokuapp.com/
2025-05-05 21:31:34 INFO  com.dsalgo.automation.pages.HomePage - Clicked on Get Started button in DSAlgo Portal.
2025-05-05 21:31:34 INFO  com.dsalgo.automation.utils.NavigationUtil - Navigated to DS Algo Home Page
2025-05-05 21:31:34 INFO  com.dsalgo.automation.pages.HomePage - Clicked on Signin link.
2025-05-05 21:31:34 INFO  com.dsalgo.automation.utils.NavigationUtil - Login performed successfully
2025-05-05 21:31:34 INFO  com.dsalgo.automation.pages.HomePage - clicked Get Startedlink on Tree 
2025-05-05 21:31:35 INFO  com.dsalgo.automation.pages.HomePage - Clicked on Sign out link.
2025-05-05 21:31:35 INFO  com.dsalgo.automation.pages.HomePage - HomePage initialized with WebDriver and waitHelper
2025-05-05 21:31:35 INFO  com.dsalgo.automation.pages.HomePage - HomePage initialized with WebDriver and waitHelper
2025-05-05 21:31:35 INFO  com.dsalgo.automation.pages.LoginPage - LoginPage initialized with WebDriver and waitHelper
2025-05-05 21:31:35 INFO  com.dsalgo.automation.utils.NavigationUtil - Login performed successfully
2025-05-05 21:31:35 INFO  com.dsalgo.automation.pages.HomePage - clicked Get Startedlink on LinkedList
2025-05-05 21:31:35 INFO  com.dsalgo.automation.pages.HomePage - Navigated to DSAlgo portal: https://dsportalapp.herokuapp.com/
2025-05-05 21:31:35 ERROR com.dsalgo.automation.tests.TreePageTest - Assertion failed: expected [true] but found [false]
2025-05-05 21:31:36 INFO  com.dsalgo.automation.pages.HomePage - Clicked on Get Started button in DSAlgo Portal.
2025-05-05 21:31:36 INFO  com.dsalgo.automation.utils.NavigationUtil - Navigated to DS Algo Home Page
2025-05-05 21:31:36 INFO  com.dsalgo.automation.pages.HomePage - Clicked on Sign out link.
2025-05-05 21:31:36 INFO  com.dsalgo.automation.pages.HomePage - Clicked on Signin link.
2025-05-05 21:31:36 INFO  com.dsalgo.automation.pages.HomePage - Navigated to DSAlgo portal: https://dsportalapp.herokuapp.com/
2025-05-05 21:31:36 INFO  com.dsalgo.automation.pages.HomePage - Clicked on Get Started button in DSAlgo Portal.
2025-05-05 21:31:36 INFO  com.dsalgo.automation.utils.NavigationUtil - Navigated to DS Algo Home Page
2025-05-05 21:31:36 INFO  com.dsalgo.automation.tests.ArrayPageTest - Redirected to Implement Linked List in Python Text Edit Landing page successfully
2025-05-05 21:31:36 INFO  com.dsalgo.automation.pages.HomePage - Clicked on Signin link.
2025-05-05 21:31:37 INFO  com.dsalgo.automation.utils.NavigationUtil - Login performed successfully
2025-05-05 21:31:37 INFO  com.dsalgo.automation.pages.HomePage - Clicked on Sign out link.
2025-05-05 21:31:37 INFO  com.dsalgo.automation.pages.HomePage - HomePage initialized with WebDriver and waitHelper
2025-05-05 21:31:37 INFO  com.dsalgo.automation.pages.HomePage - HomePage initialized with WebDriver and waitHelper
2025-05-05 21:31:37 INFO  com.dsalgo.automation.utils.NavigationUtil - Login performed successfully
2025-05-05 21:31:37 INFO  com.dsalgo.automation.pages.LoginPage - LoginPage initialized with WebDriver and waitHelper
2025-05-05 21:31:37 INFO  com.dsalgo.automation.pages.HomePage - clicked Get Startedlink on Array 
2025-05-05 21:31:37 INFO  com.dsalgo.automation.pages.HomePage - Navigated to DSAlgo portal: https://dsportalapp.herokuapp.com/
2025-05-05 21:31:37 INFO  com.dsalgo.automation.pages.HomePage - clicked Get Startedlink on Tree 
2025-05-05 21:31:37 INFO  com.dsalgo.automation.pages.HomePage - Clicked on Get Started button in DSAlgo Portal.
2025-05-05 21:31:37 INFO  com.dsalgo.automation.utils.NavigationUtil - Navigated to DS Algo Home Page
2025-05-05 21:31:37 INFO  com.dsalgo.automation.pages.HomePage - Clicked on Signin link.
2025-05-05 21:31:38 ERROR com.dsalgo.automation.tests.TreePageTest - Assertion failed: expected [true] but found [false]
2025-05-05 21:31:38 INFO  com.dsalgo.automation.pages.HomePage - Clicked on Sign out link.
2025-05-05 21:31:38 INFO  com.dsalgo.automation.utils.NavigationUtil - Login performed successfully
2025-05-05 21:31:38 INFO  com.dsalgo.automation.pages.HomePage - clicked Get Startedlink on LinkedList
2025-05-05 21:31:38 INFO  com.dsalgo.automation.tests.ArrayPageTest - Actual Output upon clicking Submit is  No tests were collected
2025-05-05 21:31:39 INFO  com.dsalgo.automation.pages.HomePage - Navigated to DSAlgo portal: https://dsportalapp.herokuapp.com/
2025-05-05 21:31:39 INFO  com.dsalgo.automation.pages.HomePage - Clicked on Get Started button in DSAlgo Portal.
2025-05-05 21:31:39 INFO  com.dsalgo.automation.utils.NavigationUtil - Navigated to DS Algo Home Page
2025-05-05 21:31:39 INFO  com.dsalgo.automation.pages.HomePage - Clicked on Signin link.
2025-05-05 21:31:39 INFO  com.dsalgo.automation.pages.HomePage - Clicked on Sign out link.
2025-05-05 21:31:39 DEBUG org.apache.poi.openxml4j.opc.PackageRelationshipCollection - Parsing relationship: /xl/_rels/workbook.xml.rels
2025-05-05 21:31:39 DEBUG org.apache.poi.openxml4j.opc.PackageRelationshipCollection - Parsing relationship: /_rels/.rels
2025-05-05 21:31:39 INFO  com.dsalgo.automation.pages.HomePage - HomePage initialized with WebDriver and waitHelper
2025-05-05 21:31:39 INFO  com.dsalgo.automation.pages.HomePage - HomePage initialized with WebDriver and waitHelper
2025-05-05 21:31:39 INFO  com.dsalgo.automation.pages.LoginPage - LoginPage initialized with WebDriver and waitHelper
2025-05-05 21:31:39 INFO  com.dsalgo.automation.pages.HomePage - Navigated to DSAlgo portal: https://dsportalapp.herokuapp.com/
2025-05-05 21:31:39 INFO  com.dsalgo.automation.tests.ArrayPageTest - Redirected to Insertion Landing page successfully
2025-05-05 21:31:39 INFO  com.dsalgo.automation.utils.NavigationUtil - Login performed successfully
2025-05-05 21:31:39 INFO  com.dsalgo.automation.pages.HomePage - Clicked on Get Started button in DSAlgo Portal.
2025-05-05 21:31:39 INFO  com.dsalgo.automation.utils.NavigationUtil - Navigated to DS Algo Home Page
2025-05-05 21:31:40 INFO  com.dsalgo.automation.pages.HomePage - Clicked on Signin link.
2025-05-05 21:31:40 INFO  com.dsalgo.automation.pages.HomePage - Clicked on Sign out link.
2025-05-05 21:31:40 INFO  com.dsalgo.automation.pages.HomePage - HomePage initialized with WebDriver and waitHelper
2025-05-05 21:31:40 INFO  com.dsalgo.automation.pages.HomePage - HomePage initialized with WebDriver and waitHelper
2025-05-05 21:31:40 INFO  com.dsalgo.automation.pages.LoginPage - LoginPage initialized with WebDriver and waitHelper
2025-05-05 21:31:40 INFO  com.dsalgo.automation.pages.HomePage - Navigated to DSAlgo portal: https://dsportalapp.herokuapp.com/
2025-05-05 21:31:40 INFO  com.dsalgo.automation.pages.HomePage - clicked Get Startedlink on Tree 
2025-05-05 21:31:40 INFO  com.dsalgo.automation.pages.HomePage - Clicked on Get Started button in DSAlgo Portal.
2025-05-05 21:31:40 INFO  com.dsalgo.automation.utils.NavigationUtil - Navigated to DS Algo Home Page
2025-05-05 21:31:40 INFO  com.dsalgo.automation.pages.HomePage - Clicked on Signin link.
2025-05-05 21:31:40 INFO  com.dsalgo.automation.utils.NavigationUtil - Login performed successfully
2025-05-05 21:31:41 INFO  com.dsalgo.automation.pages.HomePage - clicked Get Startedlink on Array 
2025-05-05 21:31:41 ERROR com.dsalgo.automation.tests.TreePageTest - Assertion failed: expected [true] but found [false]
2025-05-05 21:31:41 INFO  com.dsalgo.automation.utils.NavigationUtil - Login performed successfully
2025-05-05 21:31:41 INFO  com.dsalgo.automation.pages.HomePage - clicked Get Startedlink on LinkedList
2025-05-05 21:31:42 INFO  com.dsalgo.automation.pages.HomePage - Clicked on Sign out link.
2025-05-05 21:31:42 DEBUG org.apache.poi.openxml4j.opc.PackageRelationshipCollection - Parsing relationship: /xl/_rels/workbook.xml.rels
2025-05-05 21:31:42 DEBUG org.apache.poi.openxml4j.opc.PackageRelationshipCollection - Parsing relationship: /_rels/.rels
2025-05-05 21:31:42 INFO  com.dsalgo.automation.pages.HomePage - Navigated to DSAlgo portal: https://dsportalapp.herokuapp.com/
2025-05-05 21:31:42 INFO  com.dsalgo.automation.pages.HomePage - Clicked on Get Started button in DSAlgo Portal.
2025-05-05 21:31:42 INFO  com.dsalgo.automation.utils.NavigationUtil - Navigated to DS Algo Home Page
2025-05-05 21:31:42 INFO  com.dsalgo.automation.pages.HomePage - Clicked on Signin link.
2025-05-05 21:31:42 INFO  com.dsalgo.automation.tests.ArrayPageTest - Redirected to Insertion Text Edit Landing page successfully
2025-05-05 21:31:42 INFO  com.dsalgo.automation.pages.HomePage - Clicked on Sign out link.
2025-05-05 21:31:43 INFO  com.dsalgo.automation.pages.HomePage - HomePage initialized with WebDriver and waitHelper
2025-05-05 21:31:43 INFO  com.dsalgo.automation.pages.HomePage - HomePage initialized with WebDriver and waitHelper
2025-05-05 21:31:43 INFO  com.dsalgo.automation.pages.LoginPage - LoginPage initialized with WebDriver and waitHelper
2025-05-05 21:31:43 INFO  com.dsalgo.automation.pages.HomePage - Navigated to DSAlgo portal: https://dsportalapp.herokuapp.com/
2025-05-05 21:31:43 INFO  com.dsalgo.automation.pages.HomePage - Clicked on Sign out link.
2025-05-05 21:31:43 INFO  com.dsalgo.automation.pages.HomePage - HomePage initialized with WebDriver and waitHelper
2025-05-05 21:31:43 INFO  com.dsalgo.automation.pages.HomePage - HomePage initialized with WebDriver and waitHelper
2025-05-05 21:31:43 INFO  com.dsalgo.automation.pages.LoginPage - LoginPage initialized with WebDriver and waitHelper
2025-05-05 21:31:43 INFO  com.dsalgo.automation.utils.NavigationUtil - Login performed successfully
2025-05-05 21:31:43 INFO  com.dsalgo.automation.pages.HomePage - clicked Get Startedlink on Tree 
2025-05-05 21:31:43 INFO  com.dsalgo.automation.pages.HomePage - Clicked on Get Started button in DSAlgo Portal.
2025-05-05 21:31:43 INFO  com.dsalgo.automation.utils.NavigationUtil - Navigated to DS Algo Home Page
2025-05-05 21:31:43 INFO  com.dsalgo.automation.pages.HomePage - Navigated to DSAlgo portal: https://dsportalapp.herokuapp.com/
2025-05-05 21:31:43 INFO  com.dsalgo.automation.pages.HomePage - Clicked on Get Started button in DSAlgo Portal.
2025-05-05 21:31:43 INFO  com.dsalgo.automation.utils.NavigationUtil - Navigated to DS Algo Home Page
2025-05-05 21:31:44 INFO  com.dsalgo.automation.pages.HomePage - Clicked on Signin link.
2025-05-05 21:31:44 INFO  com.dsalgo.automation.pages.HomePage - Clicked on Signin link.
2025-05-05 21:31:44 INFO  com.dsalgo.automation.utils.NavigationUtil - Login performed successfully
2025-05-05 21:31:44 INFO  com.dsalgo.automation.utils.NavigationUtil - Login performed successfully
2025-05-05 21:31:44 INFO  com.dsalgo.automation.pages.HomePage - clicked Get Startedlink on Array 
2025-05-05 21:31:45 INFO  com.dsalgo.automation.pages.HomePage - clicked Get Startedlink on LinkedList
2025-05-05 21:31:45 INFO  com.dsalgo.automation.tests.ArrayPageTest - Redirected to Linked List Introuduction Landing page successfully
2025-05-05 21:31:46 INFO  com.dsalgo.automation.pages.HomePage - Clicked on Sign out link.
2025-05-05 21:31:46 INFO  com.dsalgo.automation.pages.HomePage - Clicked on Sign out link.
2025-05-05 21:31:46 INFO  com.dsalgo.automation.pages.HomePage - HomePage initialized with WebDriver and waitHelper
2025-05-05 21:31:46 INFO  com.dsalgo.automation.pages.HomePage - HomePage initialized with WebDriver and waitHelper
2025-05-05 21:31:46 INFO  com.dsalgo.automation.pages.LoginPage - LoginPage initialized with WebDriver and waitHelper
2025-05-05 21:31:46 INFO  com.dsalgo.automation.pages.HomePage - Clicked on Sign out link.
2025-05-05 21:31:46 INFO  com.dsalgo.automation.pages.HomePage - HomePage initialized with WebDriver and waitHelper
2025-05-05 21:31:46 INFO  com.dsalgo.automation.pages.HomePage - HomePage initialized with WebDriver and waitHelper
2025-05-05 21:31:46 INFO  com.dsalgo.automation.pages.LoginPage - LoginPage initialized with WebDriver and waitHelper
2025-05-05 21:31:46 INFO  com.dsalgo.automation.pages.HomePage - Navigated to DSAlgo portal: https://dsportalapp.herokuapp.com/
2025-05-05 21:31:46 INFO  com.dsalgo.automation.pages.HomePage - Navigated to DSAlgo portal: https://dsportalapp.herokuapp.com/
2025-05-05 21:31:46 INFO  com.dsalgo.automation.pages.HomePage - Clicked on Get Started button in DSAlgo Portal.
2025-05-05 21:31:46 INFO  com.dsalgo.automation.utils.NavigationUtil - Navigated to DS Algo Home Page
2025-05-05 21:31:46 INFO  com.dsalgo.automation.pages.HomePage - Navigated to DSAlgo portal: https://dsportalapp.herokuapp.com/
2025-05-05 21:31:46 INFO  com.dsalgo.automation.pages.HomePage - Clicked on Get Started button in DSAlgo Portal.
2025-05-05 21:31:46 INFO  com.dsalgo.automation.utils.NavigationUtil - Navigated to DS Algo Home Page
2025-05-05 21:31:46 INFO  com.dsalgo.automation.pages.HomePage - Clicked on Get Started button in DSAlgo Portal.
2025-05-05 21:31:46 INFO  com.dsalgo.automation.utils.NavigationUtil - Navigated to DS Algo Home Page
2025-05-05 21:31:46 INFO  com.dsalgo.automation.pages.HomePage - Clicked on Signin link.
2025-05-05 21:31:46 INFO  com.dsalgo.automation.pages.HomePage - Clicked on Signin link.
2025-05-05 21:31:47 INFO  com.dsalgo.automation.pages.HomePage - Clicked on Signin link.
2025-05-05 21:31:47 INFO  com.dsalgo.automation.utils.NavigationUtil - Login performed successfully
2025-05-05 21:31:47 INFO  com.dsalgo.automation.utils.NavigationUtil - Login performed successfully
2025-05-05 21:31:47 INFO  com.dsalgo.automation.pages.HomePage - clicked Get Startedlink on Tree 
2025-05-05 21:31:47 INFO  com.dsalgo.automation.utils.NavigationUtil - Login performed successfully
2025-05-05 21:31:47 INFO  com.dsalgo.automation.pages.HomePage - clicked Get Startedlink on LinkedList
2025-05-05 21:31:48 INFO  com.dsalgo.automation.pages.HomePage - clicked Get Startedlink on Array 
2025-05-05 21:31:48 INFO  com.dsalgo.automation.tests.ArrayPageTest - Redirected to Linked List Introuduction Text Edit Landing page successfully
2025-05-05 21:31:49 INFO  com.dsalgo.automation.pages.HomePage - Clicked on Sign out link.
2025-05-05 21:31:49 INFO  com.dsalgo.automation.pages.HomePage - Clicked on Sign out link.
2025-05-05 21:31:49 DEBUG org.apache.poi.openxml4j.opc.PackageRelationshipCollection - Parsing relationship: /xl/_rels/workbook.xml.rels
2025-05-05 21:31:49 DEBUG org.apache.poi.openxml4j.opc.PackageRelationshipCollection - Parsing relationship: /_rels/.rels
2025-05-05 21:31:49 INFO  com.dsalgo.automation.pages.HomePage - HomePage initialized with WebDriver and waitHelper
2025-05-05 21:31:49 INFO  com.dsalgo.automation.pages.HomePage - HomePage initialized with WebDriver and waitHelper
2025-05-05 21:31:49 INFO  com.dsalgo.automation.pages.LoginPage - LoginPage initialized with WebDriver and waitHelper
2025-05-05 21:31:49 INFO  com.dsalgo.automation.pages.HomePage - Navigated to DSAlgo portal: https://dsportalapp.herokuapp.com/
2025-05-05 21:31:49 INFO  com.dsalgo.automation.pages.HomePage - Navigated to DSAlgo portal: https://dsportalapp.herokuapp.com/
2025-05-05 21:31:49 INFO  com.dsalgo.automation.tests.ArrayPageTest - Tested alert with code: System.out.println("Hello,World"); | Alert: NameError: name 'System' is not defined on line 1
2025-05-05 21:31:49 INFO  com.dsalgo.automation.pages.HomePage - Clicked on Get Started button in DSAlgo Portal.
2025-05-05 21:31:49 INFO  com.dsalgo.automation.utils.NavigationUtil - Navigated to DS Algo Home Page
2025-05-05 21:31:49 INFO  com.dsalgo.automation.pages.HomePage - Clicked on Get Started button in DSAlgo Portal.
2025-05-05 21:31:49 INFO  com.dsalgo.automation.utils.NavigationUtil - Navigated to DS Algo Home Page
2025-05-05 21:31:49 INFO  com.dsalgo.automation.pages.HomePage - Clicked on Signin link.
2025-05-05 21:31:49 INFO  com.dsalgo.automation.pages.HomePage - Clicked on Signin link.
2025-05-05 21:31:50 INFO  com.dsalgo.automation.pages.HomePage - Clicked on Sign out link.
2025-05-05 21:31:50 INFO  com.dsalgo.automation.utils.NavigationUtil - Login performed successfully
2025-05-05 21:31:50 INFO  com.dsalgo.automation.pages.HomePage - clicked Get Startedlink on Tree 
2025-05-05 21:31:50 INFO  com.dsalgo.automation.utils.NavigationUtil - Login performed successfully
2025-05-05 21:31:50 INFO  com.dsalgo.automation.pages.HomePage - clicked Get Startedlink on LinkedList
2025-05-05 21:31:51 INFO  com.dsalgo.automation.pages.HomePage - HomePage initialized with WebDriver and waitHelper
2025-05-05 21:31:51 DEBUG org.apache.poi.openxml4j.opc.PackageRelationshipCollection - Parsing relationship: /xl/_rels/workbook.xml.rels
2025-05-05 21:31:51 DEBUG org.apache.poi.openxml4j.opc.PackageRelationshipCollection - Parsing relationship: /_rels/.rels
2025-05-05 21:31:51 INFO  com.dsalgo.automation.pages.HomePage - Navigated to DSAlgo portal: https://dsportalapp.herokuapp.com/
2025-05-05 21:31:52 INFO  com.dsalgo.automation.pages.HomePage - Clicked on Get Started button in DSAlgo Portal.
2025-05-05 21:31:52 INFO  com.dsalgo.automation.utils.NavigationUtil - Navigated to DS Algo Home Page
2025-05-05 21:31:52 INFO  com.dsalgo.automation.pages.HomePage - Clicked on Sign out link.
2025-05-05 21:31:52 INFO  com.dsalgo.automation.pages.HomePage - Navigated to DSAlgo portal: https://dsportalapp.herokuapp.com/
2025-05-05 21:31:52 INFO  com.dsalgo.automation.pages.HomePage - Clicked on Register link.
2025-05-05 21:31:52 INFO  com.dsalgo.automation.pages.HomePage - Clicked on Get Started button in DSAlgo Portal.
2025-05-05 21:31:52 INFO  com.dsalgo.automation.utils.NavigationUtil - Navigated to DS Algo Home Page
2025-05-05 21:31:52 INFO  com.dsalgo.automation.pages.HomePage - Navigated to DSAlgo portal: https://dsportalapp.herokuapp.com/
2025-05-05 21:31:52 INFO  com.dsalgo.automation.pages.HomePage - Clicked on Sign out link.
2025-05-05 21:31:52 INFO  com.dsalgo.automation.pages.HomePage - HomePage initialized with WebDriver and waitHelper
2025-05-05 21:31:52 INFO  com.dsalgo.automation.pages.HomePage - HomePage initialized with WebDriver and waitHelper
2025-05-05 21:31:52 INFO  com.dsalgo.automation.pages.LoginPage - LoginPage initialized with WebDriver and waitHelper
2025-05-05 21:31:52 INFO  com.dsalgo.automation.pages.HomePage - Clicked on Signin link.
2025-05-05 21:31:52 INFO  com.dsalgo.automation.pages.HomePage - Clicked on Get Started button in DSAlgo Portal.
2025-05-05 21:31:52 INFO  com.dsalgo.automation.utils.NavigationUtil - Navigated to DS Algo Home Page
2025-05-05 21:31:52 INFO  com.dsalgo.automation.pages.HomePage - Navigated to DSAlgo portal: https://dsportalapp.herokuapp.com/
2025-05-05 21:31:53 INFO  com.dsalgo.automation.pages.HomePage - Clicked on Register link.
2025-05-05 21:31:53 INFO  com.dsalgo.automation.pages.HomePage - Clicked on Get Started button in DSAlgo Portal.
2025-05-05 21:31:53 INFO  com.dsalgo.automation.utils.NavigationUtil - Navigated to DS Algo Home Page
2025-05-05 21:31:53 INFO  com.dsalgo.automation.pages.HomePage - Clicked on Signin link.
2025-05-05 21:31:53 INFO  com.dsalgo.automation.pages.HomePage - Navigated to DSAlgo portal: https://dsportalapp.herokuapp.com/
2025-05-05 21:31:53 INFO  com.dsalgo.automation.utils.NavigationUtil - Login performed successfully
2025-05-05 21:31:53 INFO  com.dsalgo.automation.pages.HomePage - clicked Get Startedlink on Tree 
2025-05-05 21:31:53 INFO  com.dsalgo.automation.pages.HomePage - Clicked on Get Started button in DSAlgo Portal.
2025-05-05 21:31:53 INFO  com.dsalgo.automation.utils.NavigationUtil - Navigated to DS Algo Home Page
2025-05-05 21:31:53 INFO  com.dsalgo.automation.pages.HomePage - Clicked on Register link.
2025-05-05 21:31:54 INFO  com.dsalgo.automation.utils.NavigationUtil - Login performed successfully
2025-05-05 21:31:54 INFO  com.dsalgo.automation.pages.HomePage - clicked Get Startedlink on LinkedList
2025-05-05 21:31:55 INFO  com.dsalgo.automation.pages.HomePage - Navigated to DSAlgo portal: https://dsportalapp.herokuapp.com/
2025-05-05 21:31:55 INFO  com.dsalgo.automation.pages.HomePage - Clicked on Sign out link.
2025-05-05 21:31:55 INFO  com.dsalgo.automation.pages.HomePage - Clicked on Get Started button in DSAlgo Portal.
2025-05-05 21:31:55 INFO  com.dsalgo.automation.utils.NavigationUtil - Navigated to DS Algo Home Page
2025-05-05 21:31:55 INFO  com.dsalgo.automation.pages.HomePage - Navigated to DSAlgo portal: https://dsportalapp.herokuapp.com/
2025-05-05 21:31:55 INFO  com.dsalgo.automation.pages.HomePage - Clicked on Register link.
2025-05-05 21:31:55 INFO  com.dsalgo.automation.pages.HomePage - Clicked on Get Started button in DSAlgo Portal.
2025-05-05 21:31:55 INFO  com.dsalgo.automation.utils.NavigationUtil - Navigated to DS Algo Home Page
2025-05-05 21:31:55 INFO  com.dsalgo.automation.pages.HomePage - Clicked on Signin link.
2025-05-05 21:31:55 INFO  com.dsalgo.automation.pages.HomePage - Navigated to DSAlgo portal: https://dsportalapp.herokuapp.com/
2025-05-05 21:31:56 INFO  com.dsalgo.automation.pages.HomePage - Clicked on Get Started button in DSAlgo Portal.
2025-05-05 21:31:56 INFO  com.dsalgo.automation.utils.NavigationUtil - Navigated to DS Algo Home Page
2025-05-05 21:31:56 INFO  com.dsalgo.automation.pages.HomePage - Clicked on Register link.
2025-05-05 21:31:56 INFO  com.dsalgo.automation.pages.HomePage - Clicked on Sign out link.
2025-05-05 21:31:56 INFO  com.dsalgo.automation.pages.HomePage - HomePage initialized with WebDriver and waitHelper
2025-05-05 21:31:56 INFO  com.dsalgo.automation.pages.HomePage - HomePage initialized with WebDriver and waitHelper
2025-05-05 21:31:56 INFO  com.dsalgo.automation.pages.LoginPage - LoginPage initialized with WebDriver and waitHelper
2025-05-05 21:31:56 INFO  com.dsalgo.automation.pages.HomePage - Navigated to DSAlgo portal: https://dsportalapp.herokuapp.com/
2025-05-05 21:31:56 INFO  com.dsalgo.automation.utils.NavigationUtil - Login performed successfully
2025-05-05 21:31:56 INFO  com.dsalgo.automation.pages.HomePage - Navigated to DSAlgo portal: https://dsportalapp.herokuapp.com/
2025-05-05 21:31:56 INFO  com.dsalgo.automation.pages.HomePage - clicked Get Startedlink on Tree 
2025-05-05 21:31:56 INFO  com.dsalgo.automation.pages.HomePage - Clicked on Get Started button in DSAlgo Portal.
2025-05-05 21:31:56 INFO  com.dsalgo.automation.utils.NavigationUtil - Navigated to DS Algo Home Page
2025-05-05 21:31:56 INFO  com.dsalgo.automation.pages.HomePage - Clicked on Get Started button in DSAlgo Portal.
2025-05-05 21:31:56 INFO  com.dsalgo.automation.utils.NavigationUtil - Navigated to DS Algo Home Page
2025-05-05 21:31:56 INFO  com.dsalgo.automation.pages.HomePage - Clicked on Register link.
2025-05-05 21:31:56 INFO  com.dsalgo.automation.pages.HomePage - Clicked on Signin link.
2025-05-05 21:31:57 ERROR com.dsalgo.automation.tests.RegisterPageTest - Assertion failed: Test failed: Incorrect error message displayed.
2025-05-05 21:31:57 ERROR com.dsalgo.automation.tests.TreePageTest - Assertion failed: Test failed: Column Value is blank
2025-05-05 21:31:57 INFO  com.dsalgo.automation.pages.HomePage - Navigated to DSAlgo portal: https://dsportalapp.herokuapp.com/
2025-05-05 21:31:57 INFO  com.dsalgo.automation.pages.HomePage - Clicked on Get Started button in DSAlgo Portal.
2025-05-05 21:31:57 INFO  com.dsalgo.automation.utils.NavigationUtil - Navigated to DS Algo Home Page
2025-05-05 21:31:57 INFO  com.dsalgo.automation.pages.HomePage - Clicked on Sign out link.
2025-05-05 21:31:57 INFO  com.dsalgo.automation.utils.NavigationUtil - Login performed successfully
2025-05-05 21:31:57 INFO  com.dsalgo.automation.pages.HomePage - Clicked on Register link.
2025-05-05 21:31:58 INFO  com.dsalgo.automation.pages.HomePage - clicked Get Startedlink on LinkedList
2025-05-05 21:31:58 INFO  com.dsalgo.automation.pages.HomePage - Navigated to DSAlgo portal: https://dsportalapp.herokuapp.com/
2025-05-05 21:31:58 INFO  com.dsalgo.automation.pages.HomePage - Clicked on Get Started button in DSAlgo Portal.
2025-05-05 21:31:58 INFO  com.dsalgo.automation.utils.NavigationUtil - Navigated to DS Algo Home Page
2025-05-05 21:31:58 ERROR com.dsalgo.automation.tests.RegisterPageTest - Assertion failed: Test failed: Incorrect error message displayed.
2025-05-05 21:31:58 INFO  com.dsalgo.automation.pages.HomePage - Clicked on Signin link.
2025-05-05 21:31:58 INFO  com.dsalgo.automation.pages.HomePage - Navigated to DSAlgo portal: https://dsportalapp.herokuapp.com/
2025-05-05 21:31:58 INFO  com.dsalgo.automation.pages.HomePage - Clicked on Get Started button in DSAlgo Portal.
2025-05-05 21:31:58 INFO  com.dsalgo.automation.utils.NavigationUtil - Navigated to DS Algo Home Page
2025-05-05 21:31:59 INFO  com.dsalgo.automation.pages.HomePage - Clicked on Register link.
2025-05-05 21:31:59 INFO  com.dsalgo.automation.tests.ArrayPageTest - Tested alert with code: System.out.println("Hello,World"); | Alert: NameError: name 'System' is not defined on line 1
2025-05-05 21:31:59 ERROR com.dsalgo.automation.tests.RegisterPageTest - Assertion failed: Test failed: Incorrect error message displayed.
2025-05-05 21:31:59 INFO  com.dsalgo.automation.utils.NavigationUtil - Login performed successfully
2025-05-05 21:31:59 INFO  com.dsalgo.automation.pages.HomePage - clicked Get Startedlink on Tree 
2025-05-05 21:31:59 INFO  com.dsalgo.automation.pages.HomePage - Navigated to DSAlgo portal: https://dsportalapp.herokuapp.com/
2025-05-05 21:32:00 INFO  com.dsalgo.automation.pages.HomePage - Clicked on Sign out link.
2025-05-05 21:32:00 INFO  com.dsalgo.automation.pages.HomePage - HomePage initialized with WebDriver and waitHelper
2025-05-05 21:32:00 INFO  com.dsalgo.automation.pages.HomePage - HomePage initialized with WebDriver and waitHelper
2025-05-05 21:32:00 INFO  com.dsalgo.automation.pages.LoginPage - LoginPage initialized with WebDriver and waitHelper
2025-05-05 21:32:00 INFO  com.dsalgo.automation.pages.HomePage - Navigated to DSAlgo portal: https://dsportalapp.herokuapp.com/
2025-05-05 21:32:00 INFO  com.dsalgo.automation.pages.HomePage - Clicked on Get Started button in DSAlgo Portal.
2025-05-05 21:32:00 INFO  com.dsalgo.automation.utils.NavigationUtil - Navigated to DS Algo Home Page
2025-05-05 21:32:00 INFO  com.dsalgo.automation.pages.HomePage - Clicked on Get Started button in DSAlgo Portal.
2025-05-05 21:32:00 INFO  com.dsalgo.automation.utils.NavigationUtil - Navigated to DS Algo Home Page
2025-05-05 21:32:00 ERROR com.dsalgo.automation.tests.TreePageTest - Assertion failed: Test failed: Column Value is blank
2025-05-05 21:32:00 INFO  com.dsalgo.automation.pages.HomePage - Clicked on Register link.
2025-05-05 21:32:01 INFO  com.dsalgo.automation.pages.HomePage - Navigated to DSAlgo portal: https://dsportalapp.herokuapp.com/
2025-05-05 21:32:01 INFO  com.dsalgo.automation.pages.HomePage - Clicked on Signin link.
2025-05-05 21:32:01 INFO  com.dsalgo.automation.pages.HomePage - Clicked on Sign out link.
2025-05-05 21:32:01 INFO  com.dsalgo.automation.pages.HomePage - Navigated to DSAlgo portal: https://dsportalapp.herokuapp.com/
2025-05-05 21:32:01 INFO  com.dsalgo.automation.pages.HomePage - Clicked on Get Started button in DSAlgo Portal.
2025-05-05 21:32:01 INFO  com.dsalgo.automation.utils.NavigationUtil - Navigated to DS Algo Home Page
2025-05-05 21:32:01 INFO  com.dsalgo.automation.pages.HomePage - Clicked on Register link.
2025-05-05 21:32:01 INFO  com.dsalgo.automation.pages.HomePage - Clicked on Get Started button in DSAlgo Portal.
2025-05-05 21:32:01 INFO  com.dsalgo.automation.utils.NavigationUtil - Navigated to DS Algo Home Page
2025-05-05 21:32:01 INFO  com.dsalgo.automation.pages.HomePage - Clicked on Signin link.
2025-05-05 21:32:01 INFO  com.dsalgo.automation.pages.HomePage - Navigated to DSAlgo portal: https://dsportalapp.herokuapp.com/
2025-05-05 21:32:01 INFO  com.dsalgo.automation.utils.NavigationUtil - Login performed successfully
2025-05-05 21:32:01 INFO  com.dsalgo.automation.pages.HomePage - clicked Get Startedlink on LinkedList
2025-05-05 21:32:01 INFO  com.dsalgo.automation.pages.HomePage - Clicked on Get Started button in DSAlgo Portal.
2025-05-05 21:32:01 INFO  com.dsalgo.automation.utils.NavigationUtil - Navigated to DS Algo Home Page
2025-05-05 21:32:02 INFO  com.dsalgo.automation.pages.HomePage - Clicked on Register link.
2025-05-05 21:32:02 INFO  com.dsalgo.automation.utils.NavigationUtil - Login performed successfully
2025-05-05 21:32:02 INFO  com.dsalgo.automation.pages.HomePage - clicked Get Startedlink on Tree 
2025-05-05 21:32:02 ERROR com.dsalgo.automation.tests.RegisterPageTest - Assertion failed: Test failed: Incorrect error message displayed.
2025-05-05 21:32:02 INFO  com.dsalgo.automation.pages.HomePage - Navigated to DSAlgo portal: https://dsportalapp.herokuapp.com/
2025-05-05 21:32:02 INFO  com.dsalgo.automation.tests.ArrayPageTest - Redirected to Traversal Landing page successfully
2025-05-05 21:32:02 INFO  com.dsalgo.automation.pages.HomePage - Clicked on Get Started button in DSAlgo Portal.
2025-05-05 21:32:02 INFO  com.dsalgo.automation.utils.NavigationUtil - Navigated to DS Algo Home Page
2025-05-05 21:32:02 INFO  com.dsalgo.automation.pages.HomePage - Clicked on Register link.
2025-05-05 21:32:03 ERROR com.dsalgo.automation.tests.TreePageTest - Assertion failed: Test failed: Column Value is blank
2025-05-05 21:32:03 INFO  com.dsalgo.automation.pages.HomePage - Clicked on Sign out link.
2025-05-05 21:32:03 INFO  com.dsalgo.automation.pages.HomePage - HomePage initialized with WebDriver and waitHelper
2025-05-05 21:32:03 INFO  com.dsalgo.automation.pages.HomePage - HomePage initialized with WebDriver and waitHelper
2025-05-05 21:32:03 INFO  com.dsalgo.automation.pages.LoginPage - LoginPage initialized with WebDriver and waitHelper
2025-05-05 21:32:03 INFO  com.dsalgo.automation.pages.HomePage - Navigated to DSAlgo portal: https://dsportalapp.herokuapp.com/
2025-05-05 21:32:03 ERROR com.dsalgo.automation.tests.RegisterPageTest - Assertion failed: Test failed: Incorrect error message displayed.
2025-05-05 21:32:03 INFO  com.dsalgo.automation.pages.HomePage - Navigated to DSAlgo portal: https://dsportalapp.herokuapp.com/
2025-05-05 21:32:03 INFO  com.dsalgo.automation.pages.HomePage - Clicked on Get Started button in DSAlgo Portal.
2025-05-05 21:32:03 INFO  com.dsalgo.automation.utils.NavigationUtil - Navigated to DS Algo Home Page
2025-05-05 21:32:03 INFO  com.dsalgo.automation.pages.HomePage - Clicked on Get Started button in DSAlgo Portal.
2025-05-05 21:32:03 INFO  com.dsalgo.automation.utils.NavigationUtil - Navigated to DS Algo Home Page
2025-05-05 21:32:03 INFO  com.dsalgo.automation.pages.HomePage - Clicked on Signin link.
2025-05-05 21:32:03 INFO  com.dsalgo.automation.pages.HomePage - Clicked on Register link.
2025-05-05 21:32:03 INFO  com.dsalgo.automation.pages.HomePage - Clicked on Sign out link.
2025-05-05 21:32:04 INFO  com.dsalgo.automation.pages.HomePage - Navigated to DSAlgo portal: https://dsportalapp.herokuapp.com/
2025-05-05 21:32:04 ERROR com.dsalgo.automation.tests.RegisterPageTest - Assertion failed: Test failed: Incorrect error message displayed.
2025-05-05 21:32:04 INFO  com.dsalgo.automation.pages.HomePage - Clicked on Get Started button in DSAlgo Portal.
2025-05-05 21:32:04 INFO  com.dsalgo.automation.utils.NavigationUtil - Navigated to DS Algo Home Page
2025-05-05 21:32:04 INFO  com.dsalgo.automation.utils.NavigationUtil - Login performed successfully
2025-05-05 21:32:04 INFO  com.dsalgo.automation.pages.HomePage - clicked Get Startedlink on LinkedList
2025-05-05 21:32:04 INFO  com.dsalgo.automation.pages.HomePage - Clicked on Signin link.
2025-05-05 21:32:04 INFO  com.dsalgo.automation.pages.HomePage - Navigated to DSAlgo portal: https://dsportalapp.herokuapp.com/
2025-05-05 21:32:04 INFO  com.dsalgo.automation.pages.HomePage - Clicked on Get Started button in DSAlgo Portal.
2025-05-05 21:32:04 INFO  com.dsalgo.automation.utils.NavigationUtil - Navigated to DS Algo Home Page
2025-05-05 21:32:04 INFO  com.dsalgo.automation.pages.HomePage - Clicked on Register link.
2025-05-05 21:32:05 ERROR com.dsalgo.automation.tests.RegisterPageTest - Assertion failed: Test failed: Incorrect error message displayed.
2025-05-05 21:32:05 INFO  com.dsalgo.automation.utils.NavigationUtil - Login performed successfully
2025-05-05 21:32:05 INFO  com.dsalgo.automation.tests.ArrayPageTest - Redirected to Traversal Text Edit Landing page successfully
2025-05-05 21:32:05 INFO  com.dsalgo.automation.pages.HomePage - Navigated to DSAlgo portal: https://dsportalapp.herokuapp.com/
2025-05-05 21:32:05 INFO  com.dsalgo.automation.pages.HomePage - clicked Get Startedlink on Tree 
2025-05-05 21:32:05 INFO  com.dsalgo.automation.pages.HomePage - Clicked on Get Started button in DSAlgo Portal.
2025-05-05 21:32:05 INFO  com.dsalgo.automation.utils.NavigationUtil - Navigated to DS Algo Home Page
2025-05-05 21:32:05 INFO  com.dsalgo.automation.pages.HomePage - Clicked on Register link.
2025-05-05 21:32:05 INFO  com.dsalgo.automation.pages.HomePage - Clicked on Sign out link.
2025-05-05 21:32:05 INFO  com.dsalgo.automation.pages.HomePage - HomePage initialized with WebDriver and waitHelper
2025-05-05 21:32:05 INFO  com.dsalgo.automation.pages.HomePage - HomePage initialized with WebDriver and waitHelper
2025-05-05 21:32:05 INFO  com.dsalgo.automation.pages.LoginPage - LoginPage initialized with WebDriver and waitHelper
2025-05-05 21:32:05 INFO  com.dsalgo.automation.pages.HomePage - Navigated to DSAlgo portal: https://dsportalapp.herokuapp.com/
2025-05-05 21:32:06 INFO  com.dsalgo.automation.pages.HomePage - Clicked on Get Started button in DSAlgo Portal.
2025-05-05 21:32:06 INFO  com.dsalgo.automation.utils.NavigationUtil - Navigated to DS Algo Home Page
2025-05-05 21:32:06 ERROR com.dsalgo.automation.tests.RegisterPageTest - Assertion failed: Test failed: Incorrect error message displayed.
2025-05-05 21:32:06 ERROR com.dsalgo.automation.tests.TreePageTest - Assertion failed: expected [true] but found [false]
2025-05-05 21:32:06 INFO  com.dsalgo.automation.pages.HomePage - Navigated to DSAlgo portal: https://dsportalapp.herokuapp.com/
2025-05-05 21:32:06 INFO  com.dsalgo.automation.pages.HomePage - Clicked on Signin link.
2025-05-05 21:32:06 INFO  com.dsalgo.automation.pages.HomePage - Clicked on Get Started button in DSAlgo Portal.
2025-05-05 21:32:06 INFO  com.dsalgo.automation.utils.NavigationUtil - Navigated to DS Algo Home Page
2025-05-05 21:32:06 INFO  com.dsalgo.automation.pages.HomePage - Clicked on Register link.
2025-05-05 21:32:06 INFO  com.dsalgo.automation.pages.HomePage - Clicked on Sign out link.
2025-05-05 21:32:06 INFO  com.dsalgo.automation.pages.HomePage - Navigated to DSAlgo portal: https://dsportalapp.herokuapp.com/
2025-05-05 21:32:06 ERROR com.dsalgo.automation.tests.RegisterPageTest - Assertion failed: Test failed: Incorrect error message displayed.
2025-05-05 21:32:07 INFO  com.dsalgo.automation.utils.NavigationUtil - Login performed successfully
2025-05-05 21:32:07 INFO  com.dsalgo.automation.pages.HomePage - Clicked on Get Started button in DSAlgo Portal.
2025-05-05 21:32:07 INFO  com.dsalgo.automation.utils.NavigationUtil - Navigated to DS Algo Home Page
2025-05-05 21:32:07 INFO  com.dsalgo.automation.pages.HomePage - clicked Get Startedlink on LinkedList
2025-05-05 21:32:07 INFO  com.dsalgo.automation.pages.HomePage - Clicked on Signin link.
2025-05-05 21:32:07 INFO  com.dsalgo.automation.pages.HomePage - Navigated to DSAlgo portal: https://dsportalapp.herokuapp.com/
2025-05-05 21:32:07 INFO  com.dsalgo.automation.pages.HomePage - Clicked on Get Started button in DSAlgo Portal.
2025-05-05 21:32:07 INFO  com.dsalgo.automation.utils.NavigationUtil - Navigated to DS Algo Home Page
2025-05-05 21:32:07 INFO  com.dsalgo.automation.tests.ArrayPageTest - Redirected to Types of Linked List Landing page successfully
2025-05-05 21:32:07 INFO  com.dsalgo.automation.pages.HomePage - Clicked on Register link.
2025-05-05 21:32:08 ERROR com.dsalgo.automation.tests.RegisterPageTest - Assertion failed: Test failed: Incorrect error message displayed.
2025-05-05 21:32:08 INFO  com.dsalgo.automation.utils.NavigationUtil - Login performed successfully
2025-05-05 21:32:08 INFO  com.dsalgo.automation.pages.HomePage - Clicked on Sign out link.
2025-05-05 21:32:08 INFO  com.dsalgo.automation.pages.HomePage - HomePage initialized with WebDriver and waitHelper
2025-05-05 21:32:08 INFO  com.dsalgo.automation.pages.HomePage - HomePage initialized with WebDriver and waitHelper
2025-05-05 21:32:08 INFO  com.dsalgo.automation.pages.LoginPage - LoginPage initialized with WebDriver and waitHelper
2025-05-05 21:32:08 INFO  com.dsalgo.automation.pages.HomePage - clicked Get Startedlink on Tree 
2025-05-05 21:32:08 INFO  com.dsalgo.automation.pages.HomePage - Navigated to DSAlgo portal: https://dsportalapp.herokuapp.com/
2025-05-05 21:32:08 INFO  com.dsalgo.automation.pages.HomePage - Navigated to DSAlgo portal: https://dsportalapp.herokuapp.com/
2025-05-05 21:32:08 INFO  com.dsalgo.automation.pages.HomePage - Clicked on Get Started button in DSAlgo Portal.
2025-05-05 21:32:08 INFO  com.dsalgo.automation.utils.NavigationUtil - Navigated to DS Algo Home Page
2025-05-05 21:32:08 INFO  com.dsalgo.automation.pages.HomePage - Clicked on Get Started button in DSAlgo Portal.
2025-05-05 21:32:08 INFO  com.dsalgo.automation.utils.NavigationUtil - Navigated to DS Algo Home Page
2025-05-05 21:32:08 INFO  com.dsalgo.automation.pages.HomePage - Clicked on Register link.
2025-05-05 21:32:08 INFO  com.dsalgo.automation.pages.HomePage - Clicked on Signin link.
2025-05-05 21:32:09 ERROR com.dsalgo.automation.tests.RegisterPageTest - Assertion failed: Test failed: Incorrect error message displayed.
2025-05-05 21:32:09 INFO  com.dsalgo.automation.pages.HomePage - Navigated to DSAlgo portal: https://dsportalapp.herokuapp.com/
2025-05-05 21:32:09 ERROR com.dsalgo.automation.tests.TreePageTest - Assertion failed: expected [true] but found [false]
2025-05-05 21:32:09 INFO  com.dsalgo.automation.pages.HomePage - Clicked on Get Started button in DSAlgo Portal.
2025-05-05 21:32:09 INFO  com.dsalgo.automation.utils.NavigationUtil - Navigated to DS Algo Home Page
2025-05-05 21:32:09 INFO  com.dsalgo.automation.pages.HomePage - Clicked on Register link.
2025-05-05 21:32:09 INFO  com.dsalgo.automation.utils.NavigationUtil - Login performed successfully
2025-05-05 21:32:09 INFO  com.dsalgo.automation.pages.HomePage - clicked Get Startedlink on LinkedList
2025-05-05 21:32:09 INFO  com.dsalgo.automation.pages.HomePage - Clicked on Sign out link.
2025-05-05 21:32:09 INFO  com.dsalgo.automation.pages.HomePage - Navigated to DSAlgo portal: https://dsportalapp.herokuapp.com/
2025-05-05 21:32:10 ERROR com.dsalgo.automation.tests.RegisterPageTest - Assertion failed: Test failed: Incorrect error message displayed.
2025-05-05 21:32:10 INFO  com.dsalgo.automation.pages.HomePage - Clicked on Get Started button in DSAlgo Portal.
2025-05-05 21:32:10 INFO  com.dsalgo.automation.utils.NavigationUtil - Navigated to DS Algo Home Page
2025-05-05 21:32:10 INFO  com.dsalgo.automation.pages.HomePage - Clicked on Signin link.
2025-05-05 21:32:10 INFO  com.dsalgo.automation.pages.HomePage - Navigated to DSAlgo portal: https://dsportalapp.herokuapp.com/
2025-05-05 21:32:10 INFO  com.dsalgo.automation.tests.ArrayPageTest - Redirected to Linked List Introuduction Text Edit Landing page successfully
2025-05-05 21:32:10 INFO  com.dsalgo.automation.pages.HomePage - Clicked on Get Started button in DSAlgo Portal.
2025-05-05 21:32:10 INFO  com.dsalgo.automation.utils.NavigationUtil - Navigated to DS Algo Home Page
2025-05-05 21:32:10 INFO  com.dsalgo.automation.pages.HomePage - Clicked on Register link.
2025-05-05 21:32:11 ERROR com.dsalgo.automation.tests.RegisterPageTest - Assertion failed: Test failed: Incorrect error message displayed.
2025-05-05 21:32:11 INFO  com.dsalgo.automation.pages.HomePage - Clicked on Sign out link.
2025-05-05 21:32:11 INFO  com.dsalgo.automation.utils.NavigationUtil - Login performed successfully
2025-05-05 21:32:11 INFO  com.dsalgo.automation.pages.HomePage - Navigated to DSAlgo portal: https://dsportalapp.herokuapp.com/
2025-05-05 21:32:11 INFO  com.dsalgo.automation.pages.HomePage - clicked Get Startedlink on Tree 
2025-05-05 21:32:11 INFO  com.dsalgo.automation.pages.HomePage - Clicked on Get Started button in DSAlgo Portal.
2025-05-05 21:32:11 INFO  com.dsalgo.automation.utils.NavigationUtil - Navigated to DS Algo Home Page
2025-05-05 21:32:11 INFO  com.dsalgo.automation.pages.HomePage - Clicked on Register link.
2025-05-05 21:32:11 ERROR com.dsalgo.automation.tests.RegisterPageTest - Assertion failed: Test failed: Incorrect error message displayed.
2025-05-05 21:32:12 INFO  com.dsalgo.automation.pages.HomePage - Navigated to DSAlgo portal: https://dsportalapp.herokuapp.com/
2025-05-05 21:32:12 ERROR com.dsalgo.automation.tests.TreePageTest - Assertion failed: expected [true] but found [false]
2025-05-05 21:32:12 INFO  com.dsalgo.automation.pages.HomePage - Clicked on Get Started button in DSAlgo Portal.
2025-05-05 21:32:12 INFO  com.dsalgo.automation.utils.NavigationUtil - Navigated to DS Algo Home Page
2025-05-05 21:32:12 INFO  com.dsalgo.automation.pages.HomePage - Clicked on Register link.
2025-05-05 21:32:12 ERROR com.dsalgo.automation.tests.RegisterPageTest - Assertion failed: Test failed: Incorrect error message displayed.
2025-05-05 21:32:12 INFO  com.dsalgo.automation.pages.HomePage - Clicked on Sign out link.
2025-05-05 21:32:12 DEBUG org.apache.poi.openxml4j.opc.PackageRelationshipCollection - Parsing relationship: /xl/_rels/workbook.xml.rels
2025-05-05 21:32:12 DEBUG org.apache.poi.openxml4j.opc.PackageRelationshipCollection - Parsing relationship: /_rels/.rels
2025-05-05 21:32:13 INFO  com.dsalgo.automation.pages.HomePage - Navigated to DSAlgo portal: https://dsportalapp.herokuapp.com/
2025-05-05 21:32:13 INFO  com.dsalgo.automation.pages.HomePage - Navigated to DSAlgo portal: https://dsportalapp.herokuapp.com/
2025-05-05 21:32:13 INFO  com.dsalgo.automation.pages.HomePage - Clicked on Get Started button in DSAlgo Portal.
2025-05-05 21:32:13 INFO  com.dsalgo.automation.utils.NavigationUtil - Navigated to DS Algo Home Page
2025-05-05 21:32:13 INFO  com.dsalgo.automation.pages.HomePage - Clicked on Get Started button in DSAlgo Portal.
2025-05-05 21:32:13 INFO  com.dsalgo.automation.utils.NavigationUtil - Navigated to DS Algo Home Page
2025-05-05 21:32:13 INFO  com.dsalgo.automation.pages.HomePage - Clicked on Register link.
2025-05-05 21:32:13 INFO  com.dsalgo.automation.pages.HomePage - Clicked on Signin link.
2025-05-05 21:32:13 INFO  com.dsalgo.automation.pages.HomePage - Navigated to DSAlgo portal: https://dsportalapp.herokuapp.com/
2025-05-05 21:32:14 INFO  com.dsalgo.automation.pages.HomePage - Clicked on Get Started button in DSAlgo Portal.
2025-05-05 21:32:14 INFO  com.dsalgo.automation.utils.NavigationUtil - Navigated to DS Algo Home Page
2025-05-05 21:32:14 INFO  com.dsalgo.automation.utils.NavigationUtil - Login performed successfully
2025-05-05 21:32:14 INFO  com.dsalgo.automation.pages.HomePage - clicked Get Startedlink on Tree 
2025-05-05 21:32:14 INFO  com.dsalgo.automation.pages.HomePage - Clicked on Register link.
2025-05-05 21:32:15 INFO  com.dsalgo.automation.pages.HomePage - Navigated to DSAlgo portal: https://dsportalapp.herokuapp.com/
2025-05-05 21:32:15 INFO  com.dsalgo.automation.pages.HomePage - Clicked on Sign out link.
2025-05-05 21:32:15 INFO  com.dsalgo.automation.pages.HomePage - Clicked on Get Started button in DSAlgo Portal.
2025-05-05 21:32:15 INFO  com.dsalgo.automation.utils.NavigationUtil - Navigated to DS Algo Home Page
2025-05-05 21:32:15 INFO  com.dsalgo.automation.pages.HomePage - Navigated to DSAlgo portal: https://dsportalapp.herokuapp.com/
2025-05-05 21:32:15 INFO  com.dsalgo.automation.pages.HomePage - Clicked on Register link.
2025-05-05 21:32:16 INFO  com.dsalgo.automation.pages.HomePage - Clicked on Get Started button in DSAlgo Portal.
2025-05-05 21:32:16 INFO  com.dsalgo.automation.utils.NavigationUtil - Navigated to DS Algo Home Page
2025-05-05 21:32:16 INFO  com.dsalgo.automation.pages.HomePage - Clicked on Signin link.
2025-05-05 21:32:16 INFO  com.dsalgo.automation.pages.HomePage - Navigated to DSAlgo portal: https://dsportalapp.herokuapp.com/
2025-05-05 21:32:16 INFO  com.dsalgo.automation.pages.HomePage - Clicked on Get Started button in DSAlgo Portal.
2025-05-05 21:32:16 INFO  com.dsalgo.automation.utils.NavigationUtil - Navigated to DS Algo Home Page
2025-05-05 21:32:16 INFO  com.dsalgo.automation.pages.HomePage - Clicked on Register link.
2025-05-05 21:32:16 INFO  com.dsalgo.automation.pages.HomePage - Navigated to DSAlgo portal: https://dsportalapp.herokuapp.com/
2025-05-05 21:32:16 INFO  com.dsalgo.automation.utils.NavigationUtil - Login performed successfully
2025-05-05 21:32:17 INFO  com.dsalgo.automation.pages.HomePage - Clicked on Get Started button in DSAlgo Portal.
2025-05-05 21:32:17 INFO  com.dsalgo.automation.utils.NavigationUtil - Navigated to DS Algo Home Page
2025-05-05 21:32:17 INFO  com.dsalgo.automation.pages.HomePage - clicked Get Startedlink on Tree 
2025-05-05 21:32:17 INFO  com.dsalgo.automation.pages.HomePage - Clicked on Register link.
2025-05-05 21:32:18 INFO  com.dsalgo.automation.pages.HomePage - Clicked on Sign out link.
2025-05-05 21:32:18 INFO  com.dsalgo.automation.pages.HomePage - Navigated to DSAlgo portal: https://dsportalapp.herokuapp.com/
2025-05-05 21:32:18 INFO  com.dsalgo.automation.pages.HomePage - Clicked on Get Started button in DSAlgo Portal.
2025-05-05 21:32:18 INFO  com.dsalgo.automation.utils.NavigationUtil - Navigated to DS Algo Home Page
2025-05-05 21:32:18 INFO  com.dsalgo.automation.pages.HomePage - Clicked on Signin link.
2025-05-05 21:32:19 INFO  com.dsalgo.automation.utils.NavigationUtil - Login performed successfully
2025-05-05 21:32:19 INFO  com.dsalgo.automation.pages.HomePage - clicked Get Startedlink on Tree 
2025-05-05 21:32:20 INFO  com.dsalgo.automation.pages.HomePage - Clicked on Sign out link.
2025-05-05 21:32:21 INFO  com.dsalgo.automation.pages.HomePage - Navigated to DSAlgo portal: https://dsportalapp.herokuapp.com/
2025-05-05 21:32:21 INFO  com.dsalgo.automation.pages.HomePage - Clicked on Get Started button in DSAlgo Portal.
2025-05-05 21:32:21 INFO  com.dsalgo.automation.utils.NavigationUtil - Navigated to DS Algo Home Page
2025-05-05 21:32:21 INFO  com.dsalgo.automation.pages.HomePage - Clicked on Signin link.
2025-05-05 21:32:21 INFO  com.dsalgo.automation.utils.NavigationUtil - Login performed successfully
2025-05-05 21:32:21 INFO  com.dsalgo.automation.pages.HomePage - clicked Get Startedlink on Tree 
2025-05-05 21:32:22 INFO  com.dsalgo.automation.pages.HomePage - Clicked on Sign out link.
2025-05-05 21:32:22 INFO  com.dsalgo.automation.pages.HomePage - Navigated to DSAlgo portal: https://dsportalapp.herokuapp.com/
2025-05-05 21:32:23 INFO  com.dsalgo.automation.pages.HomePage - Clicked on Get Started button in DSAlgo Portal.
2025-05-05 21:32:23 INFO  com.dsalgo.automation.utils.NavigationUtil - Navigated to DS Algo Home Page
2025-05-05 21:32:23 INFO  com.dsalgo.automation.pages.HomePage - Clicked on Signin link.
2025-05-05 21:32:23 INFO  com.dsalgo.automation.utils.NavigationUtil - Login performed successfully
2025-05-05 21:32:23 INFO  com.dsalgo.automation.pages.HomePage - clicked Get Startedlink on Tree 
2025-05-05 21:32:24 ERROR com.dsalgo.automation.tests.TreePageTest - Assertion failed: expected [true] but found [false]
2025-05-05 21:32:25 INFO  com.dsalgo.automation.pages.HomePage - Clicked on Sign out link.
2025-05-05 21:32:25 INFO  com.dsalgo.automation.pages.HomePage - Navigated to DSAlgo portal: https://dsportalapp.herokuapp.com/
2025-05-05 21:32:25 INFO  com.dsalgo.automation.pages.HomePage - Clicked on Get Started button in DSAlgo Portal.
2025-05-05 21:32:25 INFO  com.dsalgo.automation.utils.NavigationUtil - Navigated to DS Algo Home Page
2025-05-05 21:32:25 INFO  com.dsalgo.automation.pages.HomePage - Clicked on Signin link.
2025-05-05 21:32:26 INFO  com.dsalgo.automation.utils.NavigationUtil - Login performed successfully
2025-05-05 21:32:26 INFO  com.dsalgo.automation.pages.HomePage - clicked Get Startedlink on Tree 
2025-05-05 21:32:26 ERROR com.dsalgo.automation.tests.TreePageTest - Assertion failed: expected [true] but found [false]
2025-05-05 21:32:27 INFO  com.dsalgo.automation.pages.HomePage - Clicked on Sign out link.
2025-05-05 21:32:27 INFO  com.dsalgo.automation.pages.HomePage - Navigated to DSAlgo portal: https://dsportalapp.herokuapp.com/
2025-05-05 21:32:27 INFO  com.dsalgo.automation.pages.HomePage - Clicked on Get Started button in DSAlgo Portal.
2025-05-05 21:32:27 INFO  com.dsalgo.automation.utils.NavigationUtil - Navigated to DS Algo Home Page
2025-05-05 21:32:27 INFO  com.dsalgo.automation.pages.HomePage - Clicked on Signin link.
2025-05-05 21:32:27 INFO  com.dsalgo.automation.utils.NavigationUtil - Login performed successfully
2025-05-05 21:32:28 INFO  com.dsalgo.automation.pages.HomePage - clicked Get Startedlink on Tree 
2025-05-05 21:32:29 ERROR com.dsalgo.automation.tests.TreePageTest - Assertion failed: expected [true] but found [false]
2025-05-05 21:32:29 INFO  com.dsalgo.automation.pages.HomePage - Clicked on Sign out link.
2025-05-05 21:32:29 DEBUG org.apache.poi.openxml4j.opc.PackageRelationshipCollection - Parsing relationship: /xl/_rels/workbook.xml.rels
2025-05-05 21:32:29 DEBUG org.apache.poi.openxml4j.opc.PackageRelationshipCollection - Parsing relationship: /_rels/.rels
2025-05-05 21:32:30 INFO  com.dsalgo.automation.pages.HomePage - Navigated to DSAlgo portal: https://dsportalapp.herokuapp.com/
2025-05-05 21:32:30 INFO  com.dsalgo.automation.pages.HomePage - Clicked on Get Started button in DSAlgo Portal.
2025-05-05 21:32:30 INFO  com.dsalgo.automation.utils.NavigationUtil - Navigated to DS Algo Home Page
2025-05-05 21:32:30 INFO  com.dsalgo.automation.pages.HomePage - Clicked on Signin link.
2025-05-05 21:32:30 INFO  com.dsalgo.automation.utils.NavigationUtil - Login performed successfully
2025-05-05 21:32:31 INFO  com.dsalgo.automation.pages.HomePage - clicked Get Startedlink on Tree 
2025-05-05 21:32:32 INFO  com.dsalgo.automation.pages.HomePage - Clicked on Sign out link.
2025-05-05 21:32:32 INFO  com.dsalgo.automation.pages.HomePage - Navigated to DSAlgo portal: https://dsportalapp.herokuapp.com/
2025-05-05 21:32:32 INFO  com.dsalgo.automation.pages.HomePage - Clicked on Get Started button in DSAlgo Portal.
2025-05-05 21:32:32 INFO  com.dsalgo.automation.utils.NavigationUtil - Navigated to DS Algo Home Page
2025-05-05 21:32:32 INFO  com.dsalgo.automation.pages.HomePage - Clicked on Signin link.
2025-05-05 21:32:33 INFO  com.dsalgo.automation.utils.NavigationUtil - Login performed successfully
2025-05-05 21:32:33 INFO  com.dsalgo.automation.pages.HomePage - clicked Get Startedlink on Tree 
2025-05-05 21:32:34 INFO  com.dsalgo.automation.pages.HomePage - Clicked on Sign out link.
2025-05-05 21:32:34 INFO  com.dsalgo.automation.pages.HomePage - Navigated to DSAlgo portal: https://dsportalapp.herokuapp.com/
2025-05-05 21:32:34 INFO  com.dsalgo.automation.pages.HomePage - Clicked on Get Started button in DSAlgo Portal.
2025-05-05 21:32:34 INFO  com.dsalgo.automation.utils.NavigationUtil - Navigated to DS Algo Home Page
2025-05-05 21:32:34 INFO  com.dsalgo.automation.pages.HomePage - Clicked on Signin link.
2025-05-05 21:32:35 INFO  com.dsalgo.automation.utils.NavigationUtil - Login performed successfully
2025-05-05 21:32:35 INFO  com.dsalgo.automation.pages.HomePage - clicked Get Startedlink on Tree 
2025-05-05 21:32:36 INFO  com.dsalgo.automation.pages.HomePage - Clicked on Sign out link.
2025-05-05 21:32:36 INFO  com.dsalgo.automation.pages.HomePage - Navigated to DSAlgo portal: https://dsportalapp.herokuapp.com/
2025-05-05 21:32:36 INFO  com.dsalgo.automation.pages.HomePage - Clicked on Get Started button in DSAlgo Portal.
2025-05-05 21:32:36 INFO  com.dsalgo.automation.utils.NavigationUtil - Navigated to DS Algo Home Page
2025-05-05 21:32:37 INFO  com.dsalgo.automation.pages.HomePage - Clicked on Signin link.
2025-05-05 21:32:37 INFO  com.dsalgo.automation.utils.NavigationUtil - Login performed successfully
2025-05-05 21:32:37 INFO  com.dsalgo.automation.pages.HomePage - clicked Get Startedlink on Tree 
2025-05-05 21:32:38 INFO  com.dsalgo.automation.pages.HomePage - Clicked on Sign out link.
2025-05-05 21:32:38 INFO  com.dsalgo.automation.pages.HomePage - Navigated to DSAlgo portal: https://dsportalapp.herokuapp.com/
2025-05-05 21:32:39 INFO  com.dsalgo.automation.pages.HomePage - Clicked on Get Started button in DSAlgo Portal.
2025-05-05 21:32:39 INFO  com.dsalgo.automation.utils.NavigationUtil - Navigated to DS Algo Home Page
2025-05-05 21:32:39 INFO  com.dsalgo.automation.pages.HomePage - Clicked on Signin link.
2025-05-05 21:32:39 INFO  com.dsalgo.automation.utils.NavigationUtil - Login performed successfully
2025-05-05 21:32:39 INFO  com.dsalgo.automation.pages.HomePage - clicked Get Startedlink on Tree 
2025-05-05 21:32:40 INFO  com.dsalgo.automation.pages.HomePage - Clicked on Sign out link.
2025-05-05 21:32:40 INFO  com.dsalgo.automation.pages.HomePage - Navigated to DSAlgo portal: https://dsportalapp.herokuapp.com/
2025-05-05 21:32:41 INFO  com.dsalgo.automation.pages.HomePage - Clicked on Get Started button in DSAlgo Portal.
2025-05-05 21:32:41 INFO  com.dsalgo.automation.utils.NavigationUtil - Navigated to DS Algo Home Page
2025-05-05 21:32:41 INFO  com.dsalgo.automation.pages.HomePage - Clicked on Signin link.
2025-05-05 21:32:41 INFO  com.dsalgo.automation.utils.NavigationUtil - Login performed successfully
2025-05-05 21:32:41 INFO  com.dsalgo.automation.pages.HomePage - clicked Get Startedlink on Tree 
2025-05-05 21:32:42 INFO  com.dsalgo.automation.pages.HomePage - Clicked on Sign out link.
2025-05-05 21:32:42 INFO  com.dsalgo.automation.pages.HomePage - Navigated to DSAlgo portal: https://dsportalapp.herokuapp.com/
2025-05-05 21:32:43 INFO  com.dsalgo.automation.pages.HomePage - Clicked on Get Started button in DSAlgo Portal.
2025-05-05 21:32:43 INFO  com.dsalgo.automation.utils.NavigationUtil - Navigated to DS Algo Home Page
2025-05-05 21:32:43 INFO  com.dsalgo.automation.pages.HomePage - Clicked on Signin link.
2025-05-05 21:32:43 INFO  com.dsalgo.automation.utils.NavigationUtil - Login performed successfully
2025-05-05 21:32:43 INFO  com.dsalgo.automation.pages.HomePage - clicked Get Startedlink on Tree 
2025-05-05 21:32:44 ERROR com.dsalgo.automation.tests.TreePageTest - Assertion failed: expected [true] but found [false]
2025-05-05 21:32:44 INFO  com.dsalgo.automation.pages.HomePage - Clicked on Sign out link.
2025-05-05 21:32:45 INFO  com.dsalgo.automation.pages.HomePage - Navigated to DSAlgo portal: https://dsportalapp.herokuapp.com/
2025-05-05 21:32:45 INFO  com.dsalgo.automation.pages.HomePage - Clicked on Get Started button in DSAlgo Portal.
2025-05-05 21:32:45 INFO  com.dsalgo.automation.utils.NavigationUtil - Navigated to DS Algo Home Page
2025-05-05 21:32:45 INFO  com.dsalgo.automation.pages.HomePage - Clicked on Signin link.
2025-05-05 21:32:45 INFO  com.dsalgo.automation.utils.NavigationUtil - Login performed successfully
2025-05-05 21:32:46 INFO  com.dsalgo.automation.pages.HomePage - clicked Get Startedlink on Tree 
2025-05-05 21:32:46 ERROR com.dsalgo.automation.tests.TreePageTest - Assertion failed: expected [true] but found [false]
2025-05-05 21:32:47 INFO  com.dsalgo.automation.pages.HomePage - Clicked on Sign out link.
2025-05-05 21:32:47 INFO  com.dsalgo.automation.pages.HomePage - Navigated to DSAlgo portal: https://dsportalapp.herokuapp.com/
2025-05-05 21:32:47 INFO  com.dsalgo.automation.pages.HomePage - Clicked on Get Started button in DSAlgo Portal.
2025-05-05 21:32:47 INFO  com.dsalgo.automation.utils.NavigationUtil - Navigated to DS Algo Home Page
2025-05-05 21:32:47 INFO  com.dsalgo.automation.pages.HomePage - Clicked on Signin link.
2025-05-05 21:32:47 INFO  com.dsalgo.automation.utils.NavigationUtil - Login performed successfully
2025-05-05 21:32:48 INFO  com.dsalgo.automation.pages.HomePage - clicked Get Startedlink on Tree 
2025-05-05 21:32:48 ERROR com.dsalgo.automation.tests.TreePageTest - Assertion failed: expected [true] but found [false]
2025-05-05 21:32:49 INFO  com.dsalgo.automation.pages.HomePage - Clicked on Sign out link.
2025-05-05 21:32:49 DEBUG org.apache.poi.openxml4j.opc.PackageRelationshipCollection - Parsing relationship: /xl/_rels/workbook.xml.rels
2025-05-05 21:32:49 DEBUG org.apache.poi.openxml4j.opc.PackageRelationshipCollection - Parsing relationship: /_rels/.rels
2025-05-05 21:32:49 INFO  com.dsalgo.automation.pages.HomePage - Navigated to DSAlgo portal: https://dsportalapp.herokuapp.com/
2025-05-05 21:32:49 INFO  com.dsalgo.automation.pages.HomePage - Clicked on Get Started button in DSAlgo Portal.
2025-05-05 21:32:49 INFO  com.dsalgo.automation.utils.NavigationUtil - Navigated to DS Algo Home Page
2025-05-05 21:32:50 INFO  com.dsalgo.automation.pages.HomePage - Clicked on Signin link.
2025-05-05 21:32:50 INFO  com.dsalgo.automation.utils.NavigationUtil - Login performed successfully
2025-05-05 21:32:50 INFO  com.dsalgo.automation.pages.HomePage - clicked Get Startedlink on Tree 
2025-05-05 21:32:51 INFO  com.dsalgo.automation.pages.HomePage - Clicked on Sign out link.
2025-05-05 21:32:52 INFO  com.dsalgo.automation.pages.HomePage - Navigated to DSAlgo portal: https://dsportalapp.herokuapp.com/
2025-05-05 21:32:52 INFO  com.dsalgo.automation.pages.HomePage - Clicked on Get Started button in DSAlgo Portal.
2025-05-05 21:32:52 INFO  com.dsalgo.automation.utils.NavigationUtil - Navigated to DS Algo Home Page
2025-05-05 21:32:52 INFO  com.dsalgo.automation.pages.HomePage - Clicked on Signin link.
2025-05-05 21:32:52 INFO  com.dsalgo.automation.utils.NavigationUtil - Login performed successfully
2025-05-05 21:32:53 INFO  com.dsalgo.automation.pages.HomePage - clicked Get Startedlink on Tree 
2025-05-05 21:32:54 INFO  com.dsalgo.automation.pages.HomePage - Clicked on Sign out link.
2025-05-05 21:32:54 INFO  com.dsalgo.automation.pages.HomePage - Navigated to DSAlgo portal: https://dsportalapp.herokuapp.com/
2025-05-05 21:32:54 INFO  com.dsalgo.automation.pages.HomePage - Clicked on Get Started button in DSAlgo Portal.
2025-05-05 21:32:54 INFO  com.dsalgo.automation.utils.NavigationUtil - Navigated to DS Algo Home Page
2025-05-05 21:32:54 INFO  com.dsalgo.automation.pages.HomePage - Clicked on Signin link.
2025-05-05 21:32:54 INFO  com.dsalgo.automation.utils.NavigationUtil - Login performed successfully
2025-05-05 21:32:55 INFO  com.dsalgo.automation.pages.HomePage - clicked Get Startedlink on Tree 
2025-05-05 21:32:56 INFO  com.dsalgo.automation.pages.HomePage - Clicked on Sign out link.
2025-05-05 21:32:56 INFO  com.dsalgo.automation.pages.HomePage - Navigated to DSAlgo portal: https://dsportalapp.herokuapp.com/
2025-05-05 21:32:56 INFO  com.dsalgo.automation.pages.HomePage - Clicked on Get Started button in DSAlgo Portal.
2025-05-05 21:32:56 INFO  com.dsalgo.automation.utils.NavigationUtil - Navigated to DS Algo Home Page
2025-05-05 21:32:57 INFO  com.dsalgo.automation.pages.HomePage - Clicked on Signin link.
2025-05-05 21:32:57 INFO  com.dsalgo.automation.utils.NavigationUtil - Login performed successfully
2025-05-05 21:32:57 INFO  com.dsalgo.automation.pages.HomePage - clicked Get Startedlink on Tree 
2025-05-05 21:32:58 INFO  com.dsalgo.automation.pages.HomePage - Clicked on Sign out link.
2025-05-05 21:32:59 INFO  com.dsalgo.automation.pages.HomePage - Navigated to DSAlgo portal: https://dsportalapp.herokuapp.com/
2025-05-05 21:32:59 INFO  com.dsalgo.automation.pages.HomePage - Clicked on Get Started button in DSAlgo Portal.
2025-05-05 21:32:59 INFO  com.dsalgo.automation.utils.NavigationUtil - Navigated to DS Algo Home Page
2025-05-05 21:32:59 INFO  com.dsalgo.automation.pages.HomePage - Clicked on Signin link.
2025-05-05 21:32:59 INFO  com.dsalgo.automation.utils.NavigationUtil - Login performed successfully
2025-05-05 21:32:59 INFO  com.dsalgo.automation.pages.HomePage - clicked Get Startedlink on Tree 
2025-05-05 21:33:00 INFO  com.dsalgo.automation.pages.HomePage - Clicked on Sign out link.
2025-05-05 21:33:00 INFO  com.dsalgo.automation.pages.HomePage - Navigated to DSAlgo portal: https://dsportalapp.herokuapp.com/
2025-05-05 21:33:01 INFO  com.dsalgo.automation.pages.HomePage - Clicked on Get Started button in DSAlgo Portal.
2025-05-05 21:33:01 INFO  com.dsalgo.automation.utils.NavigationUtil - Navigated to DS Algo Home Page
2025-05-05 21:33:01 INFO  com.dsalgo.automation.pages.HomePage - Clicked on Signin link.
2025-05-05 21:33:01 INFO  com.dsalgo.automation.utils.NavigationUtil - Login performed successfully
2025-05-05 21:33:01 INFO  com.dsalgo.automation.pages.HomePage - clicked Get Startedlink on Tree 
2025-05-05 21:33:02 ERROR com.dsalgo.automation.tests.TreePageTest - Assertion failed: expected [true] but found [false]
2025-05-05 21:33:03 INFO  com.dsalgo.automation.pages.HomePage - Clicked on Sign out link.
2025-05-05 21:33:03 INFO  com.dsalgo.automation.pages.HomePage - Navigated to DSAlgo portal: https://dsportalapp.herokuapp.com/
2025-05-05 21:33:03 INFO  com.dsalgo.automation.pages.HomePage - Clicked on Get Started button in DSAlgo Portal.
2025-05-05 21:33:03 INFO  com.dsalgo.automation.utils.NavigationUtil - Navigated to DS Algo Home Page
2025-05-05 21:33:03 INFO  com.dsalgo.automation.pages.HomePage - Clicked on Signin link.
2025-05-05 21:33:04 INFO  com.dsalgo.automation.utils.NavigationUtil - Login performed successfully
2025-05-05 21:33:04 INFO  com.dsalgo.automation.pages.HomePage - clicked Get Startedlink on Tree 
2025-05-05 21:33:04 ERROR com.dsalgo.automation.tests.TreePageTest - Assertion failed: expected [true] but found [false]
2025-05-05 21:33:05 INFO  com.dsalgo.automation.pages.HomePage - Clicked on Sign out link.
2025-05-05 21:33:05 INFO  com.dsalgo.automation.pages.HomePage - Navigated to DSAlgo portal: https://dsportalapp.herokuapp.com/
2025-05-05 21:33:05 INFO  com.dsalgo.automation.pages.HomePage - Clicked on Get Started button in DSAlgo Portal.
2025-05-05 21:33:05 INFO  com.dsalgo.automation.utils.NavigationUtil - Navigated to DS Algo Home Page
2025-05-05 21:33:05 INFO  com.dsalgo.automation.pages.HomePage - Clicked on Signin link.
2025-05-05 21:33:06 INFO  com.dsalgo.automation.utils.NavigationUtil - Login performed successfully
2025-05-05 21:33:06 INFO  com.dsalgo.automation.pages.HomePage - clicked Get Startedlink on Tree 
2025-05-05 21:33:06 ERROR com.dsalgo.automation.tests.TreePageTest - Assertion failed: expected [true] but found [false]
2025-05-05 21:33:07 INFO  com.dsalgo.automation.pages.HomePage - Clicked on Sign out link.
2025-05-05 21:33:07 DEBUG org.apache.poi.openxml4j.opc.PackageRelationshipCollection - Parsing relationship: /xl/_rels/workbook.xml.rels
2025-05-05 21:33:07 DEBUG org.apache.poi.openxml4j.opc.PackageRelationshipCollection - Parsing relationship: /_rels/.rels
2025-05-05 21:33:07 INFO  com.dsalgo.automation.pages.HomePage - Navigated to DSAlgo portal: https://dsportalapp.herokuapp.com/
2025-05-05 21:33:07 INFO  com.dsalgo.automation.pages.HomePage - Clicked on Get Started button in DSAlgo Portal.
2025-05-05 21:33:07 INFO  com.dsalgo.automation.utils.NavigationUtil - Navigated to DS Algo Home Page
2025-05-05 21:33:07 INFO  com.dsalgo.automation.pages.HomePage - Clicked on Signin link.
2025-05-05 21:33:08 INFO  com.dsalgo.automation.utils.NavigationUtil - Login performed successfully
2025-05-05 21:33:08 INFO  com.dsalgo.automation.pages.HomePage - clicked Get Startedlink on Tree 
2025-05-05 21:33:09 INFO  com.dsalgo.automation.pages.HomePage - Clicked on Sign out link.
2025-05-05 21:33:10 INFO  com.dsalgo.automation.pages.HomePage - Navigated to DSAlgo portal: https://dsportalapp.herokuapp.com/
2025-05-05 21:33:10 INFO  com.dsalgo.automation.pages.HomePage - Clicked on Get Started button in DSAlgo Portal.
2025-05-05 21:33:10 INFO  com.dsalgo.automation.utils.NavigationUtil - Navigated to DS Algo Home Page
2025-05-05 21:33:10 INFO  com.dsalgo.automation.pages.HomePage - Clicked on Signin link.
2025-05-05 21:33:11 INFO  com.dsalgo.automation.utils.NavigationUtil - Login performed successfully
2025-05-05 21:33:11 INFO  com.dsalgo.automation.pages.HomePage - clicked Get Startedlink on Tree 
2025-05-05 21:33:12 INFO  com.dsalgo.automation.pages.HomePage - Clicked on Sign out link.
2025-05-05 21:33:12 INFO  com.dsalgo.automation.pages.HomePage - Navigated to DSAlgo portal: https://dsportalapp.herokuapp.com/
2025-05-05 21:33:12 INFO  com.dsalgo.automation.pages.HomePage - Clicked on Get Started button in DSAlgo Portal.
2025-05-05 21:33:12 INFO  com.dsalgo.automation.utils.NavigationUtil - Navigated to DS Algo Home Page
2025-05-05 21:33:12 INFO  com.dsalgo.automation.pages.HomePage - Clicked on Signin link.
2025-05-05 21:33:13 INFO  com.dsalgo.automation.utils.NavigationUtil - Login performed successfully
2025-05-05 21:33:13 INFO  com.dsalgo.automation.pages.HomePage - clicked Get Startedlink on Tree 
2025-05-05 21:33:14 INFO  com.dsalgo.automation.pages.HomePage - Clicked on Sign out link.
2025-05-05 21:33:14 INFO  com.dsalgo.automation.pages.HomePage - Navigated to DSAlgo portal: https://dsportalapp.herokuapp.com/
2025-05-05 21:33:14 INFO  com.dsalgo.automation.pages.HomePage - Clicked on Get Started button in DSAlgo Portal.
2025-05-05 21:33:14 INFO  com.dsalgo.automation.utils.NavigationUtil - Navigated to DS Algo Home Page
2025-05-05 21:33:15 INFO  com.dsalgo.automation.pages.HomePage - Clicked on Signin link.
2025-05-05 21:33:15 INFO  com.dsalgo.automation.utils.NavigationUtil - Login performed successfully
2025-05-05 21:33:15 INFO  com.dsalgo.automation.pages.HomePage - clicked Get Startedlink on Tree 
2025-05-05 21:33:16 INFO  com.dsalgo.automation.pages.HomePage - Clicked on Sign out link.
2025-05-05 21:33:16 INFO  com.dsalgo.automation.pages.HomePage - Navigated to DSAlgo portal: https://dsportalapp.herokuapp.com/
2025-05-05 21:33:16 INFO  com.dsalgo.automation.pages.HomePage - Clicked on Get Started button in DSAlgo Portal.
2025-05-05 21:33:16 INFO  com.dsalgo.automation.utils.NavigationUtil - Navigated to DS Algo Home Page
2025-05-05 21:33:17 INFO  com.dsalgo.automation.pages.HomePage - Clicked on Signin link.
2025-05-05 21:33:17 INFO  com.dsalgo.automation.utils.NavigationUtil - Login performed successfully
2025-05-05 21:33:17 INFO  com.dsalgo.automation.pages.HomePage - clicked Get Startedlink on Tree 
2025-05-05 21:33:18 INFO  com.dsalgo.automation.pages.HomePage - Clicked on Sign out link.
2025-05-05 21:33:18 INFO  com.dsalgo.automation.pages.HomePage - Navigated to DSAlgo portal: https://dsportalapp.herokuapp.com/
2025-05-05 21:33:19 INFO  com.dsalgo.automation.pages.HomePage - Clicked on Get Started button in DSAlgo Portal.
2025-05-05 21:33:19 INFO  com.dsalgo.automation.utils.NavigationUtil - Navigated to DS Algo Home Page
2025-05-05 21:33:19 INFO  com.dsalgo.automation.pages.HomePage - Clicked on Signin link.
2025-05-05 21:33:19 INFO  com.dsalgo.automation.utils.NavigationUtil - Login performed successfully
2025-05-05 21:33:19 INFO  com.dsalgo.automation.pages.HomePage - clicked Get Startedlink on Tree 
2025-05-05 21:33:20 ERROR com.dsalgo.automation.tests.TreePageTest - Assertion failed: expected [true] but found [false]
2025-05-05 21:33:21 INFO  com.dsalgo.automation.pages.HomePage - Clicked on Sign out link.
2025-05-05 21:33:21 INFO  com.dsalgo.automation.pages.HomePage - Navigated to DSAlgo portal: https://dsportalapp.herokuapp.com/
2025-05-05 21:33:21 INFO  com.dsalgo.automation.pages.HomePage - Clicked on Get Started button in DSAlgo Portal.
2025-05-05 21:33:21 INFO  com.dsalgo.automation.utils.NavigationUtil - Navigated to DS Algo Home Page
2025-05-05 21:33:21 INFO  com.dsalgo.automation.pages.HomePage - Clicked on Signin link.
2025-05-05 21:33:22 INFO  com.dsalgo.automation.utils.NavigationUtil - Login performed successfully
2025-05-05 21:33:22 INFO  com.dsalgo.automation.pages.HomePage - clicked Get Startedlink on Tree 
2025-05-05 21:33:22 ERROR com.dsalgo.automation.tests.TreePageTest - Assertion failed: expected [true] but found [false]
2025-05-05 21:33:23 INFO  com.dsalgo.automation.pages.HomePage - Clicked on Sign out link.
2025-05-05 21:33:23 INFO  com.dsalgo.automation.pages.HomePage - Navigated to DSAlgo portal: https://dsportalapp.herokuapp.com/
2025-05-05 21:33:23 INFO  com.dsalgo.automation.pages.HomePage - Clicked on Get Started button in DSAlgo Portal.
2025-05-05 21:33:23 INFO  com.dsalgo.automation.utils.NavigationUtil - Navigated to DS Algo Home Page
2025-05-05 21:33:23 INFO  com.dsalgo.automation.pages.HomePage - Clicked on Signin link.
2025-05-05 21:33:24 INFO  com.dsalgo.automation.utils.NavigationUtil - Login performed successfully
2025-05-05 21:33:24 INFO  com.dsalgo.automation.pages.HomePage - clicked Get Startedlink on Tree 
2025-05-05 21:33:24 ERROR com.dsalgo.automation.tests.TreePageTest - Assertion failed: expected [true] but found [false]
2025-05-05 21:33:25 INFO  com.dsalgo.automation.pages.HomePage - Clicked on Sign out link.
2025-05-05 21:33:25 DEBUG org.apache.poi.openxml4j.opc.PackageRelationshipCollection - Parsing relationship: /xl/_rels/workbook.xml.rels
2025-05-05 21:33:25 DEBUG org.apache.poi.openxml4j.opc.PackageRelationshipCollection - Parsing relationship: /_rels/.rels
2025-05-05 21:33:25 INFO  com.dsalgo.automation.pages.HomePage - Navigated to DSAlgo portal: https://dsportalapp.herokuapp.com/
2025-05-05 21:33:25 INFO  com.dsalgo.automation.pages.HomePage - Clicked on Get Started button in DSAlgo Portal.
2025-05-05 21:33:25 INFO  com.dsalgo.automation.utils.NavigationUtil - Navigated to DS Algo Home Page
2025-05-05 21:33:26 INFO  com.dsalgo.automation.pages.HomePage - Clicked on Signin link.
2025-05-05 21:33:26 INFO  com.dsalgo.automation.utils.NavigationUtil - Login performed successfully
2025-05-05 21:33:26 INFO  com.dsalgo.automation.pages.HomePage - clicked Get Startedlink on Tree 
2025-05-05 21:33:27 INFO  com.dsalgo.automation.pages.HomePage - Clicked on Sign out link.
2025-05-05 21:33:28 INFO  com.dsalgo.automation.pages.HomePage - Navigated to DSAlgo portal: https://dsportalapp.herokuapp.com/
2025-05-05 21:33:28 INFO  com.dsalgo.automation.pages.HomePage - Clicked on Get Started button in DSAlgo Portal.
2025-05-05 21:33:28 INFO  com.dsalgo.automation.utils.NavigationUtil - Navigated to DS Algo Home Page
2025-05-05 21:33:28 INFO  com.dsalgo.automation.pages.HomePage - Clicked on Signin link.
2025-05-05 21:33:28 INFO  com.dsalgo.automation.utils.NavigationUtil - Login performed successfully
2025-05-05 21:33:29 INFO  com.dsalgo.automation.pages.HomePage - clicked Get Startedlink on Tree 
2025-05-05 21:33:30 INFO  com.dsalgo.automation.pages.HomePage - Clicked on Sign out link.
2025-05-05 21:33:30 INFO  com.dsalgo.automation.pages.HomePage - Navigated to DSAlgo portal: https://dsportalapp.herokuapp.com/
2025-05-05 21:33:30 INFO  com.dsalgo.automation.pages.HomePage - Clicked on Get Started button in DSAlgo Portal.
2025-05-05 21:33:30 INFO  com.dsalgo.automation.utils.NavigationUtil - Navigated to DS Algo Home Page
2025-05-05 21:33:31 INFO  com.dsalgo.automation.pages.HomePage - Clicked on Signin link.
2025-05-05 21:33:31 INFO  com.dsalgo.automation.utils.NavigationUtil - Login performed successfully
2025-05-05 21:33:31 INFO  com.dsalgo.automation.pages.HomePage - clicked Get Startedlink on Tree 
2025-05-05 21:33:32 INFO  com.dsalgo.automation.pages.HomePage - Clicked on Sign out link.
2025-05-05 21:33:32 INFO  com.dsalgo.automation.pages.HomePage - Navigated to DSAlgo portal: https://dsportalapp.herokuapp.com/
2025-05-05 21:33:33 INFO  com.dsalgo.automation.pages.HomePage - Clicked on Get Started button in DSAlgo Portal.
2025-05-05 21:33:33 INFO  com.dsalgo.automation.utils.NavigationUtil - Navigated to DS Algo Home Page
2025-05-05 21:33:33 INFO  com.dsalgo.automation.pages.HomePage - Clicked on Signin link.
2025-05-05 21:33:33 INFO  com.dsalgo.automation.utils.NavigationUtil - Login performed successfully
2025-05-05 21:33:33 INFO  com.dsalgo.automation.pages.HomePage - clicked Get Startedlink on Tree 
2025-05-05 21:33:34 INFO  com.dsalgo.automation.pages.HomePage - Clicked on Sign out link.
2025-05-05 21:33:34 INFO  com.dsalgo.automation.pages.HomePage - Navigated to DSAlgo portal: https://dsportalapp.herokuapp.com/
2025-05-05 21:33:35 INFO  com.dsalgo.automation.pages.HomePage - Clicked on Get Started button in DSAlgo Portal.
2025-05-05 21:33:35 INFO  com.dsalgo.automation.utils.NavigationUtil - Navigated to DS Algo Home Page
2025-05-05 21:33:35 INFO  com.dsalgo.automation.pages.HomePage - Clicked on Signin link.
2025-05-05 21:33:35 INFO  com.dsalgo.automation.utils.NavigationUtil - Login performed successfully
2025-05-05 21:33:35 INFO  com.dsalgo.automation.pages.HomePage - clicked Get Startedlink on Tree 
2025-05-05 21:33:36 INFO  com.dsalgo.automation.pages.HomePage - Clicked on Sign out link.
2025-05-05 21:33:36 INFO  com.dsalgo.automation.pages.HomePage - Navigated to DSAlgo portal: https://dsportalapp.herokuapp.com/
2025-05-05 21:33:37 INFO  com.dsalgo.automation.pages.HomePage - Clicked on Get Started button in DSAlgo Portal.
2025-05-05 21:33:37 INFO  com.dsalgo.automation.utils.NavigationUtil - Navigated to DS Algo Home Page
2025-05-05 21:33:37 INFO  com.dsalgo.automation.pages.HomePage - Clicked on Signin link.
2025-05-05 21:33:37 INFO  com.dsalgo.automation.utils.NavigationUtil - Login performed successfully
2025-05-05 21:33:37 INFO  com.dsalgo.automation.pages.HomePage - clicked Get Startedlink on Tree 
2025-05-05 21:33:38 INFO  com.dsalgo.automation.pages.HomePage - Clicked on Sign out link.
2025-05-05 21:33:38 INFO  com.dsalgo.automation.pages.HomePage - Navigated to DSAlgo portal: https://dsportalapp.herokuapp.com/
2025-05-05 21:33:39 INFO  com.dsalgo.automation.pages.HomePage - Clicked on Get Started button in DSAlgo Portal.
2025-05-05 21:33:39 INFO  com.dsalgo.automation.utils.NavigationUtil - Navigated to DS Algo Home Page
2025-05-05 21:33:39 INFO  com.dsalgo.automation.pages.HomePage - Clicked on Signin link.
2025-05-05 21:33:39 INFO  com.dsalgo.automation.utils.NavigationUtil - Login performed successfully
2025-05-05 21:33:39 INFO  com.dsalgo.automation.pages.HomePage - clicked Get Startedlink on Tree 
2025-05-05 21:33:40 ERROR com.dsalgo.automation.tests.TreePageTest - Assertion failed: expected [true] but found [false]
2025-05-05 21:33:40 INFO  com.dsalgo.automation.pages.HomePage - Clicked on Sign out link.
2025-05-05 21:33:41 INFO  com.dsalgo.automation.pages.HomePage - Navigated to DSAlgo portal: https://dsportalapp.herokuapp.com/
2025-05-05 21:33:41 INFO  com.dsalgo.automation.pages.HomePage - Clicked on Get Started button in DSAlgo Portal.
2025-05-05 21:33:41 INFO  com.dsalgo.automation.utils.NavigationUtil - Navigated to DS Algo Home Page
2025-05-05 21:33:41 INFO  com.dsalgo.automation.pages.HomePage - Clicked on Signin link.
2025-05-05 21:33:41 INFO  com.dsalgo.automation.utils.NavigationUtil - Login performed successfully
2025-05-05 21:33:41 INFO  com.dsalgo.automation.pages.HomePage - clicked Get Startedlink on Tree 
2025-05-05 21:33:42 ERROR com.dsalgo.automation.tests.TreePageTest - Assertion failed: expected [true] but found [false]
2025-05-05 21:33:42 INFO  com.dsalgo.automation.pages.HomePage - Clicked on Sign out link.
2025-05-05 21:33:43 INFO  com.dsalgo.automation.pages.HomePage - Navigated to DSAlgo portal: https://dsportalapp.herokuapp.com/
2025-05-05 21:33:43 INFO  com.dsalgo.automation.pages.HomePage - Clicked on Get Started button in DSAlgo Portal.
2025-05-05 21:33:43 INFO  com.dsalgo.automation.utils.NavigationUtil - Navigated to DS Algo Home Page
2025-05-05 21:33:43 INFO  com.dsalgo.automation.pages.HomePage - Clicked on Signin link.
2025-05-05 21:33:43 INFO  com.dsalgo.automation.utils.NavigationUtil - Login performed successfully
2025-05-05 21:33:43 INFO  com.dsalgo.automation.pages.HomePage - clicked Get Startedlink on Tree 
2025-05-05 21:33:44 ERROR com.dsalgo.automation.tests.TreePageTest - Assertion failed: expected [true] but found [false]
2025-05-05 21:33:45 INFO  com.dsalgo.automation.pages.HomePage - Clicked on Sign out link.
2025-05-05 21:33:45 DEBUG org.apache.poi.openxml4j.opc.PackageRelationshipCollection - Parsing relationship: /xl/_rels/workbook.xml.rels
2025-05-05 21:33:45 DEBUG org.apache.poi.openxml4j.opc.PackageRelationshipCollection - Parsing relationship: /_rels/.rels
2025-05-05 21:33:45 INFO  com.dsalgo.automation.pages.HomePage - Navigated to DSAlgo portal: https://dsportalapp.herokuapp.com/
2025-05-05 21:33:45 INFO  com.dsalgo.automation.pages.HomePage - Clicked on Get Started button in DSAlgo Portal.
2025-05-05 21:33:45 INFO  com.dsalgo.automation.utils.NavigationUtil - Navigated to DS Algo Home Page
2025-05-05 21:33:45 INFO  com.dsalgo.automation.pages.HomePage - Clicked on Signin link.
2025-05-05 21:33:45 INFO  com.dsalgo.automation.utils.NavigationUtil - Login performed successfully
2025-05-05 21:33:46 INFO  com.dsalgo.automation.pages.HomePage - clicked Get Startedlink on Tree 
2025-05-05 21:33:47 INFO  com.dsalgo.automation.pages.HomePage - Clicked on Sign out link.
2025-05-05 21:33:47 INFO  com.dsalgo.automation.pages.HomePage - Navigated to DSAlgo portal: https://dsportalapp.herokuapp.com/
2025-05-05 21:33:47 INFO  com.dsalgo.automation.pages.HomePage - Clicked on Get Started button in DSAlgo Portal.
2025-05-05 21:33:47 INFO  com.dsalgo.automation.utils.NavigationUtil - Navigated to DS Algo Home Page
2025-05-05 21:33:47 INFO  com.dsalgo.automation.pages.HomePage - Clicked on Signin link.
2025-05-05 21:33:48 INFO  com.dsalgo.automation.utils.NavigationUtil - Login performed successfully
2025-05-05 21:33:48 INFO  com.dsalgo.automation.pages.HomePage - clicked Get Startedlink on Tree 
2025-05-05 21:33:49 INFO  com.dsalgo.automation.pages.HomePage - Clicked on Sign out link.
2025-05-05 21:33:49 INFO  com.dsalgo.automation.pages.HomePage - Navigated to DSAlgo portal: https://dsportalapp.herokuapp.com/
2025-05-05 21:33:49 INFO  com.dsalgo.automation.pages.HomePage - Clicked on Get Started button in DSAlgo Portal.
2025-05-05 21:33:49 INFO  com.dsalgo.automation.utils.NavigationUtil - Navigated to DS Algo Home Page
2025-05-05 21:33:50 INFO  com.dsalgo.automation.pages.HomePage - Clicked on Signin link.
2025-05-05 21:33:50 INFO  com.dsalgo.automation.utils.NavigationUtil - Login performed successfully
2025-05-05 21:33:50 INFO  com.dsalgo.automation.pages.HomePage - clicked Get Startedlink on Tree 
2025-05-05 21:33:52 INFO  com.dsalgo.automation.pages.HomePage - Clicked on Sign out link.
2025-05-05 21:33:52 INFO  com.dsalgo.automation.pages.HomePage - Navigated to DSAlgo portal: https://dsportalapp.herokuapp.com/
2025-05-05 21:33:52 INFO  com.dsalgo.automation.pages.HomePage - Clicked on Get Started button in DSAlgo Portal.
2025-05-05 21:33:52 INFO  com.dsalgo.automation.utils.NavigationUtil - Navigated to DS Algo Home Page
2025-05-05 21:33:52 INFO  com.dsalgo.automation.pages.HomePage - Clicked on Signin link.
2025-05-05 21:33:52 INFO  com.dsalgo.automation.utils.NavigationUtil - Login performed successfully
2025-05-05 21:33:53 INFO  com.dsalgo.automation.pages.HomePage - clicked Get Startedlink on Tree 
2025-05-05 21:33:53 INFO  com.dsalgo.automation.pages.HomePage - Clicked on Sign out link.
2025-05-05 21:33:54 INFO  com.dsalgo.automation.pages.HomePage - Navigated to DSAlgo portal: https://dsportalapp.herokuapp.com/
2025-05-05 21:33:54 INFO  com.dsalgo.automation.pages.HomePage - Clicked on Get Started button in DSAlgo Portal.
2025-05-05 21:33:54 INFO  com.dsalgo.automation.utils.NavigationUtil - Navigated to DS Algo Home Page
2025-05-05 21:33:54 INFO  com.dsalgo.automation.pages.HomePage - Clicked on Signin link.
2025-05-05 21:33:54 INFO  com.dsalgo.automation.utils.NavigationUtil - Login performed successfully
2025-05-05 21:33:55 INFO  com.dsalgo.automation.pages.HomePage - clicked Get Startedlink on Tree 
2025-05-05 21:33:56 ERROR com.dsalgo.automation.tests.TreePageTest - Assertion failed: expected [true] but found [false]
2025-05-05 21:33:56 INFO  com.dsalgo.automation.pages.HomePage - Clicked on Sign out link.
2025-05-05 21:33:56 INFO  com.dsalgo.automation.pages.HomePage - Navigated to DSAlgo portal: https://dsportalapp.herokuapp.com/
2025-05-05 21:33:56 INFO  com.dsalgo.automation.pages.HomePage - Clicked on Get Started button in DSAlgo Portal.
2025-05-05 21:33:56 INFO  com.dsalgo.automation.utils.NavigationUtil - Navigated to DS Algo Home Page
2025-05-05 21:33:56 INFO  com.dsalgo.automation.pages.HomePage - Clicked on Signin link.
2025-05-05 21:33:57 INFO  com.dsalgo.automation.utils.NavigationUtil - Login performed successfully
2025-05-05 21:33:57 INFO  com.dsalgo.automation.pages.HomePage - clicked Get Startedlink on Tree 
2025-05-05 21:33:58 ERROR com.dsalgo.automation.tests.TreePageTest - Assertion failed: expected [true] but found [false]
2025-05-05 21:33:58 INFO  com.dsalgo.automation.pages.HomePage - Clicked on Sign out link.
2025-05-05 21:33:58 INFO  com.dsalgo.automation.pages.HomePage - Navigated to DSAlgo portal: https://dsportalapp.herokuapp.com/
2025-05-05 21:33:59 INFO  com.dsalgo.automation.pages.HomePage - Clicked on Get Started button in DSAlgo Portal.
2025-05-05 21:33:59 INFO  com.dsalgo.automation.utils.NavigationUtil - Navigated to DS Algo Home Page
2025-05-05 21:33:59 INFO  com.dsalgo.automation.pages.HomePage - Clicked on Signin link.
2025-05-05 21:33:59 INFO  com.dsalgo.automation.utils.NavigationUtil - Login performed successfully
2025-05-05 21:33:59 INFO  com.dsalgo.automation.pages.HomePage - clicked Get Startedlink on Tree 
2025-05-05 21:34:00 ERROR com.dsalgo.automation.tests.TreePageTest - Assertion failed: expected [true] but found [false]
2025-05-05 21:34:01 INFO  com.dsalgo.automation.pages.HomePage - Clicked on Sign out link.
2025-05-05 21:34:01 DEBUG org.apache.poi.openxml4j.opc.PackageRelationshipCollection - Parsing relationship: /xl/_rels/workbook.xml.rels
2025-05-05 21:34:01 DEBUG org.apache.poi.openxml4j.opc.PackageRelationshipCollection - Parsing relationship: /_rels/.rels
2025-05-05 21:34:01 INFO  com.dsalgo.automation.pages.HomePage - Navigated to DSAlgo portal: https://dsportalapp.herokuapp.com/
2025-05-05 21:34:01 INFO  com.dsalgo.automation.pages.HomePage - Clicked on Get Started button in DSAlgo Portal.
2025-05-05 21:34:01 INFO  com.dsalgo.automation.utils.NavigationUtil - Navigated to DS Algo Home Page
2025-05-05 21:34:01 INFO  com.dsalgo.automation.pages.HomePage - Clicked on Signin link.
2025-05-05 21:34:02 INFO  com.dsalgo.automation.utils.NavigationUtil - Login performed successfully
2025-05-05 21:34:02 INFO  com.dsalgo.automation.pages.HomePage - clicked Get Startedlink on Tree 
2025-05-05 21:34:03 INFO  com.dsalgo.automation.pages.HomePage - Clicked on Sign out link.
2025-05-05 21:34:03 INFO  com.dsalgo.automation.pages.HomePage - Navigated to DSAlgo portal: https://dsportalapp.herokuapp.com/
2025-05-05 21:34:03 INFO  com.dsalgo.automation.pages.HomePage - Clicked on Get Started button in DSAlgo Portal.
2025-05-05 21:34:03 INFO  com.dsalgo.automation.utils.NavigationUtil - Navigated to DS Algo Home Page
2025-05-05 21:34:03 INFO  com.dsalgo.automation.pages.HomePage - Clicked on Signin link.
2025-05-05 21:34:04 INFO  com.dsalgo.automation.utils.NavigationUtil - Login performed successfully
2025-05-05 21:34:04 INFO  com.dsalgo.automation.pages.HomePage - clicked Get Startedlink on Tree 
2025-05-05 21:34:05 INFO  com.dsalgo.automation.pages.HomePage - Clicked on Sign out link.
2025-05-05 21:34:06 INFO  com.dsalgo.automation.pages.HomePage - Navigated to DSAlgo portal: https://dsportalapp.herokuapp.com/
2025-05-05 21:34:06 INFO  com.dsalgo.automation.pages.HomePage - Clicked on Get Started button in DSAlgo Portal.
2025-05-05 21:34:06 INFO  com.dsalgo.automation.utils.NavigationUtil - Navigated to DS Algo Home Page
2025-05-05 21:34:06 INFO  com.dsalgo.automation.pages.HomePage - Clicked on Signin link.
2025-05-05 21:34:06 INFO  com.dsalgo.automation.utils.NavigationUtil - Login performed successfully
2025-05-05 21:34:07 INFO  com.dsalgo.automation.pages.HomePage - clicked Get Startedlink on Tree 
2025-05-05 21:34:08 INFO  com.dsalgo.automation.pages.HomePage - Clicked on Sign out link.
2025-05-05 21:34:08 INFO  com.dsalgo.automation.pages.HomePage - Navigated to DSAlgo portal: https://dsportalapp.herokuapp.com/
2025-05-05 21:34:08 INFO  com.dsalgo.automation.pages.HomePage - Clicked on Get Started button in DSAlgo Portal.
2025-05-05 21:34:08 INFO  com.dsalgo.automation.utils.NavigationUtil - Navigated to DS Algo Home Page
2025-05-05 21:34:08 INFO  com.dsalgo.automation.pages.HomePage - Clicked on Signin link.
2025-05-05 21:34:09 INFO  com.dsalgo.automation.utils.NavigationUtil - Login performed successfully
2025-05-05 21:34:09 INFO  com.dsalgo.automation.pages.HomePage - clicked Get Startedlink on Tree 
2025-05-05 21:34:10 INFO  com.dsalgo.automation.pages.HomePage - Clicked on Sign out link.
2025-05-05 21:34:10 INFO  com.dsalgo.automation.pages.HomePage - Navigated to DSAlgo portal: https://dsportalapp.herokuapp.com/
2025-05-05 21:34:10 INFO  com.dsalgo.automation.pages.HomePage - Clicked on Get Started button in DSAlgo Portal.
2025-05-05 21:34:10 INFO  com.dsalgo.automation.utils.NavigationUtil - Navigated to DS Algo Home Page
2025-05-05 21:34:10 INFO  com.dsalgo.automation.pages.HomePage - Clicked on Signin link.
2025-05-05 21:34:11 INFO  com.dsalgo.automation.utils.NavigationUtil - Login performed successfully
2025-05-05 21:34:11 INFO  com.dsalgo.automation.pages.HomePage - clicked Get Startedlink on Tree 
2025-05-05 21:34:12 INFO  com.dsalgo.automation.pages.HomePage - Clicked on Sign out link.
2025-05-05 21:34:12 INFO  com.dsalgo.automation.pages.HomePage - Navigated to DSAlgo portal: https://dsportalapp.herokuapp.com/
2025-05-05 21:34:12 INFO  com.dsalgo.automation.pages.HomePage - Clicked on Get Started button in DSAlgo Portal.
2025-05-05 21:34:12 INFO  com.dsalgo.automation.utils.NavigationUtil - Navigated to DS Algo Home Page
2025-05-05 21:34:12 INFO  com.dsalgo.automation.pages.HomePage - Clicked on Signin link.
2025-05-05 21:34:13 INFO  com.dsalgo.automation.utils.NavigationUtil - Login performed successfully
2025-05-05 21:34:13 INFO  com.dsalgo.automation.pages.HomePage - clicked Get Startedlink on Tree 
2025-05-05 21:34:14 ERROR com.dsalgo.automation.tests.TreePageTest - Assertion failed: expected [true] but found [false]
2025-05-05 21:34:14 INFO  com.dsalgo.automation.pages.HomePage - Clicked on Sign out link.
2025-05-05 21:34:14 INFO  com.dsalgo.automation.pages.HomePage - Navigated to DSAlgo portal: https://dsportalapp.herokuapp.com/
2025-05-05 21:34:14 INFO  com.dsalgo.automation.pages.HomePage - Clicked on Get Started button in DSAlgo Portal.
2025-05-05 21:34:14 INFO  com.dsalgo.automation.utils.NavigationUtil - Navigated to DS Algo Home Page
2025-05-05 21:34:14 INFO  com.dsalgo.automation.pages.HomePage - Clicked on Signin link.
2025-05-05 21:34:15 INFO  com.dsalgo.automation.utils.NavigationUtil - Login performed successfully
2025-05-05 21:34:15 INFO  com.dsalgo.automation.pages.HomePage - clicked Get Startedlink on Tree 
2025-05-05 21:34:16 ERROR com.dsalgo.automation.tests.TreePageTest - Assertion failed: expected [true] but found [false]
2025-05-05 21:34:16 INFO  com.dsalgo.automation.pages.HomePage - Clicked on Sign out link.
2025-05-05 21:34:16 INFO  com.dsalgo.automation.pages.HomePage - Navigated to DSAlgo portal: https://dsportalapp.herokuapp.com/
2025-05-05 21:34:16 INFO  com.dsalgo.automation.pages.HomePage - Clicked on Get Started button in DSAlgo Portal.
2025-05-05 21:34:16 INFO  com.dsalgo.automation.utils.NavigationUtil - Navigated to DS Algo Home Page
2025-05-05 21:34:16 INFO  com.dsalgo.automation.pages.HomePage - Clicked on Signin link.
2025-05-05 21:34:17 INFO  com.dsalgo.automation.utils.NavigationUtil - Login performed successfully
2025-05-05 21:34:17 INFO  com.dsalgo.automation.pages.HomePage - clicked Get Startedlink on Tree 
2025-05-05 21:34:18 ERROR com.dsalgo.automation.tests.TreePageTest - Assertion failed: expected [true] but found [false]
2025-05-05 21:34:18 INFO  com.dsalgo.automation.pages.HomePage - Clicked on Sign out link.
2025-05-05 21:34:18 DEBUG org.apache.poi.openxml4j.opc.PackageRelationshipCollection - Parsing relationship: /xl/_rels/workbook.xml.rels
2025-05-05 21:34:18 DEBUG org.apache.poi.openxml4j.opc.PackageRelationshipCollection - Parsing relationship: /_rels/.rels
2025-05-05 21:34:19 INFO  com.dsalgo.automation.pages.HomePage - Navigated to DSAlgo portal: https://dsportalapp.herokuapp.com/
2025-05-05 21:34:19 INFO  com.dsalgo.automation.pages.HomePage - Clicked on Get Started button in DSAlgo Portal.
2025-05-05 21:34:19 INFO  com.dsalgo.automation.utils.NavigationUtil - Navigated to DS Algo Home Page
2025-05-05 21:34:19 INFO  com.dsalgo.automation.pages.HomePage - Clicked on Signin link.
2025-05-05 21:34:19 INFO  com.dsalgo.automation.utils.NavigationUtil - Login performed successfully
2025-05-05 21:34:19 INFO  com.dsalgo.automation.pages.HomePage - clicked Get Startedlink on Tree 
2025-05-05 21:34:21 INFO  com.dsalgo.automation.pages.HomePage - Clicked on Sign out link.
2025-05-05 21:34:21 INFO  com.dsalgo.automation.pages.HomePage - Navigated to DSAlgo portal: https://dsportalapp.herokuapp.com/
2025-05-05 21:34:21 INFO  com.dsalgo.automation.pages.HomePage - Clicked on Get Started button in DSAlgo Portal.
2025-05-05 21:34:21 INFO  com.dsalgo.automation.utils.NavigationUtil - Navigated to DS Algo Home Page
2025-05-05 21:34:21 INFO  com.dsalgo.automation.pages.HomePage - Clicked on Signin link.
2025-05-05 21:34:22 INFO  com.dsalgo.automation.utils.NavigationUtil - Login performed successfully
2025-05-05 21:34:22 INFO  com.dsalgo.automation.pages.HomePage - clicked Get Startedlink on Tree 
2025-05-05 21:34:23 INFO  com.dsalgo.automation.pages.HomePage - Clicked on Sign out link.
2025-05-05 21:34:23 INFO  com.dsalgo.automation.pages.HomePage - Navigated to DSAlgo portal: https://dsportalapp.herokuapp.com/
2025-05-05 21:34:23 INFO  com.dsalgo.automation.pages.HomePage - Clicked on Get Started button in DSAlgo Portal.
2025-05-05 21:34:23 INFO  com.dsalgo.automation.utils.NavigationUtil - Navigated to DS Algo Home Page
2025-05-05 21:34:23 INFO  com.dsalgo.automation.pages.HomePage - Clicked on Signin link.
2025-05-05 21:34:24 INFO  com.dsalgo.automation.utils.NavigationUtil - Login performed successfully
2025-05-05 21:34:24 INFO  com.dsalgo.automation.pages.HomePage - clicked Get Startedlink on Tree 
2025-05-05 21:34:26 INFO  com.dsalgo.automation.pages.HomePage - Clicked on Sign out link.
2025-05-05 21:34:26 INFO  com.dsalgo.automation.pages.HomePage - Navigated to DSAlgo portal: https://dsportalapp.herokuapp.com/
2025-05-05 21:34:26 INFO  com.dsalgo.automation.pages.HomePage - Clicked on Get Started button in DSAlgo Portal.
2025-05-05 21:34:26 INFO  com.dsalgo.automation.utils.NavigationUtil - Navigated to DS Algo Home Page
2025-05-05 21:34:26 INFO  com.dsalgo.automation.pages.HomePage - Clicked on Signin link.
2025-05-05 21:34:26 INFO  com.dsalgo.automation.utils.NavigationUtil - Login performed successfully
2025-05-05 21:34:27 INFO  com.dsalgo.automation.pages.HomePage - clicked Get Startedlink on Tree 
2025-05-05 21:34:28 INFO  com.dsalgo.automation.pages.HomePage - Clicked on Sign out link.
2025-05-05 21:34:28 INFO  com.dsalgo.automation.pages.HomePage - Navigated to DSAlgo portal: https://dsportalapp.herokuapp.com/
2025-05-05 21:34:28 INFO  com.dsalgo.automation.pages.HomePage - Clicked on Get Started button in DSAlgo Portal.
2025-05-05 21:34:28 INFO  com.dsalgo.automation.utils.NavigationUtil - Navigated to DS Algo Home Page
2025-05-05 21:34:28 INFO  com.dsalgo.automation.pages.HomePage - Clicked on Signin link.
2025-05-05 21:34:29 INFO  com.dsalgo.automation.utils.NavigationUtil - Login performed successfully
2025-05-05 21:34:29 INFO  com.dsalgo.automation.pages.HomePage - clicked Get Startedlink on Tree 
2025-05-05 21:34:30 ERROR com.dsalgo.automation.tests.TreePageTest - Assertion failed: expected [true] but found [false]
2025-05-05 21:34:30 INFO  com.dsalgo.automation.pages.HomePage - Clicked on Sign out link.
2025-05-05 21:34:30 INFO  com.dsalgo.automation.pages.HomePage - Navigated to DSAlgo portal: https://dsportalapp.herokuapp.com/
2025-05-05 21:34:30 INFO  com.dsalgo.automation.pages.HomePage - Clicked on Get Started button in DSAlgo Portal.
2025-05-05 21:34:30 INFO  com.dsalgo.automation.utils.NavigationUtil - Navigated to DS Algo Home Page
2025-05-05 21:34:31 INFO  com.dsalgo.automation.pages.HomePage - Clicked on Signin link.
2025-05-05 21:34:31 INFO  com.dsalgo.automation.utils.NavigationUtil - Login performed successfully
2025-05-05 21:34:31 INFO  com.dsalgo.automation.pages.HomePage - clicked Get Startedlink on Tree 
2025-05-05 21:34:32 ERROR com.dsalgo.automation.tests.TreePageTest - Assertion failed: expected [true] but found [false]
2025-05-05 21:34:32 INFO  com.dsalgo.automation.pages.HomePage - Clicked on Sign out link.
2025-05-05 21:34:33 INFO  com.dsalgo.automation.pages.HomePage - Navigated to DSAlgo portal: https://dsportalapp.herokuapp.com/
2025-05-05 21:34:33 INFO  com.dsalgo.automation.pages.HomePage - Clicked on Get Started button in DSAlgo Portal.
2025-05-05 21:34:33 INFO  com.dsalgo.automation.utils.NavigationUtil - Navigated to DS Algo Home Page
2025-05-05 21:34:33 INFO  com.dsalgo.automation.pages.HomePage - Clicked on Signin link.
2025-05-05 21:34:34 INFO  com.dsalgo.automation.utils.NavigationUtil - Login performed successfully
2025-05-05 21:34:34 INFO  com.dsalgo.automation.pages.HomePage - clicked Get Startedlink on Tree 
2025-05-05 21:34:34 ERROR com.dsalgo.automation.tests.TreePageTest - Assertion failed: expected [true] but found [false]
2025-05-05 21:34:35 INFO  com.dsalgo.automation.pages.HomePage - Clicked on Sign out link.
2025-05-05 21:34:35 DEBUG org.apache.poi.openxml4j.opc.PackageRelationshipCollection - Parsing relationship: /xl/_rels/workbook.xml.rels
2025-05-05 21:34:35 DEBUG org.apache.poi.openxml4j.opc.PackageRelationshipCollection - Parsing relationship: /_rels/.rels
2025-05-05 21:34:35 INFO  com.dsalgo.automation.pages.HomePage - Navigated to DSAlgo portal: https://dsportalapp.herokuapp.com/
2025-05-05 21:34:35 INFO  com.dsalgo.automation.pages.HomePage - Clicked on Get Started button in DSAlgo Portal.
2025-05-05 21:34:35 INFO  com.dsalgo.automation.utils.NavigationUtil - Navigated to DS Algo Home Page
2025-05-05 21:34:36 INFO  com.dsalgo.automation.pages.HomePage - Clicked on Signin link.
2025-05-05 21:34:36 INFO  com.dsalgo.automation.utils.NavigationUtil - Login performed successfully
2025-05-05 21:34:36 INFO  com.dsalgo.automation.pages.HomePage - clicked Get Startedlink on Tree 
2025-05-05 21:34:38 INFO  com.dsalgo.automation.pages.HomePage - Clicked on Sign out link.
2025-05-05 21:34:38 INFO  com.dsalgo.automation.pages.HomePage - Navigated to DSAlgo portal: https://dsportalapp.herokuapp.com/
2025-05-05 21:34:38 INFO  com.dsalgo.automation.pages.HomePage - Clicked on Get Started button in DSAlgo Portal.
2025-05-05 21:34:38 INFO  com.dsalgo.automation.utils.NavigationUtil - Navigated to DS Algo Home Page
2025-05-05 21:34:38 INFO  com.dsalgo.automation.pages.HomePage - Clicked on Signin link.
2025-05-05 21:34:39 INFO  com.dsalgo.automation.utils.NavigationUtil - Login performed successfully
2025-05-05 21:34:39 INFO  com.dsalgo.automation.pages.HomePage - clicked Get Startedlink on Tree 
2025-05-05 21:34:40 INFO  com.dsalgo.automation.pages.HomePage - Clicked on Sign out link.
2025-05-05 21:34:40 INFO  com.dsalgo.automation.pages.HomePage - Navigated to DSAlgo portal: https://dsportalapp.herokuapp.com/
2025-05-05 21:34:40 INFO  com.dsalgo.automation.pages.HomePage - Clicked on Get Started button in DSAlgo Portal.
2025-05-05 21:34:40 INFO  com.dsalgo.automation.utils.NavigationUtil - Navigated to DS Algo Home Page
2025-05-05 21:34:40 INFO  com.dsalgo.automation.pages.HomePage - Clicked on Signin link.
2025-05-05 21:34:41 INFO  com.dsalgo.automation.utils.NavigationUtil - Login performed successfully
2025-05-05 21:34:41 INFO  com.dsalgo.automation.pages.HomePage - clicked Get Startedlink on Tree 
2025-05-05 21:34:42 INFO  com.dsalgo.automation.pages.HomePage - Clicked on Sign out link.
2025-05-05 21:34:42 INFO  com.dsalgo.automation.pages.HomePage - Navigated to DSAlgo portal: https://dsportalapp.herokuapp.com/
2025-05-05 21:34:42 INFO  com.dsalgo.automation.pages.HomePage - Clicked on Get Started button in DSAlgo Portal.
2025-05-05 21:34:42 INFO  com.dsalgo.automation.utils.NavigationUtil - Navigated to DS Algo Home Page
2025-05-05 21:34:42 INFO  com.dsalgo.automation.pages.HomePage - Clicked on Signin link.
2025-05-05 21:34:43 INFO  com.dsalgo.automation.utils.NavigationUtil - Login performed successfully
2025-05-05 21:34:43 INFO  com.dsalgo.automation.pages.HomePage - clicked Get Startedlink on Tree 
2025-05-05 21:34:44 INFO  com.dsalgo.automation.pages.HomePage - Clicked on Sign out link.
2025-05-05 21:34:44 INFO  com.dsalgo.automation.pages.HomePage - Navigated to DSAlgo portal: https://dsportalapp.herokuapp.com/
2025-05-05 21:34:45 INFO  com.dsalgo.automation.pages.HomePage - Clicked on Get Started button in DSAlgo Portal.
2025-05-05 21:34:45 INFO  com.dsalgo.automation.utils.NavigationUtil - Navigated to DS Algo Home Page
2025-05-05 21:34:45 INFO  com.dsalgo.automation.pages.HomePage - Clicked on Signin link.
2025-05-05 21:34:45 INFO  com.dsalgo.automation.utils.NavigationUtil - Login performed successfully
2025-05-05 21:34:45 INFO  com.dsalgo.automation.pages.HomePage - clicked Get Startedlink on Tree 
2025-05-05 21:34:46 ERROR com.dsalgo.automation.tests.TreePageTest - Assertion failed: expected [true] but found [false]
2025-05-05 21:34:46 INFO  com.dsalgo.automation.pages.HomePage - Clicked on Sign out link.
2025-05-05 21:34:47 INFO  com.dsalgo.automation.pages.HomePage - Navigated to DSAlgo portal: https://dsportalapp.herokuapp.com/
2025-05-05 21:34:47 INFO  com.dsalgo.automation.pages.HomePage - Clicked on Get Started button in DSAlgo Portal.
2025-05-05 21:34:47 INFO  com.dsalgo.automation.utils.NavigationUtil - Navigated to DS Algo Home Page
2025-05-05 21:34:47 INFO  com.dsalgo.automation.pages.HomePage - Clicked on Signin link.
2025-05-05 21:34:47 INFO  com.dsalgo.automation.utils.NavigationUtil - Login performed successfully
2025-05-05 21:34:47 INFO  com.dsalgo.automation.pages.HomePage - clicked Get Startedlink on Tree 
2025-05-05 21:34:48 ERROR com.dsalgo.automation.tests.TreePageTest - Assertion failed: expected [true] but found [false]
2025-05-05 21:34:48 INFO  com.dsalgo.automation.pages.HomePage - Clicked on Sign out link.
2025-05-05 21:34:49 INFO  com.dsalgo.automation.pages.HomePage - Navigated to DSAlgo portal: https://dsportalapp.herokuapp.com/
2025-05-05 21:34:49 INFO  com.dsalgo.automation.pages.HomePage - Clicked on Get Started button in DSAlgo Portal.
2025-05-05 21:34:49 INFO  com.dsalgo.automation.utils.NavigationUtil - Navigated to DS Algo Home Page
2025-05-05 21:34:49 INFO  com.dsalgo.automation.pages.HomePage - Clicked on Signin link.
2025-05-05 21:34:49 INFO  com.dsalgo.automation.utils.NavigationUtil - Login performed successfully
2025-05-05 21:34:49 INFO  com.dsalgo.automation.pages.HomePage - clicked Get Startedlink on Tree 
2025-05-05 21:34:50 ERROR com.dsalgo.automation.tests.TreePageTest - Assertion failed: expected [true] but found [false]
2025-05-05 21:34:51 INFO  com.dsalgo.automation.pages.HomePage - Clicked on Sign out link.
2025-05-05 21:34:51 DEBUG org.apache.poi.openxml4j.opc.PackageRelationshipCollection - Parsing relationship: /xl/_rels/workbook.xml.rels
2025-05-05 21:34:51 DEBUG org.apache.poi.openxml4j.opc.PackageRelationshipCollection - Parsing relationship: /_rels/.rels
2025-05-05 21:34:51 INFO  com.dsalgo.automation.pages.HomePage - Navigated to DSAlgo portal: https://dsportalapp.herokuapp.com/
2025-05-05 21:34:51 INFO  com.dsalgo.automation.pages.HomePage - Clicked on Get Started button in DSAlgo Portal.
2025-05-05 21:34:51 INFO  com.dsalgo.automation.utils.NavigationUtil - Navigated to DS Algo Home Page
2025-05-05 21:34:51 INFO  com.dsalgo.automation.pages.HomePage - Clicked on Signin link.
2025-05-05 21:34:52 INFO  com.dsalgo.automation.utils.NavigationUtil - Login performed successfully
2025-05-05 21:34:52 INFO  com.dsalgo.automation.pages.HomePage - clicked Get Startedlink on Tree 
2025-05-05 21:34:53 INFO  com.dsalgo.automation.pages.HomePage - Clicked on Sign out link.
2025-05-05 21:34:54 INFO  com.dsalgo.automation.pages.HomePage - Navigated to DSAlgo portal: https://dsportalapp.herokuapp.com/
2025-05-05 21:34:54 INFO  com.dsalgo.automation.pages.HomePage - Clicked on Get Started button in DSAlgo Portal.
2025-05-05 21:34:54 INFO  com.dsalgo.automation.utils.NavigationUtil - Navigated to DS Algo Home Page
2025-05-05 21:34:54 INFO  com.dsalgo.automation.pages.HomePage - Clicked on Signin link.
2025-05-05 21:34:55 INFO  com.dsalgo.automation.utils.NavigationUtil - Login performed successfully
2025-05-05 21:34:55 INFO  com.dsalgo.automation.pages.HomePage - clicked Get Startedlink on Tree 
2025-05-05 21:34:56 INFO  com.dsalgo.automation.pages.HomePage - Clicked on Sign out link.
2025-05-05 21:34:56 INFO  com.dsalgo.automation.pages.HomePage - Navigated to DSAlgo portal: https://dsportalapp.herokuapp.com/
2025-05-05 21:34:56 INFO  com.dsalgo.automation.pages.HomePage - Clicked on Get Started button in DSAlgo Portal.
2025-05-05 21:34:56 INFO  com.dsalgo.automation.utils.NavigationUtil - Navigated to DS Algo Home Page
2025-05-05 21:34:56 INFO  com.dsalgo.automation.pages.HomePage - Clicked on Signin link.
2025-05-05 21:34:57 INFO  com.dsalgo.automation.utils.NavigationUtil - Login performed successfully
2025-05-05 21:34:57 INFO  com.dsalgo.automation.pages.HomePage - clicked Get Startedlink on Tree 
2025-05-05 21:34:58 INFO  com.dsalgo.automation.pages.HomePage - Clicked on Sign out link.
2025-05-05 21:34:58 INFO  com.dsalgo.automation.pages.HomePage - Navigated to DSAlgo portal: https://dsportalapp.herokuapp.com/
2025-05-05 21:34:59 INFO  com.dsalgo.automation.pages.HomePage - Clicked on Get Started button in DSAlgo Portal.
2025-05-05 21:34:59 INFO  com.dsalgo.automation.utils.NavigationUtil - Navigated to DS Algo Home Page
2025-05-05 21:34:59 INFO  com.dsalgo.automation.pages.HomePage - Clicked on Signin link.
2025-05-05 21:34:59 INFO  com.dsalgo.automation.utils.NavigationUtil - Login performed successfully
2025-05-05 21:34:59 INFO  com.dsalgo.automation.pages.HomePage - clicked Get Startedlink on Tree 
2025-05-05 21:35:01 INFO  com.dsalgo.automation.pages.HomePage - Clicked on Sign out link.
2025-05-05 21:35:01 INFO  com.dsalgo.automation.pages.HomePage - Navigated to DSAlgo portal: https://dsportalapp.herokuapp.com/
2025-05-05 21:35:01 INFO  com.dsalgo.automation.pages.HomePage - Clicked on Get Started button in DSAlgo Portal.
2025-05-05 21:35:01 INFO  com.dsalgo.automation.utils.NavigationUtil - Navigated to DS Algo Home Page
2025-05-05 21:35:01 INFO  com.dsalgo.automation.pages.HomePage - Clicked on Signin link.
2025-05-05 21:35:02 INFO  com.dsalgo.automation.utils.NavigationUtil - Login performed successfully
2025-05-05 21:35:02 INFO  com.dsalgo.automation.pages.HomePage - clicked Get Startedlink on Tree 
2025-05-05 21:35:03 INFO  com.dsalgo.automation.pages.HomePage - Clicked on Sign out link.
2025-05-05 21:35:03 INFO  com.dsalgo.automation.pages.HomePage - Navigated to DSAlgo portal: https://dsportalapp.herokuapp.com/
2025-05-05 21:35:03 INFO  com.dsalgo.automation.pages.HomePage - Clicked on Get Started button in DSAlgo Portal.
2025-05-05 21:35:03 INFO  com.dsalgo.automation.utils.NavigationUtil - Navigated to DS Algo Home Page
2025-05-05 21:35:03 INFO  com.dsalgo.automation.pages.HomePage - Clicked on Signin link.
2025-05-05 21:35:04 INFO  com.dsalgo.automation.utils.NavigationUtil - Login performed successfully
2025-05-05 21:35:04 INFO  com.dsalgo.automation.pages.HomePage - clicked Get Startedlink on Tree 
2025-05-05 21:35:05 ERROR com.dsalgo.automation.tests.TreePageTest - Assertion failed: expected [true] but found [false]
2025-05-05 21:35:05 INFO  com.dsalgo.automation.pages.HomePage - Clicked on Sign out link.
2025-05-05 21:35:05 INFO  com.dsalgo.automation.pages.HomePage - Navigated to DSAlgo portal: https://dsportalapp.herokuapp.com/
2025-05-05 21:35:05 INFO  com.dsalgo.automation.pages.HomePage - Clicked on Get Started button in DSAlgo Portal.
2025-05-05 21:35:05 INFO  com.dsalgo.automation.utils.NavigationUtil - Navigated to DS Algo Home Page
2025-05-05 21:35:06 INFO  com.dsalgo.automation.pages.HomePage - Clicked on Signin link.
2025-05-05 21:35:06 INFO  com.dsalgo.automation.utils.NavigationUtil - Login performed successfully
2025-05-05 21:35:06 INFO  com.dsalgo.automation.pages.HomePage - clicked Get Startedlink on Tree 
2025-05-05 21:35:07 ERROR com.dsalgo.automation.tests.TreePageTest - Assertion failed: expected [true] but found [false]
2025-05-05 21:35:08 INFO  com.dsalgo.automation.pages.HomePage - Clicked on Sign out link.
2025-05-05 21:35:08 INFO  com.dsalgo.automation.pages.HomePage - Navigated to DSAlgo portal: https://dsportalapp.herokuapp.com/
2025-05-05 21:35:08 INFO  com.dsalgo.automation.pages.HomePage - Clicked on Get Started button in DSAlgo Portal.
2025-05-05 21:35:08 INFO  com.dsalgo.automation.utils.NavigationUtil - Navigated to DS Algo Home Page
2025-05-05 21:35:08 INFO  com.dsalgo.automation.pages.HomePage - Clicked on Signin link.
2025-05-05 21:35:09 INFO  com.dsalgo.automation.utils.NavigationUtil - Login performed successfully
2025-05-05 21:35:09 INFO  com.dsalgo.automation.pages.HomePage - clicked Get Startedlink on Tree 
2025-05-05 21:35:09 ERROR com.dsalgo.automation.tests.TreePageTest - Assertion failed: expected [true] but found [false]
2025-05-05 21:35:10 INFO  com.dsalgo.automation.pages.HomePage - Clicked on Sign out link.
2025-05-05 21:35:10 DEBUG org.apache.poi.openxml4j.opc.PackageRelationshipCollection - Parsing relationship: /xl/_rels/workbook.xml.rels
2025-05-05 21:35:10 DEBUG org.apache.poi.openxml4j.opc.PackageRelationshipCollection - Parsing relationship: /_rels/.rels
2025-05-05 21:35:10 INFO  com.dsalgo.automation.pages.HomePage - Navigated to DSAlgo portal: https://dsportalapp.herokuapp.com/
2025-05-05 21:35:10 INFO  com.dsalgo.automation.pages.HomePage - Clicked on Get Started button in DSAlgo Portal.
2025-05-05 21:35:10 INFO  com.dsalgo.automation.utils.NavigationUtil - Navigated to DS Algo Home Page
2025-05-05 21:35:10 INFO  com.dsalgo.automation.pages.HomePage - Clicked on Signin link.
2025-05-05 21:35:11 INFO  com.dsalgo.automation.utils.NavigationUtil - Login performed successfully
2025-05-05 21:35:11 INFO  com.dsalgo.automation.pages.HomePage - clicked Get Startedlink on Tree 
2025-05-05 21:35:12 INFO  com.dsalgo.automation.pages.HomePage - Clicked on Sign out link.
2025-05-05 21:35:12 INFO  com.dsalgo.automation.pages.HomePage - Navigated to DSAlgo portal: https://dsportalapp.herokuapp.com/
2025-05-05 21:35:13 INFO  com.dsalgo.automation.pages.HomePage - Clicked on Get Started button in DSAlgo Portal.
2025-05-05 21:35:13 INFO  com.dsalgo.automation.utils.NavigationUtil - Navigated to DS Algo Home Page
2025-05-05 21:35:13 INFO  com.dsalgo.automation.pages.HomePage - Clicked on Signin link.
2025-05-05 21:35:13 INFO  com.dsalgo.automation.utils.NavigationUtil - Login performed successfully
2025-05-05 21:35:13 INFO  com.dsalgo.automation.pages.HomePage - clicked Get Startedlink on Tree 
2025-05-05 21:35:15 INFO  com.dsalgo.automation.pages.HomePage - Clicked on Sign out link.
2025-05-05 21:35:15 INFO  com.dsalgo.automation.pages.HomePage - Navigated to DSAlgo portal: https://dsportalapp.herokuapp.com/
2025-05-05 21:35:15 INFO  com.dsalgo.automation.pages.HomePage - Clicked on Get Started button in DSAlgo Portal.
2025-05-05 21:35:15 INFO  com.dsalgo.automation.utils.NavigationUtil - Navigated to DS Algo Home Page
2025-05-05 21:35:15 INFO  com.dsalgo.automation.pages.HomePage - Clicked on Signin link.
2025-05-05 21:35:16 INFO  com.dsalgo.automation.utils.NavigationUtil - Login performed successfully
2025-05-05 21:35:16 INFO  com.dsalgo.automation.pages.HomePage - clicked Get Startedlink on Tree 
2025-05-05 21:35:17 INFO  com.dsalgo.automation.pages.HomePage - Clicked on Sign out link.
2025-05-05 21:35:17 INFO  com.dsalgo.automation.pages.HomePage - Navigated to DSAlgo portal: https://dsportalapp.herokuapp.com/
2025-05-05 21:35:17 INFO  com.dsalgo.automation.pages.HomePage - Clicked on Get Started button in DSAlgo Portal.
2025-05-05 21:35:17 INFO  com.dsalgo.automation.utils.NavigationUtil - Navigated to DS Algo Home Page
2025-05-05 21:35:17 INFO  com.dsalgo.automation.pages.HomePage - Clicked on Signin link.
2025-05-05 21:35:18 INFO  com.dsalgo.automation.utils.NavigationUtil - Login performed successfully
2025-05-05 21:35:18 INFO  com.dsalgo.automation.pages.HomePage - clicked Get Startedlink on Tree 
2025-05-05 21:35:19 INFO  com.dsalgo.automation.pages.HomePage - Clicked on Sign out link.
2025-05-05 21:35:19 INFO  com.dsalgo.automation.pages.HomePage - Navigated to DSAlgo portal: https://dsportalapp.herokuapp.com/
2025-05-05 21:35:19 INFO  com.dsalgo.automation.pages.HomePage - Clicked on Get Started button in DSAlgo Portal.
2025-05-05 21:35:19 INFO  com.dsalgo.automation.utils.NavigationUtil - Navigated to DS Algo Home Page
2025-05-05 21:35:20 INFO  com.dsalgo.automation.pages.HomePage - Clicked on Signin link.
2025-05-05 21:35:20 INFO  com.dsalgo.automation.utils.NavigationUtil - Login performed successfully
2025-05-05 21:35:20 INFO  com.dsalgo.automation.pages.HomePage - clicked Get Startedlink on Tree 
2025-05-05 21:35:21 ERROR com.dsalgo.automation.tests.TreePageTest - Assertion failed: expected [true] but found [false]
2025-05-05 21:35:21 INFO  com.dsalgo.automation.pages.HomePage - Clicked on Sign out link.
2025-05-05 21:35:21 INFO  com.dsalgo.automation.pages.HomePage - Navigated to DSAlgo portal: https://dsportalapp.herokuapp.com/
2025-05-05 21:35:22 INFO  com.dsalgo.automation.pages.HomePage - Clicked on Get Started button in DSAlgo Portal.
2025-05-05 21:35:22 INFO  com.dsalgo.automation.utils.NavigationUtil - Navigated to DS Algo Home Page
2025-05-05 21:35:22 INFO  com.dsalgo.automation.pages.HomePage - Clicked on Signin link.
2025-05-05 21:35:22 INFO  com.dsalgo.automation.utils.NavigationUtil - Login performed successfully
2025-05-05 21:35:22 INFO  com.dsalgo.automation.pages.HomePage - clicked Get Startedlink on Tree 
2025-05-05 21:35:23 ERROR com.dsalgo.automation.tests.TreePageTest - Assertion failed: expected [true] but found [false]
2025-05-05 21:35:24 INFO  com.dsalgo.automation.pages.HomePage - Clicked on Sign out link.
2025-05-05 21:35:24 INFO  com.dsalgo.automation.pages.HomePage - Navigated to DSAlgo portal: https://dsportalapp.herokuapp.com/
2025-05-05 21:35:24 INFO  com.dsalgo.automation.pages.HomePage - Clicked on Get Started button in DSAlgo Portal.
2025-05-05 21:35:24 INFO  com.dsalgo.automation.utils.NavigationUtil - Navigated to DS Algo Home Page
2025-05-05 21:35:24 INFO  com.dsalgo.automation.pages.HomePage - Clicked on Signin link.
2025-05-05 21:35:25 INFO  com.dsalgo.automation.utils.NavigationUtil - Login performed successfully
2025-05-05 21:35:25 INFO  com.dsalgo.automation.pages.HomePage - clicked Get Startedlink on Tree 
2025-05-05 21:35:25 ERROR com.dsalgo.automation.tests.TreePageTest - Assertion failed: expected [true] but found [false]
2025-05-05 21:35:26 INFO  com.dsalgo.automation.pages.HomePage - Clicked on Sign out link.
2025-05-05 21:35:26 DEBUG org.apache.poi.openxml4j.opc.PackageRelationshipCollection - Parsing relationship: /xl/_rels/workbook.xml.rels
2025-05-05 21:35:26 DEBUG org.apache.poi.openxml4j.opc.PackageRelationshipCollection - Parsing relationship: /_rels/.rels
2025-05-05 21:35:26 INFO  com.dsalgo.automation.pages.HomePage - Navigated to DSAlgo portal: https://dsportalapp.herokuapp.com/
2025-05-05 21:35:26 INFO  com.dsalgo.automation.pages.HomePage - Clicked on Get Started button in DSAlgo Portal.
2025-05-05 21:35:26 INFO  com.dsalgo.automation.utils.NavigationUtil - Navigated to DS Algo Home Page
2025-05-05 21:35:26 INFO  com.dsalgo.automation.pages.HomePage - Clicked on Signin link.
2025-05-05 21:35:27 INFO  com.dsalgo.automation.utils.NavigationUtil - Login performed successfully
2025-05-05 21:35:27 INFO  com.dsalgo.automation.pages.HomePage - clicked Get Startedlink on Tree 
2025-05-05 21:35:28 INFO  com.dsalgo.automation.pages.HomePage - Clicked on Sign out link.
2025-05-05 21:35:28 INFO  com.dsalgo.automation.pages.HomePage - Navigated to DSAlgo portal: https://dsportalapp.herokuapp.com/
2025-05-05 21:35:29 INFO  com.dsalgo.automation.pages.HomePage - Clicked on Get Started button in DSAlgo Portal.
2025-05-05 21:35:29 INFO  com.dsalgo.automation.utils.NavigationUtil - Navigated to DS Algo Home Page
2025-05-05 21:35:29 INFO  com.dsalgo.automation.pages.HomePage - Clicked on Signin link.
2025-05-05 21:35:29 INFO  com.dsalgo.automation.utils.NavigationUtil - Login performed successfully
2025-05-05 21:35:29 INFO  com.dsalgo.automation.pages.HomePage - clicked Get Startedlink on Tree 
2025-05-05 21:35:31 INFO  com.dsalgo.automation.pages.HomePage - Clicked on Sign out link.
2025-05-05 21:35:31 INFO  com.dsalgo.automation.pages.HomePage - Navigated to DSAlgo portal: https://dsportalapp.herokuapp.com/
2025-05-05 21:35:31 INFO  com.dsalgo.automation.pages.HomePage - Clicked on Get Started button in DSAlgo Portal.
2025-05-05 21:35:31 INFO  com.dsalgo.automation.utils.NavigationUtil - Navigated to DS Algo Home Page
2025-05-05 21:35:31 INFO  com.dsalgo.automation.pages.HomePage - Clicked on Signin link.
2025-05-05 21:35:32 INFO  com.dsalgo.automation.utils.NavigationUtil - Login performed successfully
2025-05-05 21:35:32 INFO  com.dsalgo.automation.pages.HomePage - clicked Get Startedlink on Tree 
2025-05-05 21:35:33 INFO  com.dsalgo.automation.pages.HomePage - Clicked on Sign out link.
2025-05-05 21:35:38 DEBUG org.apache.poi.openxml4j.opc.PackageRelationshipCollection - Parsing relationship: /xl/_rels/workbook.xml.rels
2025-05-05 21:35:38 DEBUG org.apache.poi.openxml4j.opc.PackageRelationshipCollection - Parsing relationship: /_rels/.rels
2025-05-05 21:35:38 INFO  com.dsalgo.automation.pages.LoginPage - LoginPage initialized with WebDriver and waitHelper
2025-05-05 21:35:38 INFO  com.dsalgo.automation.pages.HomePage - HomePage initialized with WebDriver and waitHelper
2025-05-05 21:35:39 INFO  com.dsalgo.automation.pages.HomePage - Navigated to DSAlgo portal: https://dsportalapp.herokuapp.com/
2025-05-05 21:35:39 INFO  com.dsalgo.automation.pages.HomePage - HomePage initialized with WebDriver and waitHelper
2025-05-05 21:35:39 INFO  com.dsalgo.automation.pages.LoginPage - LoginPage initialized with WebDriver and waitHelper
2025-05-05 21:35:39 INFO  com.dsalgo.automation.pages.HomePage - HomePage initialized with WebDriver and waitHelper
2025-05-05 21:35:39 INFO  com.dsalgo.automation.pages.LoginPage - LoginPage initialized with WebDriver and waitHelper
2025-05-05 21:35:39 INFO  com.dsalgo.automation.pages.DataStructure - Initialized DataStructure page
2025-05-05 21:35:40 INFO  com.dsalgo.automation.pages.HomePage - Clicked on Get Started button in DSAlgo Portal.
2025-05-05 21:35:40 INFO  com.dsalgo.automation.utils.NavigationUtil - Navigated to DS Algo Home Page
2025-05-05 21:35:40 INFO  com.dsalgo.automation.pages.HomePage - Navigated to DSAlgo portal: https://dsportalapp.herokuapp.com/
2025-05-05 21:35:40 INFO  com.dsalgo.automation.pages.HomePage - Navigated to DSAlgo portal: https://dsportalapp.herokuapp.com/
2025-05-05 21:35:40 INFO  com.dsalgo.automation.pages.HomePage - Clicked on Signin link.
2025-05-05 21:35:41 INFO  com.dsalgo.automation.pages.HomePage - Clicked on Get Started button in DSAlgo Portal.
2025-05-05 21:35:41 INFO  com.dsalgo.automation.utils.NavigationUtil - Navigated to DS Algo Home Page
2025-05-05 21:35:41 INFO  com.dsalgo.automation.tests.LoginPageTest - Tested invalid login with: abc@test.com | 
2025-05-05 21:35:41 INFO  com.dsalgo.automation.pages.LoginPage - LoginPage initialized with WebDriver and waitHelper
2025-05-05 21:35:41 INFO  com.dsalgo.automation.pages.HomePage - HomePage initialized with WebDriver and waitHelper
2025-05-05 21:35:41 INFO  com.dsalgo.automation.pages.HomePage - Clicked on Get Started button in DSAlgo Portal.
2025-05-05 21:35:41 INFO  com.dsalgo.automation.utils.NavigationUtil - Navigated to DS Algo Home Page
2025-05-05 21:35:41 INFO  com.dsalgo.automation.pages.HomePage - Navigated to DSAlgo portal: https://dsportalapp.herokuapp.com/
2025-05-05 21:35:41 INFO  com.dsalgo.automation.pages.HomePage - Clicked on Signin link.
2025-05-05 21:35:41 INFO  com.dsalgo.automation.pages.HomePage - Clicked on NumpyNinja Logo link.
2025-05-05 21:35:41 INFO  com.dsalgo.automation.pages.HomePage - Clicked on Get Started button in DSAlgo Portal.
2025-05-05 21:35:41 INFO  com.dsalgo.automation.utils.NavigationUtil - Navigated to DS Algo Home Page
2025-05-05 21:35:41 INFO  com.dsalgo.automation.tests.HomePageTest - Redirected to home page successfully
2025-05-05 21:35:41 INFO  com.dsalgo.automation.pages.HomePage - HomePage initialized with WebDriver and waitHelper
2025-05-05 21:35:41 INFO  com.dsalgo.automation.pages.LoginPage - LoginPage initialized with WebDriver and waitHelper
2025-05-05 21:35:41 INFO  com.dsalgo.automation.pages.HomePage - Navigated to DSAlgo portal: https://dsportalapp.herokuapp.com/
2025-05-05 21:35:41 INFO  com.dsalgo.automation.pages.HomePage - Clicked on Signin link.
2025-05-05 21:35:42 INFO  com.dsalgo.automation.pages.HomePage - Clicked on Get Started button in DSAlgo Portal.
2025-05-05 21:35:42 INFO  com.dsalgo.automation.utils.NavigationUtil - Navigated to DS Algo Home Page
2025-05-05 21:35:42 INFO  com.dsalgo.automation.utils.NavigationUtil - Login performed successfully
2025-05-05 21:35:42 INFO  com.dsalgo.automation.pages.HomePage - clicked Get Startedlink on  DataStructures 
2025-05-05 21:35:42 INFO  com.dsalgo.automation.pages.HomePage - Clicked on Register link.
2025-05-05 21:35:42 INFO  com.dsalgo.automation.pages.HomePage - HomePage initialized with WebDriver and waitHelper
2025-05-05 21:35:42 INFO  com.dsalgo.automation.pages.LoginPage - LoginPage initialized with WebDriver and waitHelper
2025-05-05 21:35:42 INFO  com.dsalgo.automation.tests.LoginPageTest - Tested invalid login with:  | testtest@123
2025-05-05 21:35:42 INFO  com.dsalgo.automation.pages.LoginPage - LoginPage initialized with WebDriver and waitHelper
2025-05-05 21:35:42 INFO  com.dsalgo.automation.pages.HomePage - HomePage initialized with WebDriver and waitHelper
2025-05-05 21:35:42 INFO  com.dsalgo.automation.pages.HomePage - Navigated to DSAlgo portal: https://dsportalapp.herokuapp.com/
2025-05-05 21:35:42 INFO  com.dsalgo.automation.pages.HomePage - Navigated to DSAlgo portal: https://dsportalapp.herokuapp.com/
2025-05-05 21:35:42 INFO  com.dsalgo.automation.pages.HomePage - Clicked on Get Started button in DSAlgo Portal.
2025-05-05 21:35:42 INFO  com.dsalgo.automation.utils.NavigationUtil - Navigated to DS Algo Home Page
2025-05-05 21:35:42 INFO  com.dsalgo.automation.pages.HomePage - Clicked on Get Started button in DSAlgo Portal.
2025-05-05 21:35:42 INFO  com.dsalgo.automation.utils.NavigationUtil - Navigated to DS Algo Home Page
2025-05-05 21:35:42 INFO  com.dsalgo.automation.pages.DataStructure - Clicked on 'Time Complexity' link
2025-05-05 21:35:42 INFO  com.dsalgo.automation.pages.HomePage - Clicked on Signin link.
2025-05-05 21:35:42 INFO  com.dsalgo.automation.pages.HomePage - Clicked on Signin link.
2025-05-05 21:35:42 INFO  com.dsalgo.automation.pages.HomePage - HomePage initialized with WebDriver and waitHelper
2025-05-05 21:35:42 INFO  com.dsalgo.automation.pages.LoginPage - LoginPage initialized with WebDriver and waitHelper
2025-05-05 21:35:42 INFO  com.dsalgo.automation.pages.DataStructure - Clicked on Practice Questions
2025-05-05 21:35:42 INFO  com.dsalgo.automation.pages.HomePage - Navigated to DSAlgo portal: https://dsportalapp.herokuapp.com/
2025-05-05 21:35:43 INFO  com.dsalgo.automation.pages.HomePage - Clicked on Get Started button in DSAlgo Portal.
2025-05-05 21:35:43 INFO  com.dsalgo.automation.utils.NavigationUtil - Navigated to DS Algo Home Page
2025-05-05 21:35:43 INFO  com.dsalgo.automation.tests.LoginPageTest - Tested invalid login with: abc@test.com | invalid
2025-05-05 21:35:43 INFO  com.dsalgo.automation.pages.LoginPage - LoginPage initialized with WebDriver and waitHelper
2025-05-05 21:35:43 INFO  com.dsalgo.automation.pages.HomePage - HomePage initialized with WebDriver and waitHelper
2025-05-05 21:35:43 INFO  com.dsalgo.automation.pages.HomePage - Clicked on Signin link.
2025-05-05 21:35:43 INFO  com.dsalgo.automation.pages.HomePage - Navigated to DSAlgo portal: https://dsportalapp.herokuapp.com/
2025-05-05 21:35:43 INFO  com.dsalgo.automation.pages.HomePage - Clicked on Sign out link.
2025-05-05 21:35:43 INFO  com.dsalgo.automation.pages.HomePage - HomePage initialized with WebDriver and waitHelper
2025-05-05 21:35:43 INFO  com.dsalgo.automation.pages.LoginPage - LoginPage initialized with WebDriver and waitHelper
2025-05-05 21:35:43 INFO  com.dsalgo.automation.pages.DataStructure - Initialized DataStructure page
2025-05-05 21:35:43 INFO  com.dsalgo.automation.pages.HomePage - Clicked on Get Started button in DSAlgo Portal.
2025-05-05 21:35:43 INFO  com.dsalgo.automation.utils.NavigationUtil - Navigated to DS Algo Home Page
2025-05-05 21:35:43 INFO  com.dsalgo.automation.pages.HomePage - Navigated to DSAlgo portal: https://dsportalapp.herokuapp.com/
2025-05-05 21:35:43 INFO  com.dsalgo.automation.pages.HomePage - Clicked on Signin link.
2025-05-05 21:35:43 INFO  com.dsalgo.automation.pages.HomePage - Clicked on Get Started button in DSAlgo Portal.
2025-05-05 21:35:43 INFO  com.dsalgo.automation.utils.NavigationUtil - Navigated to DS Algo Home Page
2025-05-05 21:35:43 INFO  com.dsalgo.automation.pages.HomePage - Clicked on Signin link.
2025-05-05 21:35:43 INFO  com.dsalgo.automation.utils.NavigationUtil - Login performed successfully
2025-05-05 21:35:43 INFO  com.dsalgo.automation.tests.LoginPageTest - Tested invalid login with: invalid | testtest@123
2025-05-05 21:35:43 INFO  com.dsalgo.automation.pages.LoginPage - LoginPage initialized with WebDriver and waitHelper
2025-05-05 21:35:43 INFO  com.dsalgo.automation.pages.HomePage - HomePage initialized with WebDriver and waitHelper
2025-05-05 21:35:44 INFO  com.dsalgo.automation.pages.HomePage - User click on Arraydropdown
2025-05-05 21:35:44 INFO  com.dsalgo.automation.pages.HomePage - Navigated to DSAlgo portal: https://dsportalapp.herokuapp.com/
2025-05-05 21:35:44 INFO  com.dsalgo.automation.pages.HomePage - Clicked on Get Started button in DSAlgo Portal.
2025-05-05 21:35:44 INFO  com.dsalgo.automation.utils.NavigationUtil - Navigated to DS Algo Home Page
2025-05-05 21:35:44 INFO  com.dsalgo.automation.utils.NavigationUtil - Login performed successfully
2025-05-05 21:35:44 INFO  com.dsalgo.automation.pages.HomePage - Clicked on Signin link.
2025-05-05 21:35:44 INFO  com.dsalgo.automation.pages.HomePage - clicked Get Startedlink on  DataStructures 
2025-05-05 21:35:45 INFO  com.dsalgo.automation.pages.DataStructure - Clicked on 'Time Complexity' link
2025-05-05 21:35:45 INFO  com.dsalgo.automation.pages.HomePage - Clicked on Sign out link.
2025-05-05 21:35:45 INFO  com.dsalgo.automation.pages.HomePage - HomePage initialized with WebDriver and waitHelper
2025-05-05 21:35:45 INFO  com.dsalgo.automation.pages.LoginPage - LoginPage initialized with WebDriver and waitHelper
2025-05-05 21:35:45 INFO  com.dsalgo.automation.utils.NavigationUtil - Login performed successfully
2025-05-05 21:35:45 INFO  com.dsalgo.automation.pages.DataStructure - Clicked on Practice Questions
2025-05-05 21:35:45 INFO  com.dsalgo.automation.pages.HomePage - Navigated to DSAlgo portal: https://dsportalapp.herokuapp.com/
2025-05-05 21:35:45 INFO  com.dsalgo.automation.pages.HomePage - Clicked on Get Started button in DSAlgo Portal.
2025-05-05 21:35:45 INFO  com.dsalgo.automation.utils.NavigationUtil - Navigated to DS Algo Home Page
2025-05-05 21:35:45 INFO  com.dsalgo.automation.pages.HomePage - Clicked on Sign out link.
2025-05-05 21:35:45 INFO  com.dsalgo.automation.pages.HomePage - Clicked on Signin link.
2025-05-05 21:35:45 INFO  com.dsalgo.automation.pages.HomePage - Clicked on Sign out link.
2025-05-05 21:35:45 INFO  com.dsalgo.automation.pages.HomePage - HomePage initialized with WebDriver and waitHelper
2025-05-05 21:35:45 INFO  com.dsalgo.automation.pages.LoginPage - LoginPage initialized with WebDriver and waitHelper
2025-05-05 21:35:45 INFO  com.dsalgo.automation.pages.DataStructure - Initialized DataStructure page
2025-05-05 21:35:45 INFO  com.dsalgo.automation.pages.HomePage - Navigated to DSAlgo portal: https://dsportalapp.herokuapp.com/
2025-05-05 21:35:45 INFO  com.dsalgo.automation.pages.HomePage - Clicked on Get Started button in DSAlgo Portal.
2025-05-05 21:35:45 INFO  com.dsalgo.automation.utils.NavigationUtil - Navigated to DS Algo Home Page
2025-05-05 21:35:46 INFO  com.dsalgo.automation.utils.NavigationUtil - Login performed successfully
2025-05-05 21:35:46 INFO  com.dsalgo.automation.pages.HomePage - Clicked on Signin link.
2025-05-05 21:35:46 INFO  com.dsalgo.automation.pages.HomePage - User click on Linked Listdropdown
2025-05-05 21:35:46 INFO  com.dsalgo.automation.utils.NavigationUtil - Login performed successfully
2025-05-05 21:35:46 INFO  com.dsalgo.automation.pages.HomePage - clicked Get Startedlink on  DataStructures 
2025-05-05 21:35:47 INFO  com.dsalgo.automation.pages.DataStructure - Clicked on 'Time Complexity' link
2025-05-05 21:35:47 INFO  com.dsalgo.automation.pages.DataStructure - Clicked on Practice Questions
2025-05-05 21:35:47 INFO  com.dsalgo.automation.pages.HomePage - Clicked on Sign out link.
2025-05-05 21:35:47 INFO  com.dsalgo.automation.pages.HomePage - HomePage initialized with WebDriver and waitHelper
2025-05-05 21:35:47 INFO  com.dsalgo.automation.pages.LoginPage - LoginPage initialized with WebDriver and waitHelper
2025-05-05 21:35:47 INFO  com.dsalgo.automation.pages.HomePage - Navigated to DSAlgo portal: https://dsportalapp.herokuapp.com/
2025-05-05 21:35:47 INFO  com.dsalgo.automation.pages.HomePage - Clicked on Get Started button in DSAlgo Portal.
2025-05-05 21:35:47 INFO  com.dsalgo.automation.utils.NavigationUtil - Navigated to DS Algo Home Page
2025-05-05 21:35:47 INFO  com.dsalgo.automation.pages.HomePage - Clicked on Signin link.
2025-05-05 21:35:48 INFO  com.dsalgo.automation.pages.HomePage - Clicked on Sign out link.
2025-05-05 21:35:48 INFO  com.dsalgo.automation.pages.HomePage - HomePage initialized with WebDriver and waitHelper
2025-05-05 21:35:48 INFO  com.dsalgo.automation.pages.LoginPage - LoginPage initialized with WebDriver and waitHelper
2025-05-05 21:35:48 INFO  com.dsalgo.automation.pages.DataStructure - Initialized DataStructure page
2025-05-05 21:35:48 INFO  com.dsalgo.automation.pages.HomePage - Navigated to DSAlgo portal: https://dsportalapp.herokuapp.com/
2025-05-05 21:35:48 INFO  com.dsalgo.automation.pages.HomePage - Clicked on Get Started button in DSAlgo Portal.
2025-05-05 21:35:48 INFO  com.dsalgo.automation.utils.NavigationUtil - Navigated to DS Algo Home Page
2025-05-05 21:35:48 INFO  com.dsalgo.automation.pages.HomePage - Clicked on Signin link.
2025-05-05 21:35:48 INFO  com.dsalgo.automation.utils.NavigationUtil - Login performed successfully
2025-05-05 21:35:49 INFO  com.dsalgo.automation.pages.HomePage - User click on Stackdropdown
2025-05-05 21:35:49 INFO  com.dsalgo.automation.utils.NavigationUtil - Login performed successfully
2025-05-05 21:35:49 INFO  com.dsalgo.automation.pages.HomePage - clicked Get Startedlink on  DataStructures 
2025-05-05 21:35:49 INFO  com.dsalgo.automation.pages.DataStructure - Clicked on 'Time Complexity' link
2025-05-05 21:35:50 INFO  com.dsalgo.automation.pages.HomePage - Clicked on Sign out link.
2025-05-05 21:35:50 INFO  com.dsalgo.automation.pages.HomePage - HomePage initialized with WebDriver and waitHelper
2025-05-05 21:35:50 INFO  com.dsalgo.automation.pages.LoginPage - LoginPage initialized with WebDriver and waitHelper
2025-05-05 21:35:50 INFO  com.dsalgo.automation.pages.HomePage - Navigated to DSAlgo portal: https://dsportalapp.herokuapp.com/
2025-05-05 21:35:50 DEBUG org.apache.poi.openxml4j.opc.PackageRelationshipCollection - Parsing relationship: /xl/_rels/workbook.xml.rels
2025-05-05 21:35:50 DEBUG org.apache.poi.openxml4j.opc.PackageRelationshipCollection - Parsing relationship: /_rels/.rels
2025-05-05 21:35:50 INFO  com.dsalgo.automation.pages.HomePage - Clicked on Get Started button in DSAlgo Portal.
2025-05-05 21:35:50 INFO  com.dsalgo.automation.utils.NavigationUtil - Navigated to DS Algo Home Page
2025-05-05 21:35:50 INFO  com.dsalgo.automation.pages.HomePage - HomePage initialized with WebDriver and waitHelper
2025-05-05 21:35:50 INFO  com.dsalgo.automation.pages.GraphPage - GraphPage initialized
2025-05-05 21:35:50 INFO  com.dsalgo.automation.pages.LoginPage - LoginPage initialized with WebDriver and waitHelper
2025-05-05 21:35:50 INFO  com.dsalgo.automation.pages.HomePage - Clicked on Signin link.
2025-05-05 21:35:50 INFO  com.dsalgo.automation.pages.DataStructure - Clicked on Try Here link
2025-05-05 21:35:50 INFO  com.dsalgo.automation.pages.DataStructure - Page title: Assessment
2025-05-05 21:35:51 INFO  com.dsalgo.automation.pages.HomePage - Navigated to DSAlgo portal: https://dsportalapp.herokuapp.com/
2025-05-05 21:35:51 INFO  com.dsalgo.automation.pages.HomePage - Clicked on Sign out link.
2025-05-05 21:35:51 INFO  com.dsalgo.automation.pages.HomePage - HomePage initialized with WebDriver and waitHelper
2025-05-05 21:35:51 INFO  com.dsalgo.automation.pages.LoginPage - LoginPage initialized with WebDriver and waitHelper
2025-05-05 21:35:51 INFO  com.dsalgo.automation.pages.DataStructure - Initialized DataStructure page
2025-05-05 21:35:51 INFO  com.dsalgo.automation.utils.NavigationUtil - Login performed successfully
2025-05-05 21:35:51 INFO  com.dsalgo.automation.pages.HomePage - Navigated to DSAlgo portal: https://dsportalapp.herokuapp.com/
2025-05-05 21:35:51 INFO  com.dsalgo.automation.pages.HomePage - Clicked on Get Started button in DSAlgo Portal.
2025-05-05 21:35:51 INFO  com.dsalgo.automation.utils.NavigationUtil - Navigated to DS Algo Home Page
2025-05-05 21:35:51 INFO  com.dsalgo.automation.pages.HomePage - User click on Queuedropdown
2025-05-05 21:35:51 INFO  com.dsalgo.automation.pages.HomePage - Clicked on Signin link.
2025-05-05 21:35:52 INFO  com.dsalgo.automation.pages.HomePage - Clicked on Get Started button in DSAlgo Portal.
2025-05-05 21:35:52 INFO  com.dsalgo.automation.utils.NavigationUtil - Navigated to DS Algo Home Page
2025-05-05 21:35:52 INFO  com.dsalgo.automation.pages.HomePage - Clicked on Sign out link.
2025-05-05 21:35:52 INFO  com.dsalgo.automation.pages.HomePage - HomePage initialized with WebDriver and waitHelper
2025-05-05 21:35:52 INFO  com.dsalgo.automation.pages.LoginPage - LoginPage initialized with WebDriver and waitHelper
2025-05-05 21:35:52 INFO  com.dsalgo.automation.utils.NavigationUtil - Login performed successfully
2025-05-05 21:35:52 INFO  com.dsalgo.automation.pages.HomePage - clicked Get Startedlink on  DataStructures 
2025-05-05 21:35:52 INFO  com.dsalgo.automation.pages.HomePage - Clicked on Signin link.
2025-05-05 21:35:52 INFO  com.dsalgo.automation.pages.HomePage - Navigated to DSAlgo portal: https://dsportalapp.herokuapp.com/
2025-05-05 21:35:52 INFO  com.dsalgo.automation.pages.HomePage - Clicked on Get Started button in DSAlgo Portal.
2025-05-05 21:35:52 INFO  com.dsalgo.automation.utils.NavigationUtil - Navigated to DS Algo Home Page
2025-05-05 21:35:53 INFO  com.dsalgo.automation.pages.HomePage - Clicked on Signin link.
2025-05-05 21:35:53 INFO  com.dsalgo.automation.utils.NavigationUtil - Login performed successfully
2025-05-05 21:35:53 INFO  com.dsalgo.automation.pages.HomePage - clicked Get Startedlink on Graph 
2025-05-05 21:35:53 INFO  com.dsalgo.automation.pages.HomePage - Clicked on Sign out link.
2025-05-05 21:35:53 INFO  com.dsalgo.automation.pages.HomePage - HomePage initialized with WebDriver and waitHelper
2025-05-05 21:35:53 INFO  com.dsalgo.automation.pages.LoginPage - LoginPage initialized with WebDriver and waitHelper
2025-05-05 21:35:53 INFO  com.dsalgo.automation.pages.DataStructure - Initialized DataStructure page
2025-05-05 21:35:53 INFO  com.dsalgo.automation.pages.HomePage - Navigated to DSAlgo portal: https://dsportalapp.herokuapp.com/
2025-05-05 21:35:53 INFO  com.dsalgo.automation.pages.HomePage - Clicked on Get Started button in DSAlgo Portal.
2025-05-05 21:35:53 INFO  com.dsalgo.automation.utils.NavigationUtil - Navigated to DS Algo Home Page
2025-05-05 21:35:53 INFO  com.dsalgo.automation.utils.NavigationUtil - Login performed successfully
2025-05-05 21:35:53 INFO  com.dsalgo.automation.pages.HomePage - Clicked on Signin link.
2025-05-05 21:35:53 INFO  com.dsalgo.automation.pages.GraphPage - Clicked on Graph link
2025-05-05 21:35:53 INFO  com.dsalgo.automation.pages.HomePage - User click on Treedropdown
2025-05-05 21:35:54 INFO  com.dsalgo.automation.utils.NavigationUtil - Login performed successfully
2025-05-05 21:35:54 INFO  com.dsalgo.automation.pages.HomePage - clicked Get Startedlink on  DataStructures 
2025-05-05 21:35:55 INFO  com.dsalgo.automation.pages.DataStructure - Clicked on 'Time Complexity' link
2025-05-05 21:35:55 INFO  com.dsalgo.automation.pages.DataStructure - Page title: Time Complexity
2025-05-05 21:35:55 INFO  com.dsalgo.automation.pages.GraphPage - Clicked on Try Here
2025-05-05 21:35:55 INFO  com.dsalgo.automation.pages.HomePage - Clicked on Sign out link.
2025-05-05 21:35:55 INFO  com.dsalgo.automation.pages.GraphPage - Entered Python code: print("DSAlgo");
2025-05-05 21:35:55 INFO  com.dsalgo.automation.tests.GraphPageTest - Entered Python Code: print("DSAlgo");
2025-05-05 21:35:55 INFO  com.dsalgo.automation.pages.HomePage - HomePage initialized with WebDriver and waitHelper
2025-05-05 21:35:55 INFO  com.dsalgo.automation.pages.LoginPage - LoginPage initialized with WebDriver and waitHelper
2025-05-05 21:35:55 INFO  com.dsalgo.automation.pages.HomePage - Navigated to DSAlgo portal: https://dsportalapp.herokuapp.com/
2025-05-05 21:35:55 INFO  com.dsalgo.automation.pages.GraphPage - Clicked Run button
2025-05-05 21:35:55 INFO  com.dsalgo.automation.tests.GraphPageTest - Clicked Run Button
2025-05-05 21:35:55 INFO  com.dsalgo.automation.pages.HomePage - Clicked on Get Started button in DSAlgo Portal.
2025-05-05 21:35:55 INFO  com.dsalgo.automation.utils.NavigationUtil - Navigated to DS Algo Home Page
2025-05-05 21:35:55 INFO  com.dsalgo.automation.tests.GraphPageTest - Verified Output message successfully.print("DSAlgo");Output Message:DSAlgo
2025-05-05 21:35:55 INFO  com.dsalgo.automation.pages.HomePage - Clicked on Sign out link.
2025-05-05 21:35:55 INFO  com.dsalgo.automation.pages.HomePage - HomePage initialized with WebDriver and waitHelper
2025-05-05 21:35:55 INFO  com.dsalgo.automation.pages.LoginPage - LoginPage initialized with WebDriver and waitHelper
2025-05-05 21:35:55 INFO  com.dsalgo.automation.pages.DataStructure - Initialized DataStructure page
2025-05-05 21:35:55 INFO  com.dsalgo.automation.pages.HomePage - Clicked on Signin link.
2025-05-05 21:35:55 INFO  com.dsalgo.automation.pages.HomePage - Navigated to DSAlgo portal: https://dsportalapp.herokuapp.com/
2025-05-05 21:35:56 INFO  com.dsalgo.automation.pages.HomePage - Clicked on Get Started button in DSAlgo Portal.
2025-05-05 21:35:56 INFO  com.dsalgo.automation.utils.NavigationUtil - Navigated to DS Algo Home Page
2025-05-05 21:35:56 INFO  com.dsalgo.automation.pages.HomePage - Clicked on Signin link.
2025-05-05 21:35:56 INFO  com.dsalgo.automation.pages.HomePage - Clicked on Sign out link.
2025-05-05 21:35:56 INFO  com.dsalgo.automation.pages.HomePage - HomePage initialized with WebDriver and waitHelper
2025-05-05 21:35:56 INFO  com.dsalgo.automation.pages.GraphPage - GraphPage initialized
2025-05-05 21:35:56 INFO  com.dsalgo.automation.pages.LoginPage - LoginPage initialized with WebDriver and waitHelper
2025-05-05 21:35:56 INFO  com.dsalgo.automation.pages.HomePage - Navigated to DSAlgo portal: https://dsportalapp.herokuapp.com/
2025-05-05 21:35:56 INFO  com.dsalgo.automation.utils.NavigationUtil - Login performed successfully
2025-05-05 21:35:56 INFO  com.dsalgo.automation.pages.HomePage - Clicked on Get Started button in DSAlgo Portal.
2025-05-05 21:35:56 INFO  com.dsalgo.automation.utils.NavigationUtil - Navigated to DS Algo Home Page
2025-05-05 21:35:56 INFO  com.dsalgo.automation.pages.HomePage - User click on Graphdropdown
2025-05-05 21:35:56 INFO  com.dsalgo.automation.pages.HomePage - Clicked on Signin link.
2025-05-05 21:35:56 INFO  com.dsalgo.automation.utils.NavigationUtil - Login performed successfully
2025-05-05 21:35:56 INFO  com.dsalgo.automation.pages.HomePage - clicked Get Startedlink on  DataStructures 
2025-05-05 21:35:57 INFO  com.dsalgo.automation.pages.DataStructure - Clicked on NumpyNinja logo
2025-05-05 21:35:57 INFO  com.dsalgo.automation.utils.NavigationUtil - Login performed successfully
2025-05-05 21:35:57 INFO  com.dsalgo.automation.pages.HomePage - clicked Get Startedlink on Graph 
2025-05-05 21:35:57 INFO  com.dsalgo.automation.pages.HomePage - Clicked on Sign out link.
2025-05-05 21:35:57 INFO  com.dsalgo.automation.pages.HomePage - HomePage initialized with WebDriver and waitHelper
2025-05-05 21:35:57 INFO  com.dsalgo.automation.pages.LoginPage - LoginPage initialized with WebDriver and waitHelper
2025-05-05 21:35:57 INFO  com.dsalgo.automation.pages.HomePage - Navigated to DSAlgo portal: https://dsportalapp.herokuapp.com/
2025-05-05 21:35:57 INFO  com.dsalgo.automation.pages.GraphPage - Clicked on Graph link
2025-05-05 21:35:57 INFO  com.dsalgo.automation.pages.HomePage - Clicked on Get Started button in DSAlgo Portal.
2025-05-05 21:35:57 INFO  com.dsalgo.automation.utils.NavigationUtil - Navigated to DS Algo Home Page
2025-05-05 21:35:58 INFO  com.dsalgo.automation.pages.HomePage - User click on Arraydropdown
2025-05-05 21:35:58 INFO  com.dsalgo.automation.pages.GraphPage - Clicked on Try Here
2025-05-05 21:35:58 INFO  com.dsalgo.automation.pages.GraphPage - Entered Python code: print("NumpyNinja
2025-05-05 21:35:58 INFO  com.dsalgo.automation.tests.GraphPageTest - Entered Python Code: print("NumpyNinja
2025-05-05 21:35:58 INFO  com.dsalgo.automation.pages.GraphPage - Clicked Run button
2025-05-05 21:35:58 INFO  com.dsalgo.automation.tests.GraphPageTest - Clicked Run Button
2025-05-05 21:35:58 INFO  com.dsalgo.automation.pages.GraphPage - Alert appeared: SyntaxError: bad input on line 1
2025-05-05 21:35:58 INFO  com.dsalgo.automation.tests.GraphPageTest - Tested alert with code: print("NumpyNinja | Alert: SyntaxError: bad input on line 1
2025-05-05 21:35:58 WARN  com.dsalgo.automation.tests.HomePageTest - Warning for 'Array': You are not logged in
2025-05-05 21:35:58 INFO  com.dsalgo.automation.pages.HomePage - HomePage initialized with WebDriver and waitHelper
2025-05-05 21:35:58 INFO  com.dsalgo.automation.pages.LoginPage - LoginPage initialized with WebDriver and waitHelper
2025-05-05 21:35:58 INFO  com.dsalgo.automation.pages.HomePage - Navigated to DSAlgo portal: https://dsportalapp.herokuapp.com/
2025-05-05 21:35:58 INFO  com.dsalgo.automation.pages.HomePage - Clicked on Get Started button in DSAlgo Portal.
2025-05-05 21:35:58 INFO  com.dsalgo.automation.utils.NavigationUtil - Navigated to DS Algo Home Page
2025-05-05 21:35:58 INFO  com.dsalgo.automation.pages.HomePage - Clicked on Sign out link.
2025-05-05 21:35:58 DEBUG org.apache.poi.openxml4j.opc.PackageRelationshipCollection - Parsing relationship: /xl/_rels/workbook.xml.rels
2025-05-05 21:35:58 DEBUG org.apache.poi.openxml4j.opc.PackageRelationshipCollection - Parsing relationship: /_rels/.rels
2025-05-05 21:35:58 INFO  com.dsalgo.automation.pages.HomePage - HomePage initialized with WebDriver and waitHelper
2025-05-05 21:35:58 INFO  com.dsalgo.automation.pages.GraphPage - GraphPage initialized
2025-05-05 21:35:58 INFO  com.dsalgo.automation.pages.LoginPage - LoginPage initialized with WebDriver and waitHelper
2025-05-05 21:35:58 INFO  com.dsalgo.automation.pages.HomePage - User click on Linked Listdropdown
2025-05-05 21:35:59 INFO  com.dsalgo.automation.pages.HomePage - Navigated to DSAlgo portal: https://dsportalapp.herokuapp.com/
2025-05-05 21:35:59 INFO  com.dsalgo.automation.pages.HomePage - Clicked on Get Started button in DSAlgo Portal.
2025-05-05 21:35:59 INFO  com.dsalgo.automation.utils.NavigationUtil - Navigated to DS Algo Home Page
2025-05-05 21:35:59 WARN  com.dsalgo.automation.tests.HomePageTest - Warning for 'Linked List': You are not logged in
2025-05-05 21:35:59 INFO  com.dsalgo.automation.pages.HomePage - HomePage initialized with WebDriver and waitHelper
2025-05-05 21:35:59 INFO  com.dsalgo.automation.pages.LoginPage - LoginPage initialized with WebDriver and waitHelper
2025-05-05 21:35:59 INFO  com.dsalgo.automation.pages.HomePage - Clicked on Signin link.
2025-05-05 21:35:59 INFO  com.dsalgo.automation.pages.HomePage - Navigated to DSAlgo portal: https://dsportalapp.herokuapp.com/
2025-05-05 21:35:59 INFO  com.dsalgo.automation.pages.HomePage - Clicked on Get Started button in DSAlgo Portal.
2025-05-05 21:35:59 INFO  com.dsalgo.automation.utils.NavigationUtil - Navigated to DS Algo Home Page
2025-05-05 21:35:59 INFO  com.dsalgo.automation.pages.HomePage - User click on Stackdropdown
2025-05-05 21:35:59 INFO  com.dsalgo.automation.utils.NavigationUtil - Login performed successfully
2025-05-05 21:35:59 INFO  com.dsalgo.automation.pages.HomePage - clicked Get Startedlink on Graph 
2025-05-05 21:36:00 WARN  com.dsalgo.automation.tests.HomePageTest - Warning for 'Stack': You are not logged in
2025-05-05 21:36:00 INFO  com.dsalgo.automation.pages.HomePage - HomePage initialized with WebDriver and waitHelper
2025-05-05 21:36:00 INFO  com.dsalgo.automation.pages.LoginPage - LoginPage initialized with WebDriver and waitHelper
2025-05-05 21:36:00 INFO  com.dsalgo.automation.pages.HomePage - Navigated to DSAlgo portal: https://dsportalapp.herokuapp.com/
2025-05-05 21:36:00 INFO  com.dsalgo.automation.pages.GraphPage - Clicked Graph Representation link
2025-05-05 21:36:00 INFO  com.dsalgo.automation.pages.HomePage - Clicked on Get Started button in DSAlgo Portal.
2025-05-05 21:36:00 INFO  com.dsalgo.automation.utils.NavigationUtil - Navigated to DS Algo Home Page
2025-05-05 21:36:00 INFO  com.dsalgo.automation.pages.HomePage - Clicked on Sign out link.
2025-05-05 21:36:00 INFO  com.dsalgo.automation.pages.HomePage - HomePage initialized with WebDriver and waitHelper
2025-05-05 21:36:00 INFO  com.dsalgo.automation.pages.LoginPage - LoginPage initialized with WebDriver and waitHelper
2025-05-05 21:36:00 INFO  com.dsalgo.automation.pages.DataStructure - Initialized DataStructure page
2025-05-05 21:36:00 INFO  com.dsalgo.automation.pages.HomePage - Navigated to DSAlgo portal: https://dsportalapp.herokuapp.com/
2025-05-05 21:36:01 INFO  com.dsalgo.automation.pages.GraphPage - Clicked on Try Here
2025-05-05 21:36:01 INFO  com.dsalgo.automation.pages.HomePage - User click on Queuedropdown
2025-05-05 21:36:01 INFO  com.dsalgo.automation.pages.GraphPage - Entered Python code: print("DSAlgo");
2025-05-05 21:36:01 INFO  com.dsalgo.automation.tests.GraphPageTest - Entered Python Code: print("DSAlgo");
2025-05-05 21:36:01 INFO  com.dsalgo.automation.pages.HomePage - Clicked on Get Started button in DSAlgo Portal.
2025-05-05 21:36:01 INFO  com.dsalgo.automation.utils.NavigationUtil - Navigated to DS Algo Home Page
2025-05-05 21:36:01 WARN  com.dsalgo.automation.tests.HomePageTest - Warning for 'Queue': You are not logged in
2025-05-05 21:36:01 INFO  com.dsalgo.automation.pages.HomePage - Clicked on Signin link.
2025-05-05 21:36:01 INFO  com.dsalgo.automation.pages.HomePage - HomePage initialized with WebDriver and waitHelper
2025-05-05 21:36:01 INFO  com.dsalgo.automation.pages.LoginPage - LoginPage initialized with WebDriver and waitHelper
2025-05-05 21:36:01 INFO  com.dsalgo.automation.pages.GraphPage - Clicked Run button
2025-05-05 21:36:01 INFO  com.dsalgo.automation.tests.GraphPageTest - Clicked Run Button
2025-05-05 21:36:01 INFO  com.dsalgo.automation.tests.GraphPageTest - Verified Output message successfully.print("DSAlgo");Output Message:DSAlgo
2025-05-05 21:36:01 INFO  com.dsalgo.automation.pages.HomePage - Navigated to DSAlgo portal: https://dsportalapp.herokuapp.com/
2025-05-05 21:36:01 INFO  com.dsalgo.automation.pages.HomePage - Clicked on Sign out link.
2025-05-05 21:36:01 INFO  com.dsalgo.automation.pages.HomePage - HomePage initialized with WebDriver and waitHelper
2025-05-05 21:36:01 INFO  com.dsalgo.automation.pages.GraphPage - GraphPage initialized
2025-05-05 21:36:01 INFO  com.dsalgo.automation.pages.LoginPage - LoginPage initialized with WebDriver and waitHelper
2025-05-05 21:36:01 INFO  com.dsalgo.automation.pages.HomePage - Clicked on Get Started button in DSAlgo Portal.
2025-05-05 21:36:01 INFO  com.dsalgo.automation.utils.NavigationUtil - Navigated to DS Algo Home Page
2025-05-05 21:36:01 INFO  com.dsalgo.automation.utils.NavigationUtil - Login performed successfully
2025-05-05 21:36:02 INFO  com.dsalgo.automation.pages.HomePage - clicked Get Startedlink on  DataStructures 
2025-05-05 21:36:02 INFO  com.dsalgo.automation.pages.HomePage - Navigated to DSAlgo portal: https://dsportalapp.herokuapp.com/
2025-05-05 21:36:02 INFO  com.dsalgo.automation.pages.HomePage - User click on Treedropdown
2025-05-05 21:36:02 INFO  com.dsalgo.automation.pages.HomePage - Clicked on Get Started button in DSAlgo Portal.
2025-05-05 21:36:02 INFO  com.dsalgo.automation.utils.NavigationUtil - Navigated to DS Algo Home Page
2025-05-05 21:36:02 INFO  com.dsalgo.automation.pages.DataStructure - Clicked on NumpyNinja logo
2025-05-05 21:36:02 WARN  com.dsalgo.automation.tests.HomePageTest - Warning for 'Tree': You are not logged in
2025-05-05 21:36:02 INFO  com.dsalgo.automation.pages.HomePage - Clicked on Signin link.
2025-05-05 21:36:02 INFO  com.dsalgo.automation.pages.HomePage - HomePage initialized with WebDriver and waitHelper
2025-05-05 21:36:02 INFO  com.dsalgo.automation.pages.LoginPage - LoginPage initialized with WebDriver and waitHelper
2025-05-05 21:36:02 INFO  com.dsalgo.automation.pages.HomePage - Navigated to DSAlgo portal: https://dsportalapp.herokuapp.com/
2025-05-05 21:36:02 INFO  com.dsalgo.automation.pages.HomePage - Clicked on Get Started button in DSAlgo Portal.
2025-05-05 21:36:02 INFO  com.dsalgo.automation.utils.NavigationUtil - Navigated to DS Algo Home Page
2025-05-05 21:36:03 INFO  com.dsalgo.automation.utils.NavigationUtil - Login performed successfully
2025-05-05 21:36:03 INFO  com.dsalgo.automation.pages.HomePage - clicked Get Startedlink on Graph 
2025-05-05 21:36:03 INFO  com.dsalgo.automation.pages.HomePage - User click on Graphdropdown
2025-05-05 21:36:03 WARN  com.dsalgo.automation.tests.HomePageTest - Warning for 'Graph': You are not logged in
2025-05-05 21:36:03 INFO  com.dsalgo.automation.pages.GraphPage - Clicked Graph Representation link
2025-05-05 21:36:03 INFO  com.dsalgo.automation.pages.HomePage - HomePage initialized with WebDriver and waitHelper
2025-05-05 21:36:03 INFO  com.dsalgo.automation.pages.LoginPage - LoginPage initialized with WebDriver and waitHelper
2025-05-05 21:36:03 INFO  com.dsalgo.automation.pages.HomePage - Navigated to DSAlgo portal: https://dsportalapp.herokuapp.com/
2025-05-05 21:36:03 INFO  com.dsalgo.automation.pages.HomePage - Clicked on Get Started button in DSAlgo Portal.
2025-05-05 21:36:03 INFO  com.dsalgo.automation.utils.NavigationUtil - Navigated to DS Algo Home Page
2025-05-05 21:36:03 INFO  com.dsalgo.automation.pages.HomePage - clicked Get Startedlink on  DataStructures 
2025-05-05 21:36:03 INFO  com.dsalgo.automation.pages.GraphPage - Clicked on Try Here
2025-05-05 21:36:03 INFO  com.dsalgo.automation.pages.GraphPage - Entered Python code: print("NumpyNinja
2025-05-05 21:36:03 INFO  com.dsalgo.automation.tests.GraphPageTest - Entered Python Code: print("NumpyNinja
2025-05-05 21:36:03 INFO  com.dsalgo.automation.pages.GraphPage - Clicked Run button
2025-05-05 21:36:03 INFO  com.dsalgo.automation.tests.GraphPageTest - Clicked Run Button
2025-05-05 21:36:03 INFO  com.dsalgo.automation.pages.GraphPage - Alert appeared: SyntaxError: bad input on line 1
2025-05-05 21:36:03 INFO  com.dsalgo.automation.tests.GraphPageTest - Tested alert with code: print("NumpyNinja | Alert: SyntaxError: bad input on line 1
2025-05-05 21:36:04 WARN  com.dsalgo.automation.tests.HomePageTest - Warning message displayed for 'Data Structures-Introduction': You are not logged in
2025-05-05 21:36:04 INFO  com.dsalgo.automation.pages.HomePage - HomePage initialized with WebDriver and waitHelper
2025-05-05 21:36:04 INFO  com.dsalgo.automation.pages.LoginPage - LoginPage initialized with WebDriver and waitHelper
2025-05-05 21:36:04 INFO  com.dsalgo.automation.pages.HomePage - Navigated to DSAlgo portal: https://dsportalapp.herokuapp.com/
2025-05-05 21:36:04 INFO  com.dsalgo.automation.pages.HomePage - Clicked on Get Started button in DSAlgo Portal.
2025-05-05 21:36:04 INFO  com.dsalgo.automation.utils.NavigationUtil - Navigated to DS Algo Home Page
2025-05-05 21:36:04 INFO  com.dsalgo.automation.pages.HomePage - Clicked on Sign out link.
2025-05-05 21:36:04 INFO  com.dsalgo.automation.pages.HomePage - HomePage initialized with WebDriver and waitHelper
2025-05-05 21:36:04 INFO  com.dsalgo.automation.pages.GraphPage - GraphPage initialized
2025-05-05 21:36:04 INFO  com.dsalgo.automation.pages.LoginPage - LoginPage initialized with WebDriver and waitHelper
2025-05-05 21:36:04 INFO  com.dsalgo.automation.pages.HomePage - Navigated to DSAlgo portal: https://dsportalapp.herokuapp.com/
2025-05-05 21:36:04 INFO  com.dsalgo.automation.pages.HomePage - Clicked on Get Started button in DSAlgo Portal.
2025-05-05 21:36:04 INFO  com.dsalgo.automation.utils.NavigationUtil - Navigated to DS Algo Home Page
2025-05-05 21:36:04 INFO  com.dsalgo.automation.pages.HomePage - Clicked on Signin link.
2025-05-05 21:36:05 INFO  com.dsalgo.automation.utils.NavigationUtil - Login performed successfully
2025-05-05 21:36:05 INFO  com.dsalgo.automation.pages.HomePage - clicked Get Startedlink on Graph 
2025-05-05 21:36:05 INFO  com.dsalgo.automation.pages.GraphPage - Clicked on Graph link
2025-05-05 21:36:06 INFO  com.dsalgo.automation.pages.HomePage - Clicked on Sign out link.
2025-05-05 21:36:06 INFO  com.dsalgo.automation.pages.HomePage - HomePage initialized with WebDriver and waitHelper
2025-05-05 21:36:06 INFO  com.dsalgo.automation.pages.LoginPage - LoginPage initialized with WebDriver and waitHelper
2025-05-05 21:36:06 INFO  com.dsalgo.automation.pages.DataStructure - Initialized DataStructure page
2025-05-05 21:36:06 INFO  com.dsalgo.automation.pages.HomePage - Navigated to DSAlgo portal: https://dsportalapp.herokuapp.com/
2025-05-05 21:36:06 INFO  com.dsalgo.automation.pages.HomePage - Clicked on Get Started button in DSAlgo Portal.
2025-05-05 21:36:06 INFO  com.dsalgo.automation.utils.NavigationUtil - Navigated to DS Algo Home Page
2025-05-05 21:36:06 INFO  com.dsalgo.automation.pages.GraphPage - Clicked on Try Here
2025-05-05 21:36:06 INFO  com.dsalgo.automation.pages.GraphPage - Page title: Assessment
2025-05-05 21:36:06 INFO  com.dsalgo.automation.pages.HomePage - Clicked on Signin link.
2025-05-05 21:36:06 INFO  com.dsalgo.automation.pages.HomePage - Clicked on Sign out link.
2025-05-05 21:36:06 INFO  com.dsalgo.automation.pages.HomePage - HomePage initialized with WebDriver and waitHelper
2025-05-05 21:36:06 INFO  com.dsalgo.automation.pages.GraphPage - GraphPage initialized
2025-05-05 21:36:06 INFO  com.dsalgo.automation.pages.LoginPage - LoginPage initialized with WebDriver and waitHelper
2025-05-05 21:36:06 INFO  com.dsalgo.automation.utils.NavigationUtil - Login performed successfully
2025-05-05 21:36:07 INFO  com.dsalgo.automation.pages.HomePage - clicked Get Startedlink on  DataStructures 
2025-05-05 21:36:07 INFO  com.dsalgo.automation.pages.HomePage - Navigated to DSAlgo portal: https://dsportalapp.herokuapp.com/
2025-05-05 21:36:07 INFO  com.dsalgo.automation.pages.HomePage - Clicked on Get Started button in DSAlgo Portal.
2025-05-05 21:36:07 INFO  com.dsalgo.automation.utils.NavigationUtil - Navigated to DS Algo Home Page
2025-05-05 21:36:07 INFO  com.dsalgo.automation.pages.HomePage - Clicked on Signin link.
2025-05-05 21:36:07 INFO  com.dsalgo.automation.pages.DataStructure - Clicked on NumpyNinja logo
2025-05-05 21:36:07 INFO  com.dsalgo.automation.utils.NavigationUtil - Login performed successfully
2025-05-05 21:36:07 INFO  com.dsalgo.automation.pages.HomePage - clicked Get Startedlink on Graph 
2025-05-05 21:36:08 INFO  com.dsalgo.automation.pages.HomePage - Clicked on Sign out link.
2025-05-05 21:36:08 INFO  com.dsalgo.automation.pages.HomePage - HomePage initialized with WebDriver and waitHelper
2025-05-05 21:36:08 INFO  com.dsalgo.automation.pages.GraphPage - GraphPage initialized
2025-05-05 21:36:08 INFO  com.dsalgo.automation.pages.LoginPage - LoginPage initialized with WebDriver and waitHelper
2025-05-05 21:36:08 INFO  com.dsalgo.automation.pages.HomePage - Navigated to DSAlgo portal: https://dsportalapp.herokuapp.com/
2025-05-05 21:36:09 INFO  com.dsalgo.automation.pages.HomePage - Clicked on Get Started button in DSAlgo Portal.
2025-05-05 21:36:09 INFO  com.dsalgo.automation.utils.NavigationUtil - Navigated to DS Algo Home Page
2025-05-05 21:36:09 INFO  com.dsalgo.automation.pages.HomePage - Clicked on Signin link.
2025-05-05 21:36:09 INFO  com.dsalgo.automation.utils.NavigationUtil - Login performed successfully
2025-05-05 21:36:09 INFO  com.dsalgo.automation.pages.HomePage - clicked Get Startedlink on Graph 
2025-05-05 21:36:10 INFO  com.dsalgo.automation.pages.GraphPage - Clicked Graph Representation link
2025-05-05 21:36:10 INFO  com.dsalgo.automation.pages.GraphPage - Clicked on Try Here
2025-05-05 21:36:10 INFO  com.dsalgo.automation.pages.GraphPage - Page title: Assessment
2025-05-05 21:36:10 INFO  com.dsalgo.automation.pages.HomePage - Clicked on Sign out link.
2025-05-05 21:36:10 INFO  com.dsalgo.automation.pages.HomePage - HomePage initialized with WebDriver and waitHelper
2025-05-05 21:36:10 INFO  com.dsalgo.automation.pages.GraphPage - GraphPage initialized
2025-05-05 21:36:10 INFO  com.dsalgo.automation.pages.LoginPage - LoginPage initialized with WebDriver and waitHelper
2025-05-05 21:36:11 INFO  com.dsalgo.automation.pages.HomePage - Navigated to DSAlgo portal: https://dsportalapp.herokuapp.com/
2025-05-05 21:36:11 INFO  com.dsalgo.automation.pages.HomePage - Clicked on Get Started button in DSAlgo Portal.
2025-05-05 21:36:11 INFO  com.dsalgo.automation.utils.NavigationUtil - Navigated to DS Algo Home Page
2025-05-05 21:36:11 INFO  com.dsalgo.automation.pages.HomePage - Clicked on Signin link.
2025-05-05 21:36:11 INFO  com.dsalgo.automation.pages.HomePage - Clicked on Sign out link.
2025-05-05 21:36:11 DEBUG org.apache.poi.openxml4j.opc.PackageRelationshipCollection - Parsing relationship: /xl/_rels/workbook.xml.rels
2025-05-05 21:36:11 DEBUG org.apache.poi.openxml4j.opc.PackageRelationshipCollection - Parsing relationship: /_rels/.rels
2025-05-05 21:36:11 INFO  com.dsalgo.automation.pages.HomePage - HomePage initialized with WebDriver and waitHelper
2025-05-05 21:36:11 INFO  com.dsalgo.automation.pages.LoginPage - LoginPage initialized with WebDriver and waitHelper
2025-05-05 21:36:11 INFO  com.dsalgo.automation.pages.DataStructure - Initialized DataStructure page
2025-05-05 21:36:11 INFO  com.dsalgo.automation.pages.HomePage - Navigated to DSAlgo portal: https://dsportalapp.herokuapp.com/
2025-05-05 21:36:11 INFO  com.dsalgo.automation.pages.HomePage - Clicked on Get Started button in DSAlgo Portal.
2025-05-05 21:36:11 INFO  com.dsalgo.automation.utils.NavigationUtil - Navigated to DS Algo Home Page
2025-05-05 21:36:11 INFO  com.dsalgo.automation.utils.NavigationUtil - Login performed successfully
2025-05-05 21:36:11 INFO  com.dsalgo.automation.pages.HomePage - clicked Get Startedlink on Graph 
2025-05-05 21:36:11 INFO  com.dsalgo.automation.pages.HomePage - Clicked on Signin link.
2025-05-05 21:36:12 INFO  com.dsalgo.automation.pages.GraphPage - Clicked Graph Representation link
2025-05-05 21:36:12 INFO  com.dsalgo.automation.pages.GraphPage - Page title: Graph Representations
2025-05-05 21:36:12 INFO  com.dsalgo.automation.utils.NavigationUtil - Login performed successfully
2025-05-05 21:36:12 INFO  com.dsalgo.automation.pages.HomePage - clicked Get Startedlink on  DataStructures 
2025-05-05 21:36:12 INFO  com.dsalgo.automation.pages.HomePage - Clicked on Sign out link.
2025-05-05 21:36:12 INFO  com.dsalgo.automation.pages.HomePage - HomePage initialized with WebDriver and waitHelper
2025-05-05 21:36:12 INFO  com.dsalgo.automation.pages.GraphPage - GraphPage initialized
2025-05-05 21:36:12 INFO  com.dsalgo.automation.pages.LoginPage - LoginPage initialized with WebDriver and waitHelper
2025-05-05 21:36:12 INFO  com.dsalgo.automation.pages.HomePage - Navigated to DSAlgo portal: https://dsportalapp.herokuapp.com/
2025-05-05 21:36:13 INFO  com.dsalgo.automation.pages.DataStructure - Clicked on 'Time Complexity' link
2025-05-05 21:36:13 INFO  com.dsalgo.automation.pages.HomePage - Clicked on Get Started button in DSAlgo Portal.
2025-05-05 21:36:13 INFO  com.dsalgo.automation.utils.NavigationUtil - Navigated to DS Algo Home Page
2025-05-05 21:36:13 INFO  com.dsalgo.automation.pages.HomePage - Clicked on Signin link.
2025-05-05 21:36:13 INFO  com.dsalgo.automation.pages.DataStructure - Clicked on Try Here link
2025-05-05 21:36:13 INFO  com.dsalgo.automation.pages.DataStructure - Entered Python code into editor: print("DSAlgo");
2025-05-05 21:36:13 INFO  com.dsalgo.automation.tests.DataStructureTest - Entered Python Code: print("DSAlgo");
2025-05-05 21:36:13 INFO  com.dsalgo.automation.utils.NavigationUtil - Login performed successfully
2025-05-05 21:36:13 INFO  com.dsalgo.automation.pages.HomePage - clicked Get Startedlink on Graph 
2025-05-05 21:36:13 INFO  com.dsalgo.automation.pages.DataStructure - Clicked on Run button
2025-05-05 21:36:13 INFO  com.dsalgo.automation.tests.DataStructureTest - Clicked Run Button
2025-05-05 21:36:13 INFO  com.dsalgo.automation.pages.DataStructure - Success message: DSAlgo
2025-05-05 21:36:13 INFO  com.dsalgo.automation.tests.DataStructureTest - Verified Output message successfully.print("DSAlgo");Output Message:DSAlgo
2025-05-05 21:36:14 INFO  com.dsalgo.automation.pages.GraphPage - Clicked Graph Representation link
2025-05-05 21:36:14 INFO  com.dsalgo.automation.pages.GraphPage - Paragraph and table overlapping: true
2025-05-05 21:36:14 INFO  com.dsalgo.automation.pages.GraphPage - Overlapped Image saved at: C:\Users\mpore\eclipse-workspace\DSAlgo_Testng\DsAlgo_TestNGProject/screenshots/overlappingImage.png
2025-05-05 21:36:14 INFO  com.dsalgo.automation.pages.HomePage - Clicked on Sign out link.
2025-05-05 21:36:14 INFO  com.dsalgo.automation.pages.HomePage - HomePage initialized with WebDriver and waitHelper
2025-05-05 21:36:14 INFO  com.dsalgo.automation.pages.LoginPage - LoginPage initialized with WebDriver and waitHelper
2025-05-05 21:36:14 INFO  com.dsalgo.automation.pages.DataStructure - Initialized DataStructure page
2025-05-05 21:36:14 INFO  com.dsalgo.automation.pages.HomePage - Navigated to DSAlgo portal: https://dsportalapp.herokuapp.com/
2025-05-05 21:36:14 INFO  com.dsalgo.automation.pages.HomePage - Clicked on Get Started button in DSAlgo Portal.
2025-05-05 21:36:14 INFO  com.dsalgo.automation.utils.NavigationUtil - Navigated to DS Algo Home Page
2025-05-05 21:36:14 INFO  com.dsalgo.automation.pages.HomePage - Clicked on Sign out link.
2025-05-05 21:36:14 INFO  com.dsalgo.automation.pages.HomePage - HomePage initialized with WebDriver and waitHelper
2025-05-05 21:36:14 INFO  com.dsalgo.automation.pages.GraphPage - GraphPage initialized
2025-05-05 21:36:14 INFO  com.dsalgo.automation.pages.LoginPage - LoginPage initialized with WebDriver and waitHelper
2025-05-05 21:36:14 INFO  com.dsalgo.automation.pages.HomePage - Clicked on Signin link.
2025-05-05 21:36:14 INFO  com.dsalgo.automation.pages.HomePage - Navigated to DSAlgo portal: https://dsportalapp.herokuapp.com/
2025-05-05 21:36:15 INFO  com.dsalgo.automation.pages.HomePage - Clicked on Get Started button in DSAlgo Portal.
2025-05-05 21:36:15 INFO  com.dsalgo.automation.utils.NavigationUtil - Navigated to DS Algo Home Page
2025-05-05 21:36:15 INFO  com.dsalgo.automation.pages.HomePage - Clicked on Signin link.
2025-05-05 21:36:15 INFO  com.dsalgo.automation.utils.NavigationUtil - Login performed successfully
2025-05-05 21:36:15 INFO  com.dsalgo.automation.pages.HomePage - clicked Get Startedlink on  DataStructures 
2025-05-05 21:36:15 INFO  com.dsalgo.automation.utils.NavigationUtil - Login performed successfully
2025-05-05 21:36:15 INFO  com.dsalgo.automation.pages.HomePage - clicked Get Startedlink on Graph 
2025-05-05 21:36:15 INFO  com.dsalgo.automation.pages.DataStructure - Clicked on 'Time Complexity' link
2025-05-05 21:36:16 INFO  com.dsalgo.automation.pages.GraphPage - Clicked Graph Representation link
2025-05-05 21:36:16 INFO  com.dsalgo.automation.pages.GraphPage - Paragraph and table overlapping: true
2025-05-05 21:36:16 INFO  com.dsalgo.automation.pages.GraphPage - Overlapped Image saved at: C:\Users\mpore\eclipse-workspace\DSAlgo_Testng\DsAlgo_TestNGProject/screenshots/overlappingImage.png
2025-05-05 21:36:16 INFO  com.dsalgo.automation.pages.DataStructure - Clicked on Try Here link
2025-05-05 21:36:16 INFO  com.dsalgo.automation.pages.DataStructure - Entered Python code into editor: print("NumpyNinja
2025-05-05 21:36:16 INFO  com.dsalgo.automation.tests.DataStructureTest - Entered Python Code: print("NumpyNinja
2025-05-05 21:36:16 INFO  com.dsalgo.automation.pages.DataStructure - Clicked on Run button
2025-05-05 21:36:16 INFO  com.dsalgo.automation.tests.DataStructureTest - Clicked Run Button
2025-05-05 21:36:16 INFO  com.dsalgo.automation.pages.HomePage - Clicked on Sign out link.
2025-05-05 21:36:16 INFO  com.dsalgo.automation.pages.HomePage - HomePage initialized with WebDriver and waitHelper
2025-05-05 21:36:16 INFO  com.dsalgo.automation.pages.GraphPage - GraphPage initialized
2025-05-05 21:36:16 INFO  com.dsalgo.automation.pages.LoginPage - LoginPage initialized with WebDriver and waitHelper
2025-05-05 21:36:16 INFO  com.dsalgo.automation.pages.HomePage - Navigated to DSAlgo portal: https://dsportalapp.herokuapp.com/
2025-05-05 21:36:17 INFO  com.dsalgo.automation.pages.HomePage - Clicked on Get Started button in DSAlgo Portal.
2025-05-05 21:36:17 INFO  com.dsalgo.automation.utils.NavigationUtil - Navigated to DS Algo Home Page
2025-05-05 21:36:17 INFO  com.dsalgo.automation.pages.HomePage - Clicked on Signin link.
2025-05-05 21:36:17 INFO  com.dsalgo.automation.tests.HomePageTest - No warning message for 'Arrays'
2025-05-05 21:36:17 INFO  com.dsalgo.automation.pages.HomePage - HomePage initialized with WebDriver and waitHelper
2025-05-05 21:36:17 INFO  com.dsalgo.automation.pages.LoginPage - LoginPage initialized with WebDriver and waitHelper
2025-05-05 21:36:17 INFO  com.dsalgo.automation.utils.NavigationUtil - Login performed successfully
2025-05-05 21:36:17 INFO  com.dsalgo.automation.pages.HomePage - clicked Get Startedlink on Graph 
2025-05-05 21:36:17 INFO  com.dsalgo.automation.pages.HomePage - Navigated to DSAlgo portal: https://dsportalapp.herokuapp.com/
2025-05-05 21:36:18 INFO  com.dsalgo.automation.pages.HomePage - Clicked on Get Started button in DSAlgo Portal.
2025-05-05 21:36:18 INFO  com.dsalgo.automation.utils.NavigationUtil - Navigated to DS Algo Home Page
2025-05-05 21:36:18 INFO  com.dsalgo.automation.pages.HomePage - clicked Get Startedlink on LinkedList
2025-05-05 21:36:18 INFO  com.dsalgo.automation.pages.GraphPage - Clicked Graph Representation link
2025-05-05 21:36:18 INFO  com.dsalgo.automation.pages.GraphPage - Paragraph and table overlapping: true
2025-05-05 21:36:18 INFO  com.dsalgo.automation.pages.GraphPage - Overlapped Image saved at: C:\Users\mpore\eclipse-workspace\DSAlgo_Testng\DsAlgo_TestNGProject/screenshots/overlappingImage.png
2025-05-05 21:36:18 WARN  com.dsalgo.automation.tests.HomePageTest - Warning message displayed for 'Linked List': You are not logged in
2025-05-05 21:36:18 INFO  com.dsalgo.automation.pages.HomePage - HomePage initialized with WebDriver and waitHelper
2025-05-05 21:36:18 INFO  com.dsalgo.automation.pages.LoginPage - LoginPage initialized with WebDriver and waitHelper
2025-05-05 21:36:18 INFO  com.dsalgo.automation.pages.HomePage - Navigated to DSAlgo portal: https://dsportalapp.herokuapp.com/
2025-05-05 21:36:19 INFO  com.dsalgo.automation.pages.HomePage - Clicked on Get Started button in DSAlgo Portal.
2025-05-05 21:36:19 INFO  com.dsalgo.automation.utils.NavigationUtil - Navigated to DS Algo Home Page
2025-05-05 21:36:19 INFO  com.dsalgo.automation.pages.HomePage - clicked Get Startedlink on stack
2025-05-05 21:36:19 INFO  com.dsalgo.automation.pages.HomePage - Clicked on Sign out link.
2025-05-05 21:36:19 INFO  com.dsalgo.automation.pages.HomePage - HomePage initialized with WebDriver and waitHelper
2025-05-05 21:36:19 INFO  com.dsalgo.automation.pages.GraphPage - GraphPage initialized
2025-05-05 21:36:19 INFO  com.dsalgo.automation.pages.LoginPage - LoginPage initialized with WebDriver and waitHelper
2025-05-05 21:36:19 INFO  com.dsalgo.automation.pages.HomePage - Navigated to DSAlgo portal: https://dsportalapp.herokuapp.com/
2025-05-05 21:36:19 INFO  com.dsalgo.automation.pages.HomePage - Clicked on Get Started button in DSAlgo Portal.
2025-05-05 21:36:19 INFO  com.dsalgo.automation.utils.NavigationUtil - Navigated to DS Algo Home Page
2025-05-05 21:36:19 WARN  com.dsalgo.automation.tests.HomePageTest - Warning message displayed for 'Stack': You are not logged in
2025-05-05 21:36:19 INFO  com.dsalgo.automation.pages.HomePage - Clicked on Signin link.
2025-05-05 21:36:19 INFO  com.dsalgo.automation.pages.HomePage - HomePage initialized with WebDriver and waitHelper
2025-05-05 21:36:19 INFO  com.dsalgo.automation.pages.LoginPage - LoginPage initialized with WebDriver and waitHelper
2025-05-05 21:36:19 INFO  com.dsalgo.automation.pages.HomePage - Navigated to DSAlgo portal: https://dsportalapp.herokuapp.com/
2025-05-05 21:36:19 INFO  com.dsalgo.automation.pages.HomePage - Clicked on Get Started button in DSAlgo Portal.
2025-05-05 21:36:19 INFO  com.dsalgo.automation.utils.NavigationUtil - Navigated to DS Algo Home Page
2025-05-05 21:36:19 INFO  com.dsalgo.automation.pages.HomePage - clicked Get Startedlink on queue 
2025-05-05 21:36:20 INFO  com.dsalgo.automation.utils.NavigationUtil - Login performed successfully
2025-05-05 21:36:20 INFO  com.dsalgo.automation.pages.HomePage - clicked Get Startedlink on Graph 
2025-05-05 21:36:20 WARN  com.dsalgo.automation.tests.HomePageTest - Warning message displayed for 'Queue': You are not logged in
2025-05-05 21:36:20 INFO  com.dsalgo.automation.pages.HomePage - HomePage initialized with WebDriver and waitHelper
2025-05-05 21:36:20 INFO  com.dsalgo.automation.pages.LoginPage - LoginPage initialized with WebDriver and waitHelper
2025-05-05 21:36:20 INFO  com.dsalgo.automation.pages.HomePage - Navigated to DSAlgo portal: https://dsportalapp.herokuapp.com/
2025-05-05 21:36:20 INFO  com.dsalgo.automation.pages.HomePage - Clicked on Get Started button in DSAlgo Portal.
2025-05-05 21:36:20 INFO  com.dsalgo.automation.utils.NavigationUtil - Navigated to DS Algo Home Page
2025-05-05 21:36:20 INFO  com.dsalgo.automation.pages.HomePage - clicked Get Startedlink on Tree 
2025-05-05 21:36:20 INFO  com.dsalgo.automation.pages.GraphPage - Clicked on Graph link
2025-05-05 21:36:20 INFO  com.dsalgo.automation.pages.GraphPage - Page title: Graph
2025-05-05 21:36:20 WARN  com.dsalgo.automation.tests.HomePageTest - Warning message displayed for 'Tree': You are not logged in
2025-05-05 21:36:20 INFO  com.dsalgo.automation.pages.HomePage - HomePage initialized with WebDriver and waitHelper
2025-05-05 21:36:20 INFO  com.dsalgo.automation.pages.LoginPage - LoginPage initialized with WebDriver and waitHelper
2025-05-05 21:36:21 INFO  com.dsalgo.automation.pages.HomePage - Navigated to DSAlgo portal: https://dsportalapp.herokuapp.com/
2025-05-05 21:36:21 INFO  com.dsalgo.automation.pages.HomePage - Clicked on Sign out link.
2025-05-05 21:36:21 INFO  com.dsalgo.automation.pages.HomePage - Clicked on Get Started button in DSAlgo Portal.
2025-05-05 21:36:21 INFO  com.dsalgo.automation.utils.NavigationUtil - Navigated to DS Algo Home Page
2025-05-05 21:36:21 INFO  com.dsalgo.automation.pages.HomePage - clicked Get Startedlink on Graph 
2025-05-05 21:36:21 WARN  com.dsalgo.automation.tests.HomePageTest - Warning message displayed for 'Graph': You are not logged in
2025-05-05 21:36:21 INFO  com.dsalgo.automation.pages.HomePage - HomePage initialized with WebDriver and waitHelper
2025-05-05 21:36:21 INFO  com.dsalgo.automation.pages.LoginPage - LoginPage initialized with WebDriver and waitHelper
2025-05-05 21:36:21 INFO  com.dsalgo.automation.pages.HomePage - Navigated to DSAlgo portal: https://dsportalapp.herokuapp.com/
2025-05-05 21:36:21 INFO  com.dsalgo.automation.pages.HomePage - Clicked on Get Started button in DSAlgo Portal.
2025-05-05 21:36:21 INFO  com.dsalgo.automation.utils.NavigationUtil - Navigated to DS Algo Home Page
2025-05-05 21:36:22 INFO  com.dsalgo.automation.pages.HomePage - Clicked on Data Structures dropdown.
2025-05-05 21:36:22 INFO  com.dsalgo.automation.pages.HomePage - HomePage initialized with WebDriver and waitHelper
2025-05-05 21:36:22 INFO  com.dsalgo.automation.pages.LoginPage - LoginPage initialized with WebDriver and waitHelper
2025-05-05 21:36:22 INFO  com.dsalgo.automation.pages.HomePage - Navigated to DSAlgo portal: https://dsportalapp.herokuapp.com/
2025-05-05 21:36:22 INFO  com.dsalgo.automation.pages.HomePage - Clicked on Get Started button in DSAlgo Portal.
2025-05-05 21:36:22 INFO  com.dsalgo.automation.utils.NavigationUtil - Navigated to DS Algo Home Page
2025-05-05 21:36:22 INFO  com.dsalgo.automation.pages.HomePage - Clicked on Data Structures dropdown.
2025-05-05 21:36:22 INFO  com.dsalgo.automation.pages.HomePage - HomePage initialized with WebDriver and waitHelper
2025-05-05 21:36:22 INFO  com.dsalgo.automation.pages.LoginPage - LoginPage initialized with WebDriver and waitHelper
2025-05-05 21:36:23 INFO  com.dsalgo.automation.pages.HomePage - Navigated to DSAlgo portal: https://dsportalapp.herokuapp.com/
2025-05-05 21:36:23 INFO  com.dsalgo.automation.pages.HomePage - Clicked on Get Started button in DSAlgo Portal.
2025-05-05 21:36:23 INFO  com.dsalgo.automation.utils.NavigationUtil - Navigated to DS Algo Home Page
2025-05-05 21:36:23 INFO  com.dsalgo.automation.pages.HomePage - Clicked on Data Structures dropdown.
2025-05-05 21:36:25 INFO  com.dsalgo.automation.pages.HomePage - HomePage initialized with WebDriver and waitHelper
2025-05-05 21:36:25 INFO  com.dsalgo.automation.pages.HomePage - HomePage initialized with WebDriver and waitHelper
2025-05-05 21:36:25 INFO  com.dsalgo.automation.pages.LoginPage - LoginPage initialized with WebDriver and waitHelper
2025-05-05 21:36:25 INFO  com.dsalgo.automation.pages.HomePage - Navigated to DSAlgo portal: https://dsportalapp.herokuapp.com/
2025-05-05 21:36:26 INFO  com.dsalgo.automation.pages.HomePage - Clicked on Get Started button in DSAlgo Portal.
2025-05-05 21:36:26 INFO  com.dsalgo.automation.utils.NavigationUtil - Navigated to DS Algo Home Page
2025-05-05 21:36:26 INFO  com.dsalgo.automation.pages.HomePage - Clicked on Signin link.
2025-05-05 21:36:26 ERROR com.dsalgo.automation.pages.DataStructure - No alert was present or failed to handle alert
2025-05-05 21:36:27 INFO  com.dsalgo.automation.utils.NavigationUtil - Login performed successfully
2025-05-05 21:36:27 INFO  com.dsalgo.automation.pages.HomePage - clicked Get Startedlink on Array 
2025-05-05 21:36:27 INFO  com.dsalgo.automation.pages.HomePage - Clicked on Sign out link.
2025-05-05 21:36:27 INFO  com.dsalgo.automation.pages.HomePage - HomePage initialized with WebDriver and waitHelper
2025-05-05 21:36:27 INFO  com.dsalgo.automation.pages.LoginPage - LoginPage initialized with WebDriver and waitHelper
2025-05-05 21:36:27 INFO  com.dsalgo.automation.pages.DataStructure - Initialized DataStructure page
2025-05-05 21:36:27 INFO  com.dsalgo.automation.pages.HomePage - Navigated to DSAlgo portal: https://dsportalapp.herokuapp.com/
2025-05-05 21:36:27 INFO  com.dsalgo.automation.tests.ArrayPageTest - Redirected to Applications of Array page successfully
2025-05-05 21:36:27 INFO  com.dsalgo.automation.pages.HomePage - Clicked on Get Started button in DSAlgo Portal.
2025-05-05 21:36:27 INFO  com.dsalgo.automation.utils.NavigationUtil - Navigated to DS Algo Home Page
2025-05-05 21:36:28 INFO  com.dsalgo.automation.pages.HomePage - Clicked on Signin link.
2025-05-05 21:36:28 INFO  com.dsalgo.automation.pages.HomePage - Clicked on Sign out link.
2025-05-05 21:36:28 INFO  com.dsalgo.automation.pages.HomePage - HomePage initialized with WebDriver and waitHelper
2025-05-05 21:36:28 INFO  com.dsalgo.automation.pages.HomePage - HomePage initialized with WebDriver and waitHelper
2025-05-05 21:36:28 INFO  com.dsalgo.automation.pages.LoginPage - LoginPage initialized with WebDriver and waitHelper
2025-05-05 21:36:28 INFO  com.dsalgo.automation.pages.HomePage - Navigated to DSAlgo portal: https://dsportalapp.herokuapp.com/
2025-05-05 21:36:28 INFO  com.dsalgo.automation.pages.HomePage - Clicked on Get Started button in DSAlgo Portal.
2025-05-05 21:36:28 INFO  com.dsalgo.automation.utils.NavigationUtil - Navigated to DS Algo Home Page
2025-05-05 21:36:28 INFO  com.dsalgo.automation.utils.NavigationUtil - Login performed successfully
2025-05-05 21:36:28 INFO  com.dsalgo.automation.pages.HomePage - clicked Get Startedlink on  DataStructures 
2025-05-05 21:36:28 INFO  com.dsalgo.automation.pages.HomePage - Clicked on Signin link.
2025-05-05 21:36:29 INFO  com.dsalgo.automation.pages.HomePage - HomePage initialized with WebDriver and waitHelper
2025-05-05 21:36:29 INFO  com.dsalgo.automation.pages.HomePage - HomePage initialized with WebDriver and waitHelper
2025-05-05 21:36:29 INFO  com.dsalgo.automation.pages.LoginPage - LoginPage initialized with WebDriver and waitHelper
2025-05-05 21:36:29 INFO  com.dsalgo.automation.pages.DataStructure - Clicked on 'Time Complexity' link
2025-05-05 21:36:29 INFO  com.dsalgo.automation.utils.NavigationUtil - Login performed successfully
2025-05-05 21:36:29 INFO  com.dsalgo.automation.pages.HomePage - clicked Get Startedlink on Array 
2025-05-05 21:36:29 INFO  com.dsalgo.automation.pages.HomePage - Navigated to DSAlgo portal: https://dsportalapp.herokuapp.com/
2025-05-05 21:36:30 INFO  com.dsalgo.automation.pages.DataStructure - Clicked on Try Here link
2025-05-05 21:36:30 INFO  com.dsalgo.automation.pages.HomePage - Clicked on Get Started button in DSAlgo Portal.
2025-05-05 21:36:30 INFO  com.dsalgo.automation.utils.NavigationUtil - Navigated to DS Algo Home Page
2025-05-05 21:36:30 INFO  com.dsalgo.automation.pages.DataStructure - Entered Python code into editor: print("NumpyNinja
2025-05-05 21:36:30 INFO  com.dsalgo.automation.tests.DataStructureTest - Entered Python Code: print("NumpyNinja
2025-05-05 21:36:30 INFO  com.dsalgo.automation.pages.HomePage - Clicked on Signin link.
2025-05-05 21:36:30 INFO  com.dsalgo.automation.pages.DataStructure - Clicked on Run button
2025-05-05 21:36:30 INFO  com.dsalgo.automation.tests.DataStructureTest - Clicked Run Button
2025-05-05 21:36:30 INFO  com.dsalgo.automation.pages.DataStructure - Alert appeared: SyntaxError: bad input on line 1
2025-05-05 21:36:30 INFO  com.dsalgo.automation.tests.DataStructureTest - Tested alert with code: print("NumpyNinja | Alert: SyntaxError: bad input on line 1
2025-05-05 21:36:31 INFO  com.dsalgo.automation.utils.NavigationUtil - Login performed successfully
2025-05-05 21:36:31 INFO  com.dsalgo.automation.pages.HomePage - clicked Get Startedlink on LinkedList
2025-05-05 21:36:31 INFO  com.dsalgo.automation.pages.HomePage - Clicked on Sign out link.
2025-05-05 21:36:31 INFO  com.dsalgo.automation.tests.ArrayPageTest - Redirected to Applications of Array Text Editor page successfully
2025-05-05 21:36:32 INFO  com.dsalgo.automation.pages.HomePage - Clicked on Sign out link.
2025-05-05 21:36:32 INFO  com.dsalgo.automation.pages.HomePage - HomePage initialized with WebDriver and waitHelper
2025-05-05 21:36:32 INFO  com.dsalgo.automation.pages.HomePage - HomePage initialized with WebDriver and waitHelper
2025-05-05 21:36:32 INFO  com.dsalgo.automation.pages.LoginPage - LoginPage initialized with WebDriver and waitHelper
2025-05-05 21:36:32 INFO  com.dsalgo.automation.pages.HomePage - Navigated to DSAlgo portal: https://dsportalapp.herokuapp.com/
2025-05-05 21:36:32 INFO  com.dsalgo.automation.pages.HomePage - Clicked on Get Started button in DSAlgo Portal.
2025-05-05 21:36:32 INFO  com.dsalgo.automation.utils.NavigationUtil - Navigated to DS Algo Home Page
2025-05-05 21:36:32 INFO  com.dsalgo.automation.pages.HomePage - Clicked on Signin link.
2025-05-05 21:36:33 INFO  com.dsalgo.automation.utils.NavigationUtil - Login performed successfully
2025-05-05 21:36:33 INFO  com.dsalgo.automation.pages.HomePage - Clicked on Sign out link.
2025-05-05 21:36:33 INFO  com.dsalgo.automation.pages.HomePage - HomePage initialized with WebDriver and waitHelper
2025-05-05 21:36:33 INFO  com.dsalgo.automation.pages.HomePage - HomePage initialized with WebDriver and waitHelper
2025-05-05 21:36:33 INFO  com.dsalgo.automation.pages.LoginPage - LoginPage initialized with WebDriver and waitHelper
2025-05-05 21:36:33 INFO  com.dsalgo.automation.pages.HomePage - clicked Get Startedlink on Array 
2025-05-05 21:36:33 INFO  com.dsalgo.automation.pages.HomePage - Navigated to DSAlgo portal: https://dsportalapp.herokuapp.com/
2025-05-05 21:36:33 INFO  com.dsalgo.automation.pages.HomePage - Clicked on Get Started button in DSAlgo Portal.
2025-05-05 21:36:33 INFO  com.dsalgo.automation.utils.NavigationUtil - Navigated to DS Algo Home Page
2025-05-05 21:36:33 INFO  com.dsalgo.automation.pages.HomePage - Clicked on Signin link.
2025-05-05 21:36:33 INFO  com.dsalgo.automation.tests.ArrayPageTest - Redirected to arrays Basic Operations page successfully
2025-05-05 21:36:34 INFO  com.dsalgo.automation.pages.HomePage - Clicked on Sign out link.
2025-05-05 21:36:34 INFO  com.dsalgo.automation.pages.HomePage - HomePage initialized with WebDriver and waitHelper
2025-05-05 21:36:34 INFO  com.dsalgo.automation.pages.HomePage - HomePage initialized with WebDriver and waitHelper
2025-05-05 21:36:34 INFO  com.dsalgo.automation.pages.LoginPage - LoginPage initialized with WebDriver and waitHelper
2025-05-05 21:36:34 INFO  com.dsalgo.automation.utils.NavigationUtil - Login performed successfully
2025-05-05 21:36:34 INFO  com.dsalgo.automation.pages.HomePage - clicked Get Startedlink on LinkedList
2025-05-05 21:36:34 INFO  com.dsalgo.automation.pages.HomePage - Navigated to DSAlgo portal: https://dsportalapp.herokuapp.com/
2025-05-05 21:36:34 INFO  com.dsalgo.automation.pages.HomePage - Clicked on Get Started button in DSAlgo Portal.
2025-05-05 21:36:34 INFO  com.dsalgo.automation.utils.NavigationUtil - Navigated to DS Algo Home Page
2025-05-05 21:36:34 INFO  com.dsalgo.automation.pages.HomePage - Clicked on Signin link.
2025-05-05 21:36:35 INFO  com.dsalgo.automation.utils.NavigationUtil - Login performed successfully
2025-05-05 21:36:35 INFO  com.dsalgo.automation.pages.HomePage - clicked Get Startedlink on Array 
2025-05-05 21:36:35 INFO  com.dsalgo.automation.pages.HomePage - Clicked on Sign out link.
2025-05-05 21:36:35 INFO  com.dsalgo.automation.pages.HomePage - HomePage initialized with WebDriver and waitHelper
2025-05-05 21:36:35 INFO  com.dsalgo.automation.pages.HomePage - HomePage initialized with WebDriver and waitHelper
2025-05-05 21:36:35 INFO  com.dsalgo.automation.pages.LoginPage - LoginPage initialized with WebDriver and waitHelper
2025-05-05 21:36:35 INFO  com.dsalgo.automation.pages.HomePage - Navigated to DSAlgo portal: https://dsportalapp.herokuapp.com/
2025-05-05 21:36:35 INFO  com.dsalgo.automation.pages.HomePage - Clicked on Get Started button in DSAlgo Portal.
2025-05-05 21:36:35 INFO  com.dsalgo.automation.utils.NavigationUtil - Navigated to DS Algo Home Page
2025-05-05 21:36:36 INFO  com.dsalgo.automation.pages.HomePage - Clicked on Signin link.
2025-05-05 21:36:36 INFO  com.dsalgo.automation.tests.ArrayPageTest - Redirected to Practiece Questions of Array page successfully
2025-05-05 21:36:36 INFO  com.dsalgo.automation.utils.NavigationUtil - Login performed successfully
2025-05-05 21:36:36 INFO  com.dsalgo.automation.pages.HomePage - clicked Get Startedlink on LinkedList
2025-05-05 21:36:36 INFO  com.dsalgo.automation.pages.HomePage - HomePage initialized with WebDriver and waitHelper
2025-05-05 21:36:36 INFO  com.dsalgo.automation.pages.HomePage - HomePage initialized with WebDriver and waitHelper
2025-05-05 21:36:36 INFO  com.dsalgo.automation.pages.LoginPage - LoginPage initialized with WebDriver and waitHelper
2025-05-05 21:36:37 INFO  com.dsalgo.automation.pages.HomePage - Clicked on Sign out link.
2025-05-05 21:36:37 INFO  com.dsalgo.automation.pages.HomePage - HomePage initialized with WebDriver and waitHelper
2025-05-05 21:36:37 INFO  com.dsalgo.automation.pages.HomePage - HomePage initialized with WebDriver and waitHelper
2025-05-05 21:36:37 INFO  com.dsalgo.automation.pages.LoginPage - LoginPage initialized with WebDriver and waitHelper
2025-05-05 21:36:37 INFO  com.dsalgo.automation.pages.HomePage - Navigated to DSAlgo portal: https://dsportalapp.herokuapp.com/
2025-05-05 21:36:37 INFO  com.dsalgo.automation.pages.HomePage - Navigated to DSAlgo portal: https://dsportalapp.herokuapp.com/
2025-05-05 21:36:37 INFO  com.dsalgo.automation.pages.HomePage - Clicked on Get Started button in DSAlgo Portal.
2025-05-05 21:36:37 INFO  com.dsalgo.automation.utils.NavigationUtil - Navigated to DS Algo Home Page
2025-05-05 21:36:37 INFO  com.dsalgo.automation.pages.HomePage - Clicked on Signin link.
2025-05-05 21:36:38 INFO  com.dsalgo.automation.pages.HomePage - Clicked on Get Started button in DSAlgo Portal.
2025-05-05 21:36:38 INFO  com.dsalgo.automation.utils.NavigationUtil - Navigated to DS Algo Home Page
2025-05-05 21:36:38 INFO  com.dsalgo.automation.utils.NavigationUtil - Login performed successfully
2025-05-05 21:36:38 INFO  com.dsalgo.automation.pages.HomePage - clicked Get Startedlink on Array 
2025-05-05 21:36:38 INFO  com.dsalgo.automation.pages.HomePage - Clicked on Signin link.
2025-05-05 21:36:38 INFO  com.dsalgo.automation.pages.HomePage - Clicked on Sign out link.
2025-05-05 21:36:38 INFO  com.dsalgo.automation.pages.HomePage - HomePage initialized with WebDriver and waitHelper
2025-05-05 21:36:38 INFO  com.dsalgo.automation.pages.HomePage - HomePage initialized with WebDriver and waitHelper
2025-05-05 21:36:38 INFO  com.dsalgo.automation.pages.LoginPage - LoginPage initialized with WebDriver and waitHelper
2025-05-05 21:36:38 INFO  com.dsalgo.automation.pages.HomePage - Navigated to DSAlgo portal: https://dsportalapp.herokuapp.com/
2025-05-05 21:36:39 INFO  com.dsalgo.automation.pages.HomePage - Clicked on Get Started button in DSAlgo Portal.
2025-05-05 21:36:39 INFO  com.dsalgo.automation.utils.NavigationUtil - Navigated to DS Algo Home Page
2025-05-05 21:36:39 INFO  com.dsalgo.automation.utils.NavigationUtil - Login performed successfully
2025-05-05 21:36:39 INFO  com.dsalgo.automation.pages.HomePage - clicked Get Startedlink on stack
2025-05-05 21:36:39 INFO  com.dsalgo.automation.pages.HomePage - Clicked on Signin link.
2025-05-05 21:36:39 INFO  com.dsalgo.automation.tests.ArrayPageTest - Redirected to Stack Landing page successfully
2025-05-05 21:36:39 INFO  com.dsalgo.automation.tests.ArrayPageTest - Redirected to arrays-in-python Landing page successfully
2025-05-05 21:36:40 INFO  com.dsalgo.automation.utils.NavigationUtil - Login performed successfully
2025-05-05 21:36:40 INFO  com.dsalgo.automation.pages.HomePage - Clicked on Sign out link.
2025-05-05 21:36:40 INFO  com.dsalgo.automation.pages.HomePage - clicked Get Startedlink on LinkedList
2025-05-05 21:36:40 INFO  com.dsalgo.automation.pages.HomePage - HomePage initialized with WebDriver and waitHelper
2025-05-05 21:36:40 INFO  com.dsalgo.automation.pages.HomePage - HomePage initialized with WebDriver and waitHelper
2025-05-05 21:36:40 INFO  com.dsalgo.automation.pages.LoginPage - LoginPage initialized with WebDriver and waitHelper
2025-05-05 21:36:40 INFO  com.dsalgo.automation.pages.HomePage - Clicked on Sign out link.
2025-05-05 21:36:40 INFO  com.dsalgo.automation.pages.HomePage - HomePage initialized with WebDriver and waitHelper
2025-05-05 21:36:40 INFO  com.dsalgo.automation.pages.HomePage - HomePage initialized with WebDriver and waitHelper
2025-05-05 21:36:40 INFO  com.dsalgo.automation.pages.LoginPage - LoginPage initialized with WebDriver and waitHelper
2025-05-05 21:36:40 INFO  com.dsalgo.automation.pages.HomePage - Navigated to DSAlgo portal: https://dsportalapp.herokuapp.com/
2025-05-05 21:36:40 INFO  com.dsalgo.automation.pages.HomePage - Navigated to DSAlgo portal: https://dsportalapp.herokuapp.com/
2025-05-05 21:36:40 INFO  com.dsalgo.automation.pages.HomePage - Clicked on Get Started button in DSAlgo Portal.
2025-05-05 21:36:40 INFO  com.dsalgo.automation.utils.NavigationUtil - Navigated to DS Algo Home Page
2025-05-05 21:36:40 INFO  com.dsalgo.automation.pages.HomePage - Clicked on Get Started button in DSAlgo Portal.
2025-05-05 21:36:40 INFO  com.dsalgo.automation.utils.NavigationUtil - Navigated to DS Algo Home Page
2025-05-05 21:36:40 INFO  com.dsalgo.automation.pages.HomePage - Clicked on Signin link.
2025-05-05 21:36:40 INFO  com.dsalgo.automation.pages.HomePage - Clicked on Signin link.
2025-05-05 21:36:41 INFO  com.dsalgo.automation.utils.NavigationUtil - Login performed successfully
2025-05-05 21:36:41 INFO  com.dsalgo.automation.pages.HomePage - clicked Get Startedlink on Array 
2025-05-05 21:36:41 INFO  com.dsalgo.automation.utils.NavigationUtil - Login performed successfully
2025-05-05 21:36:41 INFO  com.dsalgo.automation.pages.HomePage - clicked Get Startedlink on stack
2025-05-05 21:36:41 INFO  com.dsalgo.automation.pages.HomePage - Clicked on Sign out link.
2025-05-05 21:36:41 INFO  com.dsalgo.automation.pages.HomePage - HomePage initialized with WebDriver and waitHelper
2025-05-05 21:36:41 INFO  com.dsalgo.automation.pages.HomePage - HomePage initialized with WebDriver and waitHelper
2025-05-05 21:36:41 INFO  com.dsalgo.automation.pages.LoginPage - LoginPage initialized with WebDriver and waitHelper
2025-05-05 21:36:41 INFO  com.dsalgo.automation.pages.HomePage - Navigated to DSAlgo portal: https://dsportalapp.herokuapp.com/
2025-05-05 21:36:41 INFO  com.dsalgo.automation.pages.HomePage - Clicked on Get Started button in DSAlgo Portal.
2025-05-05 21:36:41 INFO  com.dsalgo.automation.utils.NavigationUtil - Navigated to DS Algo Home Page
2025-05-05 21:36:42 INFO  com.dsalgo.automation.pages.HomePage - Clicked on Signin link.
2025-05-05 21:36:42 INFO  com.dsalgo.automation.tests.ArrayPageTest - Redirected to Operations in Stack Landing page successfully
2025-05-05 21:36:42 INFO  com.dsalgo.automation.tests.ArrayPageTest - Redirected to arrays-in-python Text Editor page successfully
2025-05-05 21:36:42 INFO  com.dsalgo.automation.pages.HomePage - Clicked on Sign out link.
2025-05-05 21:36:42 INFO  com.dsalgo.automation.pages.HomePage - HomePage initialized with WebDriver and waitHelper
2025-05-05 21:36:42 INFO  com.dsalgo.automation.pages.HomePage - HomePage initialized with WebDriver and waitHelper
2025-05-05 21:36:42 INFO  com.dsalgo.automation.pages.LoginPage - LoginPage initialized with WebDriver and waitHelper
2025-05-05 21:36:42 INFO  com.dsalgo.automation.utils.NavigationUtil - Login performed successfully
2025-05-05 21:36:42 INFO  com.dsalgo.automation.pages.HomePage - clicked Get Startedlink on LinkedList
2025-05-05 21:36:43 INFO  com.dsalgo.automation.pages.HomePage - Navigated to DSAlgo portal: https://dsportalapp.herokuapp.com/
2025-05-05 21:36:43 INFO  com.dsalgo.automation.pages.HomePage - Clicked on Get Started button in DSAlgo Portal.
2025-05-05 21:36:43 INFO  com.dsalgo.automation.utils.NavigationUtil - Navigated to DS Algo Home Page
2025-05-05 21:36:43 INFO  com.dsalgo.automation.pages.HomePage - Clicked on Signin link.
2025-05-05 21:36:43 INFO  com.dsalgo.automation.pages.HomePage - Clicked on Sign out link.
2025-05-05 21:36:43 INFO  com.dsalgo.automation.pages.HomePage - HomePage initialized with WebDriver and waitHelper
2025-05-05 21:36:43 INFO  com.dsalgo.automation.pages.HomePage - HomePage initialized with WebDriver and waitHelper
2025-05-05 21:36:43 INFO  com.dsalgo.automation.pages.LoginPage - LoginPage initialized with WebDriver and waitHelper
2025-05-05 21:36:43 INFO  com.dsalgo.automation.pages.HomePage - Navigated to DSAlgo portal: https://dsportalapp.herokuapp.com/
2025-05-05 21:36:43 INFO  com.dsalgo.automation.pages.HomePage - Clicked on Get Started button in DSAlgo Portal.
2025-05-05 21:36:43 INFO  com.dsalgo.automation.utils.NavigationUtil - Navigated to DS Algo Home Page
2025-05-05 21:36:43 INFO  com.dsalgo.automation.utils.NavigationUtil - Login performed successfully
2025-05-05 21:36:43 INFO  com.dsalgo.automation.pages.HomePage - clicked Get Startedlink on stack
2025-05-05 21:36:44 INFO  com.dsalgo.automation.pages.HomePage - Clicked on Signin link.
2025-05-05 21:36:44 INFO  com.dsalgo.automation.pages.HomePage - Clicked on Sign out link.
2025-05-05 21:36:44 INFO  com.dsalgo.automation.pages.HomePage - HomePage initialized with WebDriver and waitHelper
2025-05-05 21:36:44 INFO  com.dsalgo.automation.pages.HomePage - HomePage initialized with WebDriver and waitHelper
2025-05-05 21:36:44 INFO  com.dsalgo.automation.pages.LoginPage - LoginPage initialized with WebDriver and waitHelper
2025-05-05 21:36:44 INFO  com.dsalgo.automation.pages.HomePage - Navigated to DSAlgo portal: https://dsportalapp.herokuapp.com/
2025-05-05 21:36:44 INFO  com.dsalgo.automation.utils.NavigationUtil - Login performed successfully
2025-05-05 21:36:44 INFO  com.dsalgo.automation.pages.HomePage - Clicked on Get Started button in DSAlgo Portal.
2025-05-05 21:36:44 INFO  com.dsalgo.automation.utils.NavigationUtil - Navigated to DS Algo Home Page
2025-05-05 21:36:44 INFO  com.dsalgo.automation.pages.HomePage - clicked Get Startedlink on Array 
2025-05-05 21:36:45 INFO  com.dsalgo.automation.pages.HomePage - Clicked on Signin link.
2025-05-05 21:36:45 INFO  com.dsalgo.automation.tests.ArrayPageTest - Redirected to Operations in Stack Text edit Landing page successfully
2025-05-05 21:36:45 INFO  com.dsalgo.automation.tests.ArrayPageTest - Redirected to arrays Using List Text Editor page successfully
2025-05-05 21:36:46 INFO  com.dsalgo.automation.pages.HomePage - Clicked on Sign out link.
2025-05-05 21:36:46 INFO  com.dsalgo.automation.pages.HomePage - HomePage initialized with WebDriver and waitHelper
2025-05-05 21:36:46 INFO  com.dsalgo.automation.pages.HomePage - HomePage initialized with WebDriver and waitHelper
2025-05-05 21:36:46 INFO  com.dsalgo.automation.pages.LoginPage - LoginPage initialized with WebDriver and waitHelper
2025-05-05 21:36:46 INFO  com.dsalgo.automation.utils.NavigationUtil - Login performed successfully
2025-05-05 21:36:46 INFO  com.dsalgo.automation.pages.HomePage - clicked Get Startedlink on LinkedList
2025-05-05 21:36:46 INFO  com.dsalgo.automation.pages.HomePage - Clicked on Sign out link.
2025-05-05 21:36:46 INFO  com.dsalgo.automation.pages.HomePage - HomePage initialized with WebDriver and waitHelper
2025-05-05 21:36:46 INFO  com.dsalgo.automation.pages.HomePage - HomePage initialized with WebDriver and waitHelper
2025-05-05 21:36:46 INFO  com.dsalgo.automation.pages.LoginPage - LoginPage initialized with WebDriver and waitHelper
2025-05-05 21:36:46 INFO  com.dsalgo.automation.pages.HomePage - Navigated to DSAlgo portal: https://dsportalapp.herokuapp.com/
2025-05-05 21:36:46 INFO  com.dsalgo.automation.pages.HomePage - Navigated to DSAlgo portal: https://dsportalapp.herokuapp.com/
2025-05-05 21:36:46 INFO  com.dsalgo.automation.pages.HomePage - Clicked on Get Started button in DSAlgo Portal.
2025-05-05 21:36:46 INFO  com.dsalgo.automation.utils.NavigationUtil - Navigated to DS Algo Home Page
2025-05-05 21:36:46 INFO  com.dsalgo.automation.pages.HomePage - Clicked on Get Started button in DSAlgo Portal.
2025-05-05 21:36:46 INFO  com.dsalgo.automation.utils.NavigationUtil - Navigated to DS Algo Home Page
2025-05-05 21:36:46 INFO  com.dsalgo.automation.pages.HomePage - Clicked on Signin link.
2025-05-05 21:36:46 INFO  com.dsalgo.automation.pages.HomePage - Clicked on Signin link.
2025-05-05 21:36:47 INFO  com.dsalgo.automation.utils.NavigationUtil - Login performed successfully
2025-05-05 21:36:47 INFO  com.dsalgo.automation.pages.HomePage - clicked Get Startedlink on stack
2025-05-05 21:36:47 INFO  com.dsalgo.automation.utils.NavigationUtil - Login performed successfully
2025-05-05 21:36:47 INFO  com.dsalgo.automation.pages.HomePage - clicked Get Startedlink on Array 
2025-05-05 21:36:47 INFO  com.dsalgo.automation.pages.HomePage - Clicked on Sign out link.
2025-05-05 21:36:47 INFO  com.dsalgo.automation.pages.HomePage - HomePage initialized with WebDriver and waitHelper
2025-05-05 21:36:47 INFO  com.dsalgo.automation.pages.HomePage - HomePage initialized with WebDriver and waitHelper
2025-05-05 21:36:47 INFO  com.dsalgo.automation.pages.LoginPage - LoginPage initialized with WebDriver and waitHelper
2025-05-05 21:36:47 INFO  com.dsalgo.automation.tests.ArrayPageTest - Redirected to Stack Applications Landing page successfully
2025-05-05 21:36:47 INFO  com.dsalgo.automation.pages.HomePage - Navigated to DSAlgo portal: https://dsportalapp.herokuapp.com/
2025-05-05 21:36:48 INFO  com.dsalgo.automation.pages.HomePage - Clicked on Get Started button in DSAlgo Portal.
2025-05-05 21:36:48 INFO  com.dsalgo.automation.utils.NavigationUtil - Navigated to DS Algo Home Page
2025-05-05 21:36:48 INFO  com.dsalgo.automation.pages.HomePage - Clicked on Signin link.
2025-05-05 21:36:48 INFO  com.dsalgo.automation.pages.HomePage - Clicked on Sign out link.
2025-05-05 21:36:48 INFO  com.dsalgo.automation.pages.HomePage - HomePage initialized with WebDriver and waitHelper
2025-05-05 21:36:48 INFO  com.dsalgo.automation.pages.HomePage - HomePage initialized with WebDriver and waitHelper
2025-05-05 21:36:48 INFO  com.dsalgo.automation.pages.LoginPage - LoginPage initialized with WebDriver and waitHelper
2025-05-05 21:36:48 INFO  com.dsalgo.automation.pages.HomePage - Navigated to DSAlgo portal: https://dsportalapp.herokuapp.com/
2025-05-05 21:36:48 INFO  com.dsalgo.automation.pages.HomePage - Clicked on Get Started button in DSAlgo Portal.
2025-05-05 21:36:48 INFO  com.dsalgo.automation.utils.NavigationUtil - Navigated to DS Algo Home Page
2025-05-05 21:36:48 INFO  com.dsalgo.automation.tests.ArrayPageTest - Redirected to Arrays Using List Text Editor page successfully
2025-05-05 21:36:48 INFO  com.dsalgo.automation.pages.HomePage - Clicked on Signin link.
2025-05-05 21:36:48 INFO  com.dsalgo.automation.utils.NavigationUtil - Login performed successfully
2025-05-05 21:36:48 INFO  com.dsalgo.automation.pages.HomePage - clicked Get Startedlink on LinkedList
2025-05-05 21:36:49 INFO  com.dsalgo.automation.pages.HomePage - Clicked on Sign out link.
2025-05-05 21:36:49 INFO  com.dsalgo.automation.pages.HomePage - HomePage initialized with WebDriver and waitHelper
2025-05-05 21:36:49 INFO  com.dsalgo.automation.pages.HomePage - HomePage initialized with WebDriver and waitHelper
2025-05-05 21:36:49 INFO  com.dsalgo.automation.pages.LoginPage - LoginPage initialized with WebDriver and waitHelper
2025-05-05 21:36:49 INFO  com.dsalgo.automation.utils.NavigationUtil - Login performed successfully
2025-05-05 21:36:49 INFO  com.dsalgo.automation.pages.HomePage - clicked Get Startedlink on stack
2025-05-05 21:36:49 INFO  com.dsalgo.automation.pages.HomePage - Navigated to DSAlgo portal: https://dsportalapp.herokuapp.com/
2025-05-05 21:36:49 INFO  com.dsalgo.automation.pages.HomePage - Clicked on Get Started button in DSAlgo Portal.
2025-05-05 21:36:49 INFO  com.dsalgo.automation.utils.NavigationUtil - Navigated to DS Algo Home Page
2025-05-05 21:36:49 INFO  com.dsalgo.automation.pages.HomePage - Clicked on Signin link.
2025-05-05 21:36:50 INFO  com.dsalgo.automation.tests.ArrayPageTest - Redirected to Stack Practiece link Text edit Landing page successfully
2025-05-05 21:36:50 INFO  com.dsalgo.automation.utils.NavigationUtil - Login performed successfully
2025-05-05 21:36:50 INFO  com.dsalgo.automation.pages.HomePage - clicked Get Startedlink on Array 
2025-05-05 21:36:51 INFO  com.dsalgo.automation.pages.HomePage - Clicked on Sign out link.
2025-05-05 21:36:51 INFO  com.dsalgo.automation.pages.HomePage - HomePage initialized with WebDriver and waitHelper
2025-05-05 21:36:51 INFO  com.dsalgo.automation.pages.HomePage - HomePage initialized with WebDriver and waitHelper
2025-05-05 21:36:51 INFO  com.dsalgo.automation.pages.LoginPage - LoginPage initialized with WebDriver and waitHelper
2025-05-05 21:36:51 INFO  com.dsalgo.automation.pages.HomePage - Clicked on Sign out link.
2025-05-05 21:36:51 INFO  com.dsalgo.automation.pages.HomePage - HomePage initialized with WebDriver and waitHelper
2025-05-05 21:36:51 INFO  com.dsalgo.automation.pages.HomePage - HomePage initialized with WebDriver and waitHelper
2025-05-05 21:36:51 INFO  com.dsalgo.automation.pages.LoginPage - LoginPage initialized with WebDriver and waitHelper
2025-05-05 21:36:51 INFO  com.dsalgo.automation.pages.HomePage - Navigated to DSAlgo portal: https://dsportalapp.herokuapp.com/
2025-05-05 21:36:51 INFO  com.dsalgo.automation.pages.HomePage - Navigated to DSAlgo portal: https://dsportalapp.herokuapp.com/
2025-05-05 21:36:51 INFO  com.dsalgo.automation.pages.HomePage - Clicked on Get Started button in DSAlgo Portal.
2025-05-05 21:36:51 INFO  com.dsalgo.automation.utils.NavigationUtil - Navigated to DS Algo Home Page
2025-05-05 21:36:51 INFO  com.dsalgo.automation.pages.HomePage - Clicked on Get Started button in DSAlgo Portal.
2025-05-05 21:36:51 INFO  com.dsalgo.automation.utils.NavigationUtil - Navigated to DS Algo Home Page
2025-05-05 21:36:51 INFO  com.dsalgo.automation.pages.HomePage - Clicked on Signin link.
2025-05-05 21:36:51 INFO  com.dsalgo.automation.tests.ArrayPageTest - Redirected to Arrays Using List of Array page from left side menu successfully
2025-05-05 21:36:51 INFO  com.dsalgo.automation.pages.HomePage - Clicked on Signin link.
2025-05-05 21:36:52 INFO  com.dsalgo.automation.utils.NavigationUtil - Login performed successfully
2025-05-05 21:36:52 INFO  com.dsalgo.automation.pages.HomePage - clicked Get Startedlink on stack
2025-05-05 21:36:52 INFO  com.dsalgo.automation.pages.HomePage - Clicked on Sign out link.
2025-05-05 21:36:52 INFO  com.dsalgo.automation.pages.HomePage - HomePage initialized with WebDriver and waitHelper
2025-05-05 21:36:52 INFO  com.dsalgo.automation.pages.HomePage - HomePage initialized with WebDriver and waitHelper
2025-05-05 21:36:52 INFO  com.dsalgo.automation.pages.LoginPage - LoginPage initialized with WebDriver and waitHelper
2025-05-05 21:36:52 INFO  com.dsalgo.automation.pages.HomePage - Navigated to DSAlgo portal: https://dsportalapp.herokuapp.com/
2025-05-05 21:36:52 INFO  com.dsalgo.automation.pages.HomePage - Clicked on Get Started button in DSAlgo Portal.
2025-05-05 21:36:52 INFO  com.dsalgo.automation.utils.NavigationUtil - Navigated to DS Algo Home Page
2025-05-05 21:36:52 INFO  com.dsalgo.automation.utils.NavigationUtil - Login performed successfully
2025-05-05 21:36:52 INFO  com.dsalgo.automation.pages.HomePage - clicked Get Startedlink on LinkedList
2025-05-05 21:36:52 INFO  com.dsalgo.automation.pages.HomePage - Clicked on Signin link.
2025-05-05 21:36:52 INFO  com.dsalgo.automation.tests.ArrayPageTest - Redirected to Operations in Stack Landing page successfully
2025-05-05 21:36:53 INFO  com.dsalgo.automation.pages.HomePage - Clicked on Sign out link.
2025-05-05 21:36:53 INFO  com.dsalgo.automation.pages.HomePage - HomePage initialized with WebDriver and waitHelper
2025-05-05 21:36:53 INFO  com.dsalgo.automation.pages.HomePage - HomePage initialized with WebDriver and waitHelper
2025-05-05 21:36:53 INFO  com.dsalgo.automation.pages.LoginPage - LoginPage initialized with WebDriver and waitHelper
2025-05-05 21:36:53 INFO  com.dsalgo.automation.utils.NavigationUtil - Login performed successfully
2025-05-05 21:36:53 INFO  com.dsalgo.automation.pages.HomePage - clicked Get Startedlink on Array 
2025-05-05 21:36:53 INFO  com.dsalgo.automation.pages.HomePage - Navigated to DSAlgo portal: https://dsportalapp.herokuapp.com/
2025-05-05 21:36:53 INFO  com.dsalgo.automation.pages.HomePage - Clicked on Get Started button in DSAlgo Portal.
2025-05-05 21:36:53 INFO  com.dsalgo.automation.utils.NavigationUtil - Navigated to DS Algo Home Page
2025-05-05 21:36:53 INFO  com.dsalgo.automation.pages.HomePage - Clicked on Signin link.
2025-05-05 21:36:54 INFO  com.dsalgo.automation.pages.HomePage - Clicked on Sign out link.
2025-05-05 21:36:54 INFO  com.dsalgo.automation.pages.HomePage - HomePage initialized with WebDriver and waitHelper
2025-05-05 21:36:54 INFO  com.dsalgo.automation.pages.HomePage - HomePage initialized with WebDriver and waitHelper
2025-05-05 21:36:54 INFO  com.dsalgo.automation.pages.LoginPage - LoginPage initialized with WebDriver and waitHelper
2025-05-05 21:36:54 INFO  com.dsalgo.automation.pages.HomePage - Navigated to DSAlgo portal: https://dsportalapp.herokuapp.com/
2025-05-05 21:36:54 INFO  com.dsalgo.automation.pages.HomePage - Clicked on Get Started button in DSAlgo Portal.
2025-05-05 21:36:54 INFO  com.dsalgo.automation.utils.NavigationUtil - Navigated to DS Algo Home Page
2025-05-05 21:36:54 INFO  com.dsalgo.automation.utils.NavigationUtil - Login performed successfully
2025-05-05 21:36:54 INFO  com.dsalgo.automation.pages.HomePage - clicked Get Startedlink on stack
2025-05-05 21:36:54 INFO  com.dsalgo.automation.tests.ArrayPageTest - Redirected to BasicOperinList Text Editor page successfully
2025-05-05 21:36:54 INFO  com.dsalgo.automation.pages.HomePage - Clicked on Signin link.
2025-05-05 21:36:55 INFO  com.dsalgo.automation.pages.HomePage - Clicked on Sign out link.
2025-05-05 21:36:55 INFO  com.dsalgo.automation.pages.HomePage - HomePage initialized with WebDriver and waitHelper
2025-05-05 21:36:55 INFO  com.dsalgo.automation.pages.HomePage - HomePage initialized with WebDriver and waitHelper
2025-05-05 21:36:55 INFO  com.dsalgo.automation.pages.LoginPage - LoginPage initialized with WebDriver and waitHelper
2025-05-05 21:36:55 INFO  com.dsalgo.automation.utils.NavigationUtil - Login performed successfully
2025-05-05 21:36:55 INFO  com.dsalgo.automation.pages.HomePage - clicked Get Startedlink on LinkedList
2025-05-05 21:36:55 INFO  com.dsalgo.automation.tests.ArrayPageTest - Redirected to stack Implementation Text edit Landing page successfully
2025-05-05 21:36:55 INFO  com.dsalgo.automation.pages.HomePage - Navigated to DSAlgo portal: https://dsportalapp.herokuapp.com/
2025-05-05 21:36:56 INFO  com.dsalgo.automation.pages.HomePage - Clicked on Get Started button in DSAlgo Portal.
2025-05-05 21:36:56 INFO  com.dsalgo.automation.utils.NavigationUtil - Navigated to DS Algo Home Page
2025-05-05 21:36:56 INFO  com.dsalgo.automation.pages.HomePage - Clicked on Sign out link.
2025-05-05 21:36:56 INFO  com.dsalgo.automation.pages.HomePage - HomePage initialized with WebDriver and waitHelper
2025-05-05 21:36:56 INFO  com.dsalgo.automation.pages.HomePage - HomePage initialized with WebDriver and waitHelper
2025-05-05 21:36:56 INFO  com.dsalgo.automation.pages.LoginPage - LoginPage initialized with WebDriver and waitHelper
2025-05-05 21:36:56 INFO  com.dsalgo.automation.pages.HomePage - Clicked on Signin link.
2025-05-05 21:36:56 INFO  com.dsalgo.automation.pages.HomePage - Navigated to DSAlgo portal: https://dsportalapp.herokuapp.com/
2025-05-05 21:36:56 INFO  com.dsalgo.automation.pages.HomePage - Clicked on Get Started button in DSAlgo Portal.
2025-05-05 21:36:56 INFO  com.dsalgo.automation.utils.NavigationUtil - Navigated to DS Algo Home Page
2025-05-05 21:36:56 INFO  com.dsalgo.automation.pages.HomePage - Clicked on Signin link.
2025-05-05 21:36:56 INFO  com.dsalgo.automation.utils.NavigationUtil - Login performed successfully
2025-05-05 21:36:56 INFO  com.dsalgo.automation.pages.HomePage - clicked Get Startedlink on Array 
2025-05-05 21:36:57 INFO  com.dsalgo.automation.tests.ArrayPageTest - Redirected to Array Landing page successfully
2025-05-05 21:36:57 INFO  com.dsalgo.automation.utils.NavigationUtil - Login performed successfully
2025-05-05 21:36:57 INFO  com.dsalgo.automation.pages.HomePage - clicked Get Startedlink on stack
2025-05-05 21:36:57 INFO  com.dsalgo.automation.pages.HomePage - Clicked on Sign out link.
2025-05-05 21:36:57 INFO  com.dsalgo.automation.pages.HomePage - HomePage initialized with WebDriver and waitHelper
2025-05-05 21:36:57 INFO  com.dsalgo.automation.pages.HomePage - HomePage initialized with WebDriver and waitHelper
2025-05-05 21:36:57 INFO  com.dsalgo.automation.pages.LoginPage - LoginPage initialized with WebDriver and waitHelper
2025-05-05 21:36:58 INFO  com.dsalgo.automation.tests.ArrayPageTest - Redirected to Practice Questions Landing page successfully
2025-05-05 21:36:58 INFO  com.dsalgo.automation.pages.HomePage - Navigated to DSAlgo portal: https://dsportalapp.herokuapp.com/
2025-05-05 21:36:58 INFO  com.dsalgo.automation.pages.HomePage - Clicked on Sign out link.
2025-05-05 21:36:58 INFO  com.dsalgo.automation.pages.HomePage - HomePage initialized with WebDriver and waitHelper
2025-05-05 21:36:58 INFO  com.dsalgo.automation.pages.HomePage - HomePage initialized with WebDriver and waitHelper
2025-05-05 21:36:58 INFO  com.dsalgo.automation.pages.LoginPage - LoginPage initialized with WebDriver and waitHelper
2025-05-05 21:36:58 INFO  com.dsalgo.automation.pages.HomePage - Clicked on Get Started button in DSAlgo Portal.
2025-05-05 21:36:58 INFO  com.dsalgo.automation.utils.NavigationUtil - Navigated to DS Algo Home Page
2025-05-05 21:36:58 INFO  com.dsalgo.automation.pages.HomePage - Navigated to DSAlgo portal: https://dsportalapp.herokuapp.com/
2025-05-05 21:36:58 INFO  com.dsalgo.automation.pages.HomePage - Clicked on Get Started button in DSAlgo Portal.
2025-05-05 21:36:58 INFO  com.dsalgo.automation.utils.NavigationUtil - Navigated to DS Algo Home Page
2025-05-05 21:36:58 INFO  com.dsalgo.automation.pages.HomePage - Clicked on Sign out link.
2025-05-05 21:36:58 DEBUG org.apache.poi.openxml4j.opc.PackageRelationshipCollection - Parsing relationship: /xl/_rels/workbook.xml.rels
2025-05-05 21:36:58 DEBUG org.apache.poi.openxml4j.opc.PackageRelationshipCollection - Parsing relationship: /_rels/.rels
2025-05-05 21:36:58 INFO  com.dsalgo.automation.pages.HomePage - Clicked on Signin link.
2025-05-05 21:36:58 INFO  com.dsalgo.automation.pages.HomePage - HomePage initialized with WebDriver and waitHelper
2025-05-05 21:36:58 INFO  com.dsalgo.automation.pages.HomePage - HomePage initialized with WebDriver and waitHelper
2025-05-05 21:36:58 INFO  com.dsalgo.automation.pages.LoginPage - LoginPage initialized with WebDriver and waitHelper
2025-05-05 21:36:59 INFO  com.dsalgo.automation.pages.HomePage - Navigated to DSAlgo portal: https://dsportalapp.herokuapp.com/
2025-05-05 21:36:59 INFO  com.dsalgo.automation.pages.HomePage - Clicked on Signin link.
2025-05-05 21:36:59 INFO  com.dsalgo.automation.pages.HomePage - Clicked on Get Started button in DSAlgo Portal.
2025-05-05 21:36:59 INFO  com.dsalgo.automation.utils.NavigationUtil - Navigated to DS Algo Home Page
2025-05-05 21:36:59 INFO  com.dsalgo.automation.pages.HomePage - Clicked on Signin link.
2025-05-05 21:36:59 INFO  com.dsalgo.automation.utils.NavigationUtil - Login performed successfully
2025-05-05 21:36:59 INFO  com.dsalgo.automation.pages.HomePage - clicked Get Startedlink on LinkedList
2025-05-05 21:36:59 INFO  com.dsalgo.automation.utils.NavigationUtil - Login performed successfully
2025-05-05 21:36:59 INFO  com.dsalgo.automation.pages.HomePage - clicked Get Startedlink on Array 
2025-05-05 21:36:59 INFO  com.dsalgo.automation.utils.NavigationUtil - Login performed successfully
2025-05-05 21:36:59 INFO  com.dsalgo.automation.pages.HomePage - clicked Get Startedlink on stack
2025-05-05 21:37:01 INFO  com.dsalgo.automation.pages.HomePage - Clicked on Sign out link.
2025-05-05 21:37:01 INFO  com.dsalgo.automation.pages.HomePage - HomePage initialized with WebDriver and waitHelper
2025-05-05 21:37:01 INFO  com.dsalgo.automation.pages.HomePage - HomePage initialized with WebDriver and waitHelper
2025-05-05 21:37:01 INFO  com.dsalgo.automation.pages.LoginPage - LoginPage initialized with WebDriver and waitHelper
2025-05-05 21:37:01 INFO  com.dsalgo.automation.pages.HomePage - Navigated to DSAlgo portal: https://dsportalapp.herokuapp.com/
2025-05-05 21:37:01 INFO  com.dsalgo.automation.pages.HomePage - Clicked on Get Started button in DSAlgo Portal.
2025-05-05 21:37:01 INFO  com.dsalgo.automation.utils.NavigationUtil - Navigated to DS Algo Home Page
2025-05-05 21:37:01 INFO  com.dsalgo.automation.pages.HomePage - Clicked on Sign out link.
2025-05-05 21:37:01 INFO  com.dsalgo.automation.pages.HomePage - HomePage initialized with WebDriver and waitHelper
2025-05-05 21:37:01 INFO  com.dsalgo.automation.pages.HomePage - HomePage initialized with WebDriver and waitHelper
2025-05-05 21:37:01 INFO  com.dsalgo.automation.pages.LoginPage - LoginPage initialized with WebDriver and waitHelper
2025-05-05 21:37:01 INFO  com.dsalgo.automation.pages.HomePage - Clicked on Signin link.
2025-05-05 21:37:01 INFO  com.dsalgo.automation.pages.HomePage - Navigated to DSAlgo portal: https://dsportalapp.herokuapp.com/
2025-05-05 21:37:01 INFO  com.dsalgo.automation.tests.ArrayPageTest - Redirected to Find with Even Digits of the Array Practiece Questions of Array page successfully
2025-05-05 21:37:02 INFO  com.dsalgo.automation.pages.HomePage - Clicked on Get Started button in DSAlgo Portal.
2025-05-05 21:37:02 INFO  com.dsalgo.automation.utils.NavigationUtil - Navigated to DS Algo Home Page
2025-05-05 21:37:02 INFO  com.dsalgo.automation.pages.HomePage - Clicked on Signin link.
2025-05-05 21:37:02 INFO  com.dsalgo.automation.utils.NavigationUtil - Login performed successfully
2025-05-05 21:37:02 INFO  com.dsalgo.automation.pages.HomePage - Clicked on Sign out link.
2025-05-05 21:37:02 INFO  com.dsalgo.automation.pages.HomePage - HomePage initialized with WebDriver and waitHelper
2025-05-05 21:37:02 INFO  com.dsalgo.automation.pages.HomePage - HomePage initialized with WebDriver and waitHelper
2025-05-05 21:37:02 INFO  com.dsalgo.automation.pages.LoginPage - LoginPage initialized with WebDriver and waitHelper
2025-05-05 21:37:02 INFO  com.dsalgo.automation.pages.HomePage - clicked Get Startedlink on LinkedList
2025-05-05 21:37:02 INFO  com.dsalgo.automation.pages.HomePage - Navigated to DSAlgo portal: https://dsportalapp.herokuapp.com/
2025-05-05 21:37:03 INFO  com.dsalgo.automation.utils.NavigationUtil - Login performed successfully
2025-05-05 21:37:03 INFO  com.dsalgo.automation.pages.HomePage - clicked Get Startedlink on stack
2025-05-05 21:37:03 INFO  com.dsalgo.automation.pages.HomePage - Clicked on Get Started button in DSAlgo Portal.
2025-05-05 21:37:03 INFO  com.dsalgo.automation.utils.NavigationUtil - Navigated to DS Algo Home Page
2025-05-05 21:37:03 INFO  com.dsalgo.automation.pages.HomePage - Clicked on Signin link.
2025-05-05 21:37:03 INFO  com.dsalgo.automation.utils.NavigationUtil - Login performed successfully
2025-05-05 21:37:03 INFO  com.dsalgo.automation.pages.HomePage - clicked Get Startedlink on Array 
2025-05-05 21:37:04 INFO  com.dsalgo.automation.pages.HomePage - Clicked on Sign out link.
2025-05-05 21:37:04 INFO  com.dsalgo.automation.pages.HomePage - HomePage initialized with WebDriver and waitHelper
2025-05-05 21:37:04 INFO  com.dsalgo.automation.pages.HomePage - HomePage initialized with WebDriver and waitHelper
2025-05-05 21:37:04 INFO  com.dsalgo.automation.pages.LoginPage - LoginPage initialized with WebDriver and waitHelper
2025-05-05 21:37:04 INFO  com.dsalgo.automation.pages.HomePage - Clicked on Sign out link.
2025-05-05 21:37:04 INFO  com.dsalgo.automation.pages.HomePage - HomePage initialized with WebDriver and waitHelper
2025-05-05 21:37:04 INFO  com.dsalgo.automation.pages.HomePage - HomePage initialized with WebDriver and waitHelper
2025-05-05 21:37:04 INFO  com.dsalgo.automation.pages.LoginPage - LoginPage initialized with WebDriver and waitHelper
2025-05-05 21:37:05 INFO  com.dsalgo.automation.pages.HomePage - Navigated to DSAlgo portal: https://dsportalapp.herokuapp.com/
2025-05-05 21:37:05 INFO  com.dsalgo.automation.pages.HomePage - Navigated to DSAlgo portal: https://dsportalapp.herokuapp.com/
2025-05-05 21:37:05 INFO  com.dsalgo.automation.pages.HomePage - Clicked on Get Started button in DSAlgo Portal.
2025-05-05 21:37:05 INFO  com.dsalgo.automation.utils.NavigationUtil - Navigated to DS Algo Home Page
2025-05-05 21:37:05 INFO  com.dsalgo.automation.pages.HomePage - Clicked on Get Started button in DSAlgo Portal.
2025-05-05 21:37:05 INFO  com.dsalgo.automation.utils.NavigationUtil - Navigated to DS Algo Home Page
2025-05-05 21:37:05 INFO  com.dsalgo.automation.pages.HomePage - Clicked on Signin link.
2025-05-05 21:37:05 INFO  com.dsalgo.automation.pages.HomePage - Clicked on Signin link.
2025-05-05 21:37:05 INFO  com.dsalgo.automation.tests.ArrayPageTest - Redirected to Max practiece questions of the Array Practiece Questions of Array page successfully
2025-05-05 21:37:06 INFO  com.dsalgo.automation.utils.NavigationUtil - Login performed successfully
2025-05-05 21:37:06 INFO  com.dsalgo.automation.pages.HomePage - clicked Get Startedlink on stack
2025-05-05 21:37:06 INFO  com.dsalgo.automation.utils.NavigationUtil - Login performed successfully
2025-05-05 21:37:06 INFO  com.dsalgo.automation.pages.HomePage - clicked Get Startedlink on LinkedList
2025-05-05 21:37:06 INFO  com.dsalgo.automation.pages.HomePage - Clicked on Sign out link.
2025-05-05 21:37:06 INFO  com.dsalgo.automation.pages.HomePage - HomePage initialized with WebDriver and waitHelper
2025-05-05 21:37:06 INFO  com.dsalgo.automation.pages.HomePage - HomePage initialized with WebDriver and waitHelper
2025-05-05 21:37:06 INFO  com.dsalgo.automation.pages.LoginPage - LoginPage initialized with WebDriver and waitHelper
2025-05-05 21:37:06 INFO  com.dsalgo.automation.pages.HomePage - Navigated to DSAlgo portal: https://dsportalapp.herokuapp.com/
2025-05-05 21:37:07 INFO  com.dsalgo.automation.pages.HomePage - Clicked on Get Started button in DSAlgo Portal.
2025-05-05 21:37:07 INFO  com.dsalgo.automation.utils.NavigationUtil - Navigated to DS Algo Home Page
2025-05-05 21:37:07 INFO  com.dsalgo.automation.pages.HomePage - Clicked on Signin link.
2025-05-05 21:37:07 INFO  com.dsalgo.automation.tests.ArrayPageTest - Tested alert with code: System.out.println("Hello,World"); | Alert: NameError: name 'System' is not defined on line 1
2025-05-05 21:37:08 INFO  com.dsalgo.automation.pages.HomePage - Clicked on Sign out link.
2025-05-05 21:37:08 INFO  com.dsalgo.automation.utils.NavigationUtil - Login performed successfully
2025-05-05 21:37:08 INFO  com.dsalgo.automation.pages.HomePage - clicked Get Startedlink on Array 
2025-05-05 21:37:08 INFO  com.dsalgo.automation.pages.HomePage - Clicked on Sign out link.
2025-05-05 21:37:08 INFO  com.dsalgo.automation.pages.HomePage - HomePage initialized with WebDriver and waitHelper
2025-05-05 21:37:08 INFO  com.dsalgo.automation.pages.HomePage - HomePage initialized with WebDriver and waitHelper
2025-05-05 21:37:08 INFO  com.dsalgo.automation.pages.LoginPage - LoginPage initialized with WebDriver and waitHelper
2025-05-05 21:37:08 INFO  com.dsalgo.automation.pages.HomePage - Navigated to DSAlgo portal: https://dsportalapp.herokuapp.com/
2025-05-05 21:37:08 INFO  com.dsalgo.automation.pages.HomePage - Clicked on Get Started button in DSAlgo Portal.
2025-05-05 21:37:08 INFO  com.dsalgo.automation.utils.NavigationUtil - Navigated to DS Algo Home Page
2025-05-05 21:37:08 INFO  com.dsalgo.automation.pages.HomePage - Clicked on Signin link.
2025-05-05 21:37:09 INFO  com.dsalgo.automation.utils.NavigationUtil - Login performed successfully
2025-05-05 21:37:09 INFO  com.dsalgo.automation.pages.HomePage - clicked Get Startedlink on LinkedList
2025-05-05 21:37:09 INFO  com.dsalgo.automation.tests.ArrayPageTest - Redirected to Linked List Landing page successfully
2025-05-05 21:37:09 INFO  com.dsalgo.automation.tests.ArrayPageTest - Redirected to Search the Array Practiece Questions of Array page successfully
2025-05-05 21:37:10 INFO  com.dsalgo.automation.pages.HomePage - Clicked on Sign out link.
2025-05-05 21:37:10 INFO  com.dsalgo.automation.pages.HomePage - HomePage initialized with WebDriver and waitHelper
2025-05-05 21:37:10 INFO  com.dsalgo.automation.pages.HomePage - HomePage initialized with WebDriver and waitHelper
2025-05-05 21:37:10 INFO  com.dsalgo.automation.pages.LoginPage - LoginPage initialized with WebDriver and waitHelper
2025-05-05 21:37:10 INFO  com.dsalgo.automation.pages.HomePage - Clicked on Sign out link.
2025-05-05 21:37:10 INFO  com.dsalgo.automation.pages.HomePage - HomePage initialized with WebDriver and waitHelper
2025-05-05 21:37:10 INFO  com.dsalgo.automation.pages.HomePage - HomePage initialized with WebDriver and waitHelper
2025-05-05 21:37:10 INFO  com.dsalgo.automation.pages.LoginPage - LoginPage initialized with WebDriver and waitHelper
2025-05-05 21:37:10 INFO  com.dsalgo.automation.pages.HomePage - Navigated to DSAlgo portal: https://dsportalapp.herokuapp.com/
2025-05-05 21:37:10 INFO  com.dsalgo.automation.pages.HomePage - Navigated to DSAlgo portal: https://dsportalapp.herokuapp.com/
2025-05-05 21:37:10 INFO  com.dsalgo.automation.pages.HomePage - Clicked on Get Started button in DSAlgo Portal.
2025-05-05 21:37:10 INFO  com.dsalgo.automation.utils.NavigationUtil - Navigated to DS Algo Home Page
2025-05-05 21:37:10 INFO  com.dsalgo.automation.pages.HomePage - Clicked on Get Started button in DSAlgo Portal.
2025-05-05 21:37:10 INFO  com.dsalgo.automation.utils.NavigationUtil - Navigated to DS Algo Home Page
2025-05-05 21:37:10 INFO  com.dsalgo.automation.pages.HomePage - Clicked on Signin link.
2025-05-05 21:37:11 INFO  com.dsalgo.automation.pages.HomePage - Clicked on Signin link.
2025-05-05 21:37:11 INFO  com.dsalgo.automation.utils.NavigationUtil - Login performed successfully
2025-05-05 21:37:11 INFO  com.dsalgo.automation.pages.HomePage - clicked Get Startedlink on LinkedList
2025-05-05 21:37:11 INFO  com.dsalgo.automation.utils.NavigationUtil - Login performed successfully
2025-05-05 21:37:11 INFO  com.dsalgo.automation.pages.HomePage - clicked Get Startedlink on Array 
2025-05-05 21:37:12 INFO  com.dsalgo.automation.tests.ArrayPageTest - Redirected to Creating Linked List Landing page successfully
2025-05-05 21:37:12 INFO  com.dsalgo.automation.pages.HomePage - Clicked on Sign out link.
2025-05-05 21:37:12 INFO  com.dsalgo.automation.pages.HomePage - HomePage initialized with WebDriver and waitHelper
2025-05-05 21:37:12 INFO  com.dsalgo.automation.pages.HomePage - HomePage initialized with WebDriver and waitHelper
2025-05-05 21:37:12 INFO  com.dsalgo.automation.pages.LoginPage - LoginPage initialized with WebDriver and waitHelper
2025-05-05 21:37:13 INFO  com.dsalgo.automation.pages.HomePage - Navigated to DSAlgo portal: https://dsportalapp.herokuapp.com/
2025-05-05 21:37:13 INFO  com.dsalgo.automation.pages.HomePage - HomePage initialized with WebDriver and waitHelper
2025-05-05 21:37:13 INFO  com.dsalgo.automation.pages.LoginPage - LoginPage initialized with WebDriver and waitHelper
2025-05-05 21:37:13 INFO  com.dsalgo.automation.pages.HomePage - Clicked on Get Started button in DSAlgo Portal.
2025-05-05 21:37:13 INFO  com.dsalgo.automation.utils.NavigationUtil - Navigated to DS Algo Home Page
2025-05-05 21:37:13 INFO  com.dsalgo.automation.tests.ArrayPageTest - Redirected to Squared of the Sorted Array Practiece Questions of Array page successfully
2025-05-05 21:37:13 INFO  com.dsalgo.automation.pages.HomePage - Navigated to DSAlgo portal: https://dsportalapp.herokuapp.com/
2025-05-05 21:37:13 INFO  com.dsalgo.automation.pages.HomePage - Clicked on Signin link.
2025-05-05 21:37:14 INFO  com.dsalgo.automation.pages.HomePage - Clicked on Sign out link.
2025-05-05 21:37:14 DEBUG org.apache.poi.openxml4j.opc.PackageRelationshipCollection - Parsing relationship: /xl/_rels/workbook.xml.rels
2025-05-05 21:37:14 DEBUG org.apache.poi.openxml4j.opc.PackageRelationshipCollection - Parsing relationship: /_rels/.rels
2025-05-05 21:37:14 INFO  com.dsalgo.automation.pages.HomePage - Clicked on Get Started button in DSAlgo Portal.
2025-05-05 21:37:14 INFO  com.dsalgo.automation.utils.NavigationUtil - Navigated to DS Algo Home Page
2025-05-05 21:37:14 INFO  com.dsalgo.automation.pages.HomePage - HomePage initialized with WebDriver and waitHelper
2025-05-05 21:37:14 INFO  com.dsalgo.automation.pages.HomePage - HomePage initialized with WebDriver and waitHelper
2025-05-05 21:37:14 INFO  com.dsalgo.automation.pages.LoginPage - LoginPage initialized with WebDriver and waitHelper
2025-05-05 21:37:14 INFO  com.dsalgo.automation.pages.HomePage - Navigated to DSAlgo portal: https://dsportalapp.herokuapp.com/
2025-05-05 21:37:14 INFO  com.dsalgo.automation.utils.NavigationUtil - Login performed successfully
2025-05-05 21:37:14 INFO  com.dsalgo.automation.pages.HomePage - Clicked on Signin link.
2025-05-05 21:37:14 INFO  com.dsalgo.automation.pages.HomePage - clicked Get Startedlink on LinkedList
2025-05-05 21:37:14 INFO  com.dsalgo.automation.pages.HomePage - Clicked on Get Started button in DSAlgo Portal.
2025-05-05 21:37:14 INFO  com.dsalgo.automation.utils.NavigationUtil - Navigated to DS Algo Home Page
2025-05-05 21:37:14 INFO  com.dsalgo.automation.pages.HomePage - Clicked on Signin link.
2025-05-05 21:37:15 INFO  com.dsalgo.automation.utils.NavigationUtil - Login performed successfully
2025-05-05 21:37:15 INFO  com.dsalgo.automation.pages.HomePage - clicked Get Startedlink on queue 
2025-05-05 21:37:15 INFO  com.dsalgo.automation.utils.NavigationUtil - Login performed successfully
2025-05-05 21:37:15 INFO  com.dsalgo.automation.pages.HomePage - clicked Get Startedlink on Array 
2025-05-05 21:37:16 INFO  com.dsalgo.automation.pages.HomePage - Clicked on Sign out link.
2025-05-05 21:37:16 INFO  com.dsalgo.automation.pages.HomePage - HomePage initialized with WebDriver and waitHelper
2025-05-05 21:37:16 INFO  com.dsalgo.automation.pages.LoginPage - LoginPage initialized with WebDriver and waitHelper
2025-05-05 21:37:16 INFO  com.dsalgo.automation.tests.ArrayPageTest - Redirected to Creating Linked List Text Edit Landing page successfully
2025-05-05 21:37:16 INFO  com.dsalgo.automation.pages.HomePage - Navigated to DSAlgo portal: https://dsportalapp.herokuapp.com/
2025-05-05 21:37:16 INFO  com.dsalgo.automation.pages.HomePage - Clicked on Get Started button in DSAlgo Portal.
2025-05-05 21:37:16 INFO  com.dsalgo.automation.utils.NavigationUtil - Navigated to DS Algo Home Page
2025-05-05 21:37:16 INFO  com.dsalgo.automation.pages.HomePage - Clicked on Signin link.
2025-05-05 21:37:16 INFO  com.dsalgo.automation.pages.HomePage - Clicked on Sign out link.
2025-05-05 21:37:16 INFO  com.dsalgo.automation.pages.HomePage - HomePage initialized with WebDriver and waitHelper
2025-05-05 21:37:16 INFO  com.dsalgo.automation.pages.HomePage - HomePage initialized with WebDriver and waitHelper
2025-05-05 21:37:16 INFO  com.dsalgo.automation.pages.LoginPage - LoginPage initialized with WebDriver and waitHelper
2025-05-05 21:37:17 INFO  com.dsalgo.automation.pages.HomePage - Navigated to DSAlgo portal: https://dsportalapp.herokuapp.com/
2025-05-05 21:37:17 INFO  com.dsalgo.automation.pages.HomePage - Clicked on Get Started button in DSAlgo Portal.
2025-05-05 21:37:17 INFO  com.dsalgo.automation.utils.NavigationUtil - Navigated to DS Algo Home Page
2025-05-05 21:37:17 INFO  com.dsalgo.automation.tests.ArrayPageTest - Actual Output upon clicking Run is 
2025-05-05 21:37:17 INFO  com.dsalgo.automation.utils.NavigationUtil - Login performed successfully
2025-05-05 21:37:17 INFO  com.dsalgo.automation.pages.HomePage - clicked Get Startedlink on queue 
2025-05-05 21:37:17 INFO  com.dsalgo.automation.pages.HomePage - Clicked on Signin link.
2025-05-05 21:37:17 INFO  com.dsalgo.automation.pages.HomePage - Clicked on Sign out link.
2025-05-05 21:37:17 INFO  com.dsalgo.automation.pages.HomePage - HomePage initialized with WebDriver and waitHelper
2025-05-05 21:37:17 INFO  com.dsalgo.automation.pages.HomePage - HomePage initialized with WebDriver and waitHelper
2025-05-05 21:37:17 INFO  com.dsalgo.automation.pages.LoginPage - LoginPage initialized with WebDriver and waitHelper
2025-05-05 21:37:18 INFO  com.dsalgo.automation.pages.HomePage - Navigated to DSAlgo portal: https://dsportalapp.herokuapp.com/
2025-05-05 21:37:18 INFO  com.dsalgo.automation.utils.NavigationUtil - Login performed successfully
2025-05-05 21:37:18 ERROR com.dsalgo.automation.tests.QueuePageTest - Assertion failed: expected [true] but found [false]
2025-05-05 21:37:18 INFO  com.dsalgo.automation.pages.HomePage - clicked Get Startedlink on LinkedList
2025-05-05 21:37:18 INFO  com.dsalgo.automation.pages.HomePage - Clicked on Get Started button in DSAlgo Portal.
2025-05-05 21:37:18 INFO  com.dsalgo.automation.utils.NavigationUtil - Navigated to DS Algo Home Page
2025-05-05 21:37:18 INFO  com.dsalgo.automation.pages.HomePage - Clicked on Signin link.
2025-05-05 21:37:18 INFO  com.dsalgo.automation.pages.HomePage - Clicked on Sign out link.
2025-05-05 21:37:18 INFO  com.dsalgo.automation.pages.HomePage - HomePage initialized with WebDriver and waitHelper
2025-05-05 21:37:18 INFO  com.dsalgo.automation.pages.LoginPage - LoginPage initialized with WebDriver and waitHelper
2025-05-05 21:37:18 INFO  com.dsalgo.automation.pages.HomePage - Navigated to DSAlgo portal: https://dsportalapp.herokuapp.com/
2025-05-05 21:37:18 INFO  com.dsalgo.automation.tests.ArrayPageTest - Redirected to deletion Landing page successfully
2025-05-05 21:37:18 INFO  com.dsalgo.automation.pages.HomePage - Clicked on Get Started button in DSAlgo Portal.
2025-05-05 21:37:18 INFO  com.dsalgo.automation.utils.NavigationUtil - Navigated to DS Algo Home Page
2025-05-05 21:37:19 INFO  com.dsalgo.automation.utils.NavigationUtil - Login performed successfully
2025-05-05 21:37:19 INFO  com.dsalgo.automation.pages.HomePage - clicked Get Startedlink on Array 
2025-05-05 21:37:19 INFO  com.dsalgo.automation.pages.HomePage - Clicked on Signin link.
2025-05-05 21:37:19 INFO  com.dsalgo.automation.pages.HomePage - Clicked on Sign out link.
2025-05-05 21:37:19 INFO  com.dsalgo.automation.pages.HomePage - HomePage initialized with WebDriver and waitHelper
2025-05-05 21:37:19 INFO  com.dsalgo.automation.pages.HomePage - HomePage initialized with WebDriver and waitHelper
2025-05-05 21:37:19 INFO  com.dsalgo.automation.pages.LoginPage - LoginPage initialized with WebDriver and waitHelper
2025-05-05 21:37:19 INFO  com.dsalgo.automation.pages.HomePage - Navigated to DSAlgo portal: https://dsportalapp.herokuapp.com/
2025-05-05 21:37:19 INFO  com.dsalgo.automation.pages.HomePage - Clicked on Get Started button in DSAlgo Portal.
2025-05-05 21:37:19 INFO  com.dsalgo.automation.utils.NavigationUtil - Navigated to DS Algo Home Page
2025-05-05 21:37:19 INFO  com.dsalgo.automation.utils.NavigationUtil - Login performed successfully
2025-05-05 21:37:19 INFO  com.dsalgo.automation.pages.HomePage - clicked Get Startedlink on queue 
2025-05-05 21:37:19 INFO  com.dsalgo.automation.pages.HomePage - Clicked on Signin link.
2025-05-05 21:37:20 ERROR com.dsalgo.automation.tests.QueuePageTest - Assertion failed: expected [true] but found [false]
2025-05-05 21:37:20 INFO  com.dsalgo.automation.utils.NavigationUtil - Login performed successfully
2025-05-05 21:37:20 INFO  com.dsalgo.automation.pages.HomePage - clicked Get Startedlink on LinkedList
2025-05-05 21:37:20 INFO  com.dsalgo.automation.pages.HomePage - Clicked on Sign out link.
2025-05-05 21:37:20 INFO  com.dsalgo.automation.pages.HomePage - HomePage initialized with WebDriver and waitHelper
2025-05-05 21:37:20 INFO  com.dsalgo.automation.pages.LoginPage - LoginPage initialized with WebDriver and waitHelper
2025-05-05 21:37:20 INFO  com.dsalgo.automation.pages.HomePage - Navigated to DSAlgo portal: https://dsportalapp.herokuapp.com/
2025-05-05 21:37:21 INFO  com.dsalgo.automation.pages.HomePage - Clicked on Get Started button in DSAlgo Portal.
2025-05-05 21:37:21 INFO  com.dsalgo.automation.utils.NavigationUtil - Navigated to DS Algo Home Page
2025-05-05 21:37:21 INFO  com.dsalgo.automation.pages.HomePage - Clicked on Sign out link.
2025-05-05 21:37:21 INFO  com.dsalgo.automation.pages.HomePage - HomePage initialized with WebDriver and waitHelper
2025-05-05 21:37:21 INFO  com.dsalgo.automation.pages.HomePage - HomePage initialized with WebDriver and waitHelper
2025-05-05 21:37:21 INFO  com.dsalgo.automation.pages.LoginPage - LoginPage initialized with WebDriver and waitHelper
2025-05-05 21:37:21 INFO  com.dsalgo.automation.pages.HomePage - Navigated to DSAlgo portal: https://dsportalapp.herokuapp.com/
2025-05-05 21:37:21 INFO  com.dsalgo.automation.pages.HomePage - Clicked on Signin link.
2025-05-05 21:37:21 INFO  com.dsalgo.automation.pages.HomePage - Clicked on Get Started button in DSAlgo Portal.
2025-05-05 21:37:21 INFO  com.dsalgo.automation.utils.NavigationUtil - Navigated to DS Algo Home Page
2025-05-05 21:37:21 INFO  com.dsalgo.automation.pages.HomePage - Clicked on Signin link.
2025-05-05 21:37:21 INFO  com.dsalgo.automation.tests.ArrayPageTest - Redirected to deletion Text Edit Landing page successfully
2025-05-05 21:37:21 INFO  com.dsalgo.automation.utils.NavigationUtil - Login performed successfully
2025-05-05 21:37:21 INFO  com.dsalgo.automation.pages.HomePage - clicked Get Startedlink on queue 
2025-05-05 21:37:22 INFO  com.dsalgo.automation.utils.NavigationUtil - Login performed successfully
2025-05-05 21:37:22 INFO  com.dsalgo.automation.pages.HomePage - clicked Get Startedlink on Array 
2025-05-05 21:37:22 INFO  com.dsalgo.automation.pages.HomePage - Clicked on Sign out link.
2025-05-05 21:37:22 INFO  com.dsalgo.automation.pages.HomePage - HomePage initialized with WebDriver and waitHelper
2025-05-05 21:37:22 INFO  com.dsalgo.automation.pages.HomePage - HomePage initialized with WebDriver and waitHelper
2025-05-05 21:37:22 INFO  com.dsalgo.automation.pages.LoginPage - LoginPage initialized with WebDriver and waitHelper
2025-05-05 21:37:22 INFO  com.dsalgo.automation.pages.HomePage - Navigated to DSAlgo portal: https://dsportalapp.herokuapp.com/
2025-05-05 21:37:22 ERROR com.dsalgo.automation.tests.QueuePageTest - Assertion failed: expected [true] but found [false]
2025-05-05 21:37:22 INFO  com.dsalgo.automation.pages.HomePage - Clicked on Get Started button in DSAlgo Portal.
2025-05-05 21:37:22 INFO  com.dsalgo.automation.utils.NavigationUtil - Navigated to DS Algo Home Page
2025-05-05 21:37:23 INFO  com.dsalgo.automation.pages.HomePage - Clicked on Signin link.
2025-05-05 21:37:23 INFO  com.dsalgo.automation.pages.HomePage - Clicked on Sign out link.
2025-05-05 21:37:23 DEBUG org.apache.poi.openxml4j.opc.PackageRelationshipCollection - Parsing relationship: /xl/_rels/workbook.xml.rels
2025-05-05 21:37:23 DEBUG org.apache.poi.openxml4j.opc.PackageRelationshipCollection - Parsing relationship: /_rels/.rels
2025-05-05 21:37:23 INFO  com.dsalgo.automation.pages.HomePage - HomePage initialized with WebDriver and waitHelper
2025-05-05 21:37:23 INFO  com.dsalgo.automation.pages.LoginPage - LoginPage initialized with WebDriver and waitHelper
2025-05-05 21:37:23 INFO  com.dsalgo.automation.pages.HomePage - Navigated to DSAlgo portal: https://dsportalapp.herokuapp.com/
2025-05-05 21:37:23 INFO  com.dsalgo.automation.pages.HomePage - Clicked on Get Started button in DSAlgo Portal.
2025-05-05 21:37:23 INFO  com.dsalgo.automation.utils.NavigationUtil - Navigated to DS Algo Home Page
2025-05-05 21:37:23 INFO  com.dsalgo.automation.utils.NavigationUtil - Login performed successfully
2025-05-05 21:37:23 INFO  com.dsalgo.automation.pages.HomePage - clicked Get Startedlink on LinkedList
2025-05-05 21:37:23 INFO  com.dsalgo.automation.pages.HomePage - Clicked on Signin link.
2025-05-05 21:37:24 INFO  com.dsalgo.automation.tests.ArrayPageTest - Redirected to Implement Linked List in Python Landing page successfully
2025-05-05 21:37:24 INFO  com.dsalgo.automation.utils.NavigationUtil - Login performed successfully
2025-05-05 21:37:24 INFO  com.dsalgo.automation.pages.HomePage - clicked Get Startedlink on queue 
2025-05-05 21:37:25 INFO  com.dsalgo.automation.pages.HomePage - Clicked on Sign out link.
2025-05-05 21:37:25 INFO  com.dsalgo.automation.pages.HomePage - HomePage initialized with WebDriver and waitHelper
2025-05-05 21:37:25 INFO  com.dsalgo.automation.pages.HomePage - HomePage initialized with WebDriver and waitHelper
2025-05-05 21:37:25 INFO  com.dsalgo.automation.pages.LoginPage - LoginPage initialized with WebDriver and waitHelper
2025-05-05 21:37:25 INFO  com.dsalgo.automation.pages.HomePage - Clicked on Sign out link.
2025-05-05 21:37:25 INFO  com.dsalgo.automation.pages.HomePage - HomePage initialized with WebDriver and waitHelper
2025-05-05 21:37:25 INFO  com.dsalgo.automation.pages.HomePage - HomePage initialized with WebDriver and waitHelper
2025-05-05 21:37:25 INFO  com.dsalgo.automation.pages.LoginPage - LoginPage initialized with WebDriver and waitHelper
2025-05-05 21:37:25 INFO  com.dsalgo.automation.pages.HomePage - Navigated to DSAlgo portal: https://dsportalapp.herokuapp.com/
2025-05-05 21:37:25 INFO  com.dsalgo.automation.pages.HomePage - Navigated to DSAlgo portal: https://dsportalapp.herokuapp.com/
2025-05-05 21:37:25 INFO  com.dsalgo.automation.pages.HomePage - Clicked on Get Started button in DSAlgo Portal.
2025-05-05 21:37:25 INFO  com.dsalgo.automation.utils.NavigationUtil - Navigated to DS Algo Home Page
2025-05-05 21:37:25 INFO  com.dsalgo.automation.pages.HomePage - Clicked on Get Started button in DSAlgo Portal.
2025-05-05 21:37:25 INFO  com.dsalgo.automation.utils.NavigationUtil - Navigated to DS Algo Home Page
2025-05-05 21:37:25 INFO  com.dsalgo.automation.pages.HomePage - Clicked on Signin link.
2025-05-05 21:37:25 INFO  com.dsalgo.automation.pages.HomePage - Clicked on Signin link.
2025-05-05 21:37:26 INFO  com.dsalgo.automation.utils.NavigationUtil - Login performed successfully
2025-05-05 21:37:26 INFO  com.dsalgo.automation.pages.HomePage - clicked Get Startedlink on LinkedList
2025-05-05 21:37:26 INFO  com.dsalgo.automation.utils.NavigationUtil - Login performed successfully
2025-05-05 21:37:26 INFO  com.dsalgo.automation.pages.HomePage - clicked Get Startedlink on Array 
2025-05-05 21:37:27 INFO  com.dsalgo.automation.pages.HomePage - Clicked on Sign out link.
2025-05-05 21:37:27 INFO  com.dsalgo.automation.pages.HomePage - HomePage initialized with WebDriver and waitHelper
2025-05-05 21:37:27 INFO  com.dsalgo.automation.pages.LoginPage - LoginPage initialized with WebDriver and waitHelper
2025-05-05 21:37:27 INFO  com.dsalgo.automation.pages.HomePage - Navigated to DSAlgo portal: https://dsportalapp.herokuapp.com/
2025-05-05 21:37:27 INFO  com.dsalgo.automation.pages.HomePage - Clicked on Get Started button in DSAlgo Portal.
2025-05-05 21:37:27 INFO  com.dsalgo.automation.utils.NavigationUtil - Navigated to DS Algo Home Page
2025-05-05 21:37:27 INFO  com.dsalgo.automation.pages.HomePage - Clicked on Signin link.
2025-05-05 21:37:27 INFO  com.dsalgo.automation.tests.ArrayPageTest - Redirected to Implement Linked List in Python Text Edit Landing page successfully
2025-05-05 21:37:28 INFO  com.dsalgo.automation.utils.NavigationUtil - Login performed successfully
2025-05-05 21:37:28 INFO  com.dsalgo.automation.pages.HomePage - clicked Get Startedlink on queue 
2025-05-05 21:37:28 INFO  com.dsalgo.automation.pages.HomePage - Clicked on Sign out link.
2025-05-05 21:37:28 INFO  com.dsalgo.automation.pages.HomePage - HomePage initialized with WebDriver and waitHelper
2025-05-05 21:37:28 INFO  com.dsalgo.automation.pages.HomePage - HomePage initialized with WebDriver and waitHelper
2025-05-05 21:37:28 INFO  com.dsalgo.automation.pages.LoginPage - LoginPage initialized with WebDriver and waitHelper
2025-05-05 21:37:28 INFO  com.dsalgo.automation.pages.HomePage - Navigated to DSAlgo portal: https://dsportalapp.herokuapp.com/
2025-05-05 21:37:29 INFO  com.dsalgo.automation.pages.HomePage - Clicked on Sign out link.
2025-05-05 21:37:29 DEBUG org.apache.poi.openxml4j.opc.PackageRelationshipCollection - Parsing relationship: /xl/_rels/workbook.xml.rels
2025-05-05 21:37:29 DEBUG org.apache.poi.openxml4j.opc.PackageRelationshipCollection - Parsing relationship: /_rels/.rels
2025-05-05 21:37:29 INFO  com.dsalgo.automation.pages.HomePage - Clicked on Get Started button in DSAlgo Portal.
2025-05-05 21:37:29 INFO  com.dsalgo.automation.utils.NavigationUtil - Navigated to DS Algo Home Page
2025-05-05 21:37:29 INFO  com.dsalgo.automation.pages.HomePage - HomePage initialized with WebDriver and waitHelper
2025-05-05 21:37:29 INFO  com.dsalgo.automation.pages.HomePage - HomePage initialized with WebDriver and waitHelper
2025-05-05 21:37:29 INFO  com.dsalgo.automation.pages.LoginPage - LoginPage initialized with WebDriver and waitHelper
2025-05-05 21:37:29 INFO  com.dsalgo.automation.pages.HomePage - Navigated to DSAlgo portal: https://dsportalapp.herokuapp.com/
2025-05-05 21:37:29 INFO  com.dsalgo.automation.pages.HomePage - Clicked on Signin link.
2025-05-05 21:37:29 INFO  com.dsalgo.automation.pages.HomePage - Clicked on Get Started button in DSAlgo Portal.
2025-05-05 21:37:29 INFO  com.dsalgo.automation.utils.NavigationUtil - Navigated to DS Algo Home Page
2025-05-05 21:37:29 INFO  com.dsalgo.automation.pages.HomePage - Clicked on Signin link.
2025-05-05 21:37:30 INFO  com.dsalgo.automation.utils.NavigationUtil - Login performed successfully
2025-05-05 21:37:30 INFO  com.dsalgo.automation.pages.HomePage - clicked Get Startedlink on LinkedList
2025-05-05 21:37:30 INFO  com.dsalgo.automation.pages.HomePage - Clicked on Sign out link.
2025-05-05 21:37:30 INFO  com.dsalgo.automation.pages.HomePage - HomePage initialized with WebDriver and waitHelper
2025-05-05 21:37:30 INFO  com.dsalgo.automation.pages.LoginPage - LoginPage initialized with WebDriver and waitHelper
2025-05-05 21:37:30 INFO  com.dsalgo.automation.pages.HomePage - Navigated to DSAlgo portal: https://dsportalapp.herokuapp.com/
2025-05-05 21:37:30 INFO  com.dsalgo.automation.utils.NavigationUtil - Login performed successfully
2025-05-05 21:37:30 INFO  com.dsalgo.automation.pages.HomePage - clicked Get Startedlink on Array 
2025-05-05 21:37:30 INFO  com.dsalgo.automation.pages.HomePage - Clicked on Get Started button in DSAlgo Portal.
2025-05-05 21:37:30 INFO  com.dsalgo.automation.utils.NavigationUtil - Navigated to DS Algo Home Page
2025-05-05 21:37:30 INFO  com.dsalgo.automation.pages.HomePage - Clicked on Signin link.
2025-05-05 21:37:30 INFO  com.dsalgo.automation.tests.ArrayPageTest - Redirected to Insertion Landing page successfully
2025-05-05 21:37:31 INFO  com.dsalgo.automation.pages.HomePage - Clicked on Sign out link.
2025-05-05 21:37:31 INFO  com.dsalgo.automation.pages.HomePage - HomePage initialized with WebDriver and waitHelper
2025-05-05 21:37:31 INFO  com.dsalgo.automation.pages.HomePage - HomePage initialized with WebDriver and waitHelper
2025-05-05 21:37:31 INFO  com.dsalgo.automation.pages.LoginPage - LoginPage initialized with WebDriver and waitHelper
2025-05-05 21:37:31 INFO  com.dsalgo.automation.utils.NavigationUtil - Login performed successfully
2025-05-05 21:37:31 INFO  com.dsalgo.automation.pages.HomePage - clicked Get Startedlink on queue 
2025-05-05 21:37:31 INFO  com.dsalgo.automation.pages.HomePage - Navigated to DSAlgo portal: https://dsportalapp.herokuapp.com/
2025-05-05 21:37:31 INFO  com.dsalgo.automation.pages.HomePage - Clicked on Get Started button in DSAlgo Portal.
2025-05-05 21:37:31 INFO  com.dsalgo.automation.utils.NavigationUtil - Navigated to DS Algo Home Page
2025-05-05 21:37:32 INFO  com.dsalgo.automation.pages.HomePage - Clicked on Signin link.
2025-05-05 21:37:32 INFO  com.dsalgo.automation.tests.ArrayPageTest - Actual Output upon clicking Run is 1
1
2
2
2025-05-05 21:37:32 INFO  com.dsalgo.automation.utils.NavigationUtil - Login performed successfully
2025-05-05 21:37:32 INFO  com.dsalgo.automation.pages.HomePage - clicked Get Startedlink on LinkedList
2025-05-05 21:37:33 INFO  com.dsalgo.automation.pages.HomePage - Clicked on Sign out link.
2025-05-05 21:37:33 INFO  com.dsalgo.automation.pages.HomePage - HomePage initialized with WebDriver and waitHelper
2025-05-05 21:37:33 INFO  com.dsalgo.automation.pages.LoginPage - LoginPage initialized with WebDriver and waitHelper
2025-05-05 21:37:33 INFO  com.dsalgo.automation.pages.HomePage - Clicked on Sign out link.
2025-05-05 21:37:33 INFO  com.dsalgo.automation.pages.HomePage - HomePage initialized with WebDriver and waitHelper
2025-05-05 21:37:33 INFO  com.dsalgo.automation.pages.HomePage - HomePage initialized with WebDriver and waitHelper
2025-05-05 21:37:33 INFO  com.dsalgo.automation.pages.LoginPage - LoginPage initialized with WebDriver and waitHelper
2025-05-05 21:37:33 INFO  com.dsalgo.automation.pages.HomePage - Navigated to DSAlgo portal: https://dsportalapp.herokuapp.com/
2025-05-05 21:37:33 INFO  com.dsalgo.automation.pages.HomePage - Navigated to DSAlgo portal: https://dsportalapp.herokuapp.com/
2025-05-05 21:37:33 INFO  com.dsalgo.automation.pages.HomePage - Clicked on Get Started button in DSAlgo Portal.
2025-05-05 21:37:33 INFO  com.dsalgo.automation.utils.NavigationUtil - Navigated to DS Algo Home Page
2025-05-05 21:37:33 INFO  com.dsalgo.automation.pages.HomePage - Clicked on Get Started button in DSAlgo Portal.
2025-05-05 21:37:33 INFO  com.dsalgo.automation.utils.NavigationUtil - Navigated to DS Algo Home Page
2025-05-05 21:37:33 INFO  com.dsalgo.automation.pages.HomePage - Clicked on Signin link.
2025-05-05 21:37:33 INFO  com.dsalgo.automation.pages.HomePage - Clicked on Signin link.
2025-05-05 21:37:34 INFO  com.dsalgo.automation.tests.ArrayPageTest - Redirected to Insertion Text Edit Landing page successfully
2025-05-05 21:37:34 INFO  com.dsalgo.automation.utils.NavigationUtil - Login performed successfully
2025-05-05 21:37:34 INFO  com.dsalgo.automation.pages.HomePage - clicked Get Startedlink on queue 
2025-05-05 21:37:34 INFO  com.dsalgo.automation.utils.NavigationUtil - Login performed successfully
2025-05-05 21:37:34 INFO  com.dsalgo.automation.pages.HomePage - clicked Get Startedlink on Array 
2025-05-05 21:37:34 INFO  com.dsalgo.automation.pages.HomePage - Clicked on Sign out link.
2025-05-05 21:37:34 INFO  com.dsalgo.automation.pages.HomePage - HomePage initialized with WebDriver and waitHelper
2025-05-05 21:37:34 INFO  com.dsalgo.automation.pages.HomePage - HomePage initialized with WebDriver and waitHelper
2025-05-05 21:37:34 INFO  com.dsalgo.automation.pages.LoginPage - LoginPage initialized with WebDriver and waitHelper
2025-05-05 21:37:34 INFO  com.dsalgo.automation.pages.HomePage - Navigated to DSAlgo portal: https://dsportalapp.herokuapp.com/
2025-05-05 21:37:35 INFO  com.dsalgo.automation.pages.HomePage - Clicked on Get Started button in DSAlgo Portal.
2025-05-05 21:37:35 INFO  com.dsalgo.automation.utils.NavigationUtil - Navigated to DS Algo Home Page
2025-05-05 21:37:35 INFO  com.dsalgo.automation.pages.HomePage - Clicked on Sign out link.
2025-05-05 21:37:35 INFO  com.dsalgo.automation.pages.HomePage - HomePage initialized with WebDriver and waitHelper
2025-05-05 21:37:35 INFO  com.dsalgo.automation.pages.LoginPage - LoginPage initialized with WebDriver and waitHelper
2025-05-05 21:37:35 INFO  com.dsalgo.automation.pages.HomePage - Clicked on Signin link.
2025-05-05 21:37:35 INFO  com.dsalgo.automation.pages.HomePage - Navigated to DSAlgo portal: https://dsportalapp.herokuapp.com/
2025-05-05 21:37:35 INFO  com.dsalgo.automation.pages.HomePage - Clicked on Get Started button in DSAlgo Portal.
2025-05-05 21:37:35 INFO  com.dsalgo.automation.utils.NavigationUtil - Navigated to DS Algo Home Page
2025-05-05 21:37:35 INFO  com.dsalgo.automation.pages.HomePage - Clicked on Signin link.
2025-05-05 21:37:35 INFO  com.dsalgo.automation.utils.NavigationUtil - Login performed successfully
2025-05-05 21:37:35 INFO  com.dsalgo.automation.pages.HomePage - clicked Get Startedlink on LinkedList
2025-05-05 21:37:36 INFO  com.dsalgo.automation.utils.NavigationUtil - Login performed successfully
2025-05-05 21:37:36 INFO  com.dsalgo.automation.pages.HomePage - clicked Get Startedlink on queue 
2025-05-05 21:37:36 INFO  com.dsalgo.automation.tests.ArrayPageTest - Redirected to Linked List Introuduction Landing page successfully
2025-05-05 21:37:37 INFO  com.dsalgo.automation.pages.HomePage - Clicked on Sign out link.
2025-05-05 21:37:37 INFO  com.dsalgo.automation.pages.HomePage - HomePage initialized with WebDriver and waitHelper
2025-05-05 21:37:37 INFO  com.dsalgo.automation.pages.HomePage - HomePage initialized with WebDriver and waitHelper
2025-05-05 21:37:37 INFO  com.dsalgo.automation.pages.LoginPage - LoginPage initialized with WebDriver and waitHelper
2025-05-05 21:37:37 INFO  com.dsalgo.automation.pages.HomePage - Clicked on Sign out link.
2025-05-05 21:37:37 INFO  com.dsalgo.automation.pages.HomePage - HomePage initialized with WebDriver and waitHelper
2025-05-05 21:37:37 INFO  com.dsalgo.automation.pages.HomePage - HomePage initialized with WebDriver and waitHelper
2025-05-05 21:37:37 INFO  com.dsalgo.automation.pages.LoginPage - LoginPage initialized with WebDriver and waitHelper
2025-05-05 21:37:37 ERROR com.dsalgo.automation.tests.QueuePageTest - Assertion failed: expected [true] but found [false]
2025-05-05 21:37:37 INFO  com.dsalgo.automation.pages.HomePage - Navigated to DSAlgo portal: https://dsportalapp.herokuapp.com/
2025-05-05 21:37:37 INFO  com.dsalgo.automation.pages.HomePage - Navigated to DSAlgo portal: https://dsportalapp.herokuapp.com/
2025-05-05 21:37:37 INFO  com.dsalgo.automation.pages.HomePage - Clicked on Get Started button in DSAlgo Portal.
2025-05-05 21:37:37 INFO  com.dsalgo.automation.utils.NavigationUtil - Navigated to DS Algo Home Page
2025-05-05 21:37:37 INFO  com.dsalgo.automation.pages.HomePage - Clicked on Get Started button in DSAlgo Portal.
2025-05-05 21:37:37 INFO  com.dsalgo.automation.utils.NavigationUtil - Navigated to DS Algo Home Page
2025-05-05 21:37:37 INFO  com.dsalgo.automation.pages.HomePage - Clicked on Sign out link.
2025-05-05 21:37:37 INFO  com.dsalgo.automation.pages.HomePage - HomePage initialized with WebDriver and waitHelper
2025-05-05 21:37:37 INFO  com.dsalgo.automation.pages.LoginPage - LoginPage initialized with WebDriver and waitHelper
2025-05-05 21:37:37 INFO  com.dsalgo.automation.pages.HomePage - Clicked on Signin link.
2025-05-05 21:37:37 INFO  com.dsalgo.automation.pages.HomePage - Clicked on Signin link.
2025-05-05 21:37:37 INFO  com.dsalgo.automation.pages.HomePage - Navigated to DSAlgo portal: https://dsportalapp.herokuapp.com/
2025-05-05 21:37:37 INFO  com.dsalgo.automation.pages.HomePage - Clicked on Get Started button in DSAlgo Portal.
2025-05-05 21:37:37 INFO  com.dsalgo.automation.utils.NavigationUtil - Navigated to DS Algo Home Page
2025-05-05 21:37:38 INFO  com.dsalgo.automation.pages.HomePage - Clicked on Signin link.
2025-05-05 21:37:38 INFO  com.dsalgo.automation.utils.NavigationUtil - Login performed successfully
2025-05-05 21:37:38 INFO  com.dsalgo.automation.utils.NavigationUtil - Login performed successfully
2025-05-05 21:37:38 INFO  com.dsalgo.automation.pages.HomePage - clicked Get Startedlink on Array 
2025-05-05 21:37:38 INFO  com.dsalgo.automation.pages.HomePage - clicked Get Startedlink on LinkedList
2025-05-05 21:37:38 INFO  com.dsalgo.automation.utils.NavigationUtil - Login performed successfully
2025-05-05 21:37:38 INFO  com.dsalgo.automation.pages.HomePage - clicked Get Startedlink on queue 
2025-05-05 21:37:39 ERROR com.dsalgo.automation.tests.QueuePageTest - Assertion failed: expected [true] but found [false]
2025-05-05 21:37:39 INFO  com.dsalgo.automation.tests.ArrayPageTest - Redirected to Linked List Introuduction Text Edit Landing page successfully
2025-05-05 21:37:39 INFO  com.dsalgo.automation.pages.HomePage - Clicked on Sign out link.
2025-05-05 21:37:39 INFO  com.dsalgo.automation.pages.HomePage - HomePage initialized with WebDriver and waitHelper
2025-05-05 21:37:39 INFO  com.dsalgo.automation.pages.LoginPage - LoginPage initialized with WebDriver and waitHelper
2025-05-05 21:37:40 INFO  com.dsalgo.automation.pages.HomePage - Navigated to DSAlgo portal: https://dsportalapp.herokuapp.com/
2025-05-05 21:37:40 INFO  com.dsalgo.automation.pages.HomePage - Clicked on Sign out link.
2025-05-05 21:37:40 DEBUG org.apache.poi.openxml4j.opc.PackageRelationshipCollection - Parsing relationship: /xl/_rels/workbook.xml.rels
2025-05-05 21:37:40 DEBUG org.apache.poi.openxml4j.opc.PackageRelationshipCollection - Parsing relationship: /_rels/.rels
2025-05-05 21:37:40 INFO  com.dsalgo.automation.pages.HomePage - HomePage initialized with WebDriver and waitHelper
2025-05-05 21:37:40 INFO  com.dsalgo.automation.pages.HomePage - HomePage initialized with WebDriver and waitHelper
2025-05-05 21:37:40 INFO  com.dsalgo.automation.pages.LoginPage - LoginPage initialized with WebDriver and waitHelper
2025-05-05 21:37:40 INFO  com.dsalgo.automation.pages.HomePage - Clicked on Get Started button in DSAlgo Portal.
2025-05-05 21:37:40 INFO  com.dsalgo.automation.utils.NavigationUtil - Navigated to DS Algo Home Page
2025-05-05 21:37:40 INFO  com.dsalgo.automation.pages.HomePage - Navigated to DSAlgo portal: https://dsportalapp.herokuapp.com/
2025-05-05 21:37:40 INFO  com.dsalgo.automation.pages.HomePage - Clicked on Signin link.
2025-05-05 21:37:40 INFO  com.dsalgo.automation.pages.HomePage - Clicked on Sign out link.
2025-05-05 21:37:40 INFO  com.dsalgo.automation.pages.HomePage - HomePage initialized with WebDriver and waitHelper
2025-05-05 21:37:40 INFO  com.dsalgo.automation.pages.HomePage - HomePage initialized with WebDriver and waitHelper
2025-05-05 21:37:40 INFO  com.dsalgo.automation.pages.LoginPage - LoginPage initialized with WebDriver and waitHelper
2025-05-05 21:37:40 INFO  com.dsalgo.automation.pages.HomePage - Clicked on Get Started button in DSAlgo Portal.
2025-05-05 21:37:40 INFO  com.dsalgo.automation.utils.NavigationUtil - Navigated to DS Algo Home Page
2025-05-05 21:37:40 INFO  com.dsalgo.automation.pages.HomePage - Navigated to DSAlgo portal: https://dsportalapp.herokuapp.com/
2025-05-05 21:37:41 INFO  com.dsalgo.automation.pages.HomePage - Clicked on Signin link.
2025-05-05 21:37:41 INFO  com.dsalgo.automation.pages.HomePage - Clicked on Get Started button in DSAlgo Portal.
2025-05-05 21:37:41 INFO  com.dsalgo.automation.utils.NavigationUtil - Navigated to DS Algo Home Page
2025-05-05 21:37:41 INFO  com.dsalgo.automation.utils.NavigationUtil - Login performed successfully
2025-05-05 21:37:41 INFO  com.dsalgo.automation.pages.HomePage - clicked Get Startedlink on queue 
2025-05-05 21:37:41 INFO  com.dsalgo.automation.pages.HomePage - Clicked on Signin link.
2025-05-05 21:37:41 INFO  com.dsalgo.automation.utils.NavigationUtil - Login performed successfully
2025-05-05 21:37:41 INFO  com.dsalgo.automation.pages.HomePage - clicked Get Startedlink on LinkedList
2025-05-05 21:37:42 ERROR com.dsalgo.automation.tests.QueuePageTest - Assertion failed: expected [true] but found [false]
2025-05-05 21:37:42 INFO  com.dsalgo.automation.utils.NavigationUtil - Login performed successfully
2025-05-05 21:37:42 INFO  com.dsalgo.automation.pages.HomePage - clicked Get Startedlink on Array 
2025-05-05 21:37:42 INFO  com.dsalgo.automation.pages.HomePage - Clicked on Sign out link.
2025-05-05 21:37:42 DEBUG org.apache.poi.openxml4j.opc.PackageRelationshipCollection - Parsing relationship: /xl/_rels/workbook.xml.rels
2025-05-05 21:37:42 DEBUG org.apache.poi.openxml4j.opc.PackageRelationshipCollection - Parsing relationship: /_rels/.rels
2025-05-05 21:37:42 INFO  com.dsalgo.automation.pages.HomePage - HomePage initialized with WebDriver and waitHelper
2025-05-05 21:37:42 INFO  com.dsalgo.automation.pages.LoginPage - LoginPage initialized with WebDriver and waitHelper
2025-05-05 21:37:43 INFO  com.dsalgo.automation.pages.HomePage - Navigated to DSAlgo portal: https://dsportalapp.herokuapp.com/
2025-05-05 21:37:43 INFO  com.dsalgo.automation.pages.HomePage - Clicked on Get Started button in DSAlgo Portal.
2025-05-05 21:37:43 INFO  com.dsalgo.automation.utils.NavigationUtil - Navigated to DS Algo Home Page
2025-05-05 21:37:43 INFO  com.dsalgo.automation.pages.HomePage - Clicked on Signin link.
2025-05-05 21:37:44 INFO  com.dsalgo.automation.utils.NavigationUtil - Login performed successfully
2025-05-05 21:37:44 INFO  com.dsalgo.automation.pages.HomePage - clicked Get Startedlink on queue 
2025-05-05 21:37:44 INFO  com.dsalgo.automation.pages.HomePage - Clicked on Sign out link.
2025-05-05 21:37:44 INFO  com.dsalgo.automation.pages.HomePage - HomePage initialized with WebDriver and waitHelper
2025-05-05 21:37:44 INFO  com.dsalgo.automation.pages.HomePage - HomePage initialized with WebDriver and waitHelper
2025-05-05 21:37:44 INFO  com.dsalgo.automation.pages.LoginPage - LoginPage initialized with WebDriver and waitHelper
2025-05-05 21:37:44 INFO  com.dsalgo.automation.pages.HomePage - Navigated to DSAlgo portal: https://dsportalapp.herokuapp.com/
2025-05-05 21:37:44 INFO  com.dsalgo.automation.pages.HomePage - Clicked on Sign out link.
2025-05-05 21:37:44 INFO  com.dsalgo.automation.pages.HomePage - Clicked on Get Started button in DSAlgo Portal.
2025-05-05 21:37:44 INFO  com.dsalgo.automation.utils.NavigationUtil - Navigated to DS Algo Home Page
2025-05-05 21:37:44 DEBUG org.apache.poi.openxml4j.opc.PackageRelationshipCollection - Parsing relationship: /xl/_rels/workbook.xml.rels
2025-05-05 21:37:44 DEBUG org.apache.poi.openxml4j.opc.PackageRelationshipCollection - Parsing relationship: /_rels/.rels
2025-05-05 21:37:44 INFO  com.dsalgo.automation.pages.HomePage - HomePage initialized with WebDriver and waitHelper
2025-05-05 21:37:44 INFO  com.dsalgo.automation.pages.HomePage - HomePage initialized with WebDriver and waitHelper
2025-05-05 21:37:44 INFO  com.dsalgo.automation.pages.LoginPage - LoginPage initialized with WebDriver and waitHelper
2025-05-05 21:37:45 INFO  com.dsalgo.automation.pages.HomePage - Navigated to DSAlgo portal: https://dsportalapp.herokuapp.com/
2025-05-05 21:37:45 INFO  com.dsalgo.automation.pages.HomePage - Clicked on Signin link.
2025-05-05 21:37:45 INFO  com.dsalgo.automation.pages.HomePage - Clicked on Get Started button in DSAlgo Portal.
2025-05-05 21:37:45 INFO  com.dsalgo.automation.utils.NavigationUtil - Navigated to DS Algo Home Page
2025-05-05 21:37:45 INFO  com.dsalgo.automation.pages.HomePage - Clicked on Signin link.
2025-05-05 21:37:45 INFO  com.dsalgo.automation.utils.NavigationUtil - Login performed successfully
2025-05-05 21:37:45 INFO  com.dsalgo.automation.pages.HomePage - clicked Get Startedlink on LinkedList
2025-05-05 21:37:46 INFO  com.dsalgo.automation.pages.HomePage - Clicked on Sign out link.
2025-05-05 21:37:46 INFO  com.dsalgo.automation.pages.HomePage - HomePage initialized with WebDriver and waitHelper
2025-05-05 21:37:46 INFO  com.dsalgo.automation.pages.LoginPage - LoginPage initialized with WebDriver and waitHelper
2025-05-05 21:37:46 INFO  com.dsalgo.automation.utils.NavigationUtil - Login performed successfully
2025-05-05 21:37:46 INFO  com.dsalgo.automation.pages.HomePage - clicked Get Startedlink on Array 
2025-05-05 21:37:46 INFO  com.dsalgo.automation.pages.HomePage - Navigated to DSAlgo portal: https://dsportalapp.herokuapp.com/
2025-05-05 21:37:46 INFO  com.dsalgo.automation.pages.HomePage - Clicked on Get Started button in DSAlgo Portal.
2025-05-05 21:37:46 INFO  com.dsalgo.automation.utils.NavigationUtil - Navigated to DS Algo Home Page
2025-05-05 21:37:47 INFO  com.dsalgo.automation.pages.HomePage - Clicked on Signin link.
2025-05-05 21:37:47 INFO  com.dsalgo.automation.utils.NavigationUtil - Login performed successfully
2025-05-05 21:37:47 INFO  com.dsalgo.automation.pages.HomePage - clicked Get Startedlink on queue 
2025-05-05 21:37:48 INFO  com.dsalgo.automation.pages.HomePage - Clicked on Sign out link.
2025-05-05 21:37:48 INFO  com.dsalgo.automation.pages.HomePage - HomePage initialized with WebDriver and waitHelper
2025-05-05 21:37:48 INFO  com.dsalgo.automation.pages.HomePage - HomePage initialized with WebDriver and waitHelper
2025-05-05 21:37:48 INFO  com.dsalgo.automation.pages.LoginPage - LoginPage initialized with WebDriver and waitHelper
2025-05-05 21:37:48 INFO  com.dsalgo.automation.tests.ArrayPageTest - Actual Output upon clicking Run is Element Found
2025-05-05 21:37:48 INFO  com.dsalgo.automation.pages.HomePage - Navigated to DSAlgo portal: https://dsportalapp.herokuapp.com/
2025-05-05 21:37:48 INFO  com.dsalgo.automation.pages.HomePage - Clicked on Get Started button in DSAlgo Portal.
2025-05-05 21:37:48 INFO  com.dsalgo.automation.utils.NavigationUtil - Navigated to DS Algo Home Page
2025-05-05 21:37:48 INFO  com.dsalgo.automation.pages.HomePage - Clicked on Signin link.
2025-05-05 21:37:48 INFO  com.dsalgo.automation.pages.HomePage - Clicked on Sign out link.
2025-05-05 21:37:48 INFO  com.dsalgo.automation.pages.HomePage - HomePage initialized with WebDriver and waitHelper
2025-05-05 21:37:48 INFO  com.dsalgo.automation.pages.HomePage - HomePage initialized with WebDriver and waitHelper
2025-05-05 21:37:48 INFO  com.dsalgo.automation.pages.LoginPage - LoginPage initialized with WebDriver and waitHelper
2025-05-05 21:37:49 INFO  com.dsalgo.automation.pages.HomePage - Navigated to DSAlgo portal: https://dsportalapp.herokuapp.com/
2025-05-05 21:37:49 INFO  com.dsalgo.automation.pages.HomePage - Clicked on Get Started button in DSAlgo Portal.
2025-05-05 21:37:49 INFO  com.dsalgo.automation.utils.NavigationUtil - Navigated to DS Algo Home Page
2025-05-05 21:37:49 INFO  com.dsalgo.automation.pages.HomePage - Clicked on Sign out link.
2025-05-05 21:37:49 INFO  com.dsalgo.automation.pages.HomePage - HomePage initialized with WebDriver and waitHelper
2025-05-05 21:37:49 INFO  com.dsalgo.automation.pages.LoginPage - LoginPage initialized with WebDriver and waitHelper
2025-05-05 21:37:49 INFO  com.dsalgo.automation.utils.NavigationUtil - Login performed successfully
2025-05-05 21:37:49 INFO  com.dsalgo.automation.pages.HomePage - clicked Get Startedlink on LinkedList
2025-05-05 21:37:49 INFO  com.dsalgo.automation.pages.HomePage - Navigated to DSAlgo portal: https://dsportalapp.herokuapp.com/
2025-05-05 21:37:49 INFO  com.dsalgo.automation.pages.HomePage - Clicked on Signin link.
2025-05-05 21:37:49 INFO  com.dsalgo.automation.pages.HomePage - Clicked on Get Started button in DSAlgo Portal.
2025-05-05 21:37:49 INFO  com.dsalgo.automation.utils.NavigationUtil - Navigated to DS Algo Home Page
2025-05-05 21:37:49 INFO  com.dsalgo.automation.pages.HomePage - Clicked on Signin link.
2025-05-05 21:37:50 INFO  com.dsalgo.automation.utils.NavigationUtil - Login performed successfully
2025-05-05 21:37:50 INFO  com.dsalgo.automation.pages.HomePage - clicked Get Startedlink on Array 
2025-05-05 21:37:50 INFO  com.dsalgo.automation.utils.NavigationUtil - Login performed successfully
2025-05-05 21:37:50 INFO  com.dsalgo.automation.pages.HomePage - clicked Get Startedlink on queue 
2025-05-05 21:37:50 INFO  com.dsalgo.automation.tests.ArrayPageTest - Tested alert with code: System.out.println("Hello,World"); | Alert: NameError: name 'System' is not defined on line 1
2025-05-05 21:37:51 INFO  com.dsalgo.automation.pages.HomePage - Clicked on Sign out link.
2025-05-05 21:37:51 INFO  com.dsalgo.automation.pages.HomePage - HomePage initialized with WebDriver and waitHelper
2025-05-05 21:37:51 INFO  com.dsalgo.automation.pages.HomePage - HomePage initialized with WebDriver and waitHelper
2025-05-05 21:37:51 INFO  com.dsalgo.automation.pages.LoginPage - LoginPage initialized with WebDriver and waitHelper
2025-05-05 21:37:51 INFO  com.dsalgo.automation.pages.HomePage - Navigated to DSAlgo portal: https://dsportalapp.herokuapp.com/
2025-05-05 21:37:51 INFO  com.dsalgo.automation.pages.HomePage - Clicked on Get Started button in DSAlgo Portal.
2025-05-05 21:37:51 INFO  com.dsalgo.automation.utils.NavigationUtil - Navigated to DS Algo Home Page
2025-05-05 21:37:52 INFO  com.dsalgo.automation.pages.HomePage - Clicked on Sign out link.
2025-05-05 21:37:52 INFO  com.dsalgo.automation.pages.HomePage - HomePage initialized with WebDriver and waitHelper
2025-05-05 21:37:52 INFO  com.dsalgo.automation.pages.LoginPage - LoginPage initialized with WebDriver and waitHelper
2025-05-05 21:37:52 INFO  com.dsalgo.automation.tests.ArrayPageTest - Actual Output upon clicking Run is Element Not Found
2025-05-05 21:37:52 INFO  com.dsalgo.automation.pages.HomePage - Clicked on Signin link.
2025-05-05 21:37:52 INFO  com.dsalgo.automation.pages.HomePage - Navigated to DSAlgo portal: https://dsportalapp.herokuapp.com/
2025-05-05 21:37:52 INFO  com.dsalgo.automation.pages.HomePage - Clicked on Get Started button in DSAlgo Portal.
2025-05-05 21:37:52 INFO  com.dsalgo.automation.utils.NavigationUtil - Navigated to DS Algo Home Page
2025-05-05 21:37:52 INFO  com.dsalgo.automation.pages.HomePage - Clicked on Signin link.
2025-05-05 21:37:52 INFO  com.dsalgo.automation.pages.HomePage - Clicked on Sign out link.
2025-05-05 21:37:52 INFO  com.dsalgo.automation.pages.HomePage - HomePage initialized with WebDriver and waitHelper
2025-05-05 21:37:52 INFO  com.dsalgo.automation.pages.HomePage - HomePage initialized with WebDriver and waitHelper
2025-05-05 21:37:52 INFO  com.dsalgo.automation.pages.LoginPage - LoginPage initialized with WebDriver and waitHelper
2025-05-05 21:37:53 INFO  com.dsalgo.automation.utils.NavigationUtil - Login performed successfully
2025-05-05 21:37:53 INFO  com.dsalgo.automation.pages.HomePage - clicked Get Startedlink on LinkedList
2025-05-05 21:37:53 INFO  com.dsalgo.automation.pages.HomePage - Navigated to DSAlgo portal: https://dsportalapp.herokuapp.com/
2025-05-05 21:37:53 INFO  com.dsalgo.automation.pages.HomePage - Clicked on Get Started button in DSAlgo Portal.
2025-05-05 21:37:53 INFO  com.dsalgo.automation.utils.NavigationUtil - Navigated to DS Algo Home Page
2025-05-05 21:37:53 INFO  com.dsalgo.automation.utils.NavigationUtil - Login performed successfully
2025-05-05 21:37:53 INFO  com.dsalgo.automation.pages.HomePage - clicked Get Startedlink on queue 
2025-05-05 21:37:53 INFO  com.dsalgo.automation.pages.HomePage - Clicked on Signin link.
2025-05-05 21:37:53 INFO  com.dsalgo.automation.tests.ArrayPageTest - Redirected to Traversal Landing page successfully
2025-05-05 21:37:54 INFO  com.dsalgo.automation.utils.NavigationUtil - Login performed successfully
2025-05-05 21:37:54 INFO  com.dsalgo.automation.pages.HomePage - Clicked on Sign out link.
2025-05-05 21:37:54 INFO  com.dsalgo.automation.pages.HomePage - HomePage initialized with WebDriver and waitHelper
2025-05-05 21:37:54 INFO  com.dsalgo.automation.pages.HomePage - HomePage initialized with WebDriver and waitHelper
2025-05-05 21:37:54 INFO  com.dsalgo.automation.pages.LoginPage - LoginPage initialized with WebDriver and waitHelper
2025-05-05 21:37:54 INFO  com.dsalgo.automation.pages.HomePage - clicked Get Startedlink on Array 
2025-05-05 21:37:54 INFO  com.dsalgo.automation.pages.HomePage - Navigated to DSAlgo portal: https://dsportalapp.herokuapp.com/
2025-05-05 21:37:55 INFO  com.dsalgo.automation.pages.HomePage - Clicked on Get Started button in DSAlgo Portal.
2025-05-05 21:37:55 INFO  com.dsalgo.automation.utils.NavigationUtil - Navigated to DS Algo Home Page
2025-05-05 21:37:55 INFO  com.dsalgo.automation.pages.HomePage - Clicked on Sign out link.
2025-05-05 21:37:55 INFO  com.dsalgo.automation.pages.HomePage - HomePage initialized with WebDriver and waitHelper
2025-05-05 21:37:55 INFO  com.dsalgo.automation.pages.LoginPage - LoginPage initialized with WebDriver and waitHelper
2025-05-05 21:37:55 INFO  com.dsalgo.automation.pages.HomePage - Navigated to DSAlgo portal: https://dsportalapp.herokuapp.com/
2025-05-05 21:37:55 INFO  com.dsalgo.automation.pages.HomePage - Clicked on Signin link.
2025-05-05 21:37:55 INFO  com.dsalgo.automation.pages.HomePage - Clicked on Get Started button in DSAlgo Portal.
2025-05-05 21:37:55 INFO  com.dsalgo.automation.utils.NavigationUtil - Navigated to DS Algo Home Page
2025-05-05 21:37:55 INFO  com.dsalgo.automation.pages.HomePage - Clicked on Signin link.
2025-05-05 21:37:55 INFO  com.dsalgo.automation.utils.NavigationUtil - Login performed successfully
2025-05-05 21:37:55 INFO  com.dsalgo.automation.pages.HomePage - clicked Get Startedlink on LinkedList
2025-05-05 21:37:56 INFO  com.dsalgo.automation.utils.NavigationUtil - Login performed successfully
2025-05-05 21:37:56 INFO  com.dsalgo.automation.pages.HomePage - clicked Get Startedlink on queue 
2025-05-05 21:37:56 INFO  com.dsalgo.automation.pages.HomePage - Clicked on Sign out link.
2025-05-05 21:37:56 INFO  com.dsalgo.automation.pages.HomePage - HomePage initialized with WebDriver and waitHelper
2025-05-05 21:37:56 INFO  com.dsalgo.automation.pages.HomePage - HomePage initialized with WebDriver and waitHelper
2025-05-05 21:37:56 INFO  com.dsalgo.automation.pages.LoginPage - LoginPage initialized with WebDriver and waitHelper
2025-05-05 21:37:56 INFO  com.dsalgo.automation.tests.ArrayPageTest - Redirected to Traversal Text Edit Landing page successfully
2025-05-05 21:37:56 INFO  com.dsalgo.automation.pages.HomePage - Navigated to DSAlgo portal: https://dsportalapp.herokuapp.com/
2025-05-05 21:37:57 ERROR com.dsalgo.automation.tests.QueuePageTest - Assertion failed: expected [true] but found [false]
2025-05-05 21:37:57 INFO  com.dsalgo.automation.pages.HomePage - Clicked on Get Started button in DSAlgo Portal.
2025-05-05 21:37:57 INFO  com.dsalgo.automation.utils.NavigationUtil - Navigated to DS Algo Home Page
2025-05-05 21:37:57 INFO  com.dsalgo.automation.pages.HomePage - Clicked on Signin link.
2025-05-05 21:37:57 INFO  com.dsalgo.automation.pages.HomePage - Clicked on Sign out link.
2025-05-05 21:37:57 INFO  com.dsalgo.automation.pages.HomePage - HomePage initialized with WebDriver and waitHelper
2025-05-05 21:37:57 INFO  com.dsalgo.automation.pages.LoginPage - LoginPage initialized with WebDriver and waitHelper
2025-05-05 21:37:57 INFO  com.dsalgo.automation.pages.HomePage - Clicked on Sign out link.
2025-05-05 21:37:57 INFO  com.dsalgo.automation.pages.HomePage - HomePage initialized with WebDriver and waitHelper
2025-05-05 21:37:57 INFO  com.dsalgo.automation.pages.HomePage - HomePage initialized with WebDriver and waitHelper
2025-05-05 21:37:57 INFO  com.dsalgo.automation.pages.LoginPage - LoginPage initialized with WebDriver and waitHelper
2025-05-05 21:37:57 INFO  com.dsalgo.automation.pages.HomePage - Navigated to DSAlgo portal: https://dsportalapp.herokuapp.com/
2025-05-05 21:37:57 INFO  com.dsalgo.automation.pages.HomePage - Navigated to DSAlgo portal: https://dsportalapp.herokuapp.com/
2025-05-05 21:37:57 INFO  com.dsalgo.automation.pages.HomePage - Clicked on Get Started button in DSAlgo Portal.
2025-05-05 21:37:57 INFO  com.dsalgo.automation.utils.NavigationUtil - Navigated to DS Algo Home Page
2025-05-05 21:37:57 INFO  com.dsalgo.automation.pages.HomePage - Clicked on Get Started button in DSAlgo Portal.
2025-05-05 21:37:57 INFO  com.dsalgo.automation.utils.NavigationUtil - Navigated to DS Algo Home Page
2025-05-05 21:37:57 INFO  com.dsalgo.automation.pages.HomePage - Clicked on Signin link.
2025-05-05 21:37:57 INFO  com.dsalgo.automation.pages.HomePage - Clicked on Signin link.
2025-05-05 21:37:58 INFO  com.dsalgo.automation.utils.NavigationUtil - Login performed successfully
2025-05-05 21:37:58 INFO  com.dsalgo.automation.pages.HomePage - clicked Get Startedlink on Array 
2025-05-05 21:37:58 INFO  com.dsalgo.automation.utils.NavigationUtil - Login performed successfully
2025-05-05 21:37:58 INFO  com.dsalgo.automation.pages.HomePage - clicked Get Startedlink on queue 
2025-05-05 21:37:58 INFO  com.dsalgo.automation.utils.NavigationUtil - Login performed successfully
2025-05-05 21:37:58 INFO  com.dsalgo.automation.pages.HomePage - clicked Get Startedlink on LinkedList
2025-05-05 21:37:59 INFO  com.dsalgo.automation.tests.ArrayPageTest - Redirected to Types of Linked List Landing page successfully
2025-05-05 21:37:59 ERROR com.dsalgo.automation.tests.QueuePageTest - Assertion failed: expected [true] but found [false]
2025-05-05 21:38:00 INFO  com.dsalgo.automation.pages.HomePage - Clicked on Sign out link.
2025-05-05 21:38:00 INFO  com.dsalgo.automation.pages.HomePage - HomePage initialized with WebDriver and waitHelper
2025-05-05 21:38:00 INFO  com.dsalgo.automation.pages.HomePage - HomePage initialized with WebDriver and waitHelper
2025-05-05 21:38:00 INFO  com.dsalgo.automation.pages.LoginPage - LoginPage initialized with WebDriver and waitHelper
2025-05-05 21:38:00 INFO  com.dsalgo.automation.pages.HomePage - Clicked on Sign out link.
2025-05-05 21:38:00 INFO  com.dsalgo.automation.pages.HomePage - HomePage initialized with WebDriver and waitHelper
2025-05-05 21:38:00 INFO  com.dsalgo.automation.pages.LoginPage - LoginPage initialized with WebDriver and waitHelper
2025-05-05 21:38:00 INFO  com.dsalgo.automation.pages.HomePage - Navigated to DSAlgo portal: https://dsportalapp.herokuapp.com/
2025-05-05 21:38:00 INFO  com.dsalgo.automation.pages.HomePage - Navigated to DSAlgo portal: https://dsportalapp.herokuapp.com/
2025-05-05 21:38:00 INFO  com.dsalgo.automation.pages.HomePage - Clicked on Get Started button in DSAlgo Portal.
2025-05-05 21:38:00 INFO  com.dsalgo.automation.utils.NavigationUtil - Navigated to DS Algo Home Page
2025-05-05 21:38:00 INFO  com.dsalgo.automation.pages.HomePage - Clicked on Get Started button in DSAlgo Portal.
2025-05-05 21:38:00 INFO  com.dsalgo.automation.utils.NavigationUtil - Navigated to DS Algo Home Page
2025-05-05 21:38:00 INFO  com.dsalgo.automation.pages.HomePage - Clicked on Signin link.
2025-05-05 21:38:00 INFO  com.dsalgo.automation.pages.HomePage - Clicked on Signin link.
2025-05-05 21:38:00 INFO  com.dsalgo.automation.pages.HomePage - Clicked on Sign out link.
2025-05-05 21:38:00 INFO  com.dsalgo.automation.pages.HomePage - HomePage initialized with WebDriver and waitHelper
2025-05-05 21:38:00 INFO  com.dsalgo.automation.pages.HomePage - HomePage initialized with WebDriver and waitHelper
2025-05-05 21:38:00 INFO  com.dsalgo.automation.pages.LoginPage - LoginPage initialized with WebDriver and waitHelper
2025-05-05 21:38:01 INFO  com.dsalgo.automation.pages.HomePage - Navigated to DSAlgo portal: https://dsportalapp.herokuapp.com/
2025-05-05 21:38:01 INFO  com.dsalgo.automation.utils.NavigationUtil - Login performed successfully
2025-05-05 21:38:01 INFO  com.dsalgo.automation.pages.HomePage - clicked Get Startedlink on LinkedList
2025-05-05 21:38:01 INFO  com.dsalgo.automation.utils.NavigationUtil - Login performed successfully
2025-05-05 21:38:01 INFO  com.dsalgo.automation.pages.HomePage - clicked Get Startedlink on queue 
2025-05-05 21:38:01 INFO  com.dsalgo.automation.pages.HomePage - Clicked on Get Started button in DSAlgo Portal.
2025-05-05 21:38:01 INFO  com.dsalgo.automation.utils.NavigationUtil - Navigated to DS Algo Home Page
2025-05-05 21:38:01 INFO  com.dsalgo.automation.pages.HomePage - Clicked on Signin link.
2025-05-05 21:38:02 ERROR com.dsalgo.automation.tests.QueuePageTest - Assertion failed: expected [true] but found [false]
2025-05-05 21:38:02 INFO  com.dsalgo.automation.utils.NavigationUtil - Login performed successfully
2025-05-05 21:38:02 INFO  com.dsalgo.automation.pages.HomePage - clicked Get Startedlink on Array 
2025-05-05 21:38:02 INFO  com.dsalgo.automation.tests.ArrayPageTest - Redirected to Linked List Introuduction Text Edit Landing page successfully
2025-05-05 21:38:02 INFO  com.dsalgo.automation.pages.HomePage - Clicked on Sign out link.
2025-05-05 21:38:02 DEBUG org.apache.poi.openxml4j.opc.PackageRelationshipCollection - Parsing relationship: /xl/_rels/workbook.xml.rels
2025-05-05 21:38:02 DEBUG org.apache.poi.openxml4j.opc.PackageRelationshipCollection - Parsing relationship: /_rels/.rels
2025-05-05 21:38:02 INFO  com.dsalgo.automation.pages.HomePage - HomePage initialized with WebDriver and waitHelper
2025-05-05 21:38:02 INFO  com.dsalgo.automation.pages.LoginPage - LoginPage initialized with WebDriver and waitHelper
2025-05-05 21:38:02 INFO  com.dsalgo.automation.pages.HomePage - Navigated to DSAlgo portal: https://dsportalapp.herokuapp.com/
2025-05-05 21:38:02 INFO  com.dsalgo.automation.pages.HomePage - Clicked on Get Started button in DSAlgo Portal.
2025-05-05 21:38:02 INFO  com.dsalgo.automation.utils.NavigationUtil - Navigated to DS Algo Home Page
2025-05-05 21:38:03 INFO  com.dsalgo.automation.pages.HomePage - Clicked on Sign out link.
2025-05-05 21:38:03 INFO  com.dsalgo.automation.pages.HomePage - Clicked on Signin link.
2025-05-05 21:38:03 INFO  com.dsalgo.automation.utils.NavigationUtil - Login performed successfully
2025-05-05 21:38:03 INFO  com.dsalgo.automation.pages.HomePage - clicked Get Startedlink on queue 
2025-05-05 21:38:04 INFO  com.dsalgo.automation.pages.HomePage - Clicked on Sign out link.
2025-05-05 21:38:04 INFO  com.dsalgo.automation.pages.HomePage - HomePage initialized with WebDriver and waitHelper
2025-05-05 21:38:04 INFO  com.dsalgo.automation.pages.HomePage - HomePage initialized with WebDriver and waitHelper
2025-05-05 21:38:04 INFO  com.dsalgo.automation.pages.LoginPage - LoginPage initialized with WebDriver and waitHelper
2025-05-05 21:38:04 INFO  com.dsalgo.automation.pages.HomePage - Navigated to DSAlgo portal: https://dsportalapp.herokuapp.com/
2025-05-05 21:38:04 INFO  com.dsalgo.automation.pages.HomePage - Clicked on Get Started button in DSAlgo Portal.
2025-05-05 21:38:04 INFO  com.dsalgo.automation.utils.NavigationUtil - Navigated to DS Algo Home Page
2025-05-05 21:38:04 INFO  com.dsalgo.automation.pages.HomePage - Clicked on Signin link.
2025-05-05 21:38:05 INFO  com.dsalgo.automation.utils.NavigationUtil - Login performed successfully
2025-05-05 21:38:05 INFO  com.dsalgo.automation.pages.HomePage - clicked Get Startedlink on Array 
2025-05-05 21:38:05 INFO  com.dsalgo.automation.pages.HomePage - Clicked on Sign out link.
2025-05-05 21:38:05 INFO  com.dsalgo.automation.pages.HomePage - HomePage initialized with WebDriver and waitHelper
2025-05-05 21:38:05 INFO  com.dsalgo.automation.pages.LoginPage - LoginPage initialized with WebDriver and waitHelper
2025-05-05 21:38:05 INFO  com.dsalgo.automation.pages.HomePage - Navigated to DSAlgo portal: https://dsportalapp.herokuapp.com/
2025-05-05 21:38:05 INFO  com.dsalgo.automation.pages.HomePage - Clicked on Get Started button in DSAlgo Portal.
2025-05-05 21:38:05 INFO  com.dsalgo.automation.utils.NavigationUtil - Navigated to DS Algo Home Page
2025-05-05 21:38:05 INFO  com.dsalgo.automation.pages.HomePage - Clicked on Signin link.
2025-05-05 21:38:06 INFO  com.dsalgo.automation.utils.NavigationUtil - Login performed successfully
2025-05-05 21:38:06 INFO  com.dsalgo.automation.pages.HomePage - clicked Get Startedlink on queue 
2025-05-05 21:38:08 INFO  com.dsalgo.automation.pages.HomePage - Clicked on Sign out link.
2025-05-05 21:38:08 INFO  com.dsalgo.automation.pages.HomePage - HomePage initialized with WebDriver and waitHelper
2025-05-05 21:38:08 INFO  com.dsalgo.automation.pages.HomePage - HomePage initialized with WebDriver and waitHelper
2025-05-05 21:38:08 INFO  com.dsalgo.automation.pages.LoginPage - LoginPage initialized with WebDriver and waitHelper
2025-05-05 21:38:08 INFO  com.dsalgo.automation.pages.HomePage - HomePage initialized with WebDriver and waitHelper
2025-05-05 21:38:08 INFO  com.dsalgo.automation.pages.LoginPage - LoginPage initialized with WebDriver and waitHelper
2025-05-05 21:38:08 INFO  com.dsalgo.automation.pages.HomePage - Navigated to DSAlgo portal: https://dsportalapp.herokuapp.com/
2025-05-05 21:38:08 INFO  com.dsalgo.automation.pages.HomePage - Clicked on Sign out link.
2025-05-05 21:38:08 INFO  com.dsalgo.automation.pages.HomePage - HomePage initialized with WebDriver and waitHelper
2025-05-05 21:38:08 INFO  com.dsalgo.automation.pages.LoginPage - LoginPage initialized with WebDriver and waitHelper
2025-05-05 21:38:08 INFO  com.dsalgo.automation.pages.HomePage - Clicked on Get Started button in DSAlgo Portal.
2025-05-05 21:38:08 INFO  com.dsalgo.automation.utils.NavigationUtil - Navigated to DS Algo Home Page
2025-05-05 21:38:08 INFO  com.dsalgo.automation.pages.HomePage - Navigated to DSAlgo portal: https://dsportalapp.herokuapp.com/
2025-05-05 21:38:08 INFO  com.dsalgo.automation.pages.HomePage - Navigated to DSAlgo portal: https://dsportalapp.herokuapp.com/
2025-05-05 21:38:08 INFO  com.dsalgo.automation.pages.HomePage - Clicked on Signin link.
2025-05-05 21:38:08 INFO  com.dsalgo.automation.pages.HomePage - Clicked on Get Started button in DSAlgo Portal.
2025-05-05 21:38:08 INFO  com.dsalgo.automation.utils.NavigationUtil - Navigated to DS Algo Home Page
2025-05-05 21:38:08 INFO  com.dsalgo.automation.pages.HomePage - Clicked on Signin link.
2025-05-05 21:38:09 INFO  com.dsalgo.automation.pages.HomePage - Clicked on Get Started button in DSAlgo Portal.
2025-05-05 21:38:09 INFO  com.dsalgo.automation.utils.NavigationUtil - Navigated to DS Algo Home Page
2025-05-05 21:38:09 INFO  com.dsalgo.automation.utils.NavigationUtil - Login performed successfully
2025-05-05 21:38:09 INFO  com.dsalgo.automation.pages.HomePage - clicked Get Startedlink on Array 
2025-05-05 21:38:09 INFO  com.dsalgo.automation.utils.NavigationUtil - Login performed successfully
2025-05-05 21:38:09 INFO  com.dsalgo.automation.pages.HomePage - Clicked on Signin link.
2025-05-05 21:38:09 INFO  com.dsalgo.automation.pages.HomePage - clicked Get Startedlink on queue 
2025-05-05 21:38:10 INFO  com.dsalgo.automation.utils.NavigationUtil - Login performed successfully
2025-05-05 21:38:10 INFO  com.dsalgo.automation.pages.HomePage - clicked Get Startedlink on Tree 
2025-05-05 21:38:11 INFO  com.dsalgo.automation.pages.HomePage - Clicked on Sign out link.
2025-05-05 21:38:11 INFO  com.dsalgo.automation.pages.HomePage - HomePage initialized with WebDriver and waitHelper
2025-05-05 21:38:11 INFO  com.dsalgo.automation.pages.LoginPage - LoginPage initialized with WebDriver and waitHelper
2025-05-05 21:38:11 INFO  com.dsalgo.automation.pages.HomePage - Clicked on Sign out link.
2025-05-05 21:38:11 INFO  com.dsalgo.automation.pages.HomePage - Navigated to DSAlgo portal: https://dsportalapp.herokuapp.com/
2025-05-05 21:38:11 INFO  com.dsalgo.automation.pages.HomePage - Navigated to DSAlgo portal: https://dsportalapp.herokuapp.com/
2025-05-05 21:38:11 INFO  com.dsalgo.automation.pages.HomePage - Clicked on Get Started button in DSAlgo Portal.
2025-05-05 21:38:11 INFO  com.dsalgo.automation.utils.NavigationUtil - Navigated to DS Algo Home Page
2025-05-05 21:38:11 INFO  com.dsalgo.automation.pages.HomePage - Clicked on Get Started button in DSAlgo Portal.
2025-05-05 21:38:11 INFO  com.dsalgo.automation.utils.NavigationUtil - Navigated to DS Algo Home Page
2025-05-05 21:38:11 INFO  com.dsalgo.automation.tests.ArrayPageTest - Actual Output upon clicking Submit is Error occurred during submission
2025-05-05 21:38:11 INFO  com.dsalgo.automation.pages.HomePage - Clicked on Signin link.
2025-05-05 21:38:11 INFO  com.dsalgo.automation.pages.HomePage - Clicked on Signin link.
2025-05-05 21:38:12 INFO  com.dsalgo.automation.pages.HomePage - Clicked on Sign out link.
2025-05-05 21:38:12 INFO  com.dsalgo.automation.pages.HomePage - HomePage initialized with WebDriver and waitHelper
2025-05-05 21:38:12 INFO  com.dsalgo.automation.pages.HomePage - HomePage initialized with WebDriver and waitHelper
2025-05-05 21:38:12 INFO  com.dsalgo.automation.pages.LoginPage - LoginPage initialized with WebDriver and waitHelper
2025-05-05 21:38:12 INFO  com.dsalgo.automation.utils.NavigationUtil - Login performed successfully
2025-05-05 21:38:12 INFO  com.dsalgo.automation.pages.HomePage - clicked Get Startedlink on Tree 
2025-05-05 21:38:12 INFO  com.dsalgo.automation.pages.HomePage - Navigated to DSAlgo portal: https://dsportalapp.herokuapp.com/
2025-05-05 21:38:12 INFO  com.dsalgo.automation.utils.NavigationUtil - Login performed successfully
2025-05-05 21:38:12 INFO  com.dsalgo.automation.pages.HomePage - clicked Get Startedlink on queue 
2025-05-05 21:38:12 INFO  com.dsalgo.automation.pages.HomePage - Clicked on Get Started button in DSAlgo Portal.
2025-05-05 21:38:12 INFO  com.dsalgo.automation.utils.NavigationUtil - Navigated to DS Algo Home Page
2025-05-05 21:38:13 INFO  com.dsalgo.automation.pages.HomePage - Clicked on Signin link.
2025-05-05 21:38:13 INFO  com.dsalgo.automation.pages.HomePage - Clicked on Sign out link.
2025-05-05 21:38:13 INFO  com.dsalgo.automation.pages.HomePage - Navigated to DSAlgo portal: https://dsportalapp.herokuapp.com/
2025-05-05 21:38:13 INFO  com.dsalgo.automation.pages.HomePage - Clicked on Sign out link.
2025-05-05 21:38:13 INFO  com.dsalgo.automation.pages.HomePage - HomePage initialized with WebDriver and waitHelper
2025-05-05 21:38:13 INFO  com.dsalgo.automation.pages.LoginPage - LoginPage initialized with WebDriver and waitHelper
2025-05-05 21:38:13 INFO  com.dsalgo.automation.utils.NavigationUtil - Login performed successfully
2025-05-05 21:38:13 INFO  com.dsalgo.automation.pages.HomePage - clicked Get Startedlink on Array 
2025-05-05 21:38:13 INFO  com.dsalgo.automation.pages.HomePage - Clicked on Get Started button in DSAlgo Portal.
2025-05-05 21:38:13 INFO  com.dsalgo.automation.utils.NavigationUtil - Navigated to DS Algo Home Page
2025-05-05 21:38:13 INFO  com.dsalgo.automation.pages.HomePage - Navigated to DSAlgo portal: https://dsportalapp.herokuapp.com/
2025-05-05 21:38:14 INFO  com.dsalgo.automation.pages.HomePage - Clicked on Signin link.
2025-05-05 21:38:14 INFO  com.dsalgo.automation.pages.HomePage - Clicked on Get Started button in DSAlgo Portal.
2025-05-05 21:38:14 INFO  com.dsalgo.automation.utils.NavigationUtil - Navigated to DS Algo Home Page
2025-05-05 21:38:14 INFO  com.dsalgo.automation.pages.HomePage - Clicked on Signin link.
2025-05-05 21:38:14 INFO  com.dsalgo.automation.utils.NavigationUtil - Login performed successfully
2025-05-05 21:38:14 INFO  com.dsalgo.automation.pages.HomePage - clicked Get Startedlink on Tree 
2025-05-05 21:38:15 INFO  com.dsalgo.automation.utils.NavigationUtil - Login performed successfully
2025-05-05 21:38:15 INFO  com.dsalgo.automation.pages.HomePage - clicked Get Startedlink on queue 
2025-05-05 21:38:15 ERROR com.dsalgo.automation.tests.TreePageTest - Assertion failed: expected [true] but found [false]
2025-05-05 21:38:15 INFO  com.dsalgo.automation.tests.ArrayPageTest - Actual Output upon clicking Submit is Error occurred during submission
2025-05-05 21:38:15 ERROR com.dsalgo.automation.tests.QueuePageTest - Assertion failed: expected [true] but found [false]
2025-05-05 21:38:15 INFO  com.dsalgo.automation.pages.HomePage - Clicked on Sign out link.
2025-05-05 21:38:16 INFO  com.dsalgo.automation.pages.HomePage - Navigated to DSAlgo portal: https://dsportalapp.herokuapp.com/
2025-05-05 21:38:16 INFO  com.dsalgo.automation.pages.HomePage - Clicked on Sign out link.
2025-05-05 21:38:16 DEBUG org.apache.poi.openxml4j.opc.PackageRelationshipCollection - Parsing relationship: /xl/_rels/workbook.xml.rels
2025-05-05 21:38:16 DEBUG org.apache.poi.openxml4j.opc.PackageRelationshipCollection - Parsing relationship: /_rels/.rels
2025-05-05 21:38:16 INFO  com.dsalgo.automation.pages.HomePage - Clicked on Get Started button in DSAlgo Portal.
2025-05-05 21:38:16 INFO  com.dsalgo.automation.utils.NavigationUtil - Navigated to DS Algo Home Page
2025-05-05 21:38:16 INFO  com.dsalgo.automation.pages.HomePage - Clicked on Sign out link.
2025-05-05 21:38:16 INFO  com.dsalgo.automation.pages.HomePage - HomePage initialized with WebDriver and waitHelper
2025-05-05 21:38:16 INFO  com.dsalgo.automation.pages.LoginPage - LoginPage initialized with WebDriver and waitHelper
2025-05-05 21:38:16 INFO  com.dsalgo.automation.pages.HomePage - HomePage initialized with WebDriver and waitHelper
2025-05-05 21:38:16 INFO  com.dsalgo.automation.pages.HomePage - HomePage initialized with WebDriver and waitHelper
2025-05-05 21:38:16 INFO  com.dsalgo.automation.pages.LoginPage - LoginPage initialized with WebDriver and waitHelper
2025-05-05 21:38:16 INFO  com.dsalgo.automation.pages.HomePage - Clicked on Signin link.
2025-05-05 21:38:16 INFO  com.dsalgo.automation.pages.HomePage - Navigated to DSAlgo portal: https://dsportalapp.herokuapp.com/
2025-05-05 21:38:16 INFO  com.dsalgo.automation.pages.HomePage - Navigated to DSAlgo portal: https://dsportalapp.herokuapp.com/
2025-05-05 21:38:16 INFO  com.dsalgo.automation.pages.HomePage - Clicked on Get Started button in DSAlgo Portal.
2025-05-05 21:38:16 INFO  com.dsalgo.automation.utils.NavigationUtil - Navigated to DS Algo Home Page
2025-05-05 21:38:16 INFO  com.dsalgo.automation.pages.HomePage - Clicked on Get Started button in DSAlgo Portal.
2025-05-05 21:38:16 INFO  com.dsalgo.automation.utils.NavigationUtil - Navigated to DS Algo Home Page
2025-05-05 21:38:16 INFO  com.dsalgo.automation.pages.HomePage - Clicked on Signin link.
2025-05-05 21:38:16 INFO  com.dsalgo.automation.pages.HomePage - Clicked on Signin link.
2025-05-05 21:38:17 INFO  com.dsalgo.automation.utils.NavigationUtil - Login performed successfully
2025-05-05 21:38:17 INFO  com.dsalgo.automation.pages.HomePage - clicked Get Startedlink on Tree 
2025-05-05 21:38:17 INFO  com.dsalgo.automation.utils.NavigationUtil - Login performed successfully
2025-05-05 21:38:17 INFO  com.dsalgo.automation.utils.NavigationUtil - Login performed successfully
2025-05-05 21:38:17 INFO  com.dsalgo.automation.pages.HomePage - clicked Get Startedlink on Array 
2025-05-05 21:38:17 INFO  com.dsalgo.automation.pages.HomePage - clicked Get Startedlink on queue 
2025-05-05 21:38:17 ERROR com.dsalgo.automation.tests.TreePageTest - Assertion failed: expected [true] but found [false]
2025-05-05 21:38:18 INFO  com.dsalgo.automation.pages.HomePage - Clicked on Sign out link.
2025-05-05 21:38:18 ERROR com.dsalgo.automation.tests.QueuePageTest - Assertion failed: expected [true] but found [false]
2025-05-05 21:38:18 INFO  com.dsalgo.automation.pages.HomePage - Navigated to DSAlgo portal: https://dsportalapp.herokuapp.com/
2025-05-05 21:38:18 INFO  com.dsalgo.automation.pages.HomePage - Clicked on Get Started button in DSAlgo Portal.
2025-05-05 21:38:18 INFO  com.dsalgo.automation.utils.NavigationUtil - Navigated to DS Algo Home Page
2025-05-05 21:38:18 INFO  com.dsalgo.automation.pages.HomePage - Clicked on Signin link.
2025-05-05 21:38:18 INFO  com.dsalgo.automation.pages.HomePage - Clicked on Sign out link.
2025-05-05 21:38:18 INFO  com.dsalgo.automation.pages.HomePage - HomePage initialized with WebDriver and waitHelper
2025-05-05 21:38:18 INFO  com.dsalgo.automation.pages.LoginPage - LoginPage initialized with WebDriver and waitHelper
2025-05-05 21:38:18 INFO  com.dsalgo.automation.pages.HomePage - Navigated to DSAlgo portal: https://dsportalapp.herokuapp.com/
2025-05-05 21:38:19 INFO  com.dsalgo.automation.pages.HomePage - Clicked on Get Started button in DSAlgo Portal.
2025-05-05 21:38:19 INFO  com.dsalgo.automation.utils.NavigationUtil - Navigated to DS Algo Home Page
2025-05-05 21:38:19 INFO  com.dsalgo.automation.pages.HomePage - Clicked on Signin link.
2025-05-05 21:38:19 INFO  com.dsalgo.automation.tests.ArrayPageTest - Actual Output upon clicking Run is [4, 9, 9, 49, 121]
2025-05-05 21:38:19 INFO  com.dsalgo.automation.utils.NavigationUtil - Login performed successfully
2025-05-05 21:38:19 INFO  com.dsalgo.automation.pages.HomePage - clicked Get Startedlink on Tree 
2025-05-05 21:38:20 INFO  com.dsalgo.automation.pages.HomePage - Clicked on Sign out link.
2025-05-05 21:38:20 INFO  com.dsalgo.automation.pages.HomePage - HomePage initialized with WebDriver and waitHelper
2025-05-05 21:38:20 INFO  com.dsalgo.automation.pages.HomePage - HomePage initialized with WebDriver and waitHelper
2025-05-05 21:38:20 INFO  com.dsalgo.automation.pages.LoginPage - LoginPage initialized with WebDriver and waitHelper
2025-05-05 21:38:20 INFO  com.dsalgo.automation.utils.NavigationUtil - Login performed successfully
2025-05-05 21:38:20 INFO  com.dsalgo.automation.pages.HomePage - clicked Get Startedlink on queue 
2025-05-05 21:38:20 INFO  com.dsalgo.automation.pages.HomePage - Navigated to DSAlgo portal: https://dsportalapp.herokuapp.com/
2025-05-05 21:38:20 ERROR com.dsalgo.automation.tests.TreePageTest - Assertion failed: expected [true] but found [false]
2025-05-05 21:38:20 INFO  com.dsalgo.automation.pages.HomePage - Clicked on Get Started button in DSAlgo Portal.
2025-05-05 21:38:20 INFO  com.dsalgo.automation.utils.NavigationUtil - Navigated to DS Algo Home Page
2025-05-05 21:38:20 INFO  com.dsalgo.automation.pages.HomePage - Clicked on Signin link.
2025-05-05 21:38:20 INFO  com.dsalgo.automation.pages.HomePage - Clicked on Sign out link.
2025-05-05 21:38:20 DEBUG org.apache.poi.openxml4j.opc.PackageRelationshipCollection - Parsing relationship: /xl/_rels/workbook.xml.rels
2025-05-05 21:38:20 DEBUG org.apache.poi.openxml4j.opc.PackageRelationshipCollection - Parsing relationship: /_rels/.rels
2025-05-05 21:38:20 ERROR com.dsalgo.automation.tests.QueuePageTest - Assertion failed: expected [true] but found [false]
2025-05-05 21:38:21 INFO  com.dsalgo.automation.pages.HomePage - Navigated to DSAlgo portal: https://dsportalapp.herokuapp.com/
2025-05-05 21:38:21 INFO  com.dsalgo.automation.pages.HomePage - Clicked on Get Started button in DSAlgo Portal.
2025-05-05 21:38:21 INFO  com.dsalgo.automation.utils.NavigationUtil - Navigated to DS Algo Home Page
2025-05-05 21:38:21 INFO  com.dsalgo.automation.utils.NavigationUtil - Login performed successfully
2025-05-05 21:38:21 INFO  com.dsalgo.automation.pages.HomePage - clicked Get Startedlink on Array 
2025-05-05 21:38:21 INFO  com.dsalgo.automation.pages.HomePage - Clicked on Signin link.
2025-05-05 21:38:21 INFO  com.dsalgo.automation.pages.HomePage - Clicked on Sign out link.
2025-05-05 21:38:21 DEBUG org.apache.poi.openxml4j.opc.PackageRelationshipCollection - Parsing relationship: /xl/_rels/workbook.xml.rels
2025-05-05 21:38:21 DEBUG org.apache.poi.openxml4j.opc.PackageRelationshipCollection - Parsing relationship: /_rels/.rels
2025-05-05 21:38:21 INFO  com.dsalgo.automation.pages.HomePage - HomePage initialized with WebDriver and waitHelper
2025-05-05 21:38:21 INFO  com.dsalgo.automation.pages.LoginPage - LoginPage initialized with WebDriver and waitHelper
2025-05-05 21:38:21 INFO  com.dsalgo.automation.pages.HomePage - Navigated to DSAlgo portal: https://dsportalapp.herokuapp.com/
2025-05-05 21:38:21 INFO  com.dsalgo.automation.pages.HomePage - Clicked on Get Started button in DSAlgo Portal.
2025-05-05 21:38:21 INFO  com.dsalgo.automation.utils.NavigationUtil - Navigated to DS Algo Home Page
2025-05-05 21:38:22 INFO  com.dsalgo.automation.pages.HomePage - Clicked on Signin link.
2025-05-05 21:38:22 INFO  com.dsalgo.automation.utils.NavigationUtil - Login performed successfully
2025-05-05 21:38:22 INFO  com.dsalgo.automation.pages.HomePage - clicked Get Startedlink on Tree 
2025-05-05 21:38:22 INFO  com.dsalgo.automation.utils.NavigationUtil - Login performed successfully
2025-05-05 21:38:22 INFO  com.dsalgo.automation.pages.HomePage - clicked Get Startedlink on queue 
2025-05-05 21:38:23 INFO  com.dsalgo.automation.pages.HomePage - Clicked on Sign out link.
2025-05-05 21:38:23 INFO  com.dsalgo.automation.pages.HomePage - HomePage initialized with WebDriver and waitHelper
2025-05-05 21:38:23 INFO  com.dsalgo.automation.pages.HomePage - HomePage initialized with WebDriver and waitHelper
2025-05-05 21:38:23 INFO  com.dsalgo.automation.pages.LoginPage - LoginPage initialized with WebDriver and waitHelper
2025-05-05 21:38:23 INFO  com.dsalgo.automation.pages.HomePage - Navigated to DSAlgo portal: https://dsportalapp.herokuapp.com/
2025-05-05 21:38:24 INFO  com.dsalgo.automation.pages.HomePage - Clicked on Get Started button in DSAlgo Portal.
2025-05-05 21:38:24 INFO  com.dsalgo.automation.utils.NavigationUtil - Navigated to DS Algo Home Page
2025-05-05 21:38:24 INFO  com.dsalgo.automation.pages.HomePage - Clicked on Sign out link.
2025-05-05 21:38:24 INFO  com.dsalgo.automation.pages.HomePage - Clicked on Signin link.
2025-05-05 21:38:24 INFO  com.dsalgo.automation.pages.HomePage - Navigated to DSAlgo portal: https://dsportalapp.herokuapp.com/
2025-05-05 21:38:24 INFO  com.dsalgo.automation.pages.HomePage - Clicked on Get Started button in DSAlgo Portal.
2025-05-05 21:38:24 INFO  com.dsalgo.automation.utils.NavigationUtil - Navigated to DS Algo Home Page
2025-05-05 21:38:25 INFO  com.dsalgo.automation.pages.HomePage - Clicked on Signin link.
2025-05-05 21:38:25 INFO  com.dsalgo.automation.pages.HomePage - Clicked on Sign out link.
2025-05-05 21:38:25 INFO  com.dsalgo.automation.pages.HomePage - HomePage initialized with WebDriver and waitHelper
2025-05-05 21:38:25 INFO  com.dsalgo.automation.pages.LoginPage - LoginPage initialized with WebDriver and waitHelper
2025-05-05 21:38:25 INFO  com.dsalgo.automation.utils.NavigationUtil - Login performed successfully
2025-05-05 21:38:25 INFO  com.dsalgo.automation.pages.HomePage - clicked Get Startedlink on Array 
2025-05-05 21:38:25 INFO  com.dsalgo.automation.pages.HomePage - Navigated to DSAlgo portal: https://dsportalapp.herokuapp.com/
2025-05-05 21:38:25 INFO  com.dsalgo.automation.pages.HomePage - Clicked on Get Started button in DSAlgo Portal.
2025-05-05 21:38:25 INFO  com.dsalgo.automation.utils.NavigationUtil - Navigated to DS Algo Home Page
2025-05-05 21:38:25 INFO  com.dsalgo.automation.utils.NavigationUtil - Login performed successfully
2025-05-05 21:38:25 INFO  com.dsalgo.automation.pages.HomePage - Clicked on Signin link.
2025-05-05 21:38:25 INFO  com.dsalgo.automation.pages.HomePage - clicked Get Startedlink on Tree 
2025-05-05 21:38:26 INFO  com.dsalgo.automation.utils.NavigationUtil - Login performed successfully
2025-05-05 21:38:26 INFO  com.dsalgo.automation.pages.HomePage - clicked Get Startedlink on queue 
2025-05-05 21:38:27 INFO  com.dsalgo.automation.pages.HomePage - Clicked on Sign out link.
2025-05-05 21:38:27 INFO  com.dsalgo.automation.pages.HomePage - Navigated to DSAlgo portal: https://dsportalapp.herokuapp.com/
2025-05-05 21:38:27 INFO  com.dsalgo.automation.pages.HomePage - Clicked on Get Started button in DSAlgo Portal.
2025-05-05 21:38:27 INFO  com.dsalgo.automation.utils.NavigationUtil - Navigated to DS Algo Home Page
2025-05-05 21:38:27 INFO  com.dsalgo.automation.pages.HomePage - Clicked on Sign out link.
2025-05-05 21:38:27 INFO  com.dsalgo.automation.pages.HomePage - HomePage initialized with WebDriver and waitHelper
2025-05-05 21:38:27 INFO  com.dsalgo.automation.pages.HomePage - HomePage initialized with WebDriver and waitHelper
2025-05-05 21:38:27 INFO  com.dsalgo.automation.pages.LoginPage - LoginPage initialized with WebDriver and waitHelper
2025-05-05 21:38:27 INFO  com.dsalgo.automation.pages.HomePage - Clicked on Signin link.
2025-05-05 21:38:27 INFO  com.dsalgo.automation.pages.HomePage - Navigated to DSAlgo portal: https://dsportalapp.herokuapp.com/
2025-05-05 21:38:28 INFO  com.dsalgo.automation.pages.HomePage - Clicked on Get Started button in DSAlgo Portal.
2025-05-05 21:38:28 INFO  com.dsalgo.automation.utils.NavigationUtil - Navigated to DS Algo Home Page
2025-05-05 21:38:28 INFO  com.dsalgo.automation.pages.HomePage - Clicked on Signin link.
2025-05-05 21:38:28 INFO  com.dsalgo.automation.pages.HomePage - Clicked on Sign out link.
2025-05-05 21:38:28 INFO  com.dsalgo.automation.pages.HomePage - HomePage initialized with WebDriver and waitHelper
2025-05-05 21:38:28 INFO  com.dsalgo.automation.pages.LoginPage - LoginPage initialized with WebDriver and waitHelper
2025-05-05 21:38:28 INFO  com.dsalgo.automation.utils.NavigationUtil - Login performed successfully
2025-05-05 21:38:28 INFO  com.dsalgo.automation.pages.HomePage - clicked Get Startedlink on Tree 
2025-05-05 21:38:28 INFO  com.dsalgo.automation.pages.HomePage - Navigated to DSAlgo portal: https://dsportalapp.herokuapp.com/
2025-05-05 21:38:29 INFO  com.dsalgo.automation.pages.HomePage - Clicked on Get Started button in DSAlgo Portal.
2025-05-05 21:38:29 INFO  com.dsalgo.automation.utils.NavigationUtil - Navigated to DS Algo Home Page
2025-05-05 21:38:29 INFO  com.dsalgo.automation.pages.HomePage - Clicked on Signin link.
2025-05-05 21:38:29 INFO  com.dsalgo.automation.utils.NavigationUtil - Login performed successfully
2025-05-05 21:38:29 INFO  com.dsalgo.automation.pages.HomePage - clicked Get Startedlink on Array 
2025-05-05 21:38:29 INFO  com.dsalgo.automation.utils.NavigationUtil - Login performed successfully
2025-05-05 21:38:29 INFO  com.dsalgo.automation.pages.HomePage - clicked Get Startedlink on queue 
2025-05-05 21:38:30 INFO  com.dsalgo.automation.pages.HomePage - Clicked on Sign out link.
2025-05-05 21:38:30 INFO  com.dsalgo.automation.pages.HomePage - Navigated to DSAlgo portal: https://dsportalapp.herokuapp.com/
2025-05-05 21:38:30 INFO  com.dsalgo.automation.pages.HomePage - Clicked on Get Started button in DSAlgo Portal.
2025-05-05 21:38:30 INFO  com.dsalgo.automation.utils.NavigationUtil - Navigated to DS Algo Home Page
2025-05-05 21:38:30 INFO  com.dsalgo.automation.pages.HomePage - Clicked on Signin link.
2025-05-05 21:38:31 INFO  com.dsalgo.automation.utils.NavigationUtil - Login performed successfully
2025-05-05 21:38:31 INFO  com.dsalgo.automation.pages.HomePage - clicked Get Startedlink on Tree 
2025-05-05 21:38:32 INFO  com.dsalgo.automation.pages.HomePage - Clicked on Sign out link.
2025-05-05 21:38:32 INFO  com.dsalgo.automation.pages.HomePage - HomePage initialized with WebDriver and waitHelper
2025-05-05 21:38:32 INFO  com.dsalgo.automation.pages.HomePage - HomePage initialized with WebDriver and waitHelper
2025-05-05 21:38:32 INFO  com.dsalgo.automation.pages.LoginPage - LoginPage initialized with WebDriver and waitHelper
2025-05-05 21:38:32 INFO  com.dsalgo.automation.pages.HomePage - Clicked on Sign out link.
2025-05-05 21:38:32 INFO  com.dsalgo.automation.pages.HomePage - Navigated to DSAlgo portal: https://dsportalapp.herokuapp.com/
2025-05-05 21:38:32 INFO  com.dsalgo.automation.pages.HomePage - Clicked on Get Started button in DSAlgo Portal.
2025-05-05 21:38:32 INFO  com.dsalgo.automation.utils.NavigationUtil - Navigated to DS Algo Home Page
2025-05-05 21:38:32 INFO  com.dsalgo.automation.pages.HomePage - Clicked on Sign out link.
2025-05-05 21:38:32 INFO  com.dsalgo.automation.pages.HomePage - Clicked on Signin link.
2025-05-05 21:38:32 INFO  com.dsalgo.automation.pages.HomePage - Navigated to DSAlgo portal: https://dsportalapp.herokuapp.com/
2025-05-05 21:38:32 INFO  com.dsalgo.automation.pages.HomePage - Clicked on Get Started button in DSAlgo Portal.
2025-05-05 21:38:32 INFO  com.dsalgo.automation.utils.NavigationUtil - Navigated to DS Algo Home Page
2025-05-05 21:38:32 INFO  com.dsalgo.automation.pages.HomePage - Clicked on Signin link.
2025-05-05 21:38:33 INFO  com.dsalgo.automation.utils.NavigationUtil - Login performed successfully
2025-05-05 21:38:33 INFO  com.dsalgo.automation.pages.HomePage - clicked Get Startedlink on Array 
2025-05-05 21:38:33 INFO  com.dsalgo.automation.utils.NavigationUtil - Login performed successfully
2025-05-05 21:38:33 INFO  com.dsalgo.automation.pages.HomePage - clicked Get Startedlink on Tree 
2025-05-05 21:38:33 ERROR com.dsalgo.automation.tests.TreePageTest - Assertion failed: Test failed: Column Value is blank
2025-05-05 21:38:34 INFO  com.dsalgo.automation.pages.HomePage - Clicked on Sign out link.
2025-05-05 21:38:34 INFO  com.dsalgo.automation.pages.HomePage - Navigated to DSAlgo portal: https://dsportalapp.herokuapp.com/
2025-05-05 21:38:34 INFO  com.dsalgo.automation.pages.HomePage - Clicked on Get Started button in DSAlgo Portal.
2025-05-05 21:38:34 INFO  com.dsalgo.automation.utils.NavigationUtil - Navigated to DS Algo Home Page
2025-05-05 21:38:34 INFO  com.dsalgo.automation.tests.ArrayPageTest - Actual Output upon clicking Submit is  No tests were collected
2025-05-05 21:38:34 INFO  com.dsalgo.automation.pages.HomePage - Clicked on Signin link.
2025-05-05 21:38:35 INFO  com.dsalgo.automation.pages.HomePage - Clicked on Sign out link.
2025-05-05 21:38:35 DEBUG org.apache.poi.openxml4j.opc.PackageRelationshipCollection - Parsing relationship: /xl/_rels/workbook.xml.rels
2025-05-05 21:38:35 DEBUG org.apache.poi.openxml4j.opc.PackageRelationshipCollection - Parsing relationship: /_rels/.rels
2025-05-05 21:38:35 INFO  com.dsalgo.automation.pages.HomePage - HomePage initialized with WebDriver and waitHelper
2025-05-05 21:38:35 INFO  com.dsalgo.automation.pages.HomePage - HomePage initialized with WebDriver and waitHelper
2025-05-05 21:38:35 INFO  com.dsalgo.automation.pages.LoginPage - LoginPage initialized with WebDriver and waitHelper
2025-05-05 21:38:35 INFO  com.dsalgo.automation.pages.HomePage - Navigated to DSAlgo portal: https://dsportalapp.herokuapp.com/
2025-05-05 21:38:35 INFO  com.dsalgo.automation.utils.NavigationUtil - Login performed successfully
2025-05-05 21:38:35 INFO  com.dsalgo.automation.pages.HomePage - clicked Get Startedlink on Tree 
2025-05-05 21:38:35 INFO  com.dsalgo.automation.pages.HomePage - Clicked on Get Started button in DSAlgo Portal.
2025-05-05 21:38:35 INFO  com.dsalgo.automation.utils.NavigationUtil - Navigated to DS Algo Home Page
2025-05-05 21:38:36 INFO  com.dsalgo.automation.pages.HomePage - Clicked on Signin link.
2025-05-05 21:38:36 ERROR com.dsalgo.automation.tests.TreePageTest - Assertion failed: Test failed: Column Value is blank
2025-05-05 21:38:36 INFO  com.dsalgo.automation.pages.HomePage - Clicked on Sign out link.
2025-05-05 21:38:36 INFO  com.dsalgo.automation.pages.HomePage - Navigated to DSAlgo portal: https://dsportalapp.herokuapp.com/
2025-05-05 21:38:36 INFO  com.dsalgo.automation.pages.HomePage - Clicked on Get Started button in DSAlgo Portal.
2025-05-05 21:38:36 INFO  com.dsalgo.automation.utils.NavigationUtil - Navigated to DS Algo Home Page
2025-05-05 21:38:36 INFO  com.dsalgo.automation.pages.HomePage - Clicked on Signin link.
2025-05-05 21:38:36 INFO  com.dsalgo.automation.utils.NavigationUtil - Login performed successfully
2025-05-05 21:38:36 INFO  com.dsalgo.automation.pages.HomePage - clicked Get Startedlink on Array 
2025-05-05 21:38:37 INFO  com.dsalgo.automation.utils.NavigationUtil - Login performed successfully
2025-05-05 21:38:37 INFO  com.dsalgo.automation.pages.HomePage - clicked Get Startedlink on Tree 
2025-05-05 21:38:37 INFO  com.dsalgo.automation.pages.HomePage - HomePage initialized with WebDriver and waitHelper
2025-05-05 21:38:38 DEBUG org.apache.poi.openxml4j.opc.PackageRelationshipCollection - Parsing relationship: /xl/_rels/workbook.xml.rels
2025-05-05 21:38:38 DEBUG org.apache.poi.openxml4j.opc.PackageRelationshipCollection - Parsing relationship: /_rels/.rels
2025-05-05 21:38:38 ERROR com.dsalgo.automation.tests.TreePageTest - Assertion failed: Test failed: Column Value is blank
2025-05-05 21:38:38 INFO  com.dsalgo.automation.pages.HomePage - Navigated to DSAlgo portal: https://dsportalapp.herokuapp.com/
2025-05-05 21:38:39 INFO  com.dsalgo.automation.pages.HomePage - Clicked on Sign out link.
2025-05-05 21:38:39 INFO  com.dsalgo.automation.pages.HomePage - Clicked on Sign out link.
2025-05-05 21:38:39 INFO  com.dsalgo.automation.pages.HomePage - HomePage initialized with WebDriver and waitHelper
2025-05-05 21:38:39 INFO  com.dsalgo.automation.pages.HomePage - HomePage initialized with WebDriver and waitHelper
2025-05-05 21:38:39 INFO  com.dsalgo.automation.pages.LoginPage - LoginPage initialized with WebDriver and waitHelper
2025-05-05 21:38:39 INFO  com.dsalgo.automation.pages.HomePage - Clicked on Get Started button in DSAlgo Portal.
2025-05-05 21:38:39 INFO  com.dsalgo.automation.utils.NavigationUtil - Navigated to DS Algo Home Page
2025-05-05 21:38:39 INFO  com.dsalgo.automation.pages.HomePage - Navigated to DSAlgo portal: https://dsportalapp.herokuapp.com/
2025-05-05 21:38:39 INFO  com.dsalgo.automation.pages.HomePage - Clicked on Get Started button in DSAlgo Portal.
2025-05-05 21:38:39 INFO  com.dsalgo.automation.utils.NavigationUtil - Navigated to DS Algo Home Page
2025-05-05 21:38:39 INFO  com.dsalgo.automation.pages.HomePage - Navigated to DSAlgo portal: https://dsportalapp.herokuapp.com/
2025-05-05 21:38:39 INFO  com.dsalgo.automation.pages.HomePage - Clicked on Register link.
2025-05-05 21:38:39 INFO  com.dsalgo.automation.pages.HomePage - Clicked on Signin link.
2025-05-05 21:38:40 INFO  com.dsalgo.automation.pages.HomePage - Clicked on Get Started button in DSAlgo Portal.
2025-05-05 21:38:40 INFO  com.dsalgo.automation.utils.NavigationUtil - Navigated to DS Algo Home Page
2025-05-05 21:38:40 INFO  com.dsalgo.automation.pages.HomePage - Navigated to DSAlgo portal: https://dsportalapp.herokuapp.com/
2025-05-05 21:38:40 INFO  com.dsalgo.automation.pages.HomePage - Clicked on Signin link.
2025-05-05 21:38:40 INFO  com.dsalgo.automation.pages.HomePage - Clicked on Get Started button in DSAlgo Portal.
2025-05-05 21:38:40 INFO  com.dsalgo.automation.utils.NavigationUtil - Navigated to DS Algo Home Page
2025-05-05 21:38:40 INFO  com.dsalgo.automation.utils.NavigationUtil - Login performed successfully
2025-05-05 21:38:40 INFO  com.dsalgo.automation.pages.HomePage - clicked Get Startedlink on Tree 
2025-05-05 21:38:40 INFO  com.dsalgo.automation.pages.HomePage - Clicked on Register link.
2025-05-05 21:38:40 INFO  com.dsalgo.automation.utils.NavigationUtil - Login performed successfully
2025-05-05 21:38:41 INFO  com.dsalgo.automation.pages.HomePage - clicked Get Startedlink on Array 
2025-05-05 21:38:41 INFO  com.dsalgo.automation.pages.HomePage - Navigated to DSAlgo portal: https://dsportalapp.herokuapp.com/
2025-05-05 21:38:41 INFO  com.dsalgo.automation.pages.HomePage - Clicked on Get Started button in DSAlgo Portal.
2025-05-05 21:38:41 INFO  com.dsalgo.automation.utils.NavigationUtil - Navigated to DS Algo Home Page
2025-05-05 21:38:41 INFO  com.dsalgo.automation.pages.HomePage - Clicked on Register link.
2025-05-05 21:38:41 ERROR com.dsalgo.automation.tests.TreePageTest - Assertion failed: expected [true] but found [false]
2025-05-05 21:38:41 INFO  com.dsalgo.automation.pages.HomePage - Clicked on Sign out link.
2025-05-05 21:38:42 INFO  com.dsalgo.automation.pages.HomePage - Navigated to DSAlgo portal: https://dsportalapp.herokuapp.com/
2025-05-05 21:38:42 INFO  com.dsalgo.automation.pages.HomePage - Clicked on Get Started button in DSAlgo Portal.
2025-05-05 21:38:42 INFO  com.dsalgo.automation.utils.NavigationUtil - Navigated to DS Algo Home Page
2025-05-05 21:38:42 INFO  com.dsalgo.automation.pages.HomePage - Navigated to DSAlgo portal: https://dsportalapp.herokuapp.com/
2025-05-05 21:38:42 INFO  com.dsalgo.automation.pages.HomePage - Clicked on Register link.
2025-05-05 21:38:42 INFO  com.dsalgo.automation.pages.HomePage - Clicked on Get Started button in DSAlgo Portal.
2025-05-05 21:38:42 INFO  com.dsalgo.automation.utils.NavigationUtil - Navigated to DS Algo Home Page
2025-05-05 21:38:42 INFO  com.dsalgo.automation.pages.HomePage - Clicked on Signin link.
2025-05-05 21:38:42 INFO  com.dsalgo.automation.pages.HomePage - Navigated to DSAlgo portal: https://dsportalapp.herokuapp.com/
2025-05-05 21:38:42 INFO  com.dsalgo.automation.pages.HomePage - Clicked on Get Started button in DSAlgo Portal.
2025-05-05 21:38:42 INFO  com.dsalgo.automation.utils.NavigationUtil - Navigated to DS Algo Home Page
2025-05-05 21:38:43 INFO  com.dsalgo.automation.pages.HomePage - Clicked on Register link.
2025-05-05 21:38:43 INFO  com.dsalgo.automation.pages.HomePage - Clicked on Sign out link.
2025-05-05 21:38:43 INFO  com.dsalgo.automation.pages.HomePage - HomePage initialized with WebDriver and waitHelper
2025-05-05 21:38:43 INFO  com.dsalgo.automation.pages.HomePage - HomePage initialized with WebDriver and waitHelper
2025-05-05 21:38:43 INFO  com.dsalgo.automation.pages.LoginPage - LoginPage initialized with WebDriver and waitHelper
2025-05-05 21:38:43 INFO  com.dsalgo.automation.pages.HomePage - Navigated to DSAlgo portal: https://dsportalapp.herokuapp.com/
2025-05-05 21:38:43 INFO  com.dsalgo.automation.utils.NavigationUtil - Login performed successfully
2025-05-05 21:38:43 INFO  com.dsalgo.automation.pages.HomePage - clicked Get Startedlink on Tree 
2025-05-05 21:38:43 INFO  com.dsalgo.automation.pages.HomePage - Clicked on Get Started button in DSAlgo Portal.
2025-05-05 21:38:43 INFO  com.dsalgo.automation.utils.NavigationUtil - Navigated to DS Algo Home Page
2025-05-05 21:38:43 INFO  com.dsalgo.automation.pages.HomePage - Navigated to DSAlgo portal: https://dsportalapp.herokuapp.com/
2025-05-05 21:38:43 INFO  com.dsalgo.automation.pages.HomePage - Clicked on Get Started button in DSAlgo Portal.
2025-05-05 21:38:43 INFO  com.dsalgo.automation.utils.NavigationUtil - Navigated to DS Algo Home Page
2025-05-05 21:38:43 INFO  com.dsalgo.automation.pages.HomePage - Clicked on Signin link.
2025-05-05 21:38:43 INFO  com.dsalgo.automation.pages.HomePage - Clicked on Register link.
2025-05-05 21:38:44 ERROR com.dsalgo.automation.tests.RegisterPageTest - Assertion failed: Test failed: Incorrect error message displayed.
2025-05-05 21:38:44 INFO  com.dsalgo.automation.pages.HomePage - Navigated to DSAlgo portal: https://dsportalapp.herokuapp.com/
2025-05-05 21:38:44 ERROR com.dsalgo.automation.tests.TreePageTest - Assertion failed: expected [true] but found [false]
2025-05-05 21:38:44 INFO  com.dsalgo.automation.pages.HomePage - Clicked on Get Started button in DSAlgo Portal.
2025-05-05 21:38:44 INFO  com.dsalgo.automation.utils.NavigationUtil - Navigated to DS Algo Home Page
2025-05-05 21:38:44 INFO  com.dsalgo.automation.utils.NavigationUtil - Login performed successfully
2025-05-05 21:38:44 INFO  com.dsalgo.automation.pages.HomePage - clicked Get Startedlink on Array 
2025-05-05 21:38:44 INFO  com.dsalgo.automation.pages.HomePage - Clicked on Register link.
2025-05-05 21:38:44 ERROR com.dsalgo.automation.tests.RegisterPageTest - Assertion failed: Test failed: Incorrect error message displayed.
2025-05-05 21:38:44 INFO  com.dsalgo.automation.pages.HomePage - Clicked on Sign out link.
2025-05-05 21:38:44 INFO  com.dsalgo.automation.pages.HomePage - Navigated to DSAlgo portal: https://dsportalapp.herokuapp.com/
2025-05-05 21:38:45 INFO  com.dsalgo.automation.pages.HomePage - Clicked on Get Started button in DSAlgo Portal.
2025-05-05 21:38:45 INFO  com.dsalgo.automation.utils.NavigationUtil - Navigated to DS Algo Home Page
2025-05-05 21:38:45 INFO  com.dsalgo.automation.pages.HomePage - Navigated to DSAlgo portal: https://dsportalapp.herokuapp.com/
2025-05-05 21:38:45 INFO  com.dsalgo.automation.pages.HomePage - Clicked on Register link.
2025-05-05 21:38:45 INFO  com.dsalgo.automation.pages.HomePage - Clicked on Get Started button in DSAlgo Portal.
2025-05-05 21:38:45 INFO  com.dsalgo.automation.utils.NavigationUtil - Navigated to DS Algo Home Page
2025-05-05 21:38:45 ERROR com.dsalgo.automation.tests.RegisterPageTest - Assertion failed: Test failed: Incorrect error message displayed.
2025-05-05 21:38:45 INFO  com.dsalgo.automation.pages.HomePage - Clicked on Signin link.
2025-05-05 21:38:45 INFO  com.dsalgo.automation.pages.HomePage - Navigated to DSAlgo portal: https://dsportalapp.herokuapp.com/
2025-05-05 21:38:45 INFO  com.dsalgo.automation.pages.HomePage - Clicked on Get Started button in DSAlgo Portal.
2025-05-05 21:38:45 INFO  com.dsalgo.automation.utils.NavigationUtil - Navigated to DS Algo Home Page
2025-05-05 21:38:46 INFO  com.dsalgo.automation.tests.ArrayPageTest - Tested alert with code: System.out.println("Hello,World"); | Alert: NameError: name 'System' is not defined on line 1
2025-05-05 21:38:46 INFO  com.dsalgo.automation.pages.HomePage - Clicked on Register link.
2025-05-05 21:38:46 INFO  com.dsalgo.automation.utils.NavigationUtil - Login performed successfully
2025-05-05 21:38:46 INFO  com.dsalgo.automation.pages.HomePage - clicked Get Startedlink on Tree 
2025-05-05 21:38:46 INFO  com.dsalgo.automation.pages.HomePage - Navigated to DSAlgo portal: https://dsportalapp.herokuapp.com/
2025-05-05 21:38:46 INFO  com.dsalgo.automation.pages.HomePage - Clicked on Get Started button in DSAlgo Portal.
2025-05-05 21:38:46 INFO  com.dsalgo.automation.utils.NavigationUtil - Navigated to DS Algo Home Page
2025-05-05 21:38:46 INFO  com.dsalgo.automation.pages.HomePage - Clicked on Sign out link.
2025-05-05 21:38:47 INFO  com.dsalgo.automation.pages.HomePage - Clicked on Register link.
2025-05-05 21:38:47 ERROR com.dsalgo.automation.tests.TreePageTest - Assertion failed: expected [true] but found [false]
2025-05-05 21:38:47 INFO  com.dsalgo.automation.pages.HomePage - Navigated to DSAlgo portal: https://dsportalapp.herokuapp.com/
2025-05-05 21:38:47 INFO  com.dsalgo.automation.pages.HomePage - Clicked on Get Started button in DSAlgo Portal.
2025-05-05 21:38:47 INFO  com.dsalgo.automation.utils.NavigationUtil - Navigated to DS Algo Home Page
2025-05-05 21:38:47 INFO  com.dsalgo.automation.pages.HomePage - Clicked on Register link.
2025-05-05 21:38:47 INFO  com.dsalgo.automation.pages.HomePage - Clicked on Sign out link.
2025-05-05 21:38:47 DEBUG org.apache.poi.openxml4j.opc.PackageRelationshipCollection - Parsing relationship: /xl/_rels/workbook.xml.rels
2025-05-05 21:38:47 DEBUG org.apache.poi.openxml4j.opc.PackageRelationshipCollection - Parsing relationship: /_rels/.rels
2025-05-05 21:38:48 ERROR com.dsalgo.automation.tests.RegisterPageTest - Assertion failed: Test failed: Incorrect error message displayed.
2025-05-05 21:38:48 INFO  com.dsalgo.automation.pages.HomePage - Navigated to DSAlgo portal: https://dsportalapp.herokuapp.com/
2025-05-05 21:38:48 INFO  com.dsalgo.automation.pages.HomePage - Navigated to DSAlgo portal: https://dsportalapp.herokuapp.com/
2025-05-05 21:38:48 INFO  com.dsalgo.automation.pages.HomePage - Clicked on Get Started button in DSAlgo Portal.
2025-05-05 21:38:48 INFO  com.dsalgo.automation.utils.NavigationUtil - Navigated to DS Algo Home Page
2025-05-05 21:38:48 INFO  com.dsalgo.automation.pages.HomePage - Clicked on Get Started button in DSAlgo Portal.
2025-05-05 21:38:48 INFO  com.dsalgo.automation.utils.NavigationUtil - Navigated to DS Algo Home Page
2025-05-05 21:38:48 INFO  com.dsalgo.automation.pages.HomePage - Clicked on Signin link.
2025-05-05 21:38:48 INFO  com.dsalgo.automation.pages.HomePage - Clicked on Register link.
2025-05-05 21:38:48 ERROR com.dsalgo.automation.tests.RegisterPageTest - Assertion failed: Test failed: Incorrect error message displayed.
2025-05-05 21:38:48 INFO  com.dsalgo.automation.pages.HomePage - Navigated to DSAlgo portal: https://dsportalapp.herokuapp.com/
2025-05-05 21:38:49 INFO  com.dsalgo.automation.pages.HomePage - Clicked on Get Started button in DSAlgo Portal.
2025-05-05 21:38:49 INFO  com.dsalgo.automation.utils.NavigationUtil - Navigated to DS Algo Home Page
2025-05-05 21:38:49 INFO  com.dsalgo.automation.utils.NavigationUtil - Login performed successfully
2025-05-05 21:38:49 INFO  com.dsalgo.automation.pages.HomePage - clicked Get Startedlink on Tree 
2025-05-05 21:38:49 INFO  com.dsalgo.automation.pages.HomePage - Clicked on Register link.
2025-05-05 21:38:49 ERROR com.dsalgo.automation.tests.RegisterPageTest - Assertion failed: Test failed: Incorrect error message displayed.
2025-05-05 21:38:49 INFO  com.dsalgo.automation.pages.HomePage - Navigated to DSAlgo portal: https://dsportalapp.herokuapp.com/
2025-05-05 21:38:49 INFO  com.dsalgo.automation.pages.HomePage - Clicked on Get Started button in DSAlgo Portal.
2025-05-05 21:38:49 INFO  com.dsalgo.automation.utils.NavigationUtil - Navigated to DS Algo Home Page
2025-05-05 21:38:49 INFO  com.dsalgo.automation.pages.HomePage - Clicked on Register link.
2025-05-05 21:38:50 ERROR com.dsalgo.automation.tests.RegisterPageTest - Assertion failed: Test failed: Incorrect error message displayed.
2025-05-05 21:38:50 INFO  com.dsalgo.automation.pages.HomePage - Navigated to DSAlgo portal: https://dsportalapp.herokuapp.com/
2025-05-05 21:38:50 INFO  com.dsalgo.automation.pages.HomePage - Clicked on Get Started button in DSAlgo Portal.
2025-05-05 21:38:50 INFO  com.dsalgo.automation.utils.NavigationUtil - Navigated to DS Algo Home Page
2025-05-05 21:38:50 INFO  com.dsalgo.automation.pages.HomePage - Clicked on Register link.
2025-05-05 21:38:50 ERROR com.dsalgo.automation.tests.RegisterPageTest - Assertion failed: Test failed: Incorrect error message displayed.
2025-05-05 21:38:50 INFO  com.dsalgo.automation.pages.HomePage - Navigated to DSAlgo portal: https://dsportalapp.herokuapp.com/
2025-05-05 21:38:51 INFO  com.dsalgo.automation.pages.HomePage - Clicked on Get Started button in DSAlgo Portal.
2025-05-05 21:38:51 INFO  com.dsalgo.automation.utils.NavigationUtil - Navigated to DS Algo Home Page
2025-05-05 21:38:51 INFO  com.dsalgo.automation.pages.HomePage - Clicked on Sign out link.
2025-05-05 21:38:51 INFO  com.dsalgo.automation.pages.HomePage - Navigated to DSAlgo portal: https://dsportalapp.herokuapp.com/
2025-05-05 21:38:51 INFO  com.dsalgo.automation.pages.HomePage - Clicked on Register link.
2025-05-05 21:38:51 INFO  com.dsalgo.automation.pages.HomePage - Clicked on Get Started button in DSAlgo Portal.
2025-05-05 21:38:51 INFO  com.dsalgo.automation.utils.NavigationUtil - Navigated to DS Algo Home Page
2025-05-05 21:38:51 ERROR com.dsalgo.automation.tests.RegisterPageTest - Assertion failed: Test failed: Incorrect error message displayed.
2025-05-05 21:38:51 INFO  com.dsalgo.automation.pages.HomePage - Clicked on Signin link.
2025-05-05 21:38:51 INFO  com.dsalgo.automation.pages.HomePage - Navigated to DSAlgo portal: https://dsportalapp.herokuapp.com/
2025-05-05 21:38:52 INFO  com.dsalgo.automation.pages.HomePage - Clicked on Get Started button in DSAlgo Portal.
2025-05-05 21:38:52 INFO  com.dsalgo.automation.utils.NavigationUtil - Navigated to DS Algo Home Page
2025-05-05 21:38:52 INFO  com.dsalgo.automation.utils.NavigationUtil - Login performed successfully
2025-05-05 21:38:52 INFO  com.dsalgo.automation.pages.HomePage - Clicked on Register link.
2025-05-05 21:38:52 INFO  com.dsalgo.automation.pages.HomePage - clicked Get Startedlink on Tree 
2025-05-05 21:38:52 ERROR com.dsalgo.automation.tests.RegisterPageTest - Assertion failed: Test failed: Incorrect error message displayed.
2025-05-05 21:38:52 INFO  com.dsalgo.automation.pages.HomePage - Navigated to DSAlgo portal: https://dsportalapp.herokuapp.com/
2025-05-05 21:38:52 INFO  com.dsalgo.automation.pages.HomePage - Clicked on Get Started button in DSAlgo Portal.
2025-05-05 21:38:52 INFO  com.dsalgo.automation.utils.NavigationUtil - Navigated to DS Algo Home Page
2025-05-05 21:38:52 INFO  com.dsalgo.automation.pages.HomePage - Clicked on Register link.
2025-05-05 21:38:53 ERROR com.dsalgo.automation.tests.RegisterPageTest - Assertion failed: Test failed: Incorrect error message displayed.
2025-05-05 21:38:53 INFO  com.dsalgo.automation.pages.HomePage - Navigated to DSAlgo portal: https://dsportalapp.herokuapp.com/
2025-05-05 21:38:53 INFO  com.dsalgo.automation.pages.HomePage - Clicked on Get Started button in DSAlgo Portal.
2025-05-05 21:38:53 INFO  com.dsalgo.automation.utils.NavigationUtil - Navigated to DS Algo Home Page
2025-05-05 21:38:53 INFO  com.dsalgo.automation.pages.HomePage - Clicked on Register link.
2025-05-05 21:38:53 ERROR com.dsalgo.automation.tests.RegisterPageTest - Assertion failed: Test failed: Incorrect error message displayed.
2025-05-05 21:38:53 INFO  com.dsalgo.automation.pages.HomePage - Navigated to DSAlgo portal: https://dsportalapp.herokuapp.com/
2025-05-05 21:38:54 INFO  com.dsalgo.automation.pages.HomePage - Clicked on Get Started button in DSAlgo Portal.
2025-05-05 21:38:54 INFO  com.dsalgo.automation.utils.NavigationUtil - Navigated to DS Algo Home Page
2025-05-05 21:38:54 INFO  com.dsalgo.automation.pages.HomePage - Clicked on Sign out link.
2025-05-05 21:38:54 INFO  com.dsalgo.automation.pages.HomePage - Clicked on Register link.
2025-05-05 21:38:54 INFO  com.dsalgo.automation.pages.HomePage - Navigated to DSAlgo portal: https://dsportalapp.herokuapp.com/
2025-05-05 21:38:54 ERROR com.dsalgo.automation.tests.RegisterPageTest - Assertion failed: Test failed: Incorrect error message displayed.
2025-05-05 21:38:54 INFO  com.dsalgo.automation.pages.HomePage - Clicked on Get Started button in DSAlgo Portal.
2025-05-05 21:38:54 INFO  com.dsalgo.automation.utils.NavigationUtil - Navigated to DS Algo Home Page
2025-05-05 21:38:54 INFO  com.dsalgo.automation.pages.HomePage - Navigated to DSAlgo portal: https://dsportalapp.herokuapp.com/
2025-05-05 21:38:54 INFO  com.dsalgo.automation.pages.HomePage - Clicked on Signin link.
2025-05-05 21:38:54 INFO  com.dsalgo.automation.pages.HomePage - Clicked on Get Started button in DSAlgo Portal.
2025-05-05 21:38:54 INFO  com.dsalgo.automation.utils.NavigationUtil - Navigated to DS Algo Home Page
2025-05-05 21:38:54 INFO  com.dsalgo.automation.pages.HomePage - Clicked on Register link.
2025-05-05 21:38:54 ERROR com.dsalgo.automation.tests.RegisterPageTest - Assertion failed: Test failed: Incorrect error message displayed.
2025-05-05 21:38:55 INFO  com.dsalgo.automation.pages.HomePage - Navigated to DSAlgo portal: https://dsportalapp.herokuapp.com/
2025-05-05 21:38:55 INFO  com.dsalgo.automation.pages.HomePage - Clicked on Get Started button in DSAlgo Portal.
2025-05-05 21:38:55 INFO  com.dsalgo.automation.utils.NavigationUtil - Navigated to DS Algo Home Page
2025-05-05 21:38:55 INFO  com.dsalgo.automation.utils.NavigationUtil - Login performed successfully
2025-05-05 21:38:55 INFO  com.dsalgo.automation.pages.HomePage - clicked Get Startedlink on Tree 
2025-05-05 21:38:55 INFO  com.dsalgo.automation.pages.HomePage - Clicked on Register link.
2025-05-05 21:38:55 ERROR com.dsalgo.automation.tests.RegisterPageTest - Assertion failed: Test failed: Incorrect error message displayed.
2025-05-05 21:38:55 INFO  com.dsalgo.automation.pages.HomePage - Navigated to DSAlgo portal: https://dsportalapp.herokuapp.com/
2025-05-05 21:38:56 INFO  com.dsalgo.automation.pages.HomePage - Clicked on Get Started button in DSAlgo Portal.
2025-05-05 21:38:56 INFO  com.dsalgo.automation.utils.NavigationUtil - Navigated to DS Algo Home Page
2025-05-05 21:38:56 INFO  com.dsalgo.automation.pages.HomePage - Clicked on Register link.
2025-05-05 21:38:56 INFO  com.dsalgo.automation.pages.HomePage - Navigated to DSAlgo portal: https://dsportalapp.herokuapp.com/
2025-05-05 21:38:56 INFO  com.dsalgo.automation.pages.HomePage - Clicked on Get Started button in DSAlgo Portal.
2025-05-05 21:38:56 INFO  com.dsalgo.automation.utils.NavigationUtil - Navigated to DS Algo Home Page
2025-05-05 21:38:56 INFO  com.dsalgo.automation.pages.HomePage - Clicked on Register link.
2025-05-05 21:38:56 INFO  com.dsalgo.automation.pages.HomePage - Clicked on Sign out link.
2025-05-05 21:38:57 INFO  com.dsalgo.automation.pages.HomePage - Navigated to DSAlgo portal: https://dsportalapp.herokuapp.com/
2025-05-05 21:38:57 INFO  com.dsalgo.automation.pages.HomePage - Clicked on Get Started button in DSAlgo Portal.
2025-05-05 21:38:57 INFO  com.dsalgo.automation.utils.NavigationUtil - Navigated to DS Algo Home Page
2025-05-05 21:38:57 INFO  com.dsalgo.automation.pages.HomePage - Navigated to DSAlgo portal: https://dsportalapp.herokuapp.com/
2025-05-05 21:38:57 INFO  com.dsalgo.automation.pages.HomePage - Clicked on Get Started button in DSAlgo Portal.
2025-05-05 21:38:57 INFO  com.dsalgo.automation.utils.NavigationUtil - Navigated to DS Algo Home Page
2025-05-05 21:38:57 INFO  com.dsalgo.automation.pages.HomePage - Clicked on Signin link.
2025-05-05 21:38:57 INFO  com.dsalgo.automation.pages.HomePage - Clicked on Register link.
2025-05-05 21:38:57 INFO  com.dsalgo.automation.pages.HomePage - Navigated to DSAlgo portal: https://dsportalapp.herokuapp.com/
2025-05-05 21:38:58 INFO  com.dsalgo.automation.utils.NavigationUtil - Login performed successfully
2025-05-05 21:38:58 INFO  com.dsalgo.automation.pages.HomePage - Clicked on Get Started button in DSAlgo Portal.
2025-05-05 21:38:58 INFO  com.dsalgo.automation.utils.NavigationUtil - Navigated to DS Algo Home Page
2025-05-05 21:38:58 INFO  com.dsalgo.automation.pages.HomePage - clicked Get Startedlink on Tree 
2025-05-05 21:38:58 INFO  com.dsalgo.automation.pages.HomePage - Clicked on Register link.
2025-05-05 21:38:58 INFO  com.dsalgo.automation.pages.HomePage - Navigated to DSAlgo portal: https://dsportalapp.herokuapp.com/
2025-05-05 21:38:58 INFO  com.dsalgo.automation.pages.HomePage - Clicked on Get Started button in DSAlgo Portal.
2025-05-05 21:38:58 INFO  com.dsalgo.automation.utils.NavigationUtil - Navigated to DS Algo Home Page
2025-05-05 21:38:59 INFO  com.dsalgo.automation.pages.HomePage - Clicked on Register link.
2025-05-05 21:38:59 INFO  com.dsalgo.automation.pages.HomePage - Clicked on Sign out link.
2025-05-05 21:38:59 INFO  com.dsalgo.automation.pages.HomePage - Navigated to DSAlgo portal: https://dsportalapp.herokuapp.com/
2025-05-05 21:38:59 INFO  com.dsalgo.automation.pages.HomePage - Clicked on Get Started button in DSAlgo Portal.
2025-05-05 21:38:59 INFO  com.dsalgo.automation.utils.NavigationUtil - Navigated to DS Algo Home Page
2025-05-05 21:38:59 INFO  com.dsalgo.automation.pages.HomePage - Clicked on Signin link.
2025-05-05 21:39:00 INFO  com.dsalgo.automation.utils.NavigationUtil - Login performed successfully
2025-05-05 21:39:00 INFO  com.dsalgo.automation.pages.HomePage - clicked Get Startedlink on Tree 
2025-05-05 21:39:00 ERROR com.dsalgo.automation.tests.TreePageTest - Assertion failed: expected [true] but found [false]
2025-05-05 21:39:01 INFO  com.dsalgo.automation.pages.HomePage - Clicked on Sign out link.
2025-05-05 21:39:01 INFO  com.dsalgo.automation.pages.HomePage - Navigated to DSAlgo portal: https://dsportalapp.herokuapp.com/
2025-05-05 21:39:01 INFO  com.dsalgo.automation.pages.HomePage - Clicked on Get Started button in DSAlgo Portal.
2025-05-05 21:39:01 INFO  com.dsalgo.automation.utils.NavigationUtil - Navigated to DS Algo Home Page
2025-05-05 21:39:01 INFO  com.dsalgo.automation.pages.HomePage - Clicked on Signin link.
2025-05-05 21:39:02 INFO  com.dsalgo.automation.utils.NavigationUtil - Login performed successfully
2025-05-05 21:39:02 INFO  com.dsalgo.automation.pages.HomePage - clicked Get Startedlink on Tree 
2025-05-05 21:39:02 ERROR com.dsalgo.automation.tests.TreePageTest - Assertion failed: expected [true] but found [false]
2025-05-05 21:39:03 INFO  com.dsalgo.automation.pages.HomePage - Clicked on Sign out link.
2025-05-05 21:39:03 INFO  com.dsalgo.automation.pages.HomePage - Navigated to DSAlgo portal: https://dsportalapp.herokuapp.com/
2025-05-05 21:39:03 INFO  com.dsalgo.automation.pages.HomePage - Clicked on Get Started button in DSAlgo Portal.
2025-05-05 21:39:03 INFO  com.dsalgo.automation.utils.NavigationUtil - Navigated to DS Algo Home Page
2025-05-05 21:39:03 INFO  com.dsalgo.automation.pages.HomePage - Clicked on Signin link.
2025-05-05 21:39:04 INFO  com.dsalgo.automation.utils.NavigationUtil - Login performed successfully
2025-05-05 21:39:04 INFO  com.dsalgo.automation.pages.HomePage - clicked Get Startedlink on Tree 
2025-05-05 21:39:05 ERROR com.dsalgo.automation.tests.TreePageTest - Assertion failed: expected [true] but found [false]
2025-05-05 21:39:05 INFO  com.dsalgo.automation.pages.HomePage - Clicked on Sign out link.
2025-05-05 21:39:05 DEBUG org.apache.poi.openxml4j.opc.PackageRelationshipCollection - Parsing relationship: /xl/_rels/workbook.xml.rels
2025-05-05 21:39:05 DEBUG org.apache.poi.openxml4j.opc.PackageRelationshipCollection - Parsing relationship: /_rels/.rels
2025-05-05 21:39:05 INFO  com.dsalgo.automation.pages.HomePage - Navigated to DSAlgo portal: https://dsportalapp.herokuapp.com/
2025-05-05 21:39:05 INFO  com.dsalgo.automation.pages.HomePage - Clicked on Get Started button in DSAlgo Portal.
2025-05-05 21:39:05 INFO  com.dsalgo.automation.utils.NavigationUtil - Navigated to DS Algo Home Page
2025-05-05 21:39:06 INFO  com.dsalgo.automation.pages.HomePage - Clicked on Signin link.
2025-05-05 21:39:06 INFO  com.dsalgo.automation.utils.NavigationUtil - Login performed successfully
2025-05-05 21:39:06 INFO  com.dsalgo.automation.pages.HomePage - clicked Get Startedlink on Tree 
2025-05-05 21:39:07 INFO  com.dsalgo.automation.pages.HomePage - Clicked on Sign out link.
2025-05-05 21:39:08 INFO  com.dsalgo.automation.pages.HomePage - Navigated to DSAlgo portal: https://dsportalapp.herokuapp.com/
2025-05-05 21:39:08 INFO  com.dsalgo.automation.pages.HomePage - Clicked on Get Started button in DSAlgo Portal.
2025-05-05 21:39:08 INFO  com.dsalgo.automation.utils.NavigationUtil - Navigated to DS Algo Home Page
2025-05-05 21:39:08 INFO  com.dsalgo.automation.pages.HomePage - Clicked on Signin link.
2025-05-05 21:39:09 INFO  com.dsalgo.automation.utils.NavigationUtil - Login performed successfully
2025-05-05 21:39:09 INFO  com.dsalgo.automation.pages.HomePage - clicked Get Startedlink on Tree 
2025-05-05 21:39:10 INFO  com.dsalgo.automation.pages.HomePage - Clicked on Sign out link.
2025-05-05 21:39:10 INFO  com.dsalgo.automation.pages.HomePage - Navigated to DSAlgo portal: https://dsportalapp.herokuapp.com/
2025-05-05 21:39:10 INFO  com.dsalgo.automation.pages.HomePage - Clicked on Get Started button in DSAlgo Portal.
2025-05-05 21:39:10 INFO  com.dsalgo.automation.utils.NavigationUtil - Navigated to DS Algo Home Page
2025-05-05 21:39:10 INFO  com.dsalgo.automation.pages.HomePage - Clicked on Signin link.
2025-05-05 21:39:11 INFO  com.dsalgo.automation.utils.NavigationUtil - Login performed successfully
2025-05-05 21:39:11 INFO  com.dsalgo.automation.pages.HomePage - clicked Get Startedlink on Tree 
2025-05-05 21:39:12 INFO  com.dsalgo.automation.pages.HomePage - Clicked on Sign out link.
2025-05-05 21:39:12 INFO  com.dsalgo.automation.pages.HomePage - Navigated to DSAlgo portal: https://dsportalapp.herokuapp.com/
2025-05-05 21:39:12 INFO  com.dsalgo.automation.pages.HomePage - Clicked on Get Started button in DSAlgo Portal.
2025-05-05 21:39:12 INFO  com.dsalgo.automation.utils.NavigationUtil - Navigated to DS Algo Home Page
2025-05-05 21:39:13 INFO  com.dsalgo.automation.pages.HomePage - Clicked on Signin link.
2025-05-05 21:39:13 INFO  com.dsalgo.automation.utils.NavigationUtil - Login performed successfully
2025-05-05 21:39:13 INFO  com.dsalgo.automation.pages.HomePage - clicked Get Startedlink on Tree 
2025-05-05 21:39:14 INFO  com.dsalgo.automation.pages.HomePage - Clicked on Sign out link.
2025-05-05 21:39:14 INFO  com.dsalgo.automation.pages.HomePage - Navigated to DSAlgo portal: https://dsportalapp.herokuapp.com/
2025-05-05 21:39:14 INFO  com.dsalgo.automation.pages.HomePage - Clicked on Get Started button in DSAlgo Portal.
2025-05-05 21:39:14 INFO  com.dsalgo.automation.utils.NavigationUtil - Navigated to DS Algo Home Page
2025-05-05 21:39:14 INFO  com.dsalgo.automation.pages.HomePage - Clicked on Signin link.
2025-05-05 21:39:15 INFO  com.dsalgo.automation.utils.NavigationUtil - Login performed successfully
2025-05-05 21:39:15 INFO  com.dsalgo.automation.pages.HomePage - clicked Get Startedlink on Tree 
2025-05-05 21:39:16 INFO  com.dsalgo.automation.pages.HomePage - Clicked on Sign out link.
2025-05-05 21:39:16 INFO  com.dsalgo.automation.pages.HomePage - Navigated to DSAlgo portal: https://dsportalapp.herokuapp.com/
2025-05-05 21:39:16 INFO  com.dsalgo.automation.pages.HomePage - Clicked on Get Started button in DSAlgo Portal.
2025-05-05 21:39:16 INFO  com.dsalgo.automation.utils.NavigationUtil - Navigated to DS Algo Home Page
2025-05-05 21:39:16 INFO  com.dsalgo.automation.pages.HomePage - Clicked on Signin link.
2025-05-05 21:39:17 INFO  com.dsalgo.automation.utils.NavigationUtil - Login performed successfully
2025-05-05 21:39:17 INFO  com.dsalgo.automation.pages.HomePage - clicked Get Startedlink on Tree 
2025-05-05 21:39:18 INFO  com.dsalgo.automation.pages.HomePage - Clicked on Sign out link.
2025-05-05 21:39:18 INFO  com.dsalgo.automation.pages.HomePage - Navigated to DSAlgo portal: https://dsportalapp.herokuapp.com/
2025-05-05 21:39:18 INFO  com.dsalgo.automation.pages.HomePage - Clicked on Get Started button in DSAlgo Portal.
2025-05-05 21:39:18 INFO  com.dsalgo.automation.utils.NavigationUtil - Navigated to DS Algo Home Page
2025-05-05 21:39:18 INFO  com.dsalgo.automation.pages.HomePage - Clicked on Signin link.
2025-05-05 21:39:19 INFO  com.dsalgo.automation.utils.NavigationUtil - Login performed successfully
2025-05-05 21:39:19 INFO  com.dsalgo.automation.pages.HomePage - clicked Get Startedlink on Tree 
2025-05-05 21:39:19 ERROR com.dsalgo.automation.tests.TreePageTest - Assertion failed: expected [true] but found [false]
2025-05-05 21:39:20 INFO  com.dsalgo.automation.pages.HomePage - Clicked on Sign out link.
2025-05-05 21:39:20 INFO  com.dsalgo.automation.pages.HomePage - Navigated to DSAlgo portal: https://dsportalapp.herokuapp.com/
2025-05-05 21:39:20 INFO  com.dsalgo.automation.pages.HomePage - Clicked on Get Started button in DSAlgo Portal.
2025-05-05 21:39:20 INFO  com.dsalgo.automation.utils.NavigationUtil - Navigated to DS Algo Home Page
2025-05-05 21:39:20 INFO  com.dsalgo.automation.pages.HomePage - Clicked on Signin link.
2025-05-05 21:39:21 INFO  com.dsalgo.automation.utils.NavigationUtil - Login performed successfully
2025-05-05 21:39:21 INFO  com.dsalgo.automation.pages.HomePage - clicked Get Startedlink on Tree 
2025-05-05 21:39:21 ERROR com.dsalgo.automation.tests.TreePageTest - Assertion failed: expected [true] but found [false]
2025-05-05 21:39:22 INFO  com.dsalgo.automation.pages.HomePage - Clicked on Sign out link.
2025-05-05 21:39:22 INFO  com.dsalgo.automation.pages.HomePage - Navigated to DSAlgo portal: https://dsportalapp.herokuapp.com/
2025-05-05 21:39:22 INFO  com.dsalgo.automation.pages.HomePage - Clicked on Get Started button in DSAlgo Portal.
2025-05-05 21:39:22 INFO  com.dsalgo.automation.utils.NavigationUtil - Navigated to DS Algo Home Page
2025-05-05 21:39:22 INFO  com.dsalgo.automation.pages.HomePage - Clicked on Signin link.
2025-05-05 21:39:22 INFO  com.dsalgo.automation.utils.NavigationUtil - Login performed successfully
2025-05-05 21:39:22 INFO  com.dsalgo.automation.pages.HomePage - clicked Get Startedlink on Tree 
2025-05-05 21:39:23 ERROR com.dsalgo.automation.tests.TreePageTest - Assertion failed: expected [true] but found [false]
2025-05-05 21:39:23 INFO  com.dsalgo.automation.pages.HomePage - Clicked on Sign out link.
2025-05-05 21:39:23 DEBUG org.apache.poi.openxml4j.opc.PackageRelationshipCollection - Parsing relationship: /xl/_rels/workbook.xml.rels
2025-05-05 21:39:23 DEBUG org.apache.poi.openxml4j.opc.PackageRelationshipCollection - Parsing relationship: /_rels/.rels
2025-05-05 21:39:24 INFO  com.dsalgo.automation.pages.HomePage - Navigated to DSAlgo portal: https://dsportalapp.herokuapp.com/
2025-05-05 21:39:24 INFO  com.dsalgo.automation.pages.HomePage - Clicked on Get Started button in DSAlgo Portal.
2025-05-05 21:39:24 INFO  com.dsalgo.automation.utils.NavigationUtil - Navigated to DS Algo Home Page
2025-05-05 21:39:24 INFO  com.dsalgo.automation.pages.HomePage - Clicked on Signin link.
2025-05-05 21:39:25 INFO  com.dsalgo.automation.utils.NavigationUtil - Login performed successfully
2025-05-05 21:39:25 INFO  com.dsalgo.automation.pages.HomePage - clicked Get Startedlink on Tree 
2025-05-05 21:39:26 INFO  com.dsalgo.automation.pages.HomePage - Clicked on Sign out link.
2025-05-05 21:39:26 INFO  com.dsalgo.automation.pages.HomePage - Navigated to DSAlgo portal: https://dsportalapp.herokuapp.com/
2025-05-05 21:39:26 INFO  com.dsalgo.automation.pages.HomePage - Clicked on Get Started button in DSAlgo Portal.
2025-05-05 21:39:26 INFO  com.dsalgo.automation.utils.NavigationUtil - Navigated to DS Algo Home Page
2025-05-05 21:39:27 INFO  com.dsalgo.automation.pages.HomePage - Clicked on Signin link.
2025-05-05 21:39:27 INFO  com.dsalgo.automation.utils.NavigationUtil - Login performed successfully
2025-05-05 21:39:27 INFO  com.dsalgo.automation.pages.HomePage - clicked Get Startedlink on Tree 
2025-05-05 21:39:29 INFO  com.dsalgo.automation.pages.HomePage - Clicked on Sign out link.
2025-05-05 21:39:29 INFO  com.dsalgo.automation.pages.HomePage - Navigated to DSAlgo portal: https://dsportalapp.herokuapp.com/
2025-05-05 21:39:29 INFO  com.dsalgo.automation.pages.HomePage - Clicked on Get Started button in DSAlgo Portal.
2025-05-05 21:39:29 INFO  com.dsalgo.automation.utils.NavigationUtil - Navigated to DS Algo Home Page
2025-05-05 21:39:29 INFO  com.dsalgo.automation.pages.HomePage - Clicked on Signin link.
2025-05-05 21:39:30 INFO  com.dsalgo.automation.utils.NavigationUtil - Login performed successfully
2025-05-05 21:39:30 INFO  com.dsalgo.automation.pages.HomePage - clicked Get Startedlink on Tree 
2025-05-05 21:39:31 INFO  com.dsalgo.automation.pages.HomePage - Clicked on Sign out link.
2025-05-05 21:39:31 INFO  com.dsalgo.automation.pages.HomePage - Navigated to DSAlgo portal: https://dsportalapp.herokuapp.com/
2025-05-05 21:39:31 INFO  com.dsalgo.automation.pages.HomePage - Clicked on Get Started button in DSAlgo Portal.
2025-05-05 21:39:31 INFO  com.dsalgo.automation.utils.NavigationUtil - Navigated to DS Algo Home Page
2025-05-05 21:39:31 INFO  com.dsalgo.automation.pages.HomePage - Clicked on Signin link.
2025-05-05 21:39:32 INFO  com.dsalgo.automation.utils.NavigationUtil - Login performed successfully
2025-05-05 21:39:32 INFO  com.dsalgo.automation.pages.HomePage - clicked Get Startedlink on Tree 
2025-05-05 21:39:33 INFO  com.dsalgo.automation.pages.HomePage - Clicked on Sign out link.
2025-05-05 21:39:33 INFO  com.dsalgo.automation.pages.HomePage - Navigated to DSAlgo portal: https://dsportalapp.herokuapp.com/
2025-05-05 21:39:33 INFO  com.dsalgo.automation.pages.HomePage - Clicked on Get Started button in DSAlgo Portal.
2025-05-05 21:39:33 INFO  com.dsalgo.automation.utils.NavigationUtil - Navigated to DS Algo Home Page
2025-05-05 21:39:33 INFO  com.dsalgo.automation.pages.HomePage - Clicked on Signin link.
2025-05-05 21:39:34 INFO  com.dsalgo.automation.utils.NavigationUtil - Login performed successfully
2025-05-05 21:39:34 INFO  com.dsalgo.automation.pages.HomePage - clicked Get Startedlink on Tree 
2025-05-05 21:39:35 INFO  com.dsalgo.automation.pages.HomePage - Clicked on Sign out link.
2025-05-05 21:39:35 INFO  com.dsalgo.automation.pages.HomePage - Navigated to DSAlgo portal: https://dsportalapp.herokuapp.com/
2025-05-05 21:39:35 INFO  com.dsalgo.automation.pages.HomePage - Clicked on Get Started button in DSAlgo Portal.
2025-05-05 21:39:35 INFO  com.dsalgo.automation.utils.NavigationUtil - Navigated to DS Algo Home Page
2025-05-05 21:39:35 INFO  com.dsalgo.automation.pages.HomePage - Clicked on Signin link.
2025-05-05 21:39:36 INFO  com.dsalgo.automation.utils.NavigationUtil - Login performed successfully
2025-05-05 21:39:36 INFO  com.dsalgo.automation.pages.HomePage - clicked Get Startedlink on Tree 
2025-05-05 21:39:36 ERROR com.dsalgo.automation.tests.TreePageTest - Assertion failed: expected [true] but found [false]
2025-05-05 21:39:37 INFO  com.dsalgo.automation.pages.HomePage - Clicked on Sign out link.
2025-05-05 21:39:37 INFO  com.dsalgo.automation.pages.HomePage - Navigated to DSAlgo portal: https://dsportalapp.herokuapp.com/
2025-05-05 21:39:37 INFO  com.dsalgo.automation.pages.HomePage - Clicked on Get Started button in DSAlgo Portal.
2025-05-05 21:39:37 INFO  com.dsalgo.automation.utils.NavigationUtil - Navigated to DS Algo Home Page
2025-05-05 21:39:37 INFO  com.dsalgo.automation.pages.HomePage - Clicked on Signin link.
2025-05-05 21:39:38 INFO  com.dsalgo.automation.utils.NavigationUtil - Login performed successfully
2025-05-05 21:39:38 INFO  com.dsalgo.automation.pages.HomePage - clicked Get Startedlink on Tree 
2025-05-05 21:39:38 ERROR com.dsalgo.automation.tests.TreePageTest - Assertion failed: expected [true] but found [false]
2025-05-05 21:39:39 INFO  com.dsalgo.automation.pages.HomePage - Clicked on Sign out link.
2025-05-05 21:39:39 INFO  com.dsalgo.automation.pages.HomePage - Navigated to DSAlgo portal: https://dsportalapp.herokuapp.com/
2025-05-05 21:39:39 INFO  com.dsalgo.automation.pages.HomePage - Clicked on Get Started button in DSAlgo Portal.
2025-05-05 21:39:39 INFO  com.dsalgo.automation.utils.NavigationUtil - Navigated to DS Algo Home Page
2025-05-05 21:39:39 INFO  com.dsalgo.automation.pages.HomePage - Clicked on Signin link.
2025-05-05 21:39:40 INFO  com.dsalgo.automation.utils.NavigationUtil - Login performed successfully
2025-05-05 21:39:40 INFO  com.dsalgo.automation.pages.HomePage - clicked Get Startedlink on Tree 
2025-05-05 21:39:40 ERROR com.dsalgo.automation.tests.TreePageTest - Assertion failed: expected [true] but found [false]
2025-05-05 21:39:41 INFO  com.dsalgo.automation.pages.HomePage - Clicked on Sign out link.
2025-05-05 21:39:41 DEBUG org.apache.poi.openxml4j.opc.PackageRelationshipCollection - Parsing relationship: /xl/_rels/workbook.xml.rels
2025-05-05 21:39:41 DEBUG org.apache.poi.openxml4j.opc.PackageRelationshipCollection - Parsing relationship: /_rels/.rels
2025-05-05 21:39:41 INFO  com.dsalgo.automation.pages.HomePage - Navigated to DSAlgo portal: https://dsportalapp.herokuapp.com/
2025-05-05 21:39:41 INFO  com.dsalgo.automation.pages.HomePage - Clicked on Get Started button in DSAlgo Portal.
2025-05-05 21:39:41 INFO  com.dsalgo.automation.utils.NavigationUtil - Navigated to DS Algo Home Page
2025-05-05 21:39:41 INFO  com.dsalgo.automation.pages.HomePage - Clicked on Signin link.
2025-05-05 21:39:42 INFO  com.dsalgo.automation.utils.NavigationUtil - Login performed successfully
2025-05-05 21:39:42 INFO  com.dsalgo.automation.pages.HomePage - clicked Get Startedlink on Tree 
2025-05-05 21:39:43 INFO  com.dsalgo.automation.pages.HomePage - Clicked on Sign out link.
2025-05-05 21:39:43 INFO  com.dsalgo.automation.pages.HomePage - Navigated to DSAlgo portal: https://dsportalapp.herokuapp.com/
2025-05-05 21:39:44 INFO  com.dsalgo.automation.pages.HomePage - Clicked on Get Started button in DSAlgo Portal.
2025-05-05 21:39:44 INFO  com.dsalgo.automation.utils.NavigationUtil - Navigated to DS Algo Home Page
2025-05-05 21:39:44 INFO  com.dsalgo.automation.pages.HomePage - Clicked on Signin link.
2025-05-05 21:39:44 INFO  com.dsalgo.automation.utils.NavigationUtil - Login performed successfully
2025-05-05 21:39:44 INFO  com.dsalgo.automation.pages.HomePage - clicked Get Startedlink on Tree 
2025-05-05 21:39:46 INFO  com.dsalgo.automation.pages.HomePage - Clicked on Sign out link.
2025-05-05 21:39:46 INFO  com.dsalgo.automation.pages.HomePage - Navigated to DSAlgo portal: https://dsportalapp.herokuapp.com/
2025-05-05 21:39:46 INFO  com.dsalgo.automation.pages.HomePage - Clicked on Get Started button in DSAlgo Portal.
2025-05-05 21:39:46 INFO  com.dsalgo.automation.utils.NavigationUtil - Navigated to DS Algo Home Page
2025-05-05 21:39:46 INFO  com.dsalgo.automation.pages.HomePage - Clicked on Signin link.
2025-05-05 21:39:47 INFO  com.dsalgo.automation.utils.NavigationUtil - Login performed successfully
2025-05-05 21:39:47 INFO  com.dsalgo.automation.pages.HomePage - clicked Get Startedlink on Tree 
2025-05-05 21:39:48 INFO  com.dsalgo.automation.pages.HomePage - Clicked on Sign out link.
2025-05-05 21:39:48 INFO  com.dsalgo.automation.pages.HomePage - Navigated to DSAlgo portal: https://dsportalapp.herokuapp.com/
2025-05-05 21:39:48 INFO  com.dsalgo.automation.pages.HomePage - Clicked on Get Started button in DSAlgo Portal.
2025-05-05 21:39:48 INFO  com.dsalgo.automation.utils.NavigationUtil - Navigated to DS Algo Home Page
2025-05-05 21:39:48 INFO  com.dsalgo.automation.pages.HomePage - Clicked on Signin link.
2025-05-05 21:39:49 INFO  com.dsalgo.automation.utils.NavigationUtil - Login performed successfully
2025-05-05 21:39:49 INFO  com.dsalgo.automation.pages.HomePage - clicked Get Startedlink on Tree 
2025-05-05 21:39:50 INFO  com.dsalgo.automation.pages.HomePage - Clicked on Sign out link.
2025-05-05 21:39:50 INFO  com.dsalgo.automation.pages.HomePage - Navigated to DSAlgo portal: https://dsportalapp.herokuapp.com/
2025-05-05 21:39:50 INFO  com.dsalgo.automation.pages.HomePage - Clicked on Get Started button in DSAlgo Portal.
2025-05-05 21:39:50 INFO  com.dsalgo.automation.utils.NavigationUtil - Navigated to DS Algo Home Page
2025-05-05 21:39:50 INFO  com.dsalgo.automation.pages.HomePage - Clicked on Signin link.
2025-05-05 21:39:51 INFO  com.dsalgo.automation.utils.NavigationUtil - Login performed successfully
2025-05-05 21:39:51 INFO  com.dsalgo.automation.pages.HomePage - clicked Get Startedlink on Tree 
2025-05-05 21:39:52 INFO  com.dsalgo.automation.pages.HomePage - Clicked on Sign out link.
2025-05-05 21:39:52 INFO  com.dsalgo.automation.pages.HomePage - Navigated to DSAlgo portal: https://dsportalapp.herokuapp.com/
2025-05-05 21:39:52 INFO  com.dsalgo.automation.pages.HomePage - Clicked on Get Started button in DSAlgo Portal.
2025-05-05 21:39:52 INFO  com.dsalgo.automation.utils.NavigationUtil - Navigated to DS Algo Home Page
2025-05-05 21:39:52 INFO  com.dsalgo.automation.pages.HomePage - Clicked on Signin link.
2025-05-05 21:39:53 INFO  com.dsalgo.automation.utils.NavigationUtil - Login performed successfully
2025-05-05 21:39:53 INFO  com.dsalgo.automation.pages.HomePage - clicked Get Startedlink on Tree 
2025-05-05 21:39:53 ERROR com.dsalgo.automation.tests.TreePageTest - Assertion failed: expected [true] but found [false]
2025-05-05 21:39:54 INFO  com.dsalgo.automation.pages.HomePage - Clicked on Sign out link.
2025-05-05 21:39:54 INFO  com.dsalgo.automation.pages.HomePage - Navigated to DSAlgo portal: https://dsportalapp.herokuapp.com/
2025-05-05 21:39:54 INFO  com.dsalgo.automation.pages.HomePage - Clicked on Get Started button in DSAlgo Portal.
2025-05-05 21:39:54 INFO  com.dsalgo.automation.utils.NavigationUtil - Navigated to DS Algo Home Page
2025-05-05 21:39:54 INFO  com.dsalgo.automation.pages.HomePage - Clicked on Signin link.
2025-05-05 21:39:55 INFO  com.dsalgo.automation.utils.NavigationUtil - Login performed successfully
2025-05-05 21:39:55 INFO  com.dsalgo.automation.pages.HomePage - clicked Get Startedlink on Tree 
2025-05-05 21:39:55 ERROR com.dsalgo.automation.tests.TreePageTest - Assertion failed: expected [true] but found [false]
2025-05-05 21:39:56 INFO  com.dsalgo.automation.pages.HomePage - Clicked on Sign out link.
2025-05-05 21:39:56 INFO  com.dsalgo.automation.pages.HomePage - Navigated to DSAlgo portal: https://dsportalapp.herokuapp.com/
2025-05-05 21:39:56 INFO  com.dsalgo.automation.pages.HomePage - Clicked on Get Started button in DSAlgo Portal.
2025-05-05 21:39:56 INFO  com.dsalgo.automation.utils.NavigationUtil - Navigated to DS Algo Home Page
2025-05-05 21:39:56 INFO  com.dsalgo.automation.pages.HomePage - Clicked on Signin link.
2025-05-05 21:39:57 INFO  com.dsalgo.automation.utils.NavigationUtil - Login performed successfully
2025-05-05 21:39:57 INFO  com.dsalgo.automation.pages.HomePage - clicked Get Startedlink on Tree 
2025-05-05 21:39:58 ERROR com.dsalgo.automation.tests.TreePageTest - Assertion failed: expected [true] but found [false]
2025-05-05 21:39:58 INFO  com.dsalgo.automation.pages.HomePage - Clicked on Sign out link.
2025-05-05 21:39:58 DEBUG org.apache.poi.openxml4j.opc.PackageRelationshipCollection - Parsing relationship: /xl/_rels/workbook.xml.rels
2025-05-05 21:39:58 DEBUG org.apache.poi.openxml4j.opc.PackageRelationshipCollection - Parsing relationship: /_rels/.rels
2025-05-05 21:39:58 INFO  com.dsalgo.automation.pages.HomePage - Navigated to DSAlgo portal: https://dsportalapp.herokuapp.com/
2025-05-05 21:39:58 INFO  com.dsalgo.automation.pages.HomePage - Clicked on Get Started button in DSAlgo Portal.
2025-05-05 21:39:58 INFO  com.dsalgo.automation.utils.NavigationUtil - Navigated to DS Algo Home Page
2025-05-05 21:39:58 INFO  com.dsalgo.automation.pages.HomePage - Clicked on Signin link.
2025-05-05 21:39:59 INFO  com.dsalgo.automation.utils.NavigationUtil - Login performed successfully
2025-05-05 21:39:59 INFO  com.dsalgo.automation.pages.HomePage - clicked Get Startedlink on Tree 
2025-05-05 21:40:01 INFO  com.dsalgo.automation.pages.HomePage - Clicked on Sign out link.
2025-05-05 21:40:01 INFO  com.dsalgo.automation.pages.HomePage - Navigated to DSAlgo portal: https://dsportalapp.herokuapp.com/
2025-05-05 21:40:01 INFO  com.dsalgo.automation.pages.HomePage - Clicked on Get Started button in DSAlgo Portal.
2025-05-05 21:40:01 INFO  com.dsalgo.automation.utils.NavigationUtil - Navigated to DS Algo Home Page
2025-05-05 21:40:01 INFO  com.dsalgo.automation.pages.HomePage - Clicked on Signin link.
2025-05-05 21:40:02 INFO  com.dsalgo.automation.utils.NavigationUtil - Login performed successfully
2025-05-05 21:40:02 INFO  com.dsalgo.automation.pages.HomePage - clicked Get Startedlink on Tree 
2025-05-05 21:40:03 INFO  com.dsalgo.automation.pages.HomePage - Clicked on Sign out link.
2025-05-05 21:40:04 INFO  com.dsalgo.automation.pages.HomePage - Navigated to DSAlgo portal: https://dsportalapp.herokuapp.com/
2025-05-05 21:40:04 INFO  com.dsalgo.automation.pages.HomePage - Clicked on Get Started button in DSAlgo Portal.
2025-05-05 21:40:04 INFO  com.dsalgo.automation.utils.NavigationUtil - Navigated to DS Algo Home Page
2025-05-05 21:40:04 INFO  com.dsalgo.automation.pages.HomePage - Clicked on Signin link.
2025-05-05 21:40:04 INFO  com.dsalgo.automation.utils.NavigationUtil - Login performed successfully
2025-05-05 21:40:04 INFO  com.dsalgo.automation.pages.HomePage - clicked Get Startedlink on Tree 
2025-05-05 21:40:06 INFO  com.dsalgo.automation.pages.HomePage - Clicked on Sign out link.
2025-05-05 21:40:06 INFO  com.dsalgo.automation.pages.HomePage - Navigated to DSAlgo portal: https://dsportalapp.herokuapp.com/
2025-05-05 21:40:06 INFO  com.dsalgo.automation.pages.HomePage - Clicked on Get Started button in DSAlgo Portal.
2025-05-05 21:40:06 INFO  com.dsalgo.automation.utils.NavigationUtil - Navigated to DS Algo Home Page
2025-05-05 21:40:07 INFO  com.dsalgo.automation.pages.HomePage - Clicked on Signin link.
2025-05-05 21:40:07 INFO  com.dsalgo.automation.utils.NavigationUtil - Login performed successfully
2025-05-05 21:40:07 INFO  com.dsalgo.automation.pages.HomePage - clicked Get Startedlink on Tree 
2025-05-05 21:40:08 INFO  com.dsalgo.automation.pages.HomePage - Clicked on Sign out link.
2025-05-05 21:40:09 INFO  com.dsalgo.automation.pages.HomePage - Navigated to DSAlgo portal: https://dsportalapp.herokuapp.com/
2025-05-05 21:40:09 INFO  com.dsalgo.automation.pages.HomePage - Clicked on Get Started button in DSAlgo Portal.
2025-05-05 21:40:09 INFO  com.dsalgo.automation.utils.NavigationUtil - Navigated to DS Algo Home Page
2025-05-05 21:40:09 INFO  com.dsalgo.automation.pages.HomePage - Clicked on Signin link.
2025-05-05 21:40:09 INFO  com.dsalgo.automation.utils.NavigationUtil - Login performed successfully
2025-05-05 21:40:09 INFO  com.dsalgo.automation.pages.HomePage - clicked Get Startedlink on Tree 
2025-05-05 21:40:10 INFO  com.dsalgo.automation.pages.HomePage - Clicked on Sign out link.
2025-05-05 21:40:10 INFO  com.dsalgo.automation.pages.HomePage - Navigated to DSAlgo portal: https://dsportalapp.herokuapp.com/
2025-05-05 21:40:11 INFO  com.dsalgo.automation.pages.HomePage - Clicked on Get Started button in DSAlgo Portal.
2025-05-05 21:40:11 INFO  com.dsalgo.automation.utils.NavigationUtil - Navigated to DS Algo Home Page
2025-05-05 21:40:11 INFO  com.dsalgo.automation.pages.HomePage - Clicked on Signin link.
2025-05-05 21:40:11 INFO  com.dsalgo.automation.utils.NavigationUtil - Login performed successfully
2025-05-05 21:40:11 INFO  com.dsalgo.automation.pages.HomePage - clicked Get Startedlink on Tree 
2025-05-05 21:40:12 INFO  com.dsalgo.automation.pages.HomePage - Clicked on Sign out link.
2025-05-05 21:40:12 INFO  com.dsalgo.automation.pages.HomePage - Navigated to DSAlgo portal: https://dsportalapp.herokuapp.com/
2025-05-05 21:40:12 INFO  com.dsalgo.automation.pages.HomePage - Clicked on Get Started button in DSAlgo Portal.
2025-05-05 21:40:12 INFO  com.dsalgo.automation.utils.NavigationUtil - Navigated to DS Algo Home Page
2025-05-05 21:40:13 INFO  com.dsalgo.automation.pages.HomePage - Clicked on Signin link.
2025-05-05 21:40:13 INFO  com.dsalgo.automation.utils.NavigationUtil - Login performed successfully
2025-05-05 21:40:13 INFO  com.dsalgo.automation.pages.HomePage - clicked Get Startedlink on Tree 
2025-05-05 21:40:14 ERROR com.dsalgo.automation.tests.TreePageTest - Assertion failed: expected [true] but found [false]
2025-05-05 21:40:14 INFO  com.dsalgo.automation.pages.HomePage - Clicked on Sign out link.
2025-05-05 21:40:14 INFO  com.dsalgo.automation.pages.HomePage - Navigated to DSAlgo portal: https://dsportalapp.herokuapp.com/
2025-05-05 21:40:14 INFO  com.dsalgo.automation.pages.HomePage - Clicked on Get Started button in DSAlgo Portal.
2025-05-05 21:40:14 INFO  com.dsalgo.automation.utils.NavigationUtil - Navigated to DS Algo Home Page
2025-05-05 21:40:15 INFO  com.dsalgo.automation.pages.HomePage - Clicked on Signin link.
2025-05-05 21:40:15 INFO  com.dsalgo.automation.utils.NavigationUtil - Login performed successfully
2025-05-05 21:40:15 INFO  com.dsalgo.automation.pages.HomePage - clicked Get Startedlink on Tree 
2025-05-05 21:40:16 ERROR com.dsalgo.automation.tests.TreePageTest - Assertion failed: expected [true] but found [false]
2025-05-05 21:40:16 INFO  com.dsalgo.automation.pages.HomePage - Clicked on Sign out link.
2025-05-05 21:40:16 INFO  com.dsalgo.automation.pages.HomePage - Navigated to DSAlgo portal: https://dsportalapp.herokuapp.com/
2025-05-05 21:40:17 INFO  com.dsalgo.automation.pages.HomePage - Clicked on Get Started button in DSAlgo Portal.
2025-05-05 21:40:17 INFO  com.dsalgo.automation.utils.NavigationUtil - Navigated to DS Algo Home Page
2025-05-05 21:40:17 INFO  com.dsalgo.automation.pages.HomePage - Clicked on Signin link.
2025-05-05 21:40:17 INFO  com.dsalgo.automation.utils.NavigationUtil - Login performed successfully
2025-05-05 21:40:17 INFO  com.dsalgo.automation.pages.HomePage - clicked Get Startedlink on Tree 
2025-05-05 21:40:18 ERROR com.dsalgo.automation.tests.TreePageTest - Assertion failed: expected [true] but found [false]
2025-05-05 21:40:18 INFO  com.dsalgo.automation.pages.HomePage - Clicked on Sign out link.
2025-05-05 21:40:18 DEBUG org.apache.poi.openxml4j.opc.PackageRelationshipCollection - Parsing relationship: /xl/_rels/workbook.xml.rels
2025-05-05 21:40:18 DEBUG org.apache.poi.openxml4j.opc.PackageRelationshipCollection - Parsing relationship: /_rels/.rels
2025-05-05 21:40:18 INFO  com.dsalgo.automation.pages.HomePage - Navigated to DSAlgo portal: https://dsportalapp.herokuapp.com/
2025-05-05 21:40:19 INFO  com.dsalgo.automation.pages.HomePage - Clicked on Get Started button in DSAlgo Portal.
2025-05-05 21:40:19 INFO  com.dsalgo.automation.utils.NavigationUtil - Navigated to DS Algo Home Page
2025-05-05 21:40:19 INFO  com.dsalgo.automation.pages.HomePage - Clicked on Signin link.
2025-05-05 21:40:19 INFO  com.dsalgo.automation.utils.NavigationUtil - Login performed successfully
2025-05-05 21:40:19 INFO  com.dsalgo.automation.pages.HomePage - clicked Get Startedlink on Tree 
2025-05-05 21:40:21 INFO  com.dsalgo.automation.pages.HomePage - Clicked on Sign out link.
2025-05-05 21:40:21 INFO  com.dsalgo.automation.pages.HomePage - Navigated to DSAlgo portal: https://dsportalapp.herokuapp.com/
2025-05-05 21:40:21 INFO  com.dsalgo.automation.pages.HomePage - Clicked on Get Started button in DSAlgo Portal.
2025-05-05 21:40:21 INFO  com.dsalgo.automation.utils.NavigationUtil - Navigated to DS Algo Home Page
2025-05-05 21:40:21 INFO  com.dsalgo.automation.pages.HomePage - Clicked on Signin link.
2025-05-05 21:40:22 INFO  com.dsalgo.automation.utils.NavigationUtil - Login performed successfully
2025-05-05 21:40:22 INFO  com.dsalgo.automation.pages.HomePage - clicked Get Startedlink on Tree 
2025-05-05 21:40:23 INFO  com.dsalgo.automation.pages.HomePage - Clicked on Sign out link.
2025-05-05 21:40:23 INFO  com.dsalgo.automation.pages.HomePage - Navigated to DSAlgo portal: https://dsportalapp.herokuapp.com/
2025-05-05 21:40:24 INFO  com.dsalgo.automation.pages.HomePage - Clicked on Get Started button in DSAlgo Portal.
2025-05-05 21:40:24 INFO  com.dsalgo.automation.utils.NavigationUtil - Navigated to DS Algo Home Page
2025-05-05 21:40:24 INFO  com.dsalgo.automation.pages.HomePage - Clicked on Signin link.
2025-05-05 21:40:25 INFO  com.dsalgo.automation.utils.NavigationUtil - Login performed successfully
2025-05-05 21:40:25 INFO  com.dsalgo.automation.pages.HomePage - clicked Get Startedlink on Tree 
2025-05-05 21:40:26 INFO  com.dsalgo.automation.pages.HomePage - Clicked on Sign out link.
2025-05-05 21:40:26 INFO  com.dsalgo.automation.pages.HomePage - Navigated to DSAlgo portal: https://dsportalapp.herokuapp.com/
2025-05-05 21:40:26 INFO  com.dsalgo.automation.pages.HomePage - Clicked on Get Started button in DSAlgo Portal.
2025-05-05 21:40:26 INFO  com.dsalgo.automation.utils.NavigationUtil - Navigated to DS Algo Home Page
2025-05-05 21:40:26 INFO  com.dsalgo.automation.pages.HomePage - Clicked on Signin link.
2025-05-05 21:40:27 INFO  com.dsalgo.automation.utils.NavigationUtil - Login performed successfully
2025-05-05 21:40:27 INFO  com.dsalgo.automation.pages.HomePage - clicked Get Startedlink on Tree 
2025-05-05 21:40:28 INFO  com.dsalgo.automation.pages.HomePage - Clicked on Sign out link.
2025-05-05 21:40:28 INFO  com.dsalgo.automation.pages.HomePage - Navigated to DSAlgo portal: https://dsportalapp.herokuapp.com/
2025-05-05 21:40:28 INFO  com.dsalgo.automation.pages.HomePage - Clicked on Get Started button in DSAlgo Portal.
2025-05-05 21:40:28 INFO  com.dsalgo.automation.utils.NavigationUtil - Navigated to DS Algo Home Page
2025-05-05 21:40:28 INFO  com.dsalgo.automation.pages.HomePage - Clicked on Signin link.
2025-05-05 21:40:29 INFO  com.dsalgo.automation.utils.NavigationUtil - Login performed successfully
2025-05-05 21:40:29 INFO  com.dsalgo.automation.pages.HomePage - clicked Get Startedlink on Tree 
2025-05-05 21:40:29 ERROR com.dsalgo.automation.tests.TreePageTest - Assertion failed: expected [true] but found [false]
2025-05-05 21:40:30 INFO  com.dsalgo.automation.pages.HomePage - Clicked on Sign out link.
2025-05-05 21:40:30 INFO  com.dsalgo.automation.pages.HomePage - Navigated to DSAlgo portal: https://dsportalapp.herokuapp.com/
2025-05-05 21:40:30 INFO  com.dsalgo.automation.pages.HomePage - Clicked on Get Started button in DSAlgo Portal.
2025-05-05 21:40:30 INFO  com.dsalgo.automation.utils.NavigationUtil - Navigated to DS Algo Home Page
2025-05-05 21:40:30 INFO  com.dsalgo.automation.pages.HomePage - Clicked on Signin link.
2025-05-05 21:40:31 INFO  com.dsalgo.automation.utils.NavigationUtil - Login performed successfully
2025-05-05 21:40:31 INFO  com.dsalgo.automation.pages.HomePage - clicked Get Startedlink on Tree 
2025-05-05 21:40:31 ERROR com.dsalgo.automation.tests.TreePageTest - Assertion failed: expected [true] but found [false]
2025-05-05 21:40:32 INFO  com.dsalgo.automation.pages.HomePage - Clicked on Sign out link.
2025-05-05 21:40:32 INFO  com.dsalgo.automation.pages.HomePage - Navigated to DSAlgo portal: https://dsportalapp.herokuapp.com/
2025-05-05 21:40:32 INFO  com.dsalgo.automation.pages.HomePage - Clicked on Get Started button in DSAlgo Portal.
2025-05-05 21:40:32 INFO  com.dsalgo.automation.utils.NavigationUtil - Navigated to DS Algo Home Page
2025-05-05 21:40:32 INFO  com.dsalgo.automation.pages.HomePage - Clicked on Signin link.
2025-05-05 21:40:33 INFO  com.dsalgo.automation.utils.NavigationUtil - Login performed successfully
2025-05-05 21:40:33 INFO  com.dsalgo.automation.pages.HomePage - clicked Get Startedlink on Tree 
2025-05-05 21:40:33 ERROR com.dsalgo.automation.tests.TreePageTest - Assertion failed: expected [true] but found [false]
2025-05-05 21:40:34 INFO  com.dsalgo.automation.pages.HomePage - Clicked on Sign out link.
2025-05-05 21:40:34 DEBUG org.apache.poi.openxml4j.opc.PackageRelationshipCollection - Parsing relationship: /xl/_rels/workbook.xml.rels
2025-05-05 21:40:34 DEBUG org.apache.poi.openxml4j.opc.PackageRelationshipCollection - Parsing relationship: /_rels/.rels
2025-05-05 21:40:34 INFO  com.dsalgo.automation.pages.HomePage - Navigated to DSAlgo portal: https://dsportalapp.herokuapp.com/
2025-05-05 21:40:34 INFO  com.dsalgo.automation.pages.HomePage - Clicked on Get Started button in DSAlgo Portal.
2025-05-05 21:40:34 INFO  com.dsalgo.automation.utils.NavigationUtil - Navigated to DS Algo Home Page
2025-05-05 21:40:34 INFO  com.dsalgo.automation.pages.HomePage - Clicked on Signin link.
2025-05-05 21:40:35 INFO  com.dsalgo.automation.utils.NavigationUtil - Login performed successfully
2025-05-05 21:40:35 INFO  com.dsalgo.automation.pages.HomePage - clicked Get Startedlink on Tree 
2025-05-05 21:40:36 INFO  com.dsalgo.automation.pages.HomePage - Clicked on Sign out link.
2025-05-05 21:40:36 INFO  com.dsalgo.automation.pages.HomePage - Navigated to DSAlgo portal: https://dsportalapp.herokuapp.com/
2025-05-05 21:40:36 INFO  com.dsalgo.automation.pages.HomePage - Clicked on Get Started button in DSAlgo Portal.
2025-05-05 21:40:36 INFO  com.dsalgo.automation.utils.NavigationUtil - Navigated to DS Algo Home Page
2025-05-05 21:40:36 INFO  com.dsalgo.automation.pages.HomePage - Clicked on Signin link.
2025-05-05 21:40:37 INFO  com.dsalgo.automation.utils.NavigationUtil - Login performed successfully
2025-05-05 21:40:37 INFO  com.dsalgo.automation.pages.HomePage - clicked Get Startedlink on Tree 
2025-05-05 21:40:39 INFO  com.dsalgo.automation.pages.HomePage - Clicked on Sign out link.
2025-05-05 21:40:39 INFO  com.dsalgo.automation.pages.HomePage - Navigated to DSAlgo portal: https://dsportalapp.herokuapp.com/
2025-05-05 21:40:39 INFO  com.dsalgo.automation.pages.HomePage - Clicked on Get Started button in DSAlgo Portal.
2025-05-05 21:40:39 INFO  com.dsalgo.automation.utils.NavigationUtil - Navigated to DS Algo Home Page
2025-05-05 21:40:39 INFO  com.dsalgo.automation.pages.HomePage - Clicked on Signin link.
2025-05-05 21:40:40 INFO  com.dsalgo.automation.utils.NavigationUtil - Login performed successfully
2025-05-05 21:40:40 INFO  com.dsalgo.automation.pages.HomePage - clicked Get Startedlink on Tree 
2025-05-05 21:40:41 INFO  com.dsalgo.automation.pages.HomePage - Clicked on Sign out link.
2025-05-05 21:40:41 INFO  com.dsalgo.automation.pages.HomePage - Navigated to DSAlgo portal: https://dsportalapp.herokuapp.com/
2025-05-05 21:40:41 INFO  com.dsalgo.automation.pages.HomePage - Clicked on Get Started button in DSAlgo Portal.
2025-05-05 21:40:41 INFO  com.dsalgo.automation.utils.NavigationUtil - Navigated to DS Algo Home Page
2025-05-05 21:40:41 INFO  com.dsalgo.automation.pages.HomePage - Clicked on Signin link.
2025-05-05 21:40:42 INFO  com.dsalgo.automation.utils.NavigationUtil - Login performed successfully
2025-05-05 21:40:42 INFO  com.dsalgo.automation.pages.HomePage - clicked Get Startedlink on Tree 
2025-05-05 21:40:43 INFO  com.dsalgo.automation.pages.HomePage - Clicked on Sign out link.
2025-05-05 21:40:43 INFO  com.dsalgo.automation.pages.HomePage - Navigated to DSAlgo portal: https://dsportalapp.herokuapp.com/
2025-05-05 21:40:43 INFO  com.dsalgo.automation.pages.HomePage - Clicked on Get Started button in DSAlgo Portal.
2025-05-05 21:40:43 INFO  com.dsalgo.automation.utils.NavigationUtil - Navigated to DS Algo Home Page
2025-05-05 21:40:43 INFO  com.dsalgo.automation.pages.HomePage - Clicked on Signin link.
2025-05-05 21:40:44 INFO  com.dsalgo.automation.utils.NavigationUtil - Login performed successfully
2025-05-05 21:40:44 INFO  com.dsalgo.automation.pages.HomePage - clicked Get Startedlink on Tree 
2025-05-05 21:40:45 INFO  com.dsalgo.automation.pages.HomePage - Clicked on Sign out link.
2025-05-05 21:40:45 INFO  com.dsalgo.automation.pages.HomePage - Navigated to DSAlgo portal: https://dsportalapp.herokuapp.com/
2025-05-05 21:40:45 INFO  com.dsalgo.automation.pages.HomePage - Clicked on Get Started button in DSAlgo Portal.
2025-05-05 21:40:45 INFO  com.dsalgo.automation.utils.NavigationUtil - Navigated to DS Algo Home Page
2025-05-05 21:40:45 INFO  com.dsalgo.automation.pages.HomePage - Clicked on Signin link.
2025-05-05 21:40:46 INFO  com.dsalgo.automation.utils.NavigationUtil - Login performed successfully
2025-05-05 21:40:46 INFO  com.dsalgo.automation.pages.HomePage - clicked Get Startedlink on Tree 
2025-05-05 21:40:46 ERROR com.dsalgo.automation.tests.TreePageTest - Assertion failed: expected [true] but found [false]
2025-05-05 21:40:47 INFO  com.dsalgo.automation.pages.HomePage - Clicked on Sign out link.
2025-05-05 21:40:47 INFO  com.dsalgo.automation.pages.HomePage - Navigated to DSAlgo portal: https://dsportalapp.herokuapp.com/
2025-05-05 21:40:47 INFO  com.dsalgo.automation.pages.HomePage - Clicked on Get Started button in DSAlgo Portal.
2025-05-05 21:40:47 INFO  com.dsalgo.automation.utils.NavigationUtil - Navigated to DS Algo Home Page
2025-05-05 21:40:47 INFO  com.dsalgo.automation.pages.HomePage - Clicked on Signin link.
2025-05-05 21:40:48 INFO  com.dsalgo.automation.utils.NavigationUtil - Login performed successfully
2025-05-05 21:40:48 INFO  com.dsalgo.automation.pages.HomePage - clicked Get Startedlink on Tree 
2025-05-05 21:40:48 ERROR com.dsalgo.automation.tests.TreePageTest - Assertion failed: expected [true] but found [false]
2025-05-05 21:40:49 INFO  com.dsalgo.automation.pages.HomePage - Clicked on Sign out link.
2025-05-05 21:40:49 INFO  com.dsalgo.automation.pages.HomePage - Navigated to DSAlgo portal: https://dsportalapp.herokuapp.com/
2025-05-05 21:40:49 INFO  com.dsalgo.automation.pages.HomePage - Clicked on Get Started button in DSAlgo Portal.
2025-05-05 21:40:49 INFO  com.dsalgo.automation.utils.NavigationUtil - Navigated to DS Algo Home Page
2025-05-05 21:40:49 INFO  com.dsalgo.automation.pages.HomePage - Clicked on Signin link.
2025-05-05 21:40:50 INFO  com.dsalgo.automation.utils.NavigationUtil - Login performed successfully
2025-05-05 21:40:50 INFO  com.dsalgo.automation.pages.HomePage - clicked Get Startedlink on Tree 
2025-05-05 21:40:50 ERROR com.dsalgo.automation.tests.TreePageTest - Assertion failed: expected [true] but found [false]
2025-05-05 21:40:51 INFO  com.dsalgo.automation.pages.HomePage - Clicked on Sign out link.
2025-05-05 21:40:51 DEBUG org.apache.poi.openxml4j.opc.PackageRelationshipCollection - Parsing relationship: /xl/_rels/workbook.xml.rels
2025-05-05 21:40:51 DEBUG org.apache.poi.openxml4j.opc.PackageRelationshipCollection - Parsing relationship: /_rels/.rels
2025-05-05 21:40:51 INFO  com.dsalgo.automation.pages.HomePage - Navigated to DSAlgo portal: https://dsportalapp.herokuapp.com/
2025-05-05 21:40:51 INFO  com.dsalgo.automation.pages.HomePage - Clicked on Get Started button in DSAlgo Portal.
2025-05-05 21:40:51 INFO  com.dsalgo.automation.utils.NavigationUtil - Navigated to DS Algo Home Page
2025-05-05 21:40:51 INFO  com.dsalgo.automation.pages.HomePage - Clicked on Signin link.
2025-05-05 21:40:52 INFO  com.dsalgo.automation.utils.NavigationUtil - Login performed successfully
2025-05-05 21:40:52 INFO  com.dsalgo.automation.pages.HomePage - clicked Get Startedlink on Tree 
2025-05-05 21:40:53 INFO  com.dsalgo.automation.pages.HomePage - Clicked on Sign out link.
2025-05-05 21:40:54 INFO  com.dsalgo.automation.pages.HomePage - Navigated to DSAlgo portal: https://dsportalapp.herokuapp.com/
2025-05-05 21:40:54 INFO  com.dsalgo.automation.pages.HomePage - Clicked on Get Started button in DSAlgo Portal.
2025-05-05 21:40:54 INFO  com.dsalgo.automation.utils.NavigationUtil - Navigated to DS Algo Home Page
2025-05-05 21:40:54 INFO  com.dsalgo.automation.pages.HomePage - Clicked on Signin link.
2025-05-05 21:40:55 INFO  com.dsalgo.automation.utils.NavigationUtil - Login performed successfully
2025-05-05 21:40:55 INFO  com.dsalgo.automation.pages.HomePage - clicked Get Startedlink on Tree 
2025-05-05 21:40:56 INFO  com.dsalgo.automation.pages.HomePage - Clicked on Sign out link.
2025-05-05 21:40:56 INFO  com.dsalgo.automation.pages.HomePage - Navigated to DSAlgo portal: https://dsportalapp.herokuapp.com/
2025-05-05 21:40:57 INFO  com.dsalgo.automation.pages.HomePage - Clicked on Get Started button in DSAlgo Portal.
2025-05-05 21:40:57 INFO  com.dsalgo.automation.utils.NavigationUtil - Navigated to DS Algo Home Page
2025-05-05 21:40:57 INFO  com.dsalgo.automation.pages.HomePage - Clicked on Signin link.
2025-05-05 21:40:57 INFO  com.dsalgo.automation.utils.NavigationUtil - Login performed successfully
2025-05-05 21:40:57 INFO  com.dsalgo.automation.pages.HomePage - clicked Get Startedlink on Tree 
2025-05-05 21:40:59 INFO  com.dsalgo.automation.pages.HomePage - Clicked on Sign out link.
2025-05-05 21:40:59 INFO  com.dsalgo.automation.pages.HomePage - Navigated to DSAlgo portal: https://dsportalapp.herokuapp.com/
2025-05-05 21:40:59 INFO  com.dsalgo.automation.pages.HomePage - Clicked on Get Started button in DSAlgo Portal.
2025-05-05 21:40:59 INFO  com.dsalgo.automation.utils.NavigationUtil - Navigated to DS Algo Home Page
2025-05-05 21:40:59 INFO  com.dsalgo.automation.pages.HomePage - Clicked on Signin link.
2025-05-05 21:41:00 INFO  com.dsalgo.automation.utils.NavigationUtil - Login performed successfully
2025-05-05 21:41:00 INFO  com.dsalgo.automation.pages.HomePage - clicked Get Startedlink on Tree 
2025-05-05 21:41:01 INFO  com.dsalgo.automation.pages.HomePage - Clicked on Sign out link.
2025-05-05 21:41:01 INFO  com.dsalgo.automation.pages.HomePage - Navigated to DSAlgo portal: https://dsportalapp.herokuapp.com/
2025-05-05 21:41:01 INFO  com.dsalgo.automation.pages.HomePage - Clicked on Get Started button in DSAlgo Portal.
2025-05-05 21:41:01 INFO  com.dsalgo.automation.utils.NavigationUtil - Navigated to DS Algo Home Page
2025-05-05 21:41:01 INFO  com.dsalgo.automation.pages.HomePage - Clicked on Signin link.
2025-05-05 21:41:02 INFO  com.dsalgo.automation.utils.NavigationUtil - Login performed successfully
2025-05-05 21:41:02 INFO  com.dsalgo.automation.pages.HomePage - clicked Get Startedlink on Tree 
2025-05-05 21:41:02 ERROR com.dsalgo.automation.tests.TreePageTest - Assertion failed: expected [true] but found [false]
2025-05-05 21:41:03 INFO  com.dsalgo.automation.pages.HomePage - Clicked on Sign out link.
2025-05-05 21:41:03 INFO  com.dsalgo.automation.pages.HomePage - Navigated to DSAlgo portal: https://dsportalapp.herokuapp.com/
2025-05-05 21:41:03 INFO  com.dsalgo.automation.pages.HomePage - Clicked on Get Started button in DSAlgo Portal.
2025-05-05 21:41:03 INFO  com.dsalgo.automation.utils.NavigationUtil - Navigated to DS Algo Home Page
2025-05-05 21:41:03 INFO  com.dsalgo.automation.pages.HomePage - Clicked on Signin link.
2025-05-05 21:41:04 INFO  com.dsalgo.automation.utils.NavigationUtil - Login performed successfully
2025-05-05 21:41:04 INFO  com.dsalgo.automation.pages.HomePage - clicked Get Startedlink on Tree 
2025-05-05 21:41:04 ERROR com.dsalgo.automation.tests.TreePageTest - Assertion failed: expected [true] but found [false]
2025-05-05 21:41:05 INFO  com.dsalgo.automation.pages.HomePage - Clicked on Sign out link.
2025-05-05 21:41:05 INFO  com.dsalgo.automation.pages.HomePage - Navigated to DSAlgo portal: https://dsportalapp.herokuapp.com/
2025-05-05 21:41:05 INFO  com.dsalgo.automation.pages.HomePage - Clicked on Get Started button in DSAlgo Portal.
2025-05-05 21:41:05 INFO  com.dsalgo.automation.utils.NavigationUtil - Navigated to DS Algo Home Page
2025-05-05 21:41:05 INFO  com.dsalgo.automation.pages.HomePage - Clicked on Signin link.
2025-05-05 21:41:06 INFO  com.dsalgo.automation.utils.NavigationUtil - Login performed successfully
2025-05-05 21:41:06 INFO  com.dsalgo.automation.pages.HomePage - clicked Get Startedlink on Tree 
2025-05-05 21:41:06 ERROR com.dsalgo.automation.tests.TreePageTest - Assertion failed: expected [true] but found [false]
2025-05-05 21:41:07 INFO  com.dsalgo.automation.pages.HomePage - Clicked on Sign out link.
2025-05-05 21:41:07 DEBUG org.apache.poi.openxml4j.opc.PackageRelationshipCollection - Parsing relationship: /xl/_rels/workbook.xml.rels
2025-05-05 21:41:07 DEBUG org.apache.poi.openxml4j.opc.PackageRelationshipCollection - Parsing relationship: /_rels/.rels
2025-05-05 21:41:07 INFO  com.dsalgo.automation.pages.HomePage - Navigated to DSAlgo portal: https://dsportalapp.herokuapp.com/
2025-05-05 21:41:07 INFO  com.dsalgo.automation.pages.HomePage - Clicked on Get Started button in DSAlgo Portal.
2025-05-05 21:41:07 INFO  com.dsalgo.automation.utils.NavigationUtil - Navigated to DS Algo Home Page
2025-05-05 21:41:07 INFO  com.dsalgo.automation.pages.HomePage - Clicked on Signin link.
2025-05-05 21:41:08 INFO  com.dsalgo.automation.utils.NavigationUtil - Login performed successfully
2025-05-05 21:41:08 INFO  com.dsalgo.automation.pages.HomePage - clicked Get Startedlink on Tree 
2025-05-05 21:41:09 INFO  com.dsalgo.automation.pages.HomePage - Clicked on Sign out link.
2025-05-05 21:41:09 INFO  com.dsalgo.automation.pages.HomePage - Navigated to DSAlgo portal: https://dsportalapp.herokuapp.com/
2025-05-05 21:41:10 INFO  com.dsalgo.automation.pages.HomePage - Clicked on Get Started button in DSAlgo Portal.
2025-05-05 21:41:10 INFO  com.dsalgo.automation.utils.NavigationUtil - Navigated to DS Algo Home Page
2025-05-05 21:41:10 INFO  com.dsalgo.automation.pages.HomePage - Clicked on Signin link.
2025-05-05 21:41:10 INFO  com.dsalgo.automation.utils.NavigationUtil - Login performed successfully
2025-05-05 21:41:10 INFO  com.dsalgo.automation.pages.HomePage - clicked Get Startedlink on Tree 
2025-05-05 21:41:12 INFO  com.dsalgo.automation.pages.HomePage - Clicked on Sign out link.
2025-05-05 21:41:12 INFO  com.dsalgo.automation.pages.HomePage - Navigated to DSAlgo portal: https://dsportalapp.herokuapp.com/
2025-05-05 21:41:12 INFO  com.dsalgo.automation.pages.HomePage - Clicked on Get Started button in DSAlgo Portal.
2025-05-05 21:41:12 INFO  com.dsalgo.automation.utils.NavigationUtil - Navigated to DS Algo Home Page
2025-05-05 21:41:12 INFO  com.dsalgo.automation.pages.HomePage - Clicked on Signin link.
2025-05-05 21:41:13 INFO  com.dsalgo.automation.utils.NavigationUtil - Login performed successfully
2025-05-05 21:41:13 INFO  com.dsalgo.automation.pages.HomePage - clicked Get Startedlink on Tree 
2025-05-05 21:41:14 INFO  com.dsalgo.automation.pages.HomePage - Clicked on Sign out link.
2025-05-05 21:41:14 INFO  com.dsalgo.automation.pages.HomePage - Navigated to DSAlgo portal: https://dsportalapp.herokuapp.com/
2025-05-05 21:41:14 INFO  com.dsalgo.automation.pages.HomePage - Clicked on Get Started button in DSAlgo Portal.
2025-05-05 21:41:14 INFO  com.dsalgo.automation.utils.NavigationUtil - Navigated to DS Algo Home Page
2025-05-05 21:41:15 INFO  com.dsalgo.automation.pages.HomePage - Clicked on Signin link.
2025-05-05 21:41:15 INFO  com.dsalgo.automation.utils.NavigationUtil - Login performed successfully
2025-05-05 21:41:15 INFO  com.dsalgo.automation.pages.HomePage - clicked Get Startedlink on Tree 
2025-05-05 21:41:16 INFO  com.dsalgo.automation.pages.HomePage - Clicked on Sign out link.
2025-05-05 21:41:16 INFO  com.dsalgo.automation.pages.HomePage - Navigated to DSAlgo portal: https://dsportalapp.herokuapp.com/
2025-05-05 21:41:16 INFO  com.dsalgo.automation.pages.HomePage - Clicked on Get Started button in DSAlgo Portal.
2025-05-05 21:41:16 INFO  com.dsalgo.automation.utils.NavigationUtil - Navigated to DS Algo Home Page
2025-05-05 21:41:16 INFO  com.dsalgo.automation.pages.HomePage - Clicked on Signin link.
2025-05-05 21:41:17 INFO  com.dsalgo.automation.utils.NavigationUtil - Login performed successfully
2025-05-05 21:41:17 INFO  com.dsalgo.automation.pages.HomePage - clicked Get Startedlink on Tree 
2025-05-05 21:41:18 ERROR com.dsalgo.automation.tests.TreePageTest - Assertion failed: expected [true] but found [false]
2025-05-05 21:41:18 INFO  com.dsalgo.automation.pages.HomePage - Clicked on Sign out link.
2025-05-05 21:41:18 INFO  com.dsalgo.automation.pages.HomePage - Navigated to DSAlgo portal: https://dsportalapp.herokuapp.com/
2025-05-05 21:41:18 INFO  com.dsalgo.automation.pages.HomePage - Clicked on Get Started button in DSAlgo Portal.
2025-05-05 21:41:18 INFO  com.dsalgo.automation.utils.NavigationUtil - Navigated to DS Algo Home Page
2025-05-05 21:41:18 INFO  com.dsalgo.automation.pages.HomePage - Clicked on Signin link.
2025-05-05 21:41:19 INFO  com.dsalgo.automation.utils.NavigationUtil - Login performed successfully
2025-05-05 21:41:19 INFO  com.dsalgo.automation.pages.HomePage - clicked Get Startedlink on Tree 
2025-05-05 21:41:19 ERROR com.dsalgo.automation.tests.TreePageTest - Assertion failed: expected [true] but found [false]
2025-05-05 21:41:20 INFO  com.dsalgo.automation.pages.HomePage - Clicked on Sign out link.
2025-05-05 21:41:20 INFO  com.dsalgo.automation.pages.HomePage - Navigated to DSAlgo portal: https://dsportalapp.herokuapp.com/
2025-05-05 21:41:20 INFO  com.dsalgo.automation.pages.HomePage - Clicked on Get Started button in DSAlgo Portal.
2025-05-05 21:41:20 INFO  com.dsalgo.automation.utils.NavigationUtil - Navigated to DS Algo Home Page
2025-05-05 21:41:20 INFO  com.dsalgo.automation.pages.HomePage - Clicked on Signin link.
2025-05-05 21:41:21 INFO  com.dsalgo.automation.utils.NavigationUtil - Login performed successfully
2025-05-05 21:41:21 INFO  com.dsalgo.automation.pages.HomePage - clicked Get Startedlink on Tree 
2025-05-05 21:41:21 ERROR com.dsalgo.automation.tests.TreePageTest - Assertion failed: expected [true] but found [false]
2025-05-05 21:41:22 INFO  com.dsalgo.automation.pages.HomePage - Clicked on Sign out link.
2025-05-05 21:41:22 DEBUG org.apache.poi.openxml4j.opc.PackageRelationshipCollection - Parsing relationship: /xl/_rels/workbook.xml.rels
2025-05-05 21:41:22 DEBUG org.apache.poi.openxml4j.opc.PackageRelationshipCollection - Parsing relationship: /_rels/.rels
2025-05-05 21:41:22 INFO  com.dsalgo.automation.pages.HomePage - Navigated to DSAlgo portal: https://dsportalapp.herokuapp.com/
2025-05-05 21:41:22 INFO  com.dsalgo.automation.pages.HomePage - Clicked on Get Started button in DSAlgo Portal.
2025-05-05 21:41:22 INFO  com.dsalgo.automation.utils.NavigationUtil - Navigated to DS Algo Home Page
2025-05-05 21:41:22 INFO  com.dsalgo.automation.pages.HomePage - Clicked on Signin link.
2025-05-05 21:41:23 INFO  com.dsalgo.automation.utils.NavigationUtil - Login performed successfully
2025-05-05 21:41:23 INFO  com.dsalgo.automation.pages.HomePage - clicked Get Startedlink on Tree 
2025-05-05 21:41:24 INFO  com.dsalgo.automation.pages.HomePage - Clicked on Sign out link.
2025-05-05 21:41:25 INFO  com.dsalgo.automation.pages.HomePage - Navigated to DSAlgo portal: https://dsportalapp.herokuapp.com/
2025-05-05 21:41:25 INFO  com.dsalgo.automation.pages.HomePage - Clicked on Get Started button in DSAlgo Portal.
2025-05-05 21:41:25 INFO  com.dsalgo.automation.utils.NavigationUtil - Navigated to DS Algo Home Page
2025-05-05 21:41:25 INFO  com.dsalgo.automation.pages.HomePage - Clicked on Signin link.
2025-05-05 21:41:26 INFO  com.dsalgo.automation.utils.NavigationUtil - Login performed successfully
2025-05-05 21:41:26 INFO  com.dsalgo.automation.pages.HomePage - clicked Get Startedlink on Tree 
2025-05-05 21:41:27 INFO  com.dsalgo.automation.pages.HomePage - Clicked on Sign out link.
2025-05-05 21:41:27 INFO  com.dsalgo.automation.pages.HomePage - Navigated to DSAlgo portal: https://dsportalapp.herokuapp.com/
2025-05-05 21:41:27 INFO  com.dsalgo.automation.pages.HomePage - Clicked on Get Started button in DSAlgo Portal.
2025-05-05 21:41:27 INFO  com.dsalgo.automation.utils.NavigationUtil - Navigated to DS Algo Home Page
2025-05-05 21:41:27 INFO  com.dsalgo.automation.pages.HomePage - Clicked on Signin link.
2025-05-05 21:41:28 INFO  com.dsalgo.automation.utils.NavigationUtil - Login performed successfully
2025-05-05 21:41:28 INFO  com.dsalgo.automation.pages.HomePage - clicked Get Startedlink on Tree 
2025-05-05 21:41:29 INFO  com.dsalgo.automation.pages.HomePage - Clicked on Sign out link.
2025-05-05 21:41:29 INFO  com.dsalgo.automation.pages.HomePage - Navigated to DSAlgo portal: https://dsportalapp.herokuapp.com/
2025-05-05 21:41:30 INFO  com.dsalgo.automation.pages.HomePage - Clicked on Get Started button in DSAlgo Portal.
2025-05-05 21:41:30 INFO  com.dsalgo.automation.utils.NavigationUtil - Navigated to DS Algo Home Page
2025-05-05 21:41:30 INFO  com.dsalgo.automation.pages.HomePage - Clicked on Signin link.
2025-05-05 21:41:30 INFO  com.dsalgo.automation.utils.NavigationUtil - Login performed successfully
2025-05-05 21:41:30 INFO  com.dsalgo.automation.pages.HomePage - clicked Get Startedlink on Tree 
2025-05-05 21:41:31 INFO  com.dsalgo.automation.pages.HomePage - Clicked on Sign out link.
2025-05-05 21:41:32 INFO  com.dsalgo.automation.pages.HomePage - Navigated to DSAlgo portal: https://dsportalapp.herokuapp.com/
2025-05-05 21:41:32 INFO  com.dsalgo.automation.pages.HomePage - Clicked on Get Started button in DSAlgo Portal.
2025-05-05 21:41:32 INFO  com.dsalgo.automation.utils.NavigationUtil - Navigated to DS Algo Home Page
2025-05-05 21:41:32 INFO  com.dsalgo.automation.pages.HomePage - Clicked on Signin link.
2025-05-05 21:41:33 INFO  com.dsalgo.automation.utils.NavigationUtil - Login performed successfully
2025-05-05 21:41:33 INFO  com.dsalgo.automation.pages.HomePage - clicked Get Startedlink on Tree 
2025-05-05 21:41:33 INFO  com.dsalgo.automation.pages.HomePage - Clicked on Sign out link.
2025-05-05 21:41:33 INFO  com.dsalgo.automation.pages.HomePage - Navigated to DSAlgo portal: https://dsportalapp.herokuapp.com/
2025-05-05 21:41:34 INFO  com.dsalgo.automation.pages.HomePage - Clicked on Get Started button in DSAlgo Portal.
2025-05-05 21:41:34 INFO  com.dsalgo.automation.utils.NavigationUtil - Navigated to DS Algo Home Page
2025-05-05 21:41:34 INFO  com.dsalgo.automation.pages.HomePage - Clicked on Signin link.
2025-05-05 21:41:34 INFO  com.dsalgo.automation.utils.NavigationUtil - Login performed successfully
2025-05-05 21:41:34 INFO  com.dsalgo.automation.pages.HomePage - clicked Get Startedlink on Tree 
2025-05-05 21:41:35 ERROR com.dsalgo.automation.tests.TreePageTest - Assertion failed: expected [true] but found [false]
2025-05-05 21:41:35 INFO  com.dsalgo.automation.pages.HomePage - Clicked on Sign out link.
2025-05-05 21:41:35 INFO  com.dsalgo.automation.pages.HomePage - Navigated to DSAlgo portal: https://dsportalapp.herokuapp.com/
2025-05-05 21:41:36 INFO  com.dsalgo.automation.pages.HomePage - Clicked on Get Started button in DSAlgo Portal.
2025-05-05 21:41:36 INFO  com.dsalgo.automation.utils.NavigationUtil - Navigated to DS Algo Home Page
2025-05-05 21:41:36 INFO  com.dsalgo.automation.pages.HomePage - Clicked on Signin link.
2025-05-05 21:41:36 INFO  com.dsalgo.automation.utils.NavigationUtil - Login performed successfully
2025-05-05 21:41:36 INFO  com.dsalgo.automation.pages.HomePage - clicked Get Startedlink on Tree 
2025-05-05 21:41:37 ERROR com.dsalgo.automation.tests.TreePageTest - Assertion failed: expected [true] but found [false]
2025-05-05 21:41:37 INFO  com.dsalgo.automation.pages.HomePage - Clicked on Sign out link.
2025-05-05 21:41:38 INFO  com.dsalgo.automation.pages.HomePage - Navigated to DSAlgo portal: https://dsportalapp.herokuapp.com/
2025-05-05 21:41:38 INFO  com.dsalgo.automation.pages.HomePage - Clicked on Get Started button in DSAlgo Portal.
2025-05-05 21:41:38 INFO  com.dsalgo.automation.utils.NavigationUtil - Navigated to DS Algo Home Page
2025-05-05 21:41:38 INFO  com.dsalgo.automation.pages.HomePage - Clicked on Signin link.
2025-05-05 21:41:38 INFO  com.dsalgo.automation.utils.NavigationUtil - Login performed successfully
2025-05-05 21:41:38 INFO  com.dsalgo.automation.pages.HomePage - clicked Get Startedlink on Tree 
2025-05-05 21:41:39 ERROR com.dsalgo.automation.tests.TreePageTest - Assertion failed: expected [true] but found [false]
2025-05-05 21:41:39 INFO  com.dsalgo.automation.pages.HomePage - Clicked on Sign out link.
2025-05-05 21:41:39 DEBUG org.apache.poi.openxml4j.opc.PackageRelationshipCollection - Parsing relationship: /xl/_rels/workbook.xml.rels
2025-05-05 21:41:39 DEBUG org.apache.poi.openxml4j.opc.PackageRelationshipCollection - Parsing relationship: /_rels/.rels
2025-05-05 21:41:40 INFO  com.dsalgo.automation.pages.HomePage - Navigated to DSAlgo portal: https://dsportalapp.herokuapp.com/
2025-05-05 21:41:40 INFO  com.dsalgo.automation.pages.HomePage - Clicked on Get Started button in DSAlgo Portal.
2025-05-05 21:41:40 INFO  com.dsalgo.automation.utils.NavigationUtil - Navigated to DS Algo Home Page
2025-05-05 21:41:40 INFO  com.dsalgo.automation.pages.HomePage - Clicked on Signin link.
2025-05-05 21:41:40 INFO  com.dsalgo.automation.utils.NavigationUtil - Login performed successfully
2025-05-05 21:41:40 INFO  com.dsalgo.automation.pages.HomePage - clicked Get Startedlink on Tree 
2025-05-05 21:41:42 INFO  com.dsalgo.automation.pages.HomePage - Clicked on Sign out link.
2025-05-05 21:41:42 INFO  com.dsalgo.automation.pages.HomePage - Navigated to DSAlgo portal: https://dsportalapp.herokuapp.com/
2025-05-05 21:41:42 INFO  com.dsalgo.automation.pages.HomePage - Clicked on Get Started button in DSAlgo Portal.
2025-05-05 21:41:42 INFO  com.dsalgo.automation.utils.NavigationUtil - Navigated to DS Algo Home Page
2025-05-05 21:41:42 INFO  com.dsalgo.automation.pages.HomePage - Clicked on Signin link.
2025-05-05 21:41:43 INFO  com.dsalgo.automation.utils.NavigationUtil - Login performed successfully
2025-05-05 21:41:43 INFO  com.dsalgo.automation.pages.HomePage - clicked Get Startedlink on Tree 
2025-05-05 21:41:44 INFO  com.dsalgo.automation.pages.HomePage - Clicked on Sign out link.
2025-05-05 21:41:44 INFO  com.dsalgo.automation.pages.HomePage - Navigated to DSAlgo portal: https://dsportalapp.herokuapp.com/
2025-05-05 21:41:45 INFO  com.dsalgo.automation.pages.HomePage - Clicked on Get Started button in DSAlgo Portal.
2025-05-05 21:41:45 INFO  com.dsalgo.automation.utils.NavigationUtil - Navigated to DS Algo Home Page
2025-05-05 21:41:45 INFO  com.dsalgo.automation.pages.HomePage - Clicked on Signin link.
2025-05-05 21:41:45 INFO  com.dsalgo.automation.utils.NavigationUtil - Login performed successfully
2025-05-05 21:41:45 INFO  com.dsalgo.automation.pages.HomePage - clicked Get Startedlink on Tree 
2025-05-05 21:41:47 INFO  com.dsalgo.automation.pages.HomePage - Clicked on Sign out link.
2025-05-05 21:41:47 INFO  com.dsalgo.automation.pages.HomePage - Navigated to DSAlgo portal: https://dsportalapp.herokuapp.com/
2025-05-05 21:41:47 INFO  com.dsalgo.automation.pages.HomePage - Clicked on Get Started button in DSAlgo Portal.
2025-05-05 21:41:47 INFO  com.dsalgo.automation.utils.NavigationUtil - Navigated to DS Algo Home Page
2025-05-05 21:41:47 INFO  com.dsalgo.automation.pages.HomePage - Clicked on Signin link.
2025-05-05 21:41:48 INFO  com.dsalgo.automation.utils.NavigationUtil - Login performed successfully
2025-05-05 21:41:48 INFO  com.dsalgo.automation.pages.HomePage - clicked Get Startedlink on Tree 
2025-05-05 21:41:49 INFO  com.dsalgo.automation.pages.HomePage - Clicked on Sign out link.
2025-05-05 21:41:49 INFO  com.dsalgo.automation.pages.HomePage - Navigated to DSAlgo portal: https://dsportalapp.herokuapp.com/
2025-05-05 21:41:49 INFO  com.dsalgo.automation.pages.HomePage - Clicked on Get Started button in DSAlgo Portal.
2025-05-05 21:41:49 INFO  com.dsalgo.automation.utils.NavigationUtil - Navigated to DS Algo Home Page
2025-05-05 21:41:49 INFO  com.dsalgo.automation.pages.HomePage - Clicked on Signin link.
2025-05-05 21:41:50 INFO  com.dsalgo.automation.utils.NavigationUtil - Login performed successfully
2025-05-05 21:41:50 INFO  com.dsalgo.automation.pages.HomePage - clicked Get Startedlink on Tree 
2025-05-05 21:41:50 ERROR com.dsalgo.automation.tests.TreePageTest - Assertion failed: expected [true] but found [false]
2025-05-05 21:41:50 INFO  com.dsalgo.automation.pages.HomePage - Clicked on Sign out link.
2025-05-05 21:41:51 INFO  com.dsalgo.automation.pages.HomePage - Navigated to DSAlgo portal: https://dsportalapp.herokuapp.com/
2025-05-05 21:41:51 INFO  com.dsalgo.automation.pages.HomePage - Clicked on Get Started button in DSAlgo Portal.
2025-05-05 21:41:51 INFO  com.dsalgo.automation.utils.NavigationUtil - Navigated to DS Algo Home Page
2025-05-05 21:41:51 INFO  com.dsalgo.automation.pages.HomePage - Clicked on Signin link.
2025-05-05 21:41:51 INFO  com.dsalgo.automation.utils.NavigationUtil - Login performed successfully
2025-05-05 21:41:51 INFO  com.dsalgo.automation.pages.HomePage - clicked Get Startedlink on Tree 
2025-05-05 21:41:52 ERROR com.dsalgo.automation.tests.TreePageTest - Assertion failed: expected [true] but found [false]
2025-05-05 21:41:52 INFO  com.dsalgo.automation.pages.HomePage - Clicked on Sign out link.
2025-05-05 21:41:53 INFO  com.dsalgo.automation.pages.HomePage - Navigated to DSAlgo portal: https://dsportalapp.herokuapp.com/
2025-05-05 21:41:53 INFO  com.dsalgo.automation.pages.HomePage - Clicked on Get Started button in DSAlgo Portal.
2025-05-05 21:41:53 INFO  com.dsalgo.automation.utils.NavigationUtil - Navigated to DS Algo Home Page
2025-05-05 21:41:53 INFO  com.dsalgo.automation.pages.HomePage - Clicked on Signin link.
2025-05-05 21:41:53 INFO  com.dsalgo.automation.utils.NavigationUtil - Login performed successfully
2025-05-05 21:41:53 INFO  com.dsalgo.automation.pages.HomePage - clicked Get Startedlink on Tree 
2025-05-05 21:41:54 ERROR com.dsalgo.automation.tests.TreePageTest - Assertion failed: expected [true] but found [false]
2025-05-05 21:41:55 INFO  com.dsalgo.automation.pages.HomePage - Clicked on Sign out link.
2025-05-05 21:41:55 DEBUG org.apache.poi.openxml4j.opc.PackageRelationshipCollection - Parsing relationship: /xl/_rels/workbook.xml.rels
2025-05-05 21:41:55 DEBUG org.apache.poi.openxml4j.opc.PackageRelationshipCollection - Parsing relationship: /_rels/.rels
2025-05-05 21:41:55 INFO  com.dsalgo.automation.pages.HomePage - Navigated to DSAlgo portal: https://dsportalapp.herokuapp.com/
2025-05-05 21:41:55 INFO  com.dsalgo.automation.pages.HomePage - Clicked on Get Started button in DSAlgo Portal.
2025-05-05 21:41:55 INFO  com.dsalgo.automation.utils.NavigationUtil - Navigated to DS Algo Home Page
2025-05-05 21:41:55 INFO  com.dsalgo.automation.pages.HomePage - Clicked on Signin link.
2025-05-05 21:41:56 INFO  com.dsalgo.automation.utils.NavigationUtil - Login performed successfully
2025-05-05 21:41:56 INFO  com.dsalgo.automation.pages.HomePage - clicked Get Startedlink on Tree 
2025-05-05 21:41:57 INFO  com.dsalgo.automation.pages.HomePage - Clicked on Sign out link.
2025-05-05 21:41:57 INFO  com.dsalgo.automation.pages.HomePage - Navigated to DSAlgo portal: https://dsportalapp.herokuapp.com/
2025-05-05 21:41:57 INFO  com.dsalgo.automation.pages.HomePage - Clicked on Get Started button in DSAlgo Portal.
2025-05-05 21:41:57 INFO  com.dsalgo.automation.utils.NavigationUtil - Navigated to DS Algo Home Page
2025-05-05 21:41:58 INFO  com.dsalgo.automation.pages.HomePage - Clicked on Signin link.
2025-05-05 21:41:58 INFO  com.dsalgo.automation.utils.NavigationUtil - Login performed successfully
2025-05-05 21:41:58 INFO  com.dsalgo.automation.pages.HomePage - clicked Get Startedlink on Tree 
2025-05-05 21:42:00 INFO  com.dsalgo.automation.pages.HomePage - Clicked on Sign out link.
2025-05-05 21:42:00 INFO  com.dsalgo.automation.pages.HomePage - Navigated to DSAlgo portal: https://dsportalapp.herokuapp.com/
2025-05-05 21:42:00 INFO  com.dsalgo.automation.pages.HomePage - Clicked on Get Started button in DSAlgo Portal.
2025-05-05 21:42:00 INFO  com.dsalgo.automation.utils.NavigationUtil - Navigated to DS Algo Home Page
2025-05-05 21:42:00 INFO  com.dsalgo.automation.pages.HomePage - Clicked on Signin link.
2025-05-05 21:42:01 INFO  com.dsalgo.automation.utils.NavigationUtil - Login performed successfully
2025-05-05 21:42:01 INFO  com.dsalgo.automation.pages.HomePage - clicked Get Startedlink on Tree 
2025-05-05 21:42:02 INFO  com.dsalgo.automation.pages.HomePage - Clicked on Sign out link.
2025-05-05 21:42:05 DEBUG org.apache.poi.openxml4j.opc.PackageRelationshipCollection - Parsing relationship: /xl/_rels/workbook.xml.rels
2025-05-05 21:42:05 DEBUG org.apache.poi.openxml4j.opc.PackageRelationshipCollection - Parsing relationship: /_rels/.rels
2025-05-05 21:42:05 INFO  com.dsalgo.automation.pages.LoginPage - LoginPage initialized with WebDriver and waitHelper
2025-05-05 21:42:05 INFO  com.dsalgo.automation.pages.HomePage - HomePage initialized with WebDriver and waitHelper
2025-05-05 21:42:05 INFO  com.dsalgo.automation.pages.HomePage - Navigated to DSAlgo portal: https://dsportalapp.herokuapp.com/
2025-05-05 21:42:06 INFO  com.dsalgo.automation.pages.HomePage - HomePage initialized with WebDriver and waitHelper
2025-05-05 21:42:06 INFO  com.dsalgo.automation.pages.LoginPage - LoginPage initialized with WebDriver and waitHelper
2025-05-05 21:42:06 INFO  com.dsalgo.automation.pages.DataStructure - Initialized DataStructure page
2025-05-05 21:42:06 INFO  com.dsalgo.automation.pages.HomePage - HomePage initialized with WebDriver and waitHelper
2025-05-05 21:42:06 INFO  com.dsalgo.automation.pages.LoginPage - LoginPage initialized with WebDriver and waitHelper
2025-05-05 21:42:06 INFO  com.dsalgo.automation.pages.HomePage - Clicked on Get Started button in DSAlgo Portal.
2025-05-05 21:42:06 INFO  com.dsalgo.automation.utils.NavigationUtil - Navigated to DS Algo Home Page
2025-05-05 21:42:06 INFO  com.dsalgo.automation.pages.HomePage - Clicked on Signin link.
2025-05-05 21:42:06 INFO  com.dsalgo.automation.pages.HomePage - Navigated to DSAlgo portal: https://dsportalapp.herokuapp.com/
2025-05-05 21:42:07 INFO  com.dsalgo.automation.tests.LoginPageTest - Tested invalid login with: abc@test.com | 
2025-05-05 21:42:07 INFO  com.dsalgo.automation.pages.LoginPage - LoginPage initialized with WebDriver and waitHelper
2025-05-05 21:42:07 INFO  com.dsalgo.automation.pages.HomePage - HomePage initialized with WebDriver and waitHelper
2025-05-05 21:42:07 INFO  com.dsalgo.automation.pages.HomePage - Navigated to DSAlgo portal: https://dsportalapp.herokuapp.com/
2025-05-05 21:42:07 INFO  com.dsalgo.automation.pages.HomePage - Navigated to DSAlgo portal: https://dsportalapp.herokuapp.com/
2025-05-05 21:42:07 INFO  com.dsalgo.automation.pages.HomePage - Clicked on Get Started button in DSAlgo Portal.
2025-05-05 21:42:07 INFO  com.dsalgo.automation.utils.NavigationUtil - Navigated to DS Algo Home Page
2025-05-05 21:42:07 INFO  com.dsalgo.automation.pages.HomePage - Clicked on Get Started button in DSAlgo Portal.
2025-05-05 21:42:07 INFO  com.dsalgo.automation.utils.NavigationUtil - Navigated to DS Algo Home Page
2025-05-05 21:42:07 INFO  com.dsalgo.automation.pages.HomePage - Clicked on Signin link.
2025-05-05 21:42:07 INFO  com.dsalgo.automation.pages.HomePage - Clicked on Signin link.
2025-05-05 21:42:07 INFO  com.dsalgo.automation.pages.HomePage - Clicked on Get Started button in DSAlgo Portal.
2025-05-05 21:42:07 INFO  com.dsalgo.automation.utils.NavigationUtil - Navigated to DS Algo Home Page
2025-05-05 21:42:07 INFO  com.dsalgo.automation.pages.HomePage - Clicked on NumpyNinja Logo link.
2025-05-05 21:42:07 INFO  com.dsalgo.automation.tests.LoginPageTest - Tested invalid login with:  | testtest@123
2025-05-05 21:42:07 INFO  com.dsalgo.automation.pages.LoginPage - LoginPage initialized with WebDriver and waitHelper
2025-05-05 21:42:07 INFO  com.dsalgo.automation.pages.HomePage - HomePage initialized with WebDriver and waitHelper
2025-05-05 21:42:07 INFO  com.dsalgo.automation.tests.HomePageTest - Redirected to home page successfully
2025-05-05 21:42:07 INFO  com.dsalgo.automation.pages.HomePage - HomePage initialized with WebDriver and waitHelper
2025-05-05 21:42:07 INFO  com.dsalgo.automation.pages.LoginPage - LoginPage initialized with WebDriver and waitHelper
2025-05-05 21:42:07 INFO  com.dsalgo.automation.pages.HomePage - Navigated to DSAlgo portal: https://dsportalapp.herokuapp.com/
2025-05-05 21:42:07 INFO  com.dsalgo.automation.pages.HomePage - Navigated to DSAlgo portal: https://dsportalapp.herokuapp.com/
2025-05-05 21:42:08 INFO  com.dsalgo.automation.pages.HomePage - Clicked on Get Started button in DSAlgo Portal.
2025-05-05 21:42:08 INFO  com.dsalgo.automation.utils.NavigationUtil - Navigated to DS Algo Home Page
2025-05-05 21:42:08 INFO  com.dsalgo.automation.pages.HomePage - Clicked on Get Started button in DSAlgo Portal.
2025-05-05 21:42:08 INFO  com.dsalgo.automation.utils.NavigationUtil - Navigated to DS Algo Home Page
2025-05-05 21:42:08 INFO  com.dsalgo.automation.utils.NavigationUtil - Login performed successfully
2025-05-05 21:42:08 INFO  com.dsalgo.automation.pages.HomePage - clicked Get Startedlink on  DataStructures 
2025-05-05 21:42:08 INFO  com.dsalgo.automation.pages.HomePage - Clicked on Register link.
2025-05-05 21:42:08 INFO  com.dsalgo.automation.pages.HomePage - HomePage initialized with WebDriver and waitHelper
2025-05-05 21:42:08 INFO  com.dsalgo.automation.pages.LoginPage - LoginPage initialized with WebDriver and waitHelper
2025-05-05 21:42:08 INFO  com.dsalgo.automation.pages.HomePage - Clicked on Signin link.
2025-05-05 21:42:08 INFO  com.dsalgo.automation.pages.HomePage - Navigated to DSAlgo portal: https://dsportalapp.herokuapp.com/
2025-05-05 21:42:08 INFO  com.dsalgo.automation.pages.HomePage - Clicked on Get Started button in DSAlgo Portal.
2025-05-05 21:42:08 INFO  com.dsalgo.automation.utils.NavigationUtil - Navigated to DS Algo Home Page
2025-05-05 21:42:08 INFO  com.dsalgo.automation.pages.HomePage - Clicked on Signin link.
2025-05-05 21:42:08 INFO  com.dsalgo.automation.pages.HomePage - HomePage initialized with WebDriver and waitHelper
2025-05-05 21:42:08 INFO  com.dsalgo.automation.pages.LoginPage - LoginPage initialized with WebDriver and waitHelper
2025-05-05 21:42:08 INFO  com.dsalgo.automation.pages.DataStructure - Clicked on 'Time Complexity' link
2025-05-05 21:42:08 INFO  com.dsalgo.automation.pages.HomePage - Navigated to DSAlgo portal: https://dsportalapp.herokuapp.com/
2025-05-05 21:42:08 INFO  com.dsalgo.automation.tests.LoginPageTest - Tested invalid login with: abc@test.com | invalid
2025-05-05 21:42:08 INFO  com.dsalgo.automation.pages.LoginPage - LoginPage initialized with WebDriver and waitHelper
2025-05-05 21:42:08 INFO  com.dsalgo.automation.pages.HomePage - HomePage initialized with WebDriver and waitHelper
2025-05-05 21:42:08 INFO  com.dsalgo.automation.pages.HomePage - Clicked on Get Started button in DSAlgo Portal.
2025-05-05 21:42:08 INFO  com.dsalgo.automation.utils.NavigationUtil - Navigated to DS Algo Home Page
2025-05-05 21:42:08 INFO  com.dsalgo.automation.pages.DataStructure - Clicked on Practice Questions
2025-05-05 21:42:08 INFO  com.dsalgo.automation.pages.HomePage - Navigated to DSAlgo portal: https://dsportalapp.herokuapp.com/
2025-05-05 21:42:08 INFO  com.dsalgo.automation.pages.HomePage - Clicked on Signin link.
2025-05-05 21:42:09 INFO  com.dsalgo.automation.pages.HomePage - Clicked on Get Started button in DSAlgo Portal.
2025-05-05 21:42:09 INFO  com.dsalgo.automation.utils.NavigationUtil - Navigated to DS Algo Home Page
2025-05-05 21:42:09 INFO  com.dsalgo.automation.pages.HomePage - Clicked on Signin link.
2025-05-05 21:42:09 INFO  com.dsalgo.automation.pages.HomePage - Clicked on Sign out link.
2025-05-05 21:42:09 INFO  com.dsalgo.automation.pages.HomePage - HomePage initialized with WebDriver and waitHelper
2025-05-05 21:42:09 INFO  com.dsalgo.automation.pages.LoginPage - LoginPage initialized with WebDriver and waitHelper
2025-05-05 21:42:09 INFO  com.dsalgo.automation.pages.DataStructure - Initialized DataStructure page
2025-05-05 21:42:09 INFO  com.dsalgo.automation.pages.HomePage - Navigated to DSAlgo portal: https://dsportalapp.herokuapp.com/
2025-05-05 21:42:09 INFO  com.dsalgo.automation.pages.HomePage - Clicked on Get Started button in DSAlgo Portal.
2025-05-05 21:42:09 INFO  com.dsalgo.automation.utils.NavigationUtil - Navigated to DS Algo Home Page
2025-05-05 21:42:09 INFO  com.dsalgo.automation.pages.HomePage - Clicked on Signin link.
2025-05-05 21:42:09 INFO  com.dsalgo.automation.tests.LoginPageTest - Tested invalid login with: invalid | testtest@123
2025-05-05 21:42:09 INFO  com.dsalgo.automation.pages.LoginPage - LoginPage initialized with WebDriver and waitHelper
2025-05-05 21:42:09 INFO  com.dsalgo.automation.pages.HomePage - HomePage initialized with WebDriver and waitHelper
2025-05-05 21:42:09 INFO  com.dsalgo.automation.utils.NavigationUtil - Login performed successfully
2025-05-05 21:42:09 INFO  com.dsalgo.automation.pages.HomePage - User click on Arraydropdown
2025-05-05 21:42:09 INFO  com.dsalgo.automation.pages.HomePage - Navigated to DSAlgo portal: https://dsportalapp.herokuapp.com/
2025-05-05 21:42:09 INFO  com.dsalgo.automation.pages.HomePage - Clicked on Get Started button in DSAlgo Portal.
2025-05-05 21:42:09 INFO  com.dsalgo.automation.utils.NavigationUtil - Navigated to DS Algo Home Page
2025-05-05 21:42:10 INFO  com.dsalgo.automation.pages.HomePage - Clicked on Signin link.
2025-05-05 21:42:10 INFO  com.dsalgo.automation.utils.NavigationUtil - Login performed successfully
2025-05-05 21:42:10 INFO  com.dsalgo.automation.pages.HomePage - clicked Get Startedlink on  DataStructures 
2025-05-05 21:42:10 INFO  com.dsalgo.automation.pages.HomePage - Clicked on Sign out link.
2025-05-05 21:42:10 INFO  com.dsalgo.automation.pages.HomePage - HomePage initialized with WebDriver and waitHelper
2025-05-05 21:42:10 INFO  com.dsalgo.automation.pages.LoginPage - LoginPage initialized with WebDriver and waitHelper
2025-05-05 21:42:10 INFO  com.dsalgo.automation.utils.NavigationUtil - Login performed successfully
2025-05-05 21:42:10 INFO  com.dsalgo.automation.pages.HomePage - Navigated to DSAlgo portal: https://dsportalapp.herokuapp.com/
2025-05-05 21:42:10 INFO  com.dsalgo.automation.pages.DataStructure - Clicked on 'Time Complexity' link
2025-05-05 21:42:11 INFO  com.dsalgo.automation.pages.HomePage - Clicked on Get Started button in DSAlgo Portal.
2025-05-05 21:42:11 INFO  com.dsalgo.automation.utils.NavigationUtil - Navigated to DS Algo Home Page
2025-05-05 21:42:11 INFO  com.dsalgo.automation.pages.DataStructure - Clicked on Practice Questions
2025-05-05 21:42:11 INFO  com.dsalgo.automation.pages.HomePage - Clicked on Signin link.
2025-05-05 21:42:11 INFO  com.dsalgo.automation.pages.HomePage - Clicked on Sign out link.
2025-05-05 21:42:11 INFO  com.dsalgo.automation.utils.NavigationUtil - Login performed successfully
2025-05-05 21:42:11 INFO  com.dsalgo.automation.pages.HomePage - Clicked on Sign out link.
2025-05-05 21:42:11 INFO  com.dsalgo.automation.pages.HomePage - HomePage initialized with WebDriver and waitHelper
2025-05-05 21:42:11 INFO  com.dsalgo.automation.pages.LoginPage - LoginPage initialized with WebDriver and waitHelper
2025-05-05 21:42:11 INFO  com.dsalgo.automation.pages.DataStructure - Initialized DataStructure page
2025-05-05 21:42:11 INFO  com.dsalgo.automation.pages.HomePage - Navigated to DSAlgo portal: https://dsportalapp.herokuapp.com/
2025-05-05 21:42:11 INFO  com.dsalgo.automation.pages.HomePage - Clicked on Get Started button in DSAlgo Portal.
2025-05-05 21:42:11 INFO  com.dsalgo.automation.utils.NavigationUtil - Navigated to DS Algo Home Page
2025-05-05 21:42:12 INFO  com.dsalgo.automation.pages.HomePage - User click on Linked Listdropdown
2025-05-05 21:42:12 INFO  com.dsalgo.automation.pages.HomePage - Clicked on Signin link.
2025-05-05 21:42:12 INFO  com.dsalgo.automation.utils.NavigationUtil - Login performed successfully
2025-05-05 21:42:12 INFO  com.dsalgo.automation.pages.HomePage - Clicked on Sign out link.
2025-05-05 21:42:12 INFO  com.dsalgo.automation.pages.HomePage - HomePage initialized with WebDriver and waitHelper
2025-05-05 21:42:12 INFO  com.dsalgo.automation.pages.LoginPage - LoginPage initialized with WebDriver and waitHelper
2025-05-05 21:42:12 INFO  com.dsalgo.automation.pages.HomePage - Navigated to DSAlgo portal: https://dsportalapp.herokuapp.com/
2025-05-05 21:42:12 INFO  com.dsalgo.automation.pages.HomePage - clicked Get Startedlink on  DataStructures 
2025-05-05 21:42:12 INFO  com.dsalgo.automation.pages.HomePage - Clicked on Get Started button in DSAlgo Portal.
2025-05-05 21:42:12 INFO  com.dsalgo.automation.utils.NavigationUtil - Navigated to DS Algo Home Page
2025-05-05 21:42:13 INFO  com.dsalgo.automation.pages.HomePage - Clicked on Signin link.
2025-05-05 21:42:13 INFO  com.dsalgo.automation.pages.DataStructure - Clicked on 'Time Complexity' link
2025-05-05 21:42:13 INFO  com.dsalgo.automation.pages.DataStructure - Clicked on Practice Questions
2025-05-05 21:42:13 INFO  com.dsalgo.automation.utils.NavigationUtil - Login performed successfully
2025-05-05 21:42:13 INFO  com.dsalgo.automation.pages.HomePage - User click on Stackdropdown
2025-05-05 21:42:14 INFO  com.dsalgo.automation.pages.HomePage - Clicked on Sign out link.
2025-05-05 21:42:14 INFO  com.dsalgo.automation.pages.HomePage - HomePage initialized with WebDriver and waitHelper
2025-05-05 21:42:14 INFO  com.dsalgo.automation.pages.LoginPage - LoginPage initialized with WebDriver and waitHelper
2025-05-05 21:42:14 INFO  com.dsalgo.automation.pages.DataStructure - Initialized DataStructure page
2025-05-05 21:42:14 DEBUG org.apache.poi.openxml4j.opc.PackageRelationshipCollection - Parsing relationship: /xl/_rels/workbook.xml.rels
2025-05-05 21:42:14 DEBUG org.apache.poi.openxml4j.opc.PackageRelationshipCollection - Parsing relationship: /_rels/.rels
2025-05-05 21:42:14 INFO  com.dsalgo.automation.pages.HomePage - HomePage initialized with WebDriver and waitHelper
2025-05-05 21:42:14 INFO  com.dsalgo.automation.pages.GraphPage - GraphPage initialized
2025-05-05 21:42:14 INFO  com.dsalgo.automation.pages.LoginPage - LoginPage initialized with WebDriver and waitHelper
2025-05-05 21:42:14 INFO  com.dsalgo.automation.pages.HomePage - Navigated to DSAlgo portal: https://dsportalapp.herokuapp.com/
2025-05-05 21:42:14 INFO  com.dsalgo.automation.pages.HomePage - Clicked on Get Started button in DSAlgo Portal.
2025-05-05 21:42:14 INFO  com.dsalgo.automation.utils.NavigationUtil - Navigated to DS Algo Home Page
2025-05-05 21:42:14 INFO  com.dsalgo.automation.pages.HomePage - Navigated to DSAlgo portal: https://dsportalapp.herokuapp.com/
2025-05-05 21:42:14 INFO  com.dsalgo.automation.pages.HomePage - Clicked on Sign out link.
2025-05-05 21:42:14 INFO  com.dsalgo.automation.pages.HomePage - HomePage initialized with WebDriver and waitHelper
2025-05-05 21:42:14 INFO  com.dsalgo.automation.pages.LoginPage - LoginPage initialized with WebDriver and waitHelper
2025-05-05 21:42:14 INFO  com.dsalgo.automation.pages.HomePage - Clicked on Signin link.
2025-05-05 21:42:14 INFO  com.dsalgo.automation.pages.HomePage - Navigated to DSAlgo portal: https://dsportalapp.herokuapp.com/
2025-05-05 21:42:14 INFO  com.dsalgo.automation.pages.HomePage - Clicked on Get Started button in DSAlgo Portal.
2025-05-05 21:42:14 INFO  com.dsalgo.automation.utils.NavigationUtil - Navigated to DS Algo Home Page
2025-05-05 21:42:14 INFO  com.dsalgo.automation.pages.HomePage - Clicked on Signin link.
2025-05-05 21:42:14 INFO  com.dsalgo.automation.pages.HomePage - Clicked on Get Started button in DSAlgo Portal.
2025-05-05 21:42:14 INFO  com.dsalgo.automation.utils.NavigationUtil - Navigated to DS Algo Home Page
2025-05-05 21:42:15 INFO  com.dsalgo.automation.pages.HomePage - Clicked on Signin link.
2025-05-05 21:42:15 INFO  com.dsalgo.automation.utils.NavigationUtil - Login performed successfully
2025-05-05 21:42:15 INFO  com.dsalgo.automation.pages.HomePage - clicked Get Startedlink on  DataStructures 
2025-05-05 21:42:15 INFO  com.dsalgo.automation.utils.NavigationUtil - Login performed successfully
2025-05-05 21:42:15 INFO  com.dsalgo.automation.pages.HomePage - User click on Queuedropdown
2025-05-05 21:42:15 INFO  com.dsalgo.automation.pages.DataStructure - Clicked on 'Time Complexity' link
2025-05-05 21:42:15 INFO  com.dsalgo.automation.utils.NavigationUtil - Login performed successfully
2025-05-05 21:42:15 INFO  com.dsalgo.automation.pages.HomePage - clicked Get Startedlink on Graph 
2025-05-05 21:42:16 INFO  com.dsalgo.automation.pages.HomePage - Clicked on Sign out link.
2025-05-05 21:42:16 INFO  com.dsalgo.automation.pages.HomePage - HomePage initialized with WebDriver and waitHelper
2025-05-05 21:42:16 INFO  com.dsalgo.automation.pages.LoginPage - LoginPage initialized with WebDriver and waitHelper
2025-05-05 21:42:16 INFO  com.dsalgo.automation.pages.GraphPage - Clicked on Graph link
2025-05-05 21:42:16 INFO  com.dsalgo.automation.pages.HomePage - Navigated to DSAlgo portal: https://dsportalapp.herokuapp.com/
2025-05-05 21:42:16 INFO  com.dsalgo.automation.pages.HomePage - Clicked on Get Started button in DSAlgo Portal.
2025-05-05 21:42:16 INFO  com.dsalgo.automation.utils.NavigationUtil - Navigated to DS Algo Home Page
2025-05-05 21:42:16 INFO  com.dsalgo.automation.pages.HomePage - Clicked on Signin link.
2025-05-05 21:42:16 INFO  com.dsalgo.automation.pages.DataStructure - Clicked on Try Here link
2025-05-05 21:42:16 INFO  com.dsalgo.automation.pages.DataStructure - Page title: Assessment
2025-05-05 21:42:17 INFO  com.dsalgo.automation.pages.HomePage - Clicked on Sign out link.
2025-05-05 21:42:17 INFO  com.dsalgo.automation.pages.HomePage - HomePage initialized with WebDriver and waitHelper
2025-05-05 21:42:17 INFO  com.dsalgo.automation.pages.LoginPage - LoginPage initialized with WebDriver and waitHelper
2025-05-05 21:42:17 INFO  com.dsalgo.automation.pages.DataStructure - Initialized DataStructure page
2025-05-05 21:42:17 INFO  com.dsalgo.automation.utils.NavigationUtil - Login performed successfully
2025-05-05 21:42:17 INFO  com.dsalgo.automation.pages.GraphPage - Clicked on Try Here
2025-05-05 21:42:17 INFO  com.dsalgo.automation.pages.HomePage - User click on Treedropdown
2025-05-05 21:42:17 INFO  com.dsalgo.automation.pages.HomePage - Navigated to DSAlgo portal: https://dsportalapp.herokuapp.com/
2025-05-05 21:42:17 INFO  com.dsalgo.automation.pages.GraphPage - Entered Python code: print("DSAlgo");
2025-05-05 21:42:17 INFO  com.dsalgo.automation.tests.GraphPageTest - Entered Python Code: print("DSAlgo");
2025-05-05 21:42:17 INFO  com.dsalgo.automation.pages.GraphPage - Clicked Run button
2025-05-05 21:42:17 INFO  com.dsalgo.automation.tests.GraphPageTest - Clicked Run Button
2025-05-05 21:42:17 INFO  com.dsalgo.automation.tests.GraphPageTest - Verified Output message successfully.print("DSAlgo");Output Message:DSAlgo
2025-05-05 21:42:17 INFO  com.dsalgo.automation.pages.HomePage - Clicked on Get Started button in DSAlgo Portal.
2025-05-05 21:42:17 INFO  com.dsalgo.automation.utils.NavigationUtil - Navigated to DS Algo Home Page
2025-05-05 21:42:17 INFO  com.dsalgo.automation.pages.HomePage - Clicked on Signin link.
2025-05-05 21:42:17 INFO  com.dsalgo.automation.utils.NavigationUtil - Login performed successfully
2025-05-05 21:42:17 INFO  com.dsalgo.automation.pages.HomePage - Clicked on Sign out link.
2025-05-05 21:42:17 INFO  com.dsalgo.automation.pages.HomePage - HomePage initialized with WebDriver and waitHelper
2025-05-05 21:42:17 INFO  com.dsalgo.automation.pages.GraphPage - GraphPage initialized
2025-05-05 21:42:17 INFO  com.dsalgo.automation.pages.LoginPage - LoginPage initialized with WebDriver and waitHelper
2025-05-05 21:42:17 INFO  com.dsalgo.automation.pages.HomePage - Clicked on Sign out link.
2025-05-05 21:42:17 INFO  com.dsalgo.automation.pages.HomePage - HomePage initialized with WebDriver and waitHelper
2025-05-05 21:42:17 INFO  com.dsalgo.automation.pages.LoginPage - LoginPage initialized with WebDriver and waitHelper
2025-05-05 21:42:17 INFO  com.dsalgo.automation.pages.HomePage - Navigated to DSAlgo portal: https://dsportalapp.herokuapp.com/
2025-05-05 21:42:18 INFO  com.dsalgo.automation.pages.HomePage - Navigated to DSAlgo portal: https://dsportalapp.herokuapp.com/
2025-05-05 21:42:18 INFO  com.dsalgo.automation.pages.HomePage - Clicked on Get Started button in DSAlgo Portal.
2025-05-05 21:42:18 INFO  com.dsalgo.automation.utils.NavigationUtil - Navigated to DS Algo Home Page
2025-05-05 21:42:18 INFO  com.dsalgo.automation.pages.HomePage - Clicked on Get Started button in DSAlgo Portal.
2025-05-05 21:42:18 INFO  com.dsalgo.automation.utils.NavigationUtil - Navigated to DS Algo Home Page
2025-05-05 21:42:18 INFO  com.dsalgo.automation.pages.HomePage - Clicked on Signin link.
2025-05-05 21:42:18 INFO  com.dsalgo.automation.pages.HomePage - clicked Get Startedlink on  DataStructures 
2025-05-05 21:42:18 INFO  com.dsalgo.automation.pages.HomePage - Clicked on Signin link.
2025-05-05 21:42:18 INFO  com.dsalgo.automation.utils.NavigationUtil - Login performed successfully
2025-05-05 21:42:19 INFO  com.dsalgo.automation.utils.NavigationUtil - Login performed successfully
2025-05-05 21:42:19 INFO  com.dsalgo.automation.pages.HomePage - clicked Get Startedlink on Graph 
2025-05-05 21:42:19 INFO  com.dsalgo.automation.pages.HomePage - Clicked on Sign out link.
2025-05-05 21:42:19 INFO  com.dsalgo.automation.pages.HomePage - HomePage initialized with WebDriver and waitHelper
2025-05-05 21:42:19 INFO  com.dsalgo.automation.pages.LoginPage - LoginPage initialized with WebDriver and waitHelper
2025-05-05 21:42:19 INFO  com.dsalgo.automation.pages.DataStructure - Initialized DataStructure page
2025-05-05 21:42:19 WARN  com.dsalgo.automation.pages.HomePage - StaleElementReferenceException caught, retrying...
2025-05-05 21:42:19 INFO  com.dsalgo.automation.pages.HomePage - HomePage initialized with WebDriver and waitHelper
2025-05-05 21:42:19 INFO  com.dsalgo.automation.pages.LoginPage - LoginPage initialized with WebDriver and waitHelper
2025-05-05 21:42:19 INFO  com.dsalgo.automation.pages.HomePage - Navigated to DSAlgo portal: https://dsportalapp.herokuapp.com/
2025-05-05 21:42:19 INFO  com.dsalgo.automation.pages.HomePage - Navigated to DSAlgo portal: https://dsportalapp.herokuapp.com/
2025-05-05 21:42:19 INFO  com.dsalgo.automation.pages.HomePage - Clicked on Get Started button in DSAlgo Portal.
2025-05-05 21:42:19 INFO  com.dsalgo.automation.utils.NavigationUtil - Navigated to DS Algo Home Page
2025-05-05 21:42:19 INFO  com.dsalgo.automation.pages.HomePage - Clicked on Get Started button in DSAlgo Portal.
2025-05-05 21:42:19 INFO  com.dsalgo.automation.utils.NavigationUtil - Navigated to DS Algo Home Page
2025-05-05 21:42:19 INFO  com.dsalgo.automation.pages.GraphPage - Clicked on Graph link
2025-05-05 21:42:19 INFO  com.dsalgo.automation.pages.HomePage - Clicked on Signin link.
2025-05-05 21:42:19 INFO  com.dsalgo.automation.utils.NavigationUtil - Login performed successfully
2025-05-05 21:42:19 INFO  com.dsalgo.automation.pages.GraphPage - Clicked on Try Here
2025-05-05 21:42:19 INFO  com.dsalgo.automation.pages.GraphPage - Entered Python code: print("NumpyNinja
2025-05-05 21:42:19 INFO  com.dsalgo.automation.tests.GraphPageTest - Entered Python Code: print("NumpyNinja
2025-05-05 21:42:19 INFO  com.dsalgo.automation.pages.GraphPage - Clicked Run button
2025-05-05 21:42:19 INFO  com.dsalgo.automation.tests.GraphPageTest - Clicked Run Button
2025-05-05 21:42:19 INFO  com.dsalgo.automation.pages.GraphPage - Alert appeared: SyntaxError: bad input on line 1
2025-05-05 21:42:19 INFO  com.dsalgo.automation.tests.GraphPageTest - Tested alert with code: print("NumpyNinja | Alert: SyntaxError: bad input on line 1
2025-05-05 21:42:20 INFO  com.dsalgo.automation.pages.HomePage - clicked Get Startedlink on  DataStructures 
2025-05-05 21:42:20 INFO  com.dsalgo.automation.pages.HomePage - Clicked on Sign out link.
2025-05-05 21:42:20 DEBUG org.apache.poi.openxml4j.opc.PackageRelationshipCollection - Parsing relationship: /xl/_rels/workbook.xml.rels
2025-05-05 21:42:20 DEBUG org.apache.poi.openxml4j.opc.PackageRelationshipCollection - Parsing relationship: /_rels/.rels
2025-05-05 21:42:20 INFO  com.dsalgo.automation.pages.HomePage - HomePage initialized with WebDriver and waitHelper
2025-05-05 21:42:20 INFO  com.dsalgo.automation.pages.GraphPage - GraphPage initialized
2025-05-05 21:42:20 INFO  com.dsalgo.automation.pages.LoginPage - LoginPage initialized with WebDriver and waitHelper
2025-05-05 21:42:20 INFO  com.dsalgo.automation.pages.HomePage - Navigated to DSAlgo portal: https://dsportalapp.herokuapp.com/
2025-05-05 21:42:20 INFO  com.dsalgo.automation.pages.HomePage - Clicked on Get Started button in DSAlgo Portal.
2025-05-05 21:42:20 INFO  com.dsalgo.automation.utils.NavigationUtil - Navigated to DS Algo Home Page
2025-05-05 21:42:20 INFO  com.dsalgo.automation.pages.DataStructure - Clicked on 'Time Complexity' link
2025-05-05 21:42:20 INFO  com.dsalgo.automation.pages.DataStructure - Page title: Time Complexity
2025-05-05 21:42:20 INFO  com.dsalgo.automation.pages.HomePage - Clicked on Signin link.
2025-05-05 21:42:20 INFO  com.dsalgo.automation.pages.HomePage - Clicked on Sign out link.
2025-05-05 21:42:20 INFO  com.dsalgo.automation.pages.HomePage - HomePage initialized with WebDriver and waitHelper
2025-05-05 21:42:20 INFO  com.dsalgo.automation.pages.LoginPage - LoginPage initialized with WebDriver and waitHelper
2025-05-05 21:42:20 INFO  com.dsalgo.automation.pages.DataStructure - Initialized DataStructure page
2025-05-05 21:42:21 INFO  com.dsalgo.automation.pages.HomePage - Navigated to DSAlgo portal: https://dsportalapp.herokuapp.com/
2025-05-05 21:42:21 INFO  com.dsalgo.automation.utils.NavigationUtil - Login performed successfully
2025-05-05 21:42:21 INFO  com.dsalgo.automation.pages.HomePage - Clicked on Get Started button in DSAlgo Portal.
2025-05-05 21:42:21 INFO  com.dsalgo.automation.utils.NavigationUtil - Navigated to DS Algo Home Page
2025-05-05 21:42:21 INFO  com.dsalgo.automation.pages.HomePage - clicked Get Startedlink on Graph 
2025-05-05 21:42:21 INFO  com.dsalgo.automation.pages.HomePage - Clicked on Signin link.
2025-05-05 21:42:21 INFO  com.dsalgo.automation.pages.GraphPage - Clicked Graph Representation link
2025-05-05 21:42:22 INFO  com.dsalgo.automation.pages.GraphPage - Clicked on Try Here
2025-05-05 21:42:22 INFO  com.dsalgo.automation.utils.NavigationUtil - Login performed successfully
2025-05-05 21:42:22 INFO  com.dsalgo.automation.pages.HomePage - clicked Get Startedlink on  DataStructures 
2025-05-05 21:42:22 INFO  com.dsalgo.automation.pages.GraphPage - Entered Python code: print("DSAlgo");
2025-05-05 21:42:22 INFO  com.dsalgo.automation.tests.GraphPageTest - Entered Python Code: print("DSAlgo");
2025-05-05 21:42:22 INFO  com.dsalgo.automation.pages.GraphPage - Clicked Run button
2025-05-05 21:42:22 INFO  com.dsalgo.automation.tests.GraphPageTest - Clicked Run Button
2025-05-05 21:42:22 INFO  com.dsalgo.automation.tests.GraphPageTest - Verified Output message successfully.print("DSAlgo");Output Message:DSAlgo
2025-05-05 21:42:22 INFO  com.dsalgo.automation.pages.DataStructure - Clicked on NumpyNinja logo
2025-05-05 21:42:22 INFO  com.dsalgo.automation.pages.HomePage - Clicked on Sign out link.
2025-05-05 21:42:22 INFO  com.dsalgo.automation.pages.HomePage - HomePage initialized with WebDriver and waitHelper
2025-05-05 21:42:22 INFO  com.dsalgo.automation.pages.GraphPage - GraphPage initialized
2025-05-05 21:42:22 INFO  com.dsalgo.automation.pages.LoginPage - LoginPage initialized with WebDriver and waitHelper
2025-05-05 21:42:22 INFO  com.dsalgo.automation.pages.HomePage - Navigated to DSAlgo portal: https://dsportalapp.herokuapp.com/
2025-05-05 21:42:22 INFO  com.dsalgo.automation.pages.HomePage - Clicked on Get Started button in DSAlgo Portal.
2025-05-05 21:42:22 INFO  com.dsalgo.automation.utils.NavigationUtil - Navigated to DS Algo Home Page
2025-05-05 21:42:23 INFO  com.dsalgo.automation.pages.HomePage - Clicked on Signin link.
2025-05-05 21:42:23 INFO  com.dsalgo.automation.utils.NavigationUtil - Login performed successfully
2025-05-05 21:42:23 INFO  com.dsalgo.automation.pages.HomePage - clicked Get Startedlink on Graph 
2025-05-05 21:42:23 INFO  com.dsalgo.automation.pages.GraphPage - Clicked Graph Representation link
2025-05-05 21:42:24 INFO  com.dsalgo.automation.pages.GraphPage - Clicked on Try Here
2025-05-05 21:42:24 INFO  com.dsalgo.automation.pages.GraphPage - Entered Python code: print("NumpyNinja
2025-05-05 21:42:24 INFO  com.dsalgo.automation.tests.GraphPageTest - Entered Python Code: print("NumpyNinja
2025-05-05 21:42:24 INFO  com.dsalgo.automation.pages.GraphPage - Clicked Run button
2025-05-05 21:42:24 INFO  com.dsalgo.automation.tests.GraphPageTest - Clicked Run Button
2025-05-05 21:42:24 INFO  com.dsalgo.automation.pages.GraphPage - Alert appeared: SyntaxError: bad input on line 1
2025-05-05 21:42:24 INFO  com.dsalgo.automation.tests.GraphPageTest - Tested alert with code: print("NumpyNinja | Alert: SyntaxError: bad input on line 1
2025-05-05 21:42:24 INFO  com.dsalgo.automation.pages.HomePage - Clicked on Sign out link.
2025-05-05 21:42:24 INFO  com.dsalgo.automation.pages.HomePage - HomePage initialized with WebDriver and waitHelper
2025-05-05 21:42:24 INFO  com.dsalgo.automation.pages.GraphPage - GraphPage initialized
2025-05-05 21:42:24 INFO  com.dsalgo.automation.pages.LoginPage - LoginPage initialized with WebDriver and waitHelper
2025-05-05 21:42:24 INFO  com.dsalgo.automation.pages.HomePage - Navigated to DSAlgo portal: https://dsportalapp.herokuapp.com/
2025-05-05 21:42:25 INFO  com.dsalgo.automation.pages.HomePage - Clicked on Get Started button in DSAlgo Portal.
2025-05-05 21:42:25 INFO  com.dsalgo.automation.utils.NavigationUtil - Navigated to DS Algo Home Page
2025-05-05 21:42:25 INFO  com.dsalgo.automation.pages.HomePage - Clicked on Signin link.
2025-05-05 21:42:25 INFO  com.dsalgo.automation.utils.NavigationUtil - Login performed successfully
2025-05-05 21:42:25 INFO  com.dsalgo.automation.pages.HomePage - clicked Get Startedlink on Graph 
2025-05-05 21:42:26 INFO  com.dsalgo.automation.pages.HomePage - Clicked on Sign out link.
2025-05-05 21:42:26 INFO  com.dsalgo.automation.pages.HomePage - HomePage initialized with WebDriver and waitHelper
2025-05-05 21:42:26 INFO  com.dsalgo.automation.pages.LoginPage - LoginPage initialized with WebDriver and waitHelper
2025-05-05 21:42:26 INFO  com.dsalgo.automation.pages.DataStructure - Initialized DataStructure page
2025-05-05 21:42:26 INFO  com.dsalgo.automation.pages.HomePage - Navigated to DSAlgo portal: https://dsportalapp.herokuapp.com/
2025-05-05 21:42:26 INFO  com.dsalgo.automation.pages.GraphPage - Clicked on Graph link
2025-05-05 21:42:26 INFO  com.dsalgo.automation.pages.HomePage - Clicked on Get Started button in DSAlgo Portal.
2025-05-05 21:42:26 INFO  com.dsalgo.automation.utils.NavigationUtil - Navigated to DS Algo Home Page
2025-05-05 21:42:26 INFO  com.dsalgo.automation.pages.HomePage - Clicked on Signin link.
2025-05-05 21:42:26 INFO  com.dsalgo.automation.pages.GraphPage - Clicked on Try Here
2025-05-05 21:42:26 INFO  com.dsalgo.automation.pages.GraphPage - Page title: Assessment
2025-05-05 21:42:26 INFO  com.dsalgo.automation.utils.NavigationUtil - Login performed successfully
2025-05-05 21:42:26 INFO  com.dsalgo.automation.pages.HomePage - Clicked on Sign out link.
2025-05-05 21:42:26 INFO  com.dsalgo.automation.pages.HomePage - HomePage initialized with WebDriver and waitHelper
2025-05-05 21:42:26 INFO  com.dsalgo.automation.pages.GraphPage - GraphPage initialized
2025-05-05 21:42:26 INFO  com.dsalgo.automation.pages.LoginPage - LoginPage initialized with WebDriver and waitHelper
2025-05-05 21:42:27 INFO  com.dsalgo.automation.pages.HomePage - Navigated to DSAlgo portal: https://dsportalapp.herokuapp.com/
2025-05-05 21:42:27 INFO  com.dsalgo.automation.pages.HomePage - clicked Get Startedlink on  DataStructures 
2025-05-05 21:42:27 INFO  com.dsalgo.automation.pages.HomePage - Clicked on Get Started button in DSAlgo Portal.
2025-05-05 21:42:27 INFO  com.dsalgo.automation.utils.NavigationUtil - Navigated to DS Algo Home Page
2025-05-05 21:42:27 INFO  com.dsalgo.automation.pages.HomePage - Clicked on Signin link.
2025-05-05 21:42:27 INFO  com.dsalgo.automation.utils.NavigationUtil - Login performed successfully
2025-05-05 21:42:27 INFO  com.dsalgo.automation.pages.DataStructure - Clicked on NumpyNinja logo
2025-05-05 21:42:27 INFO  com.dsalgo.automation.pages.HomePage - clicked Get Startedlink on Graph 
2025-05-05 21:42:28 INFO  com.dsalgo.automation.pages.HomePage - Clicked on Sign out link.
2025-05-05 21:42:28 INFO  com.dsalgo.automation.pages.HomePage - HomePage initialized with WebDriver and waitHelper
2025-05-05 21:42:28 INFO  com.dsalgo.automation.pages.GraphPage - GraphPage initialized
2025-05-05 21:42:28 INFO  com.dsalgo.automation.pages.LoginPage - LoginPage initialized with WebDriver and waitHelper
2025-05-05 21:42:28 INFO  com.dsalgo.automation.pages.HomePage - Navigated to DSAlgo portal: https://dsportalapp.herokuapp.com/
2025-05-05 21:42:28 INFO  com.dsalgo.automation.pages.HomePage - Clicked on Get Started button in DSAlgo Portal.
2025-05-05 21:42:28 INFO  com.dsalgo.automation.utils.NavigationUtil - Navigated to DS Algo Home Page
2025-05-05 21:42:28 INFO  com.dsalgo.automation.pages.HomePage - Clicked on Signin link.
2025-05-05 21:42:29 INFO  com.dsalgo.automation.utils.NavigationUtil - Login performed successfully
2025-05-05 21:42:29 INFO  com.dsalgo.automation.pages.HomePage - clicked Get Startedlink on Graph 
2025-05-05 21:42:29 INFO  com.dsalgo.automation.pages.GraphPage - Clicked Graph Representation link
2025-05-05 21:42:30 INFO  com.dsalgo.automation.pages.GraphPage - Clicked on Try Here
2025-05-05 21:42:30 INFO  com.dsalgo.automation.pages.GraphPage - Page title: Assessment
2025-05-05 21:42:30 INFO  com.dsalgo.automation.pages.HomePage - Clicked on Sign out link.
2025-05-05 21:42:30 INFO  com.dsalgo.automation.pages.HomePage - HomePage initialized with WebDriver and waitHelper
2025-05-05 21:42:30 INFO  com.dsalgo.automation.pages.GraphPage - GraphPage initialized
2025-05-05 21:42:30 INFO  com.dsalgo.automation.pages.LoginPage - LoginPage initialized with WebDriver and waitHelper
2025-05-05 21:42:30 INFO  com.dsalgo.automation.pages.HomePage - Navigated to DSAlgo portal: https://dsportalapp.herokuapp.com/
2025-05-05 21:42:30 INFO  com.dsalgo.automation.pages.HomePage - Clicked on Get Started button in DSAlgo Portal.
2025-05-05 21:42:30 INFO  com.dsalgo.automation.utils.NavigationUtil - Navigated to DS Algo Home Page
2025-05-05 21:42:30 INFO  com.dsalgo.automation.pages.HomePage - Clicked on Signin link.
2025-05-05 21:42:30 INFO  com.dsalgo.automation.pages.HomePage - Clicked on Sign out link.
2025-05-05 21:42:30 INFO  com.dsalgo.automation.pages.HomePage - HomePage initialized with WebDriver and waitHelper
2025-05-05 21:42:30 INFO  com.dsalgo.automation.pages.LoginPage - LoginPage initialized with WebDriver and waitHelper
2025-05-05 21:42:30 INFO  com.dsalgo.automation.pages.DataStructure - Initialized DataStructure page
2025-05-05 21:42:31 INFO  com.dsalgo.automation.utils.NavigationUtil - Login performed successfully
2025-05-05 21:42:31 INFO  com.dsalgo.automation.pages.HomePage - Navigated to DSAlgo portal: https://dsportalapp.herokuapp.com/
2025-05-05 21:42:31 INFO  com.dsalgo.automation.pages.HomePage - Clicked on Get Started button in DSAlgo Portal.
2025-05-05 21:42:31 INFO  com.dsalgo.automation.utils.NavigationUtil - Navigated to DS Algo Home Page
2025-05-05 21:42:31 INFO  com.dsalgo.automation.pages.HomePage - Clicked on Signin link.
2025-05-05 21:42:31 INFO  com.dsalgo.automation.pages.HomePage - clicked Get Startedlink on Graph 
2025-05-05 21:42:31 INFO  com.dsalgo.automation.utils.NavigationUtil - Login performed successfully
2025-05-05 21:42:31 INFO  com.dsalgo.automation.pages.GraphPage - Clicked Graph Representation link
2025-05-05 21:42:31 INFO  com.dsalgo.automation.pages.GraphPage - Page title: Graph Representations
2025-05-05 21:42:32 INFO  com.dsalgo.automation.pages.HomePage - clicked Get Startedlink on  DataStructures 
2025-05-05 21:42:32 INFO  com.dsalgo.automation.pages.HomePage - Clicked on Sign out link.
2025-05-05 21:42:32 INFO  com.dsalgo.automation.pages.HomePage - HomePage initialized with WebDriver and waitHelper
2025-05-05 21:42:32 INFO  com.dsalgo.automation.pages.GraphPage - GraphPage initialized
2025-05-05 21:42:32 INFO  com.dsalgo.automation.pages.LoginPage - LoginPage initialized with WebDriver and waitHelper
2025-05-05 21:42:32 INFO  com.dsalgo.automation.pages.HomePage - Navigated to DSAlgo portal: https://dsportalapp.herokuapp.com/
2025-05-05 21:42:32 INFO  com.dsalgo.automation.pages.DataStructure - Clicked on NumpyNinja logo
2025-05-05 21:42:32 INFO  com.dsalgo.automation.pages.HomePage - Clicked on Get Started button in DSAlgo Portal.
2025-05-05 21:42:32 INFO  com.dsalgo.automation.utils.NavigationUtil - Navigated to DS Algo Home Page
2025-05-05 21:42:32 INFO  com.dsalgo.automation.pages.HomePage - Clicked on Signin link.
2025-05-05 21:42:32 ERROR com.dsalgo.automation.pages.HomePage - Failed to click on Signin linkorg.openqa.selenium.TimeoutException: Expected condition failed: waiting for visibility of Proxy element for: DefaultElementLocator 'By.xpath: //a[@href ='/login']' (tried for 10 second(s) with 500 milliseconds interval)
2025-05-05 21:42:32 INFO  com.dsalgo.automation.utils.NavigationUtil - Login performed successfully
2025-05-05 21:42:33 INFO  com.dsalgo.automation.pages.HomePage - clicked Get Startedlink on Graph 
2025-05-05 21:42:33 INFO  com.dsalgo.automation.pages.GraphPage - Clicked Graph Representation link
2025-05-05 21:42:33 INFO  com.dsalgo.automation.pages.GraphPage - Paragraph and table overlapping: true
2025-05-05 21:42:33 INFO  com.dsalgo.automation.pages.GraphPage - Overlapped Image saved at: C:\Users\mpore\eclipse-workspace\DSAlgo_Testng\DsAlgo_TestNGProject/screenshots/overlappingImage.png
2025-05-05 21:42:34 INFO  com.dsalgo.automation.pages.HomePage - Clicked on Sign out link.
2025-05-05 21:42:34 INFO  com.dsalgo.automation.pages.HomePage - HomePage initialized with WebDriver and waitHelper
2025-05-05 21:42:34 INFO  com.dsalgo.automation.pages.GraphPage - GraphPage initialized
2025-05-05 21:42:34 INFO  com.dsalgo.automation.pages.LoginPage - LoginPage initialized with WebDriver and waitHelper
2025-05-05 21:42:34 INFO  com.dsalgo.automation.pages.HomePage - Navigated to DSAlgo portal: https://dsportalapp.herokuapp.com/
2025-05-05 21:42:34 INFO  com.dsalgo.automation.pages.HomePage - Clicked on Get Started button in DSAlgo Portal.
2025-05-05 21:42:34 INFO  com.dsalgo.automation.utils.NavigationUtil - Navigated to DS Algo Home Page
2025-05-05 21:42:34 INFO  com.dsalgo.automation.pages.HomePage - Clicked on Signin link.
2025-05-05 21:42:34 INFO  com.dsalgo.automation.utils.NavigationUtil - Login performed successfully
2025-05-05 21:42:34 INFO  com.dsalgo.automation.pages.HomePage - clicked Get Startedlink on Graph 
2025-05-05 21:42:35 INFO  com.dsalgo.automation.pages.GraphPage - Clicked Graph Representation link
2025-05-05 21:42:35 INFO  com.dsalgo.automation.pages.GraphPage - Paragraph and table overlapping: true
2025-05-05 21:42:35 INFO  com.dsalgo.automation.pages.GraphPage - Overlapped Image saved at: C:\Users\mpore\eclipse-workspace\DSAlgo_Testng\DsAlgo_TestNGProject/screenshots/overlappingImage.png
2025-05-05 21:42:35 INFO  com.dsalgo.automation.pages.HomePage - Clicked on Sign out link.
2025-05-05 21:42:35 INFO  com.dsalgo.automation.pages.HomePage - HomePage initialized with WebDriver and waitHelper
2025-05-05 21:42:35 INFO  com.dsalgo.automation.pages.GraphPage - GraphPage initialized
2025-05-05 21:42:35 INFO  com.dsalgo.automation.pages.LoginPage - LoginPage initialized with WebDriver and waitHelper
2025-05-05 21:42:35 ERROR com.dsalgo.automation.pages.LoginPage - Unexpected error while entering username.
2025-05-05 21:42:35 INFO  com.dsalgo.automation.pages.HomePage - Navigated to DSAlgo portal: https://dsportalapp.herokuapp.com/
2025-05-05 21:42:35 INFO  com.dsalgo.automation.pages.HomePage - Clicked on Get Started button in DSAlgo Portal.
2025-05-05 21:42:35 INFO  com.dsalgo.automation.utils.NavigationUtil - Navigated to DS Algo Home Page
2025-05-05 21:42:36 INFO  com.dsalgo.automation.pages.HomePage - Clicked on Signin link.
2025-05-05 21:42:36 INFO  com.dsalgo.automation.utils.NavigationUtil - Login performed successfully
2025-05-05 21:42:36 INFO  com.dsalgo.automation.pages.HomePage - Clicked on Sign out link.
2025-05-05 21:42:36 DEBUG org.apache.poi.openxml4j.opc.PackageRelationshipCollection - Parsing relationship: /xl/_rels/workbook.xml.rels
2025-05-05 21:42:36 DEBUG org.apache.poi.openxml4j.opc.PackageRelationshipCollection - Parsing relationship: /_rels/.rels
2025-05-05 21:42:36 INFO  com.dsalgo.automation.pages.HomePage - HomePage initialized with WebDriver and waitHelper
2025-05-05 21:42:36 INFO  com.dsalgo.automation.pages.LoginPage - LoginPage initialized with WebDriver and waitHelper
2025-05-05 21:42:36 INFO  com.dsalgo.automation.pages.DataStructure - Initialized DataStructure page
2025-05-05 21:42:36 INFO  com.dsalgo.automation.pages.HomePage - Navigated to DSAlgo portal: https://dsportalapp.herokuapp.com/
2025-05-05 21:42:36 INFO  com.dsalgo.automation.pages.HomePage - Clicked on Get Started button in DSAlgo Portal.
2025-05-05 21:42:36 INFO  com.dsalgo.automation.utils.NavigationUtil - Navigated to DS Algo Home Page
2025-05-05 21:42:36 INFO  com.dsalgo.automation.pages.HomePage - Clicked on Signin link.
2025-05-05 21:42:36 INFO  com.dsalgo.automation.pages.HomePage - clicked Get Startedlink on Graph 
2025-05-05 21:42:37 INFO  com.dsalgo.automation.pages.GraphPage - Clicked Graph Representation link
2025-05-05 21:42:37 INFO  com.dsalgo.automation.pages.GraphPage - Paragraph and table overlapping: true
2025-05-05 21:42:37 INFO  com.dsalgo.automation.utils.NavigationUtil - Login performed successfully
2025-05-05 21:42:37 INFO  com.dsalgo.automation.pages.GraphPage - Overlapped Image saved at: C:\Users\mpore\eclipse-workspace\DSAlgo_Testng\DsAlgo_TestNGProject/screenshots/overlappingImage.png
2025-05-05 21:42:37 INFO  com.dsalgo.automation.pages.HomePage - clicked Get Startedlink on  DataStructures 
2025-05-05 21:42:37 INFO  com.dsalgo.automation.pages.DataStructure - Clicked on 'Time Complexity' link
2025-05-05 21:42:37 INFO  com.dsalgo.automation.pages.HomePage - Clicked on Sign out link.
2025-05-05 21:42:37 INFO  com.dsalgo.automation.pages.HomePage - HomePage initialized with WebDriver and waitHelper
2025-05-05 21:42:37 INFO  com.dsalgo.automation.pages.GraphPage - GraphPage initialized
2025-05-05 21:42:37 INFO  com.dsalgo.automation.pages.LoginPage - LoginPage initialized with WebDriver and waitHelper
2025-05-05 21:42:37 INFO  com.dsalgo.automation.pages.DataStructure - Clicked on Try Here link
2025-05-05 21:42:38 INFO  com.dsalgo.automation.pages.DataStructure - Entered Python code into editor: print("DSAlgo");
2025-05-05 21:42:38 INFO  com.dsalgo.automation.tests.DataStructureTest - Entered Python Code: print("DSAlgo");
2025-05-05 21:42:38 INFO  com.dsalgo.automation.pages.HomePage - Navigated to DSAlgo portal: https://dsportalapp.herokuapp.com/
2025-05-05 21:42:38 INFO  com.dsalgo.automation.pages.DataStructure - Clicked on Run button
2025-05-05 21:42:38 INFO  com.dsalgo.automation.tests.DataStructureTest - Clicked Run Button
2025-05-05 21:42:38 INFO  com.dsalgo.automation.pages.DataStructure - Success message: DSAlgo
2025-05-05 21:42:38 INFO  com.dsalgo.automation.tests.DataStructureTest - Verified Output message successfully.print("DSAlgo");Output Message:DSAlgo
2025-05-05 21:42:38 INFO  com.dsalgo.automation.pages.HomePage - Clicked on Get Started button in DSAlgo Portal.
2025-05-05 21:42:38 INFO  com.dsalgo.automation.utils.NavigationUtil - Navigated to DS Algo Home Page
2025-05-05 21:42:38 INFO  com.dsalgo.automation.pages.HomePage - Clicked on Signin link.
2025-05-05 21:42:38 INFO  com.dsalgo.automation.pages.HomePage - Clicked on Sign out link.
2025-05-05 21:42:38 INFO  com.dsalgo.automation.pages.HomePage - HomePage initialized with WebDriver and waitHelper
2025-05-05 21:42:38 INFO  com.dsalgo.automation.pages.LoginPage - LoginPage initialized with WebDriver and waitHelper
2025-05-05 21:42:38 INFO  com.dsalgo.automation.pages.DataStructure - Initialized DataStructure page
2025-05-05 21:42:38 INFO  com.dsalgo.automation.utils.NavigationUtil - Login performed successfully
2025-05-05 21:42:38 INFO  com.dsalgo.automation.pages.HomePage - Navigated to DSAlgo portal: https://dsportalapp.herokuapp.com/
2025-05-05 21:42:38 INFO  com.dsalgo.automation.pages.HomePage - Clicked on Get Started button in DSAlgo Portal.
2025-05-05 21:42:38 INFO  com.dsalgo.automation.utils.NavigationUtil - Navigated to DS Algo Home Page
2025-05-05 21:42:38 ERROR com.dsalgo.automation.pages.LoginPage - Unexpected error while entering password.
2025-05-05 21:42:38 INFO  com.dsalgo.automation.pages.HomePage - Clicked on Signin link.
2025-05-05 21:42:38 INFO  com.dsalgo.automation.pages.HomePage - clicked Get Startedlink on Graph 
2025-05-05 21:42:39 INFO  com.dsalgo.automation.utils.NavigationUtil - Login performed successfully
2025-05-05 21:42:39 INFO  com.dsalgo.automation.pages.GraphPage - Clicked on Graph link
2025-05-05 21:42:39 INFO  com.dsalgo.automation.pages.GraphPage - Page title: Graph
2025-05-05 21:42:39 INFO  com.dsalgo.automation.pages.HomePage - clicked Get Startedlink on  DataStructures 
2025-05-05 21:42:39 INFO  com.dsalgo.automation.pages.HomePage - Clicked on Sign out link.
2025-05-05 21:42:39 INFO  com.dsalgo.automation.pages.DataStructure - Clicked on 'Time Complexity' link
2025-05-05 21:42:40 INFO  com.dsalgo.automation.pages.DataStructure - Clicked on Try Here link
2025-05-05 21:42:40 INFO  com.dsalgo.automation.pages.DataStructure - Entered Python code into editor: print("NumpyNinja
2025-05-05 21:42:40 INFO  com.dsalgo.automation.tests.DataStructureTest - Entered Python Code: print("NumpyNinja
2025-05-05 21:42:40 INFO  com.dsalgo.automation.pages.DataStructure - Clicked on Run button
2025-05-05 21:42:40 INFO  com.dsalgo.automation.tests.DataStructureTest - Clicked Run Button
2025-05-05 21:42:40 INFO  com.dsalgo.automation.pages.DataStructure - Alert appeared: SyntaxError: bad input on line 1
2025-05-05 21:42:40 INFO  com.dsalgo.automation.tests.DataStructureTest - Tested alert with code: print("NumpyNinja | Alert: SyntaxError: bad input on line 1
2025-05-05 21:42:40 INFO  com.dsalgo.automation.pages.HomePage - Clicked on Sign out link.
2025-05-05 21:42:42 INFO  com.dsalgo.automation.pages.HomePage - HomePage initialized with WebDriver and waitHelper
2025-05-05 21:42:42 INFO  com.dsalgo.automation.pages.HomePage - HomePage initialized with WebDriver and waitHelper
2025-05-05 21:42:42 INFO  com.dsalgo.automation.pages.LoginPage - LoginPage initialized with WebDriver and waitHelper
2025-05-05 21:42:43 INFO  com.dsalgo.automation.pages.HomePage - Navigated to DSAlgo portal: https://dsportalapp.herokuapp.com/
2025-05-05 21:42:43 INFO  com.dsalgo.automation.pages.HomePage - Clicked on Get Started button in DSAlgo Portal.
2025-05-05 21:42:43 INFO  com.dsalgo.automation.utils.NavigationUtil - Navigated to DS Algo Home Page
2025-05-05 21:42:43 INFO  com.dsalgo.automation.pages.HomePage - Clicked on Signin link.
2025-05-05 21:42:44 INFO  com.dsalgo.automation.utils.NavigationUtil - Login performed successfully
2025-05-05 21:42:44 INFO  com.dsalgo.automation.pages.HomePage - clicked Get Startedlink on Array 
2025-05-05 21:42:44 INFO  com.dsalgo.automation.pages.HomePage - HomePage initialized with WebDriver and waitHelper
2025-05-05 21:42:44 INFO  com.dsalgo.automation.pages.HomePage - HomePage initialized with WebDriver and waitHelper
2025-05-05 21:42:44 INFO  com.dsalgo.automation.pages.LoginPage - LoginPage initialized with WebDriver and waitHelper
2025-05-05 21:42:44 INFO  com.dsalgo.automation.tests.ArrayPageTest - Redirected to Applications of Array page successfully
2025-05-05 21:42:45 INFO  com.dsalgo.automation.pages.HomePage - Navigated to DSAlgo portal: https://dsportalapp.herokuapp.com/
2025-05-05 21:42:45 INFO  com.dsalgo.automation.pages.HomePage - Clicked on Sign out link.
2025-05-05 21:42:45 INFO  com.dsalgo.automation.pages.HomePage - HomePage initialized with WebDriver and waitHelper
2025-05-05 21:42:45 INFO  com.dsalgo.automation.pages.HomePage - HomePage initialized with WebDriver and waitHelper
2025-05-05 21:42:45 INFO  com.dsalgo.automation.pages.LoginPage - LoginPage initialized with WebDriver and waitHelper
2025-05-05 21:42:45 INFO  com.dsalgo.automation.pages.HomePage - Navigated to DSAlgo portal: https://dsportalapp.herokuapp.com/
2025-05-05 21:42:45 INFO  com.dsalgo.automation.pages.HomePage - Clicked on Get Started button in DSAlgo Portal.
2025-05-05 21:42:45 INFO  com.dsalgo.automation.utils.NavigationUtil - Navigated to DS Algo Home Page
2025-05-05 21:42:45 INFO  com.dsalgo.automation.pages.HomePage - Clicked on Get Started button in DSAlgo Portal.
2025-05-05 21:42:45 INFO  com.dsalgo.automation.utils.NavigationUtil - Navigated to DS Algo Home Page
2025-05-05 21:42:45 INFO  com.dsalgo.automation.pages.HomePage - Clicked on Signin link.
2025-05-05 21:42:45 INFO  com.dsalgo.automation.pages.HomePage - Clicked on Signin link.
2025-05-05 21:42:45 INFO  com.dsalgo.automation.utils.NavigationUtil - Login performed successfully
2025-05-05 21:42:46 INFO  com.dsalgo.automation.utils.NavigationUtil - Login performed successfully
2025-05-05 21:42:46 INFO  com.dsalgo.automation.pages.HomePage - clicked Get Startedlink on LinkedList
2025-05-05 21:42:46 INFO  com.dsalgo.automation.pages.HomePage - clicked Get Startedlink on Array 
2025-05-05 21:42:48 INFO  com.dsalgo.automation.tests.ArrayPageTest - Redirected to Applications of Array Text Editor page successfully
2025-05-05 21:42:48 INFO  com.dsalgo.automation.pages.HomePage - Clicked on Sign out link.
2025-05-05 21:42:48 INFO  com.dsalgo.automation.pages.HomePage - HomePage initialized with WebDriver and waitHelper
2025-05-05 21:42:48 INFO  com.dsalgo.automation.pages.HomePage - HomePage initialized with WebDriver and waitHelper
2025-05-05 21:42:48 INFO  com.dsalgo.automation.pages.LoginPage - LoginPage initialized with WebDriver and waitHelper
2025-05-05 21:42:48 INFO  com.dsalgo.automation.pages.HomePage - Navigated to DSAlgo portal: https://dsportalapp.herokuapp.com/
2025-05-05 21:42:48 INFO  com.dsalgo.automation.pages.HomePage - Clicked on Get Started button in DSAlgo Portal.
2025-05-05 21:42:48 INFO  com.dsalgo.automation.utils.NavigationUtil - Navigated to DS Algo Home Page
2025-05-05 21:42:48 INFO  com.dsalgo.automation.pages.HomePage - Clicked on Signin link.
2025-05-05 21:42:48 INFO  com.dsalgo.automation.utils.NavigationUtil - Login performed successfully
2025-05-05 21:42:49 INFO  com.dsalgo.automation.pages.HomePage - clicked Get Startedlink on Array 
2025-05-05 21:42:49 INFO  com.dsalgo.automation.tests.ArrayPageTest - Redirected to arrays Basic Operations page successfully
2025-05-05 21:42:50 INFO  com.dsalgo.automation.pages.HomePage - Clicked on Sign out link.
2025-05-05 21:42:50 INFO  com.dsalgo.automation.pages.HomePage - HomePage initialized with WebDriver and waitHelper
2025-05-05 21:42:50 INFO  com.dsalgo.automation.pages.HomePage - HomePage initialized with WebDriver and waitHelper
2025-05-05 21:42:50 INFO  com.dsalgo.automation.pages.LoginPage - LoginPage initialized with WebDriver and waitHelper
2025-05-05 21:42:50 INFO  com.dsalgo.automation.pages.HomePage - Navigated to DSAlgo portal: https://dsportalapp.herokuapp.com/
2025-05-05 21:42:50 INFO  com.dsalgo.automation.pages.HomePage - Clicked on Get Started button in DSAlgo Portal.
2025-05-05 21:42:50 INFO  com.dsalgo.automation.utils.NavigationUtil - Navigated to DS Algo Home Page
2025-05-05 21:42:50 INFO  com.dsalgo.automation.pages.HomePage - Clicked on Signin link.
2025-05-05 21:42:50 INFO  com.dsalgo.automation.utils.NavigationUtil - Login performed successfully
2025-05-05 21:42:51 INFO  com.dsalgo.automation.pages.HomePage - clicked Get Startedlink on Array 
2025-05-05 21:42:51 INFO  com.dsalgo.automation.pages.HomePage - Clicked on Sign out link.
2025-05-05 21:42:51 INFO  com.dsalgo.automation.pages.HomePage - HomePage initialized with WebDriver and waitHelper
2025-05-05 21:42:51 INFO  com.dsalgo.automation.pages.HomePage - HomePage initialized with WebDriver and waitHelper
2025-05-05 21:42:51 INFO  com.dsalgo.automation.pages.LoginPage - LoginPage initialized with WebDriver and waitHelper
2025-05-05 21:42:51 INFO  com.dsalgo.automation.tests.ArrayPageTest - Redirected to Practiece Questions of Array page successfully
2025-05-05 21:42:51 ERROR com.dsalgo.automation.pages.LoginPage - Unexpected error while clicking login button.
2025-05-05 21:42:51 INFO  com.dsalgo.automation.utils.NavigationUtil - Login performed successfully
2025-05-05 21:42:51 INFO  com.dsalgo.automation.pages.HomePage - User click on Graphdropdown
2025-05-05 21:42:52 INFO  com.dsalgo.automation.pages.HomePage - Clicked on Sign out link.
2025-05-05 21:42:52 INFO  com.dsalgo.automation.pages.HomePage - HomePage initialized with WebDriver and waitHelper
2025-05-05 21:42:52 INFO  com.dsalgo.automation.pages.HomePage - HomePage initialized with WebDriver and waitHelper
2025-05-05 21:42:52 INFO  com.dsalgo.automation.pages.LoginPage - LoginPage initialized with WebDriver and waitHelper
2025-05-05 21:42:52 INFO  com.dsalgo.automation.pages.HomePage - Navigated to DSAlgo portal: https://dsportalapp.herokuapp.com/
2025-05-05 21:42:52 INFO  com.dsalgo.automation.pages.HomePage - Clicked on Get Started button in DSAlgo Portal.
2025-05-05 21:42:52 INFO  com.dsalgo.automation.utils.NavigationUtil - Navigated to DS Algo Home Page
2025-05-05 21:42:52 INFO  com.dsalgo.automation.pages.HomePage - Navigated to DSAlgo portal: https://dsportalapp.herokuapp.com/
2025-05-05 21:42:52 INFO  com.dsalgo.automation.pages.HomePage - Clicked on Signin link.
2025-05-05 21:42:52 INFO  com.dsalgo.automation.utils.NavigationUtil - Login performed successfully
2025-05-05 21:42:52 INFO  com.dsalgo.automation.pages.HomePage - Clicked on Sign out link.
2025-05-05 21:42:52 INFO  com.dsalgo.automation.pages.HomePage - HomePage initialized with WebDriver and waitHelper
2025-05-05 21:42:52 INFO  com.dsalgo.automation.pages.LoginPage - LoginPage initialized with WebDriver and waitHelper
2025-05-05 21:42:52 INFO  com.dsalgo.automation.pages.HomePage - Navigated to DSAlgo portal: https://dsportalapp.herokuapp.com/
2025-05-05 21:42:53 INFO  com.dsalgo.automation.pages.HomePage - Clicked on Get Started button in DSAlgo Portal.
2025-05-05 21:42:53 INFO  com.dsalgo.automation.utils.NavigationUtil - Navigated to DS Algo Home Page
2025-05-05 21:42:53 INFO  com.dsalgo.automation.pages.HomePage - clicked Get Startedlink on Array 
2025-05-05 21:42:53 INFO  com.dsalgo.automation.pages.HomePage - User click on Arraydropdown
2025-05-05 21:42:53 WARN  com.dsalgo.automation.tests.HomePageTest - Warning for 'Array': You are not logged in
2025-05-05 21:42:53 INFO  com.dsalgo.automation.pages.HomePage - HomePage initialized with WebDriver and waitHelper
2025-05-05 21:42:53 INFO  com.dsalgo.automation.pages.LoginPage - LoginPage initialized with WebDriver and waitHelper
2025-05-05 21:42:53 INFO  com.dsalgo.automation.pages.HomePage - Navigated to DSAlgo portal: https://dsportalapp.herokuapp.com/
2025-05-05 21:42:53 INFO  com.dsalgo.automation.pages.HomePage - Clicked on Get Started button in DSAlgo Portal.
2025-05-05 21:42:53 INFO  com.dsalgo.automation.utils.NavigationUtil - Navigated to DS Algo Home Page
2025-05-05 21:42:53 INFO  com.dsalgo.automation.pages.HomePage - Clicked on Get Started button in DSAlgo Portal.
2025-05-05 21:42:53 INFO  com.dsalgo.automation.utils.NavigationUtil - Navigated to DS Algo Home Page
2025-05-05 21:42:53 INFO  com.dsalgo.automation.pages.HomePage - User click on Linked Listdropdown
2025-05-05 21:42:53 WARN  com.dsalgo.automation.tests.HomePageTest - Warning for 'Linked List': You are not logged in
2025-05-05 21:42:53 INFO  com.dsalgo.automation.tests.ArrayPageTest - Redirected to arrays-in-python Landing page successfully
2025-05-05 21:42:54 INFO  com.dsalgo.automation.pages.HomePage - HomePage initialized with WebDriver and waitHelper
2025-05-05 21:42:54 INFO  com.dsalgo.automation.pages.LoginPage - LoginPage initialized with WebDriver and waitHelper
2025-05-05 21:42:54 INFO  com.dsalgo.automation.pages.HomePage - Navigated to DSAlgo portal: https://dsportalapp.herokuapp.com/
2025-05-05 21:42:54 INFO  com.dsalgo.automation.pages.HomePage - Clicked on Get Started button in DSAlgo Portal.
2025-05-05 21:42:54 INFO  com.dsalgo.automation.utils.NavigationUtil - Navigated to DS Algo Home Page
2025-05-05 21:42:54 INFO  com.dsalgo.automation.pages.HomePage - User click on Stackdropdown
2025-05-05 21:42:54 WARN  com.dsalgo.automation.tests.HomePageTest - Warning for 'Stack': You are not logged in
2025-05-05 21:42:54 INFO  com.dsalgo.automation.pages.HomePage - HomePage initialized with WebDriver and waitHelper
2025-05-05 21:42:54 INFO  com.dsalgo.automation.pages.LoginPage - LoginPage initialized with WebDriver and waitHelper
2025-05-05 21:42:54 INFO  com.dsalgo.automation.pages.HomePage - Clicked on Sign out link.
2025-05-05 21:42:54 INFO  com.dsalgo.automation.pages.HomePage - HomePage initialized with WebDriver and waitHelper
2025-05-05 21:42:54 INFO  com.dsalgo.automation.pages.HomePage - HomePage initialized with WebDriver and waitHelper
2025-05-05 21:42:54 INFO  com.dsalgo.automation.pages.LoginPage - LoginPage initialized with WebDriver and waitHelper
2025-05-05 21:42:54 INFO  com.dsalgo.automation.pages.HomePage - Clicked on Signin link.
2025-05-05 21:42:54 INFO  com.dsalgo.automation.pages.HomePage - Navigated to DSAlgo portal: https://dsportalapp.herokuapp.com/
2025-05-05 21:42:54 INFO  com.dsalgo.automation.pages.HomePage - Navigated to DSAlgo portal: https://dsportalapp.herokuapp.com/
2025-05-05 21:42:54 INFO  com.dsalgo.automation.pages.HomePage - Clicked on Get Started button in DSAlgo Portal.
2025-05-05 21:42:54 INFO  com.dsalgo.automation.utils.NavigationUtil - Navigated to DS Algo Home Page
2025-05-05 21:42:54 INFO  com.dsalgo.automation.pages.HomePage - Clicked on Get Started button in DSAlgo Portal.
2025-05-05 21:42:54 INFO  com.dsalgo.automation.utils.NavigationUtil - Navigated to DS Algo Home Page
2025-05-05 21:42:54 INFO  com.dsalgo.automation.pages.HomePage - User click on Queuedropdown
2025-05-05 21:42:55 INFO  com.dsalgo.automation.pages.HomePage - Clicked on Signin link.
2025-05-05 21:42:55 WARN  com.dsalgo.automation.tests.HomePageTest - Warning for 'Queue': You are not logged in
2025-05-05 21:42:55 INFO  com.dsalgo.automation.pages.HomePage - HomePage initialized with WebDriver and waitHelper
2025-05-05 21:42:55 INFO  com.dsalgo.automation.pages.LoginPage - LoginPage initialized with WebDriver and waitHelper
2025-05-05 21:42:55 INFO  com.dsalgo.automation.pages.HomePage - Navigated to DSAlgo portal: https://dsportalapp.herokuapp.com/
2025-05-05 21:42:55 INFO  com.dsalgo.automation.pages.HomePage - Clicked on Get Started button in DSAlgo Portal.
2025-05-05 21:42:55 INFO  com.dsalgo.automation.utils.NavigationUtil - Navigated to DS Algo Home Page
2025-05-05 21:42:55 INFO  com.dsalgo.automation.pages.HomePage - User click on Treedropdown
2025-05-05 21:42:55 INFO  com.dsalgo.automation.utils.NavigationUtil - Login performed successfully
2025-05-05 21:42:55 INFO  com.dsalgo.automation.pages.HomePage - clicked Get Startedlink on Array 
2025-05-05 21:42:55 WARN  com.dsalgo.automation.tests.HomePageTest - Warning for 'Tree': You are not logged in
2025-05-05 21:42:55 INFO  com.dsalgo.automation.pages.HomePage - HomePage initialized with WebDriver and waitHelper
2025-05-05 21:42:55 INFO  com.dsalgo.automation.pages.LoginPage - LoginPage initialized with WebDriver and waitHelper
2025-05-05 21:42:55 INFO  com.dsalgo.automation.pages.HomePage - Navigated to DSAlgo portal: https://dsportalapp.herokuapp.com/
2025-05-05 21:42:56 INFO  com.dsalgo.automation.utils.NavigationUtil - Login performed successfully
2025-05-05 21:42:56 INFO  com.dsalgo.automation.pages.HomePage - clicked Get Startedlink on LinkedList
2025-05-05 21:42:56 INFO  com.dsalgo.automation.pages.HomePage - Clicked on Get Started button in DSAlgo Portal.
2025-05-05 21:42:56 INFO  com.dsalgo.automation.utils.NavigationUtil - Navigated to DS Algo Home Page
2025-05-05 21:42:56 INFO  com.dsalgo.automation.pages.HomePage - User click on Graphdropdown
2025-05-05 21:42:56 INFO  com.dsalgo.automation.tests.ArrayPageTest - Redirected to arrays-in-python Text Editor page successfully
2025-05-05 21:42:56 WARN  com.dsalgo.automation.tests.HomePageTest - Warning for 'Graph': You are not logged in
2025-05-05 21:42:56 INFO  com.dsalgo.automation.pages.HomePage - HomePage initialized with WebDriver and waitHelper
2025-05-05 21:42:56 INFO  com.dsalgo.automation.pages.LoginPage - LoginPage initialized with WebDriver and waitHelper
2025-05-05 21:42:56 INFO  com.dsalgo.automation.pages.HomePage - Navigated to DSAlgo portal: https://dsportalapp.herokuapp.com/
2025-05-05 21:42:56 INFO  com.dsalgo.automation.pages.HomePage - Clicked on Sign out link.
2025-05-05 21:42:56 INFO  com.dsalgo.automation.pages.HomePage - HomePage initialized with WebDriver and waitHelper
2025-05-05 21:42:56 INFO  com.dsalgo.automation.pages.HomePage - HomePage initialized with WebDriver and waitHelper
2025-05-05 21:42:56 INFO  com.dsalgo.automation.pages.LoginPage - LoginPage initialized with WebDriver and waitHelper
2025-05-05 21:42:56 INFO  com.dsalgo.automation.pages.HomePage - Clicked on Get Started button in DSAlgo Portal.
2025-05-05 21:42:56 INFO  com.dsalgo.automation.utils.NavigationUtil - Navigated to DS Algo Home Page
2025-05-05 21:42:56 INFO  com.dsalgo.automation.pages.HomePage - clicked Get Startedlink on  DataStructures 
2025-05-05 21:42:56 INFO  com.dsalgo.automation.pages.HomePage - Navigated to DSAlgo portal: https://dsportalapp.herokuapp.com/
2025-05-05 21:42:57 INFO  com.dsalgo.automation.pages.HomePage - Clicked on Get Started button in DSAlgo Portal.
2025-05-05 21:42:57 INFO  com.dsalgo.automation.utils.NavigationUtil - Navigated to DS Algo Home Page
2025-05-05 21:42:57 WARN  com.dsalgo.automation.tests.HomePageTest - Warning message displayed for 'Data Structures-Introduction': You are not logged in
2025-05-05 21:42:57 INFO  com.dsalgo.automation.pages.HomePage - Clicked on Signin link.
2025-05-05 21:42:57 INFO  com.dsalgo.automation.pages.HomePage - HomePage initialized with WebDriver and waitHelper
2025-05-05 21:42:57 INFO  com.dsalgo.automation.pages.LoginPage - LoginPage initialized with WebDriver and waitHelper
2025-05-05 21:42:57 INFO  com.dsalgo.automation.pages.HomePage - Navigated to DSAlgo portal: https://dsportalapp.herokuapp.com/
2025-05-05 21:42:57 INFO  com.dsalgo.automation.pages.HomePage - Clicked on Get Started button in DSAlgo Portal.
2025-05-05 21:42:57 INFO  com.dsalgo.automation.utils.NavigationUtil - Navigated to DS Algo Home Page
2025-05-05 21:42:57 INFO  com.dsalgo.automation.utils.NavigationUtil - Login performed successfully
2025-05-05 21:42:57 INFO  com.dsalgo.automation.pages.HomePage - clicked Get Startedlink on Array 
2025-05-05 21:42:58 INFO  com.dsalgo.automation.tests.ArrayPageTest - Redirected to arrays Using List Text Editor page successfully
2025-05-05 21:42:58 INFO  com.dsalgo.automation.pages.HomePage - Clicked on Sign out link.
2025-05-05 21:42:58 INFO  com.dsalgo.automation.pages.HomePage - HomePage initialized with WebDriver and waitHelper
2025-05-05 21:42:58 INFO  com.dsalgo.automation.pages.HomePage - HomePage initialized with WebDriver and waitHelper
2025-05-05 21:42:58 INFO  com.dsalgo.automation.pages.LoginPage - LoginPage initialized with WebDriver and waitHelper
2025-05-05 21:42:59 INFO  com.dsalgo.automation.pages.HomePage - Navigated to DSAlgo portal: https://dsportalapp.herokuapp.com/
2025-05-05 21:42:59 INFO  com.dsalgo.automation.pages.HomePage - Clicked on Get Started button in DSAlgo Portal.
2025-05-05 21:42:59 INFO  com.dsalgo.automation.utils.NavigationUtil - Navigated to DS Algo Home Page
2025-05-05 21:42:59 INFO  com.dsalgo.automation.pages.HomePage - Clicked on Signin link.
2025-05-05 21:42:59 INFO  com.dsalgo.automation.utils.NavigationUtil - Login performed successfully
2025-05-05 21:42:59 INFO  com.dsalgo.automation.pages.HomePage - clicked Get Startedlink on Array 
2025-05-05 21:43:00 INFO  com.dsalgo.automation.tests.ArrayPageTest - Redirected to Arrays Using List Text Editor page successfully
2025-05-05 21:43:00 INFO  com.dsalgo.automation.pages.HomePage - Clicked on Sign out link.
2025-05-05 21:43:00 INFO  com.dsalgo.automation.pages.HomePage - HomePage initialized with WebDriver and waitHelper
2025-05-05 21:43:00 INFO  com.dsalgo.automation.pages.HomePage - HomePage initialized with WebDriver and waitHelper
2025-05-05 21:43:00 INFO  com.dsalgo.automation.pages.LoginPage - LoginPage initialized with WebDriver and waitHelper
2025-05-05 21:43:01 INFO  com.dsalgo.automation.pages.HomePage - Navigated to DSAlgo portal: https://dsportalapp.herokuapp.com/
2025-05-05 21:43:01 INFO  com.dsalgo.automation.pages.HomePage - Clicked on Get Started button in DSAlgo Portal.
2025-05-05 21:43:01 INFO  com.dsalgo.automation.utils.NavigationUtil - Navigated to DS Algo Home Page
2025-05-05 21:43:01 INFO  com.dsalgo.automation.pages.HomePage - Clicked on Signin link.
2025-05-05 21:43:01 INFO  com.dsalgo.automation.utils.NavigationUtil - Login performed successfully
2025-05-05 21:43:01 INFO  com.dsalgo.automation.pages.HomePage - clicked Get Startedlink on Array 
2025-05-05 21:43:02 INFO  com.dsalgo.automation.tests.ArrayPageTest - Redirected to Arrays Using List of Array page from left side menu successfully
2025-05-05 21:43:02 INFO  com.dsalgo.automation.pages.HomePage - Clicked on Sign out link.
2025-05-05 21:43:02 INFO  com.dsalgo.automation.pages.HomePage - HomePage initialized with WebDriver and waitHelper
2025-05-05 21:43:02 INFO  com.dsalgo.automation.pages.HomePage - HomePage initialized with WebDriver and waitHelper
2025-05-05 21:43:02 INFO  com.dsalgo.automation.pages.LoginPage - LoginPage initialized with WebDriver and waitHelper
2025-05-05 21:43:02 INFO  com.dsalgo.automation.pages.HomePage - Navigated to DSAlgo portal: https://dsportalapp.herokuapp.com/
2025-05-05 21:43:03 INFO  com.dsalgo.automation.pages.HomePage - Clicked on Get Started button in DSAlgo Portal.
2025-05-05 21:43:03 INFO  com.dsalgo.automation.utils.NavigationUtil - Navigated to DS Algo Home Page
2025-05-05 21:43:03 INFO  com.dsalgo.automation.pages.HomePage - Clicked on Signin link.
2025-05-05 21:43:03 INFO  com.dsalgo.automation.utils.NavigationUtil - Login performed successfully
2025-05-05 21:43:03 INFO  com.dsalgo.automation.pages.HomePage - clicked Get Startedlink on Array 
2025-05-05 21:43:04 INFO  com.dsalgo.automation.pages.HomePage - Clicked on Sign out link.
2025-05-05 21:43:04 INFO  com.dsalgo.automation.pages.HomePage - HomePage initialized with WebDriver and waitHelper
2025-05-05 21:43:04 INFO  com.dsalgo.automation.pages.HomePage - HomePage initialized with WebDriver and waitHelper
2025-05-05 21:43:04 INFO  com.dsalgo.automation.pages.LoginPage - LoginPage initialized with WebDriver and waitHelper
2025-05-05 21:43:04 INFO  com.dsalgo.automation.tests.ArrayPageTest - Redirected to BasicOperinList Text Editor page successfully
2025-05-05 21:43:04 INFO  com.dsalgo.automation.pages.HomePage - Clicked on Sign out link.
2025-05-05 21:43:04 INFO  com.dsalgo.automation.pages.HomePage - HomePage initialized with WebDriver and waitHelper
2025-05-05 21:43:04 INFO  com.dsalgo.automation.pages.HomePage - HomePage initialized with WebDriver and waitHelper
2025-05-05 21:43:04 INFO  com.dsalgo.automation.pages.LoginPage - LoginPage initialized with WebDriver and waitHelper
2025-05-05 21:43:04 INFO  com.dsalgo.automation.pages.HomePage - Navigated to DSAlgo portal: https://dsportalapp.herokuapp.com/
2025-05-05 21:43:05 INFO  com.dsalgo.automation.pages.HomePage - Clicked on Get Started button in DSAlgo Portal.
2025-05-05 21:43:05 INFO  com.dsalgo.automation.utils.NavigationUtil - Navigated to DS Algo Home Page
2025-05-05 21:43:05 INFO  com.dsalgo.automation.pages.HomePage - Clicked on Signin link.
2025-05-05 21:43:05 INFO  com.dsalgo.automation.utils.NavigationUtil - Login performed successfully
2025-05-05 21:43:05 INFO  com.dsalgo.automation.pages.HomePage - Navigated to DSAlgo portal: https://dsportalapp.herokuapp.com/
2025-05-05 21:43:05 INFO  com.dsalgo.automation.pages.HomePage - clicked Get Startedlink on Array 
2025-05-05 21:43:06 INFO  com.dsalgo.automation.tests.ArrayPageTest - Redirected to Array Landing page successfully
2025-05-05 21:43:06 INFO  com.dsalgo.automation.pages.HomePage - Clicked on Sign out link.
2025-05-05 21:43:06 INFO  com.dsalgo.automation.pages.HomePage - HomePage initialized with WebDriver and waitHelper
2025-05-05 21:43:06 INFO  com.dsalgo.automation.pages.HomePage - HomePage initialized with WebDriver and waitHelper
2025-05-05 21:43:06 INFO  com.dsalgo.automation.pages.LoginPage - LoginPage initialized with WebDriver and waitHelper
2025-05-05 21:43:06 INFO  com.dsalgo.automation.pages.HomePage - Navigated to DSAlgo portal: https://dsportalapp.herokuapp.com/
2025-05-05 21:43:06 INFO  com.dsalgo.automation.pages.HomePage - Clicked on Get Started button in DSAlgo Portal.
2025-05-05 21:43:06 INFO  com.dsalgo.automation.utils.NavigationUtil - Navigated to DS Algo Home Page
2025-05-05 21:43:06 INFO  com.dsalgo.automation.pages.HomePage - Clicked on Get Started button in DSAlgo Portal.
2025-05-05 21:43:06 INFO  com.dsalgo.automation.utils.NavigationUtil - Navigated to DS Algo Home Page
2025-05-05 21:43:06 INFO  com.dsalgo.automation.pages.HomePage - Clicked on Signin link.
2025-05-05 21:43:06 INFO  com.dsalgo.automation.utils.NavigationUtil - Login performed successfully
2025-05-05 21:43:07 INFO  com.dsalgo.automation.pages.HomePage - clicked Get Startedlink on Array 
2025-05-05 21:43:07 INFO  com.dsalgo.automation.pages.HomePage - Clicked on Signin link.
2025-05-05 21:43:08 INFO  com.dsalgo.automation.utils.NavigationUtil - Login performed successfully
2025-05-05 21:43:08 INFO  com.dsalgo.automation.tests.ArrayPageTest - Redirected to Find with Even Digits of the Array Practiece Questions of Array page successfully
2025-05-05 21:43:08 INFO  com.dsalgo.automation.pages.HomePage - Clicked on Sign out link.
2025-05-05 21:43:08 INFO  com.dsalgo.automation.pages.HomePage - HomePage initialized with WebDriver and waitHelper
2025-05-05 21:43:08 INFO  com.dsalgo.automation.pages.HomePage - HomePage initialized with WebDriver and waitHelper
2025-05-05 21:43:08 INFO  com.dsalgo.automation.pages.LoginPage - LoginPage initialized with WebDriver and waitHelper
2025-05-05 21:43:08 INFO  com.dsalgo.automation.pages.HomePage - Navigated to DSAlgo portal: https://dsportalapp.herokuapp.com/
2025-05-05 21:43:08 INFO  com.dsalgo.automation.pages.HomePage - Clicked on Get Started button in DSAlgo Portal.
2025-05-05 21:43:08 INFO  com.dsalgo.automation.utils.NavigationUtil - Navigated to DS Algo Home Page
2025-05-05 21:43:09 INFO  com.dsalgo.automation.pages.HomePage - Clicked on Signin link.
2025-05-05 21:43:09 INFO  com.dsalgo.automation.pages.HomePage - clicked Get Startedlink on LinkedList
2025-05-05 21:43:09 INFO  com.dsalgo.automation.utils.NavigationUtil - Login performed successfully
2025-05-05 21:43:09 INFO  com.dsalgo.automation.pages.HomePage - clicked Get Startedlink on Array 
2025-05-05 21:43:10 INFO  com.dsalgo.automation.tests.ArrayPageTest - Redirected to Max practiece questions of the Array Practiece Questions of Array page successfully
2025-05-05 21:43:10 INFO  com.dsalgo.automation.tests.HomePageTest - No warning message for 'Arrays'
2025-05-05 21:43:10 INFO  com.dsalgo.automation.pages.HomePage - HomePage initialized with WebDriver and waitHelper
2025-05-05 21:43:10 INFO  com.dsalgo.automation.pages.LoginPage - LoginPage initialized with WebDriver and waitHelper
2025-05-05 21:43:10 INFO  com.dsalgo.automation.pages.HomePage - Navigated to DSAlgo portal: https://dsportalapp.herokuapp.com/
2025-05-05 21:43:10 INFO  com.dsalgo.automation.pages.HomePage - Clicked on Sign out link.
2025-05-05 21:43:10 INFO  com.dsalgo.automation.pages.HomePage - HomePage initialized with WebDriver and waitHelper
2025-05-05 21:43:10 INFO  com.dsalgo.automation.pages.HomePage - HomePage initialized with WebDriver and waitHelper
2025-05-05 21:43:10 INFO  com.dsalgo.automation.pages.LoginPage - LoginPage initialized with WebDriver and waitHelper
2025-05-05 21:43:10 INFO  com.dsalgo.automation.pages.HomePage - Clicked on Get Started button in DSAlgo Portal.
2025-05-05 21:43:10 INFO  com.dsalgo.automation.utils.NavigationUtil - Navigated to DS Algo Home Page
2025-05-05 21:43:10 INFO  com.dsalgo.automation.pages.HomePage - clicked Get Startedlink on LinkedList
2025-05-05 21:43:10 INFO  com.dsalgo.automation.pages.HomePage - Navigated to DSAlgo portal: https://dsportalapp.herokuapp.com/
2025-05-05 21:43:11 INFO  com.dsalgo.automation.pages.HomePage - Clicked on Get Started button in DSAlgo Portal.
2025-05-05 21:43:11 INFO  com.dsalgo.automation.utils.NavigationUtil - Navigated to DS Algo Home Page
2025-05-05 21:43:11 WARN  com.dsalgo.automation.tests.HomePageTest - Warning message displayed for 'Linked List': You are not logged in
2025-05-05 21:43:11 INFO  com.dsalgo.automation.pages.HomePage - HomePage initialized with WebDriver and waitHelper
2025-05-05 21:43:11 INFO  com.dsalgo.automation.pages.LoginPage - LoginPage initialized with WebDriver and waitHelper
2025-05-05 21:43:11 INFO  com.dsalgo.automation.pages.HomePage - Clicked on Signin link.
2025-05-05 21:43:11 INFO  com.dsalgo.automation.pages.HomePage - Navigated to DSAlgo portal: https://dsportalapp.herokuapp.com/
2025-05-05 21:43:11 INFO  com.dsalgo.automation.pages.HomePage - Clicked on Get Started button in DSAlgo Portal.
2025-05-05 21:43:11 INFO  com.dsalgo.automation.utils.NavigationUtil - Navigated to DS Algo Home Page
2025-05-05 21:43:11 INFO  com.dsalgo.automation.pages.HomePage - clicked Get Startedlink on stack
2025-05-05 21:43:11 WARN  com.dsalgo.automation.tests.HomePageTest - Warning message displayed for 'Stack': You are not logged in
2025-05-05 21:43:11 INFO  com.dsalgo.automation.pages.HomePage - HomePage initialized with WebDriver and waitHelper
2025-05-05 21:43:11 INFO  com.dsalgo.automation.pages.LoginPage - LoginPage initialized with WebDriver and waitHelper
2025-05-05 21:43:11 INFO  com.dsalgo.automation.utils.NavigationUtil - Login performed successfully
2025-05-05 21:43:11 INFO  com.dsalgo.automation.pages.HomePage - Navigated to DSAlgo portal: https://dsportalapp.herokuapp.com/
2025-05-05 21:43:11 INFO  com.dsalgo.automation.pages.HomePage - clicked Get Startedlink on Array 
2025-05-05 21:43:12 INFO  com.dsalgo.automation.pages.HomePage - Clicked on Get Started button in DSAlgo Portal.
2025-05-05 21:43:12 INFO  com.dsalgo.automation.utils.NavigationUtil - Navigated to DS Algo Home Page
2025-05-05 21:43:12 INFO  com.dsalgo.automation.pages.HomePage - clicked Get Startedlink on queue 
2025-05-05 21:43:12 WARN  com.dsalgo.automation.tests.HomePageTest - Warning message displayed for 'Queue': You are not logged in
2025-05-05 21:43:12 INFO  com.dsalgo.automation.pages.HomePage - HomePage initialized with WebDriver and waitHelper
2025-05-05 21:43:12 INFO  com.dsalgo.automation.pages.LoginPage - LoginPage initialized with WebDriver and waitHelper
2025-05-05 21:43:12 INFO  com.dsalgo.automation.pages.HomePage - Navigated to DSAlgo portal: https://dsportalapp.herokuapp.com/
2025-05-05 21:43:12 INFO  com.dsalgo.automation.pages.HomePage - Clicked on Get Started button in DSAlgo Portal.
2025-05-05 21:43:12 INFO  com.dsalgo.automation.utils.NavigationUtil - Navigated to DS Algo Home Page
2025-05-05 21:43:12 INFO  com.dsalgo.automation.pages.HomePage - clicked Get Startedlink on Tree 
2025-05-05 21:43:12 INFO  com.dsalgo.automation.tests.ArrayPageTest - Redirected to Search the Array Practiece Questions of Array page successfully
2025-05-05 21:43:12 WARN  com.dsalgo.automation.tests.HomePageTest - Warning message displayed for 'Tree': You are not logged in
2025-05-05 21:43:13 INFO  com.dsalgo.automation.pages.HomePage - HomePage initialized with WebDriver and waitHelper
2025-05-05 21:43:13 INFO  com.dsalgo.automation.pages.LoginPage - LoginPage initialized with WebDriver and waitHelper
2025-05-05 21:43:13 INFO  com.dsalgo.automation.pages.HomePage - Navigated to DSAlgo portal: https://dsportalapp.herokuapp.com/
2025-05-05 21:43:13 INFO  com.dsalgo.automation.pages.HomePage - Clicked on Sign out link.
2025-05-05 21:43:13 INFO  com.dsalgo.automation.pages.HomePage - HomePage initialized with WebDriver and waitHelper
2025-05-05 21:43:13 INFO  com.dsalgo.automation.pages.HomePage - HomePage initialized with WebDriver and waitHelper
2025-05-05 21:43:13 INFO  com.dsalgo.automation.pages.LoginPage - LoginPage initialized with WebDriver and waitHelper
2025-05-05 21:43:13 INFO  com.dsalgo.automation.pages.HomePage - Clicked on Get Started button in DSAlgo Portal.
2025-05-05 21:43:13 INFO  com.dsalgo.automation.utils.NavigationUtil - Navigated to DS Algo Home Page
2025-05-05 21:43:13 INFO  com.dsalgo.automation.pages.HomePage - clicked Get Startedlink on Graph 
2025-05-05 21:43:13 INFO  com.dsalgo.automation.pages.HomePage - Navigated to DSAlgo portal: https://dsportalapp.herokuapp.com/
2025-05-05 21:43:13 INFO  com.dsalgo.automation.pages.HomePage - Clicked on Get Started button in DSAlgo Portal.
2025-05-05 21:43:13 INFO  com.dsalgo.automation.utils.NavigationUtil - Navigated to DS Algo Home Page
2025-05-05 21:43:13 WARN  com.dsalgo.automation.tests.HomePageTest - Warning message displayed for 'Graph': You are not logged in
2025-05-05 21:43:13 INFO  com.dsalgo.automation.pages.HomePage - HomePage initialized with WebDriver and waitHelper
2025-05-05 21:43:13 INFO  com.dsalgo.automation.pages.LoginPage - LoginPage initialized with WebDriver and waitHelper
2025-05-05 21:43:13 INFO  com.dsalgo.automation.pages.HomePage - Clicked on Signin link.
2025-05-05 21:43:13 INFO  com.dsalgo.automation.pages.HomePage - Navigated to DSAlgo portal: https://dsportalapp.herokuapp.com/
2025-05-05 21:43:13 INFO  com.dsalgo.automation.utils.NavigationUtil - Login performed successfully
2025-05-05 21:43:13 INFO  com.dsalgo.automation.pages.HomePage - Clicked on Get Started button in DSAlgo Portal.
2025-05-05 21:43:13 INFO  com.dsalgo.automation.utils.NavigationUtil - Navigated to DS Algo Home Page
2025-05-05 21:43:13 INFO  com.dsalgo.automation.pages.HomePage - Clicked on Data Structures dropdown.
2025-05-05 21:43:14 INFO  com.dsalgo.automation.pages.HomePage - HomePage initialized with WebDriver and waitHelper
2025-05-05 21:43:14 INFO  com.dsalgo.automation.pages.LoginPage - LoginPage initialized with WebDriver and waitHelper
2025-05-05 21:43:14 INFO  com.dsalgo.automation.pages.HomePage - Navigated to DSAlgo portal: https://dsportalapp.herokuapp.com/
2025-05-05 21:43:14 INFO  com.dsalgo.automation.pages.HomePage - Clicked on Get Started button in DSAlgo Portal.
2025-05-05 21:43:14 INFO  com.dsalgo.automation.utils.NavigationUtil - Navigated to DS Algo Home Page
2025-05-05 21:43:14 INFO  com.dsalgo.automation.pages.HomePage - Clicked on Data Structures dropdown.
2025-05-05 21:43:14 INFO  com.dsalgo.automation.pages.HomePage - HomePage initialized with WebDriver and waitHelper
2025-05-05 21:43:14 INFO  com.dsalgo.automation.pages.LoginPage - LoginPage initialized with WebDriver and waitHelper
2025-05-05 21:43:14 INFO  com.dsalgo.automation.pages.HomePage - clicked Get Startedlink on Array 
2025-05-05 21:43:14 INFO  com.dsalgo.automation.pages.HomePage - Navigated to DSAlgo portal: https://dsportalapp.herokuapp.com/
2025-05-05 21:43:14 INFO  com.dsalgo.automation.pages.HomePage - Clicked on Get Started button in DSAlgo Portal.
2025-05-05 21:43:14 INFO  com.dsalgo.automation.utils.NavigationUtil - Navigated to DS Algo Home Page
2025-05-05 21:43:14 INFO  com.dsalgo.automation.pages.HomePage - Clicked on Data Structures dropdown.
2025-05-05 21:43:15 INFO  com.dsalgo.automation.tests.ArrayPageTest - Redirected to Squared of the Sorted Array Practiece Questions of Array page successfully
2025-05-05 21:43:15 INFO  com.dsalgo.automation.pages.HomePage - Clicked on Sign out link.
2025-05-05 21:43:15 DEBUG org.apache.poi.openxml4j.opc.PackageRelationshipCollection - Parsing relationship: /xl/_rels/workbook.xml.rels
2025-05-05 21:43:15 DEBUG org.apache.poi.openxml4j.opc.PackageRelationshipCollection - Parsing relationship: /_rels/.rels
2025-05-05 21:43:15 INFO  com.dsalgo.automation.pages.HomePage - HomePage initialized with WebDriver and waitHelper
2025-05-05 21:43:15 INFO  com.dsalgo.automation.pages.HomePage - HomePage initialized with WebDriver and waitHelper
2025-05-05 21:43:15 INFO  com.dsalgo.automation.pages.LoginPage - LoginPage initialized with WebDriver and waitHelper
2025-05-05 21:43:15 INFO  com.dsalgo.automation.pages.HomePage - Navigated to DSAlgo portal: https://dsportalapp.herokuapp.com/
2025-05-05 21:43:16 INFO  com.dsalgo.automation.pages.HomePage - Clicked on Get Started button in DSAlgo Portal.
2025-05-05 21:43:16 INFO  com.dsalgo.automation.utils.NavigationUtil - Navigated to DS Algo Home Page
2025-05-05 21:43:16 INFO  com.dsalgo.automation.pages.HomePage - Clicked on Signin link.
2025-05-05 21:43:16 INFO  com.dsalgo.automation.utils.NavigationUtil - Login performed successfully
2025-05-05 21:43:16 INFO  com.dsalgo.automation.pages.HomePage - clicked Get Startedlink on Array 
2025-05-05 21:43:17 INFO  com.dsalgo.automation.pages.HomePage - Clicked on Sign out link.
2025-05-05 21:43:17 INFO  com.dsalgo.automation.pages.HomePage - HomePage initialized with WebDriver and waitHelper
2025-05-05 21:43:17 INFO  com.dsalgo.automation.pages.HomePage - HomePage initialized with WebDriver and waitHelper
2025-05-05 21:43:17 INFO  com.dsalgo.automation.pages.LoginPage - LoginPage initialized with WebDriver and waitHelper
2025-05-05 21:43:17 INFO  com.dsalgo.automation.tests.ArrayPageTest - Actual Output upon clicking Run is 
2025-05-05 21:43:17 INFO  com.dsalgo.automation.pages.HomePage - Clicked on Sign out link.
2025-05-05 21:43:17 INFO  com.dsalgo.automation.pages.HomePage - HomePage initialized with WebDriver and waitHelper
2025-05-05 21:43:17 INFO  com.dsalgo.automation.pages.HomePage - HomePage initialized with WebDriver and waitHelper
2025-05-05 21:43:17 INFO  com.dsalgo.automation.pages.LoginPage - LoginPage initialized with WebDriver and waitHelper
2025-05-05 21:43:18 INFO  com.dsalgo.automation.pages.HomePage - Navigated to DSAlgo portal: https://dsportalapp.herokuapp.com/
2025-05-05 21:43:18 INFO  com.dsalgo.automation.pages.HomePage - Clicked on Get Started button in DSAlgo Portal.
2025-05-05 21:43:18 INFO  com.dsalgo.automation.utils.NavigationUtil - Navigated to DS Algo Home Page
2025-05-05 21:43:18 INFO  com.dsalgo.automation.pages.HomePage - Clicked on Signin link.
2025-05-05 21:43:18 INFO  com.dsalgo.automation.pages.HomePage - Navigated to DSAlgo portal: https://dsportalapp.herokuapp.com/
2025-05-05 21:43:18 INFO  com.dsalgo.automation.utils.NavigationUtil - Login performed successfully
2025-05-05 21:43:18 INFO  com.dsalgo.automation.pages.HomePage - clicked Get Startedlink on Array 
2025-05-05 21:43:19 INFO  com.dsalgo.automation.pages.HomePage - Clicked on Get Started button in DSAlgo Portal.
2025-05-05 21:43:19 INFO  com.dsalgo.automation.utils.NavigationUtil - Navigated to DS Algo Home Page
2025-05-05 21:43:19 INFO  com.dsalgo.automation.pages.HomePage - HomePage initialized with WebDriver and waitHelper
2025-05-05 21:43:19 INFO  com.dsalgo.automation.pages.HomePage - HomePage initialized with WebDriver and waitHelper
2025-05-05 21:43:19 INFO  com.dsalgo.automation.pages.LoginPage - LoginPage initialized with WebDriver and waitHelper
2025-05-05 21:43:20 INFO  com.dsalgo.automation.pages.HomePage - Navigated to DSAlgo portal: https://dsportalapp.herokuapp.com/
2025-05-05 21:43:20 INFO  com.dsalgo.automation.pages.HomePage - Clicked on Sign out link.
2025-05-05 21:43:20 INFO  com.dsalgo.automation.pages.HomePage - HomePage initialized with WebDriver and waitHelper
2025-05-05 21:43:20 INFO  com.dsalgo.automation.pages.HomePage - HomePage initialized with WebDriver and waitHelper
2025-05-05 21:43:20 INFO  com.dsalgo.automation.pages.LoginPage - LoginPage initialized with WebDriver and waitHelper
2025-05-05 21:43:20 INFO  com.dsalgo.automation.pages.HomePage - Navigated to DSAlgo portal: https://dsportalapp.herokuapp.com/
2025-05-05 21:43:20 INFO  com.dsalgo.automation.pages.HomePage - Clicked on Get Started button in DSAlgo Portal.
2025-05-05 21:43:20 INFO  com.dsalgo.automation.utils.NavigationUtil - Navigated to DS Algo Home Page
2025-05-05 21:43:20 INFO  com.dsalgo.automation.pages.HomePage - Clicked on Get Started button in DSAlgo Portal.
2025-05-05 21:43:20 INFO  com.dsalgo.automation.utils.NavigationUtil - Navigated to DS Algo Home Page
2025-05-05 21:43:20 INFO  com.dsalgo.automation.pages.HomePage - Clicked on Signin link.
2025-05-05 21:43:20 INFO  com.dsalgo.automation.pages.HomePage - Clicked on Signin link.
2025-05-05 21:43:20 INFO  com.dsalgo.automation.utils.NavigationUtil - Login performed successfully
2025-05-05 21:43:20 INFO  com.dsalgo.automation.pages.HomePage - Clicked on Signin link.
2025-05-05 21:43:21 INFO  com.dsalgo.automation.utils.NavigationUtil - Login performed successfully
2025-05-05 21:43:21 INFO  com.dsalgo.automation.utils.NavigationUtil - Login performed successfully
2025-05-05 21:43:21 INFO  com.dsalgo.automation.pages.HomePage - clicked Get Startedlink on Array 
2025-05-05 21:43:21 INFO  com.dsalgo.automation.pages.HomePage - clicked Get Startedlink on stack
2025-05-05 21:43:21 INFO  com.dsalgo.automation.tests.ArrayPageTest - Redirected to Stack Landing page successfully
2025-05-05 21:43:22 INFO  com.dsalgo.automation.pages.HomePage - Clicked on Sign out link.
2025-05-05 21:43:22 INFO  com.dsalgo.automation.pages.HomePage - HomePage initialized with WebDriver and waitHelper
2025-05-05 21:43:22 INFO  com.dsalgo.automation.pages.HomePage - HomePage initialized with WebDriver and waitHelper
2025-05-05 21:43:22 INFO  com.dsalgo.automation.pages.LoginPage - LoginPage initialized with WebDriver and waitHelper
2025-05-05 21:43:22 INFO  com.dsalgo.automation.pages.HomePage - clicked Get Startedlink on LinkedList
2025-05-05 21:43:22 INFO  com.dsalgo.automation.pages.HomePage - Navigated to DSAlgo portal: https://dsportalapp.herokuapp.com/
2025-05-05 21:43:22 INFO  com.dsalgo.automation.pages.HomePage - Clicked on Get Started button in DSAlgo Portal.
2025-05-05 21:43:22 INFO  com.dsalgo.automation.utils.NavigationUtil - Navigated to DS Algo Home Page
2025-05-05 21:43:22 INFO  com.dsalgo.automation.pages.HomePage - Clicked on Signin link.
2025-05-05 21:43:22 INFO  com.dsalgo.automation.pages.HomePage - Clicked on Sign out link.
2025-05-05 21:43:22 INFO  com.dsalgo.automation.pages.HomePage - HomePage initialized with WebDriver and waitHelper
2025-05-05 21:43:22 INFO  com.dsalgo.automation.pages.HomePage - HomePage initialized with WebDriver and waitHelper
2025-05-05 21:43:22 INFO  com.dsalgo.automation.pages.LoginPage - LoginPage initialized with WebDriver and waitHelper
2025-05-05 21:43:22 INFO  com.dsalgo.automation.pages.HomePage - Navigated to DSAlgo portal: https://dsportalapp.herokuapp.com/
2025-05-05 21:43:22 INFO  com.dsalgo.automation.pages.HomePage - Clicked on Get Started button in DSAlgo Portal.
2025-05-05 21:43:22 INFO  com.dsalgo.automation.utils.NavigationUtil - Navigated to DS Algo Home Page
2025-05-05 21:43:23 INFO  com.dsalgo.automation.pages.HomePage - Clicked on Signin link.
2025-05-05 21:43:23 INFO  com.dsalgo.automation.utils.NavigationUtil - Login performed successfully
2025-05-05 21:43:23 INFO  com.dsalgo.automation.pages.HomePage - clicked Get Startedlink on stack
2025-05-05 21:43:23 INFO  com.dsalgo.automation.utils.NavigationUtil - Login performed successfully
2025-05-05 21:43:23 INFO  com.dsalgo.automation.pages.HomePage - clicked Get Startedlink on Array 
2025-05-05 21:43:23 INFO  com.dsalgo.automation.tests.ArrayPageTest - Redirected to Operations in Stack Landing page successfully
2025-05-05 21:43:24 INFO  com.dsalgo.automation.pages.HomePage - Clicked on Sign out link.
2025-05-05 21:43:24 INFO  com.dsalgo.automation.pages.HomePage - HomePage initialized with WebDriver and waitHelper
2025-05-05 21:43:24 INFO  com.dsalgo.automation.pages.HomePage - HomePage initialized with WebDriver and waitHelper
2025-05-05 21:43:24 INFO  com.dsalgo.automation.pages.LoginPage - LoginPage initialized with WebDriver and waitHelper
2025-05-05 21:43:24 INFO  com.dsalgo.automation.pages.HomePage - Navigated to DSAlgo portal: https://dsportalapp.herokuapp.com/
2025-05-05 21:43:24 INFO  com.dsalgo.automation.pages.HomePage - Clicked on Get Started button in DSAlgo Portal.
2025-05-05 21:43:24 INFO  com.dsalgo.automation.utils.NavigationUtil - Navigated to DS Algo Home Page
2025-05-05 21:43:24 INFO  com.dsalgo.automation.pages.HomePage - Clicked on Signin link.
2025-05-05 21:43:25 INFO  com.dsalgo.automation.utils.NavigationUtil - Login performed successfully
2025-05-05 21:43:25 INFO  com.dsalgo.automation.pages.HomePage - clicked Get Startedlink on stack
2025-05-05 21:43:25 INFO  com.dsalgo.automation.pages.HomePage - Clicked on Sign out link.
2025-05-05 21:43:25 DEBUG org.apache.poi.openxml4j.opc.PackageRelationshipCollection - Parsing relationship: /xl/_rels/workbook.xml.rels
2025-05-05 21:43:25 DEBUG org.apache.poi.openxml4j.opc.PackageRelationshipCollection - Parsing relationship: /_rels/.rels
2025-05-05 21:43:25 INFO  com.dsalgo.automation.pages.HomePage - HomePage initialized with WebDriver and waitHelper
2025-05-05 21:43:25 INFO  com.dsalgo.automation.pages.HomePage - HomePage initialized with WebDriver and waitHelper
2025-05-05 21:43:25 INFO  com.dsalgo.automation.pages.LoginPage - LoginPage initialized with WebDriver and waitHelper
2025-05-05 21:43:25 INFO  com.dsalgo.automation.pages.HomePage - Navigated to DSAlgo portal: https://dsportalapp.herokuapp.com/
2025-05-05 21:43:25 INFO  com.dsalgo.automation.pages.HomePage - Clicked on Get Started button in DSAlgo Portal.
2025-05-05 21:43:25 INFO  com.dsalgo.automation.utils.NavigationUtil - Navigated to DS Algo Home Page
2025-05-05 21:43:25 INFO  com.dsalgo.automation.pages.HomePage - Clicked on Signin link.
2025-05-05 21:43:25 INFO  com.dsalgo.automation.utils.NavigationUtil - Login performed successfully
2025-05-05 21:43:26 INFO  com.dsalgo.automation.pages.HomePage - clicked Get Startedlink on Array 
2025-05-05 21:43:26 INFO  com.dsalgo.automation.tests.ArrayPageTest - Redirected to Operations in Stack Text edit Landing page successfully
2025-05-05 21:43:27 INFO  com.dsalgo.automation.pages.HomePage - Clicked on Sign out link.
2025-05-05 21:43:27 INFO  com.dsalgo.automation.pages.HomePage - HomePage initialized with WebDriver and waitHelper
2025-05-05 21:43:27 INFO  com.dsalgo.automation.pages.HomePage - HomePage initialized with WebDriver and waitHelper
2025-05-05 21:43:27 INFO  com.dsalgo.automation.pages.LoginPage - LoginPage initialized with WebDriver and waitHelper
2025-05-05 21:43:27 INFO  com.dsalgo.automation.pages.HomePage - Navigated to DSAlgo portal: https://dsportalapp.herokuapp.com/
2025-05-05 21:43:27 INFO  com.dsalgo.automation.tests.ArrayPageTest - Actual Output upon clicking Run is 1
1
2
2
2025-05-05 21:43:27 INFO  com.dsalgo.automation.pages.HomePage - Clicked on Get Started button in DSAlgo Portal.
2025-05-05 21:43:27 INFO  com.dsalgo.automation.utils.NavigationUtil - Navigated to DS Algo Home Page
2025-05-05 21:43:27 INFO  com.dsalgo.automation.pages.HomePage - Clicked on Signin link.
2025-05-05 21:43:27 INFO  com.dsalgo.automation.utils.NavigationUtil - Login performed successfully
2025-05-05 21:43:27 INFO  com.dsalgo.automation.pages.HomePage - Clicked on Sign out link.
2025-05-05 21:43:27 INFO  com.dsalgo.automation.pages.HomePage - HomePage initialized with WebDriver and waitHelper
2025-05-05 21:43:27 INFO  com.dsalgo.automation.pages.HomePage - HomePage initialized with WebDriver and waitHelper
2025-05-05 21:43:27 INFO  com.dsalgo.automation.pages.LoginPage - LoginPage initialized with WebDriver and waitHelper
2025-05-05 21:43:27 INFO  com.dsalgo.automation.pages.HomePage - Navigated to DSAlgo portal: https://dsportalapp.herokuapp.com/
2025-05-05 21:43:27 INFO  com.dsalgo.automation.pages.HomePage - Clicked on Get Started button in DSAlgo Portal.
2025-05-05 21:43:27 INFO  com.dsalgo.automation.utils.NavigationUtil - Navigated to DS Algo Home Page
2025-05-05 21:43:28 INFO  com.dsalgo.automation.pages.HomePage - Clicked on Signin link.
2025-05-05 21:43:28 INFO  com.dsalgo.automation.pages.HomePage - clicked Get Startedlink on stack
2025-05-05 21:43:28 INFO  com.dsalgo.automation.tests.ArrayPageTest - Redirected to Stack Applications Landing page successfully
2025-05-05 21:43:28 INFO  com.dsalgo.automation.utils.NavigationUtil - Login performed successfully
2025-05-05 21:43:28 INFO  com.dsalgo.automation.pages.HomePage - clicked Get Startedlink on Array 
2025-05-05 21:43:28 INFO  com.dsalgo.automation.pages.HomePage - Clicked on Sign out link.
2025-05-05 21:43:28 INFO  com.dsalgo.automation.pages.HomePage - HomePage initialized with WebDriver and waitHelper
2025-05-05 21:43:28 INFO  com.dsalgo.automation.pages.HomePage - HomePage initialized with WebDriver and waitHelper
2025-05-05 21:43:28 INFO  com.dsalgo.automation.pages.LoginPage - LoginPage initialized with WebDriver and waitHelper
2025-05-05 21:43:29 INFO  com.dsalgo.automation.pages.HomePage - Navigated to DSAlgo portal: https://dsportalapp.herokuapp.com/
2025-05-05 21:43:29 INFO  com.dsalgo.automation.pages.HomePage - Clicked on Get Started button in DSAlgo Portal.
2025-05-05 21:43:29 INFO  com.dsalgo.automation.utils.NavigationUtil - Navigated to DS Algo Home Page
2025-05-05 21:43:29 INFO  com.dsalgo.automation.pages.HomePage - Clicked on Signin link.
2025-05-05 21:43:29 INFO  com.dsalgo.automation.utils.NavigationUtil - Login performed successfully
2025-05-05 21:43:30 INFO  com.dsalgo.automation.pages.HomePage - Clicked on Sign out link.
2025-05-05 21:43:30 INFO  com.dsalgo.automation.pages.HomePage - HomePage initialized with WebDriver and waitHelper
2025-05-05 21:43:30 INFO  com.dsalgo.automation.pages.HomePage - HomePage initialized with WebDriver and waitHelper
2025-05-05 21:43:30 INFO  com.dsalgo.automation.pages.LoginPage - LoginPage initialized with WebDriver and waitHelper
2025-05-05 21:43:30 INFO  com.dsalgo.automation.pages.HomePage - clicked Get Startedlink on stack
2025-05-05 21:43:30 INFO  com.dsalgo.automation.pages.HomePage - Navigated to DSAlgo portal: https://dsportalapp.herokuapp.com/
2025-05-05 21:43:30 INFO  com.dsalgo.automation.pages.HomePage - Clicked on Get Started button in DSAlgo Portal.
2025-05-05 21:43:30 INFO  com.dsalgo.automation.utils.NavigationUtil - Navigated to DS Algo Home Page
2025-05-05 21:43:30 INFO  com.dsalgo.automation.pages.HomePage - Clicked on Signin link.
2025-05-05 21:43:30 INFO  com.dsalgo.automation.pages.HomePage - Clicked on Sign out link.
2025-05-05 21:43:30 INFO  com.dsalgo.automation.pages.HomePage - HomePage initialized with WebDriver and waitHelper
2025-05-05 21:43:30 INFO  com.dsalgo.automation.pages.HomePage - HomePage initialized with WebDriver and waitHelper
2025-05-05 21:43:30 INFO  com.dsalgo.automation.pages.LoginPage - LoginPage initialized with WebDriver and waitHelper
2025-05-05 21:43:30 INFO  com.dsalgo.automation.tests.ArrayPageTest - Redirected to Stack Practiece link Text edit Landing page successfully
2025-05-05 21:43:31 INFO  com.dsalgo.automation.pages.HomePage - Navigated to DSAlgo portal: https://dsportalapp.herokuapp.com/
2025-05-05 21:43:31 INFO  com.dsalgo.automation.utils.NavigationUtil - Login performed successfully
2025-05-05 21:43:31 INFO  com.dsalgo.automation.pages.HomePage - clicked Get Startedlink on Array 
2025-05-05 21:43:31 INFO  com.dsalgo.automation.pages.HomePage - Clicked on Sign out link.
2025-05-05 21:43:31 INFO  com.dsalgo.automation.pages.HomePage - HomePage initialized with WebDriver and waitHelper
2025-05-05 21:43:31 INFO  com.dsalgo.automation.pages.HomePage - HomePage initialized with WebDriver and waitHelper
2025-05-05 21:43:31 INFO  com.dsalgo.automation.pages.LoginPage - LoginPage initialized with WebDriver and waitHelper
2025-05-05 21:43:31 INFO  com.dsalgo.automation.pages.HomePage - Navigated to DSAlgo portal: https://dsportalapp.herokuapp.com/
2025-05-05 21:43:31 INFO  com.dsalgo.automation.pages.HomePage - Clicked on Get Started button in DSAlgo Portal.
2025-05-05 21:43:31 INFO  com.dsalgo.automation.utils.NavigationUtil - Navigated to DS Algo Home Page
2025-05-05 21:43:31 INFO  com.dsalgo.automation.pages.HomePage - Clicked on Signin link.
2025-05-05 21:43:31 INFO  com.dsalgo.automation.utils.NavigationUtil - Login performed successfully
2025-05-05 21:43:32 INFO  com.dsalgo.automation.pages.HomePage - Clicked on Get Started button in DSAlgo Portal.
2025-05-05 21:43:32 INFO  com.dsalgo.automation.utils.NavigationUtil - Navigated to DS Algo Home Page
2025-05-05 21:43:32 INFO  com.dsalgo.automation.pages.HomePage - clicked Get Startedlink on stack
2025-05-05 21:43:32 INFO  com.dsalgo.automation.pages.HomePage - Clicked on Sign out link.
2025-05-05 21:43:32 INFO  com.dsalgo.automation.pages.HomePage - HomePage initialized with WebDriver and waitHelper
2025-05-05 21:43:32 INFO  com.dsalgo.automation.pages.HomePage - HomePage initialized with WebDriver and waitHelper
2025-05-05 21:43:32 INFO  com.dsalgo.automation.pages.LoginPage - LoginPage initialized with WebDriver and waitHelper
2025-05-05 21:43:32 INFO  com.dsalgo.automation.pages.HomePage - Navigated to DSAlgo portal: https://dsportalapp.herokuapp.com/
2025-05-05 21:43:32 INFO  com.dsalgo.automation.pages.HomePage - Clicked on Get Started button in DSAlgo Portal.
2025-05-05 21:43:32 INFO  com.dsalgo.automation.utils.NavigationUtil - Navigated to DS Algo Home Page
2025-05-05 21:43:32 INFO  com.dsalgo.automation.tests.ArrayPageTest - Redirected to Operations in Stack Landing page successfully
2025-05-05 21:43:33 INFO  com.dsalgo.automation.pages.HomePage - Clicked on Signin link.
2025-05-05 21:43:33 INFO  com.dsalgo.automation.pages.HomePage - Clicked on Sign out link.
2025-05-05 21:43:33 INFO  com.dsalgo.automation.pages.HomePage - HomePage initialized with WebDriver and waitHelper
2025-05-05 21:43:33 INFO  com.dsalgo.automation.pages.HomePage - HomePage initialized with WebDriver and waitHelper
2025-05-05 21:43:33 INFO  com.dsalgo.automation.pages.LoginPage - LoginPage initialized with WebDriver and waitHelper
2025-05-05 21:43:33 INFO  com.dsalgo.automation.pages.HomePage - Navigated to DSAlgo portal: https://dsportalapp.herokuapp.com/
2025-05-05 21:43:33 INFO  com.dsalgo.automation.pages.HomePage - Clicked on Signin link.
2025-05-05 21:43:33 INFO  com.dsalgo.automation.pages.HomePage - Clicked on Get Started button in DSAlgo Portal.
2025-05-05 21:43:33 INFO  com.dsalgo.automation.utils.NavigationUtil - Navigated to DS Algo Home Page
2025-05-05 21:43:33 INFO  com.dsalgo.automation.utils.NavigationUtil - Login performed successfully
2025-05-05 21:43:33 INFO  com.dsalgo.automation.pages.HomePage - Clicked on Signin link.
2025-05-05 21:43:33 INFO  com.dsalgo.automation.utils.NavigationUtil - Login performed successfully
2025-05-05 21:43:33 INFO  com.dsalgo.automation.pages.HomePage - clicked Get Startedlink on Array 
2025-05-05 21:43:34 INFO  com.dsalgo.automation.utils.NavigationUtil - Login performed successfully
2025-05-05 21:43:34 INFO  com.dsalgo.automation.pages.HomePage - clicked Get Startedlink on stack
2025-05-05 21:43:34 INFO  com.dsalgo.automation.pages.HomePage - clicked Get Startedlink on LinkedList
2025-05-05 21:43:34 INFO  com.dsalgo.automation.tests.ArrayPageTest - Redirected to stack Implementation Text edit Landing page successfully
2025-05-05 21:43:35 INFO  com.dsalgo.automation.pages.HomePage - Clicked on Sign out link.
2025-05-05 21:43:35 DEBUG org.apache.poi.openxml4j.opc.PackageRelationshipCollection - Parsing relationship: /xl/_rels/workbook.xml.rels
2025-05-05 21:43:35 DEBUG org.apache.poi.openxml4j.opc.PackageRelationshipCollection - Parsing relationship: /_rels/.rels
2025-05-05 21:43:35 INFO  com.dsalgo.automation.pages.HomePage - HomePage initialized with WebDriver and waitHelper
2025-05-05 21:43:35 INFO  com.dsalgo.automation.pages.HomePage - HomePage initialized with WebDriver and waitHelper
2025-05-05 21:43:35 INFO  com.dsalgo.automation.pages.LoginPage - LoginPage initialized with WebDriver and waitHelper
2025-05-05 21:43:35 INFO  com.dsalgo.automation.pages.HomePage - Navigated to DSAlgo portal: https://dsportalapp.herokuapp.com/
2025-05-05 21:43:35 INFO  com.dsalgo.automation.pages.HomePage - Clicked on Sign out link.
2025-05-05 21:43:35 INFO  com.dsalgo.automation.pages.HomePage - HomePage initialized with WebDriver and waitHelper
2025-05-05 21:43:35 INFO  com.dsalgo.automation.pages.HomePage - HomePage initialized with WebDriver and waitHelper
2025-05-05 21:43:35 INFO  com.dsalgo.automation.pages.LoginPage - LoginPage initialized with WebDriver and waitHelper
2025-05-05 21:43:35 INFO  com.dsalgo.automation.pages.HomePage - Navigated to DSAlgo portal: https://dsportalapp.herokuapp.com/
2025-05-05 21:43:35 INFO  com.dsalgo.automation.pages.HomePage - Clicked on Get Started button in DSAlgo Portal.
2025-05-05 21:43:35 INFO  com.dsalgo.automation.utils.NavigationUtil - Navigated to DS Algo Home Page
2025-05-05 21:43:35 INFO  com.dsalgo.automation.pages.HomePage - Clicked on Get Started button in DSAlgo Portal.
2025-05-05 21:43:35 INFO  com.dsalgo.automation.utils.NavigationUtil - Navigated to DS Algo Home Page
2025-05-05 21:43:35 INFO  com.dsalgo.automation.pages.HomePage - Clicked on Signin link.
2025-05-05 21:43:35 INFO  com.dsalgo.automation.pages.HomePage - Clicked on Signin link.
2025-05-05 21:43:36 INFO  com.dsalgo.automation.utils.NavigationUtil - Login performed successfully
2025-05-05 21:43:36 INFO  com.dsalgo.automation.pages.HomePage - clicked Get Startedlink on Array 
2025-05-05 21:43:36 INFO  com.dsalgo.automation.utils.NavigationUtil - Login performed successfully
2025-05-05 21:43:36 INFO  com.dsalgo.automation.pages.HomePage - clicked Get Startedlink on stack
2025-05-05 21:43:36 INFO  com.dsalgo.automation.tests.ArrayPageTest - Redirected to Practice Questions Landing page successfully
2025-05-05 21:43:37 INFO  com.dsalgo.automation.tests.ArrayPageTest - Actual Output upon clicking Run is Element Found
2025-05-05 21:43:37 INFO  com.dsalgo.automation.pages.HomePage - Clicked on Sign out link.
2025-05-05 21:43:37 DEBUG org.apache.poi.openxml4j.opc.PackageRelationshipCollection - Parsing relationship: /xl/_rels/workbook.xml.rels
2025-05-05 21:43:37 DEBUG org.apache.poi.openxml4j.opc.PackageRelationshipCollection - Parsing relationship: /_rels/.rels
2025-05-05 21:43:37 INFO  com.dsalgo.automation.pages.HomePage - HomePage initialized with WebDriver and waitHelper
2025-05-05 21:43:37 INFO  com.dsalgo.automation.pages.HomePage - HomePage initialized with WebDriver and waitHelper
2025-05-05 21:43:37 INFO  com.dsalgo.automation.pages.LoginPage - LoginPage initialized with WebDriver and waitHelper
2025-05-05 21:43:37 INFO  com.dsalgo.automation.pages.HomePage - Clicked on Sign out link.
2025-05-05 21:43:37 INFO  com.dsalgo.automation.pages.HomePage - HomePage initialized with WebDriver and waitHelper
2025-05-05 21:43:37 INFO  com.dsalgo.automation.pages.HomePage - HomePage initialized with WebDriver and waitHelper
2025-05-05 21:43:37 INFO  com.dsalgo.automation.pages.LoginPage - LoginPage initialized with WebDriver and waitHelper
2025-05-05 21:43:37 INFO  com.dsalgo.automation.pages.HomePage - Navigated to DSAlgo portal: https://dsportalapp.herokuapp.com/
2025-05-05 21:43:37 INFO  com.dsalgo.automation.pages.HomePage - Navigated to DSAlgo portal: https://dsportalapp.herokuapp.com/
2025-05-05 21:43:37 INFO  com.dsalgo.automation.pages.HomePage - Clicked on Get Started button in DSAlgo Portal.
2025-05-05 21:43:37 INFO  com.dsalgo.automation.utils.NavigationUtil - Navigated to DS Algo Home Page
2025-05-05 21:43:37 INFO  com.dsalgo.automation.pages.HomePage - Clicked on Get Started button in DSAlgo Portal.
2025-05-05 21:43:37 INFO  com.dsalgo.automation.utils.NavigationUtil - Navigated to DS Algo Home Page
2025-05-05 21:43:37 INFO  com.dsalgo.automation.pages.HomePage - Clicked on Signin link.
2025-05-05 21:43:37 INFO  com.dsalgo.automation.pages.HomePage - Clicked on Signin link.
2025-05-05 21:43:37 INFO  com.dsalgo.automation.utils.NavigationUtil - Login performed successfully
2025-05-05 21:43:38 INFO  com.dsalgo.automation.pages.HomePage - clicked Get Startedlink on stack
2025-05-05 21:43:38 INFO  com.dsalgo.automation.utils.NavigationUtil - Login performed successfully
2025-05-05 21:43:38 INFO  com.dsalgo.automation.pages.HomePage - clicked Get Startedlink on Array 
2025-05-05 21:43:39 INFO  com.dsalgo.automation.tests.ArrayPageTest - Actual Output upon clicking Run is Element Not Found
2025-05-05 21:43:39 INFO  com.dsalgo.automation.pages.HomePage - Clicked on Sign out link.
2025-05-05 21:43:39 INFO  com.dsalgo.automation.pages.HomePage - HomePage initialized with WebDriver and waitHelper
2025-05-05 21:43:39 INFO  com.dsalgo.automation.pages.HomePage - HomePage initialized with WebDriver and waitHelper
2025-05-05 21:43:39 INFO  com.dsalgo.automation.pages.LoginPage - LoginPage initialized with WebDriver and waitHelper
2025-05-05 21:43:40 INFO  com.dsalgo.automation.pages.HomePage - Navigated to DSAlgo portal: https://dsportalapp.herokuapp.com/
2025-05-05 21:43:40 INFO  com.dsalgo.automation.pages.HomePage - Clicked on Get Started button in DSAlgo Portal.
2025-05-05 21:43:40 INFO  com.dsalgo.automation.utils.NavigationUtil - Navigated to DS Algo Home Page
2025-05-05 21:43:40 INFO  com.dsalgo.automation.pages.HomePage - Clicked on Sign out link.
2025-05-05 21:43:40 INFO  com.dsalgo.automation.pages.HomePage - HomePage initialized with WebDriver and waitHelper
2025-05-05 21:43:40 INFO  com.dsalgo.automation.pages.HomePage - HomePage initialized with WebDriver and waitHelper
2025-05-05 21:43:40 INFO  com.dsalgo.automation.pages.LoginPage - LoginPage initialized with WebDriver and waitHelper
2025-05-05 21:43:40 INFO  com.dsalgo.automation.pages.HomePage - Clicked on Signin link.
2025-05-05 21:43:40 INFO  com.dsalgo.automation.pages.HomePage - Navigated to DSAlgo portal: https://dsportalapp.herokuapp.com/
2025-05-05 21:43:40 INFO  com.dsalgo.automation.pages.HomePage - Clicked on Get Started button in DSAlgo Portal.
2025-05-05 21:43:40 INFO  com.dsalgo.automation.utils.NavigationUtil - Navigated to DS Algo Home Page
2025-05-05 21:43:40 INFO  com.dsalgo.automation.pages.HomePage - Clicked on Signin link.
2025-05-05 21:43:40 INFO  com.dsalgo.automation.utils.NavigationUtil - Login performed successfully
2025-05-05 21:43:40 INFO  com.dsalgo.automation.utils.NavigationUtil - Login performed successfully
2025-05-05 21:43:40 INFO  com.dsalgo.automation.pages.HomePage - clicked Get Startedlink on stack
2025-05-05 21:43:41 INFO  com.dsalgo.automation.pages.HomePage - clicked Get Startedlink on Array 
2025-05-05 21:43:42 INFO  com.dsalgo.automation.pages.HomePage - Clicked on Sign out link.
2025-05-05 21:43:42 INFO  com.dsalgo.automation.pages.HomePage - HomePage initialized with WebDriver and waitHelper
2025-05-05 21:43:42 INFO  com.dsalgo.automation.pages.HomePage - HomePage initialized with WebDriver and waitHelper
2025-05-05 21:43:42 INFO  com.dsalgo.automation.pages.LoginPage - LoginPage initialized with WebDriver and waitHelper
2025-05-05 21:43:42 INFO  com.dsalgo.automation.pages.HomePage - Navigated to DSAlgo portal: https://dsportalapp.herokuapp.com/
2025-05-05 21:43:42 INFO  com.dsalgo.automation.pages.HomePage - Clicked on Get Started button in DSAlgo Portal.
2025-05-05 21:43:42 INFO  com.dsalgo.automation.utils.NavigationUtil - Navigated to DS Algo Home Page
2025-05-05 21:43:42 INFO  com.dsalgo.automation.pages.HomePage - Clicked on Signin link.
2025-05-05 21:43:42 INFO  com.dsalgo.automation.pages.HomePage - Clicked on Sign out link.
2025-05-05 21:43:42 INFO  com.dsalgo.automation.pages.HomePage - HomePage initialized with WebDriver and waitHelper
2025-05-05 21:43:42 INFO  com.dsalgo.automation.pages.HomePage - HomePage initialized with WebDriver and waitHelper
2025-05-05 21:43:42 INFO  com.dsalgo.automation.pages.LoginPage - LoginPage initialized with WebDriver and waitHelper
2025-05-05 21:43:42 INFO  com.dsalgo.automation.pages.HomePage - Navigated to DSAlgo portal: https://dsportalapp.herokuapp.com/
2025-05-05 21:43:43 INFO  com.dsalgo.automation.pages.HomePage - Clicked on Get Started button in DSAlgo Portal.
2025-05-05 21:43:43 INFO  com.dsalgo.automation.utils.NavigationUtil - Navigated to DS Algo Home Page
2025-05-05 21:43:43 INFO  com.dsalgo.automation.utils.NavigationUtil - Login performed successfully
2025-05-05 21:43:43 INFO  com.dsalgo.automation.pages.HomePage - clicked Get Startedlink on stack
2025-05-05 21:43:43 INFO  com.dsalgo.automation.pages.HomePage - Clicked on Signin link.
2025-05-05 21:43:43 INFO  com.dsalgo.automation.pages.HomePage - Clicked on Sign out link.
2025-05-05 21:43:43 INFO  com.dsalgo.automation.pages.HomePage - HomePage initialized with WebDriver and waitHelper
2025-05-05 21:43:43 INFO  com.dsalgo.automation.pages.HomePage - HomePage initialized with WebDriver and waitHelper
2025-05-05 21:43:43 INFO  com.dsalgo.automation.pages.LoginPage - LoginPage initialized with WebDriver and waitHelper
2025-05-05 21:43:43 INFO  com.dsalgo.automation.tests.ArrayPageTest - Tested alert with code: System.out.println("Hello,World"); | Alert: NameError: name 'System' is not defined on line 1
2025-05-05 21:43:44 INFO  com.dsalgo.automation.utils.NavigationUtil - Login performed successfully
2025-05-05 21:43:44 INFO  com.dsalgo.automation.pages.HomePage - clicked Get Startedlink on Array 
2025-05-05 21:43:44 INFO  com.dsalgo.automation.pages.HomePage - Clicked on Sign out link.
2025-05-05 21:43:44 INFO  com.dsalgo.automation.pages.HomePage - Navigated to DSAlgo portal: https://dsportalapp.herokuapp.com/
2025-05-05 21:43:45 INFO  com.dsalgo.automation.pages.HomePage - Clicked on Sign out link.
2025-05-05 21:43:45 INFO  com.dsalgo.automation.pages.HomePage - HomePage initialized with WebDriver and waitHelper
2025-05-05 21:43:45 INFO  com.dsalgo.automation.pages.HomePage - HomePage initialized with WebDriver and waitHelper
2025-05-05 21:43:45 INFO  com.dsalgo.automation.pages.LoginPage - LoginPage initialized with WebDriver and waitHelper
2025-05-05 21:43:45 INFO  com.dsalgo.automation.pages.HomePage - Navigated to DSAlgo portal: https://dsportalapp.herokuapp.com/
2025-05-05 21:43:45 INFO  com.dsalgo.automation.pages.HomePage - Clicked on Get Started button in DSAlgo Portal.
2025-05-05 21:43:45 INFO  com.dsalgo.automation.utils.NavigationUtil - Navigated to DS Algo Home Page
2025-05-05 21:43:45 INFO  com.dsalgo.automation.pages.HomePage - Clicked on Get Started button in DSAlgo Portal.
2025-05-05 21:43:45 INFO  com.dsalgo.automation.utils.NavigationUtil - Navigated to DS Algo Home Page
2025-05-05 21:43:45 INFO  com.dsalgo.automation.pages.HomePage - Clicked on Signin link.
2025-05-05 21:43:46 INFO  com.dsalgo.automation.utils.NavigationUtil - Login performed successfully
2025-05-05 21:43:46 INFO  com.dsalgo.automation.pages.HomePage - clicked Get Startedlink on Array 
2025-05-05 21:43:47 INFO  com.dsalgo.automation.pages.HomePage - Clicked on Signin link.
2025-05-05 21:43:47 INFO  com.dsalgo.automation.pages.HomePage - Clicked on Sign out link.
2025-05-05 21:43:47 INFO  com.dsalgo.automation.pages.HomePage - HomePage initialized with WebDriver and waitHelper
2025-05-05 21:43:47 INFO  com.dsalgo.automation.pages.HomePage - HomePage initialized with WebDriver and waitHelper
2025-05-05 21:43:47 INFO  com.dsalgo.automation.pages.LoginPage - LoginPage initialized with WebDriver and waitHelper
2025-05-05 21:43:47 INFO  com.dsalgo.automation.pages.HomePage - Navigated to DSAlgo portal: https://dsportalapp.herokuapp.com/
2025-05-05 21:43:48 INFO  com.dsalgo.automation.pages.HomePage - Clicked on Get Started button in DSAlgo Portal.
2025-05-05 21:43:48 INFO  com.dsalgo.automation.utils.NavigationUtil - Navigated to DS Algo Home Page
2025-05-05 21:43:48 INFO  com.dsalgo.automation.pages.HomePage - Clicked on Signin link.
2025-05-05 21:43:48 INFO  com.dsalgo.automation.utils.NavigationUtil - Login performed successfully
2025-05-05 21:43:48 INFO  com.dsalgo.automation.utils.NavigationUtil - Login performed successfully
2025-05-05 21:43:48 INFO  com.dsalgo.automation.pages.HomePage - clicked Get Startedlink on LinkedList
2025-05-05 21:43:48 INFO  com.dsalgo.automation.pages.HomePage - clicked Get Startedlink on Array 
2025-05-05 21:43:49 INFO  com.dsalgo.automation.pages.HomePage - HomePage initialized with WebDriver and waitHelper
2025-05-05 21:43:49 INFO  com.dsalgo.automation.pages.LoginPage - LoginPage initialized with WebDriver and waitHelper
2025-05-05 21:43:49 INFO  com.dsalgo.automation.pages.HomePage - Navigated to DSAlgo portal: https://dsportalapp.herokuapp.com/
2025-05-05 21:43:50 INFO  com.dsalgo.automation.pages.HomePage - Clicked on Get Started button in DSAlgo Portal.
2025-05-05 21:43:50 INFO  com.dsalgo.automation.utils.NavigationUtil - Navigated to DS Algo Home Page
2025-05-05 21:43:50 INFO  com.dsalgo.automation.pages.HomePage - Clicked on Signin link.
2025-05-05 21:43:50 INFO  com.dsalgo.automation.pages.HomePage - Clicked on Sign out link.
2025-05-05 21:43:50 INFO  com.dsalgo.automation.pages.HomePage - HomePage initialized with WebDriver and waitHelper
2025-05-05 21:43:50 INFO  com.dsalgo.automation.pages.HomePage - HomePage initialized with WebDriver and waitHelper
2025-05-05 21:43:50 INFO  com.dsalgo.automation.pages.LoginPage - LoginPage initialized with WebDriver and waitHelper
2025-05-05 21:43:50 INFO  com.dsalgo.automation.pages.HomePage - Navigated to DSAlgo portal: https://dsportalapp.herokuapp.com/
2025-05-05 21:43:50 INFO  com.dsalgo.automation.pages.HomePage - Clicked on Get Started button in DSAlgo Portal.
2025-05-05 21:43:50 INFO  com.dsalgo.automation.utils.NavigationUtil - Navigated to DS Algo Home Page
2025-05-05 21:43:50 INFO  com.dsalgo.automation.utils.NavigationUtil - Login performed successfully
2025-05-05 21:43:50 INFO  com.dsalgo.automation.pages.HomePage - clicked Get Startedlink on queue 
2025-05-05 21:43:50 INFO  com.dsalgo.automation.pages.HomePage - Clicked on Signin link.
2025-05-05 21:43:51 INFO  com.dsalgo.automation.utils.NavigationUtil - Login performed successfully
2025-05-05 21:43:51 INFO  com.dsalgo.automation.pages.HomePage - clicked Get Startedlink on Array 
2025-05-05 21:43:51 INFO  com.dsalgo.automation.pages.HomePage - Clicked on Sign out link.
2025-05-05 21:43:51 INFO  com.dsalgo.automation.pages.HomePage - HomePage initialized with WebDriver and waitHelper
2025-05-05 21:43:51 INFO  com.dsalgo.automation.pages.LoginPage - LoginPage initialized with WebDriver and waitHelper
2025-05-05 21:43:51 INFO  com.dsalgo.automation.pages.HomePage - Navigated to DSAlgo portal: https://dsportalapp.herokuapp.com/
2025-05-05 21:43:52 INFO  com.dsalgo.automation.pages.HomePage - Clicked on Get Started button in DSAlgo Portal.
2025-05-05 21:43:52 INFO  com.dsalgo.automation.utils.NavigationUtil - Navigated to DS Algo Home Page
2025-05-05 21:43:52 INFO  com.dsalgo.automation.pages.HomePage - Clicked on Signin link.
2025-05-05 21:43:52 INFO  com.dsalgo.automation.utils.NavigationUtil - Login performed successfully
2025-05-05 21:43:52 INFO  com.dsalgo.automation.pages.HomePage - clicked Get Startedlink on queue 
2025-05-05 21:43:53 INFO  com.dsalgo.automation.tests.ArrayPageTest - Actual Output upon clicking Submit is Error occurred during submission
2025-05-05 21:43:53 ERROR com.dsalgo.automation.tests.QueuePageTest - Assertion failed: expected [true] but found [false]
2025-05-05 21:43:53 INFO  com.dsalgo.automation.pages.HomePage - Clicked on Sign out link.
2025-05-05 21:43:53 INFO  com.dsalgo.automation.pages.HomePage - HomePage initialized with WebDriver and waitHelper
2025-05-05 21:43:53 INFO  com.dsalgo.automation.pages.HomePage - HomePage initialized with WebDriver and waitHelper
2025-05-05 21:43:53 INFO  com.dsalgo.automation.pages.LoginPage - LoginPage initialized with WebDriver and waitHelper
2025-05-05 21:43:53 INFO  com.dsalgo.automation.pages.HomePage - Navigated to DSAlgo portal: https://dsportalapp.herokuapp.com/
2025-05-05 21:43:53 INFO  com.dsalgo.automation.pages.HomePage - Clicked on Get Started button in DSAlgo Portal.
2025-05-05 21:43:53 INFO  com.dsalgo.automation.utils.NavigationUtil - Navigated to DS Algo Home Page
2025-05-05 21:43:53 INFO  com.dsalgo.automation.pages.HomePage - Clicked on Sign out link.
2025-05-05 21:43:53 INFO  com.dsalgo.automation.pages.HomePage - HomePage initialized with WebDriver and waitHelper
2025-05-05 21:43:53 INFO  com.dsalgo.automation.pages.LoginPage - LoginPage initialized with WebDriver and waitHelper
2025-05-05 21:43:53 INFO  com.dsalgo.automation.pages.HomePage - Clicked on Signin link.
2025-05-05 21:43:53 INFO  com.dsalgo.automation.pages.HomePage - Navigated to DSAlgo portal: https://dsportalapp.herokuapp.com/
2025-05-05 21:43:54 INFO  com.dsalgo.automation.pages.HomePage - Clicked on Get Started button in DSAlgo Portal.
2025-05-05 21:43:54 INFO  com.dsalgo.automation.utils.NavigationUtil - Navigated to DS Algo Home Page
2025-05-05 21:43:54 INFO  com.dsalgo.automation.pages.HomePage - Clicked on Signin link.
2025-05-05 21:43:54 INFO  com.dsalgo.automation.utils.NavigationUtil - Login performed successfully
2025-05-05 21:43:54 INFO  com.dsalgo.automation.utils.NavigationUtil - Login performed successfully
2025-05-05 21:43:54 INFO  com.dsalgo.automation.pages.HomePage - clicked Get Startedlink on Array 
2025-05-05 21:43:55 INFO  com.dsalgo.automation.pages.HomePage - clicked Get Startedlink on queue 
2025-05-05 21:43:55 INFO  com.dsalgo.automation.pages.HomePage - Clicked on Sign out link.
2025-05-05 21:43:55 INFO  com.dsalgo.automation.pages.HomePage - HomePage initialized with WebDriver and waitHelper
2025-05-05 21:43:55 INFO  com.dsalgo.automation.pages.HomePage - HomePage initialized with WebDriver and waitHelper
2025-05-05 21:43:55 INFO  com.dsalgo.automation.pages.LoginPage - LoginPage initialized with WebDriver and waitHelper
2025-05-05 21:43:55 INFO  com.dsalgo.automation.pages.HomePage - Navigated to DSAlgo portal: https://dsportalapp.herokuapp.com/
2025-05-05 21:43:55 INFO  com.dsalgo.automation.pages.HomePage - Clicked on Get Started button in DSAlgo Portal.
2025-05-05 21:43:55 INFO  com.dsalgo.automation.utils.NavigationUtil - Navigated to DS Algo Home Page
2025-05-05 21:43:55 ERROR com.dsalgo.automation.tests.QueuePageTest - Assertion failed: expected [true] but found [false]
2025-05-05 21:43:56 INFO  com.dsalgo.automation.pages.HomePage - Clicked on Signin link.
2025-05-05 21:43:56 INFO  com.dsalgo.automation.pages.HomePage - Clicked on Sign out link.
2025-05-05 21:43:56 INFO  com.dsalgo.automation.pages.HomePage - HomePage initialized with WebDriver and waitHelper
2025-05-05 21:43:56 INFO  com.dsalgo.automation.pages.LoginPage - LoginPage initialized with WebDriver and waitHelper
2025-05-05 21:43:56 INFO  com.dsalgo.automation.pages.HomePage - Navigated to DSAlgo portal: https://dsportalapp.herokuapp.com/
2025-05-05 21:43:56 INFO  com.dsalgo.automation.tests.ArrayPageTest - Actual Output upon clicking Submit is Error occurred during submission
2025-05-05 21:43:56 INFO  com.dsalgo.automation.pages.HomePage - Clicked on Get Started button in DSAlgo Portal.
2025-05-05 21:43:56 INFO  com.dsalgo.automation.utils.NavigationUtil - Navigated to DS Algo Home Page
2025-05-05 21:43:56 INFO  com.dsalgo.automation.pages.HomePage - Clicked on Signin link.
2025-05-05 21:43:56 INFO  com.dsalgo.automation.utils.NavigationUtil - Login performed successfully
2025-05-05 21:43:57 INFO  com.dsalgo.automation.utils.NavigationUtil - Login performed successfully
2025-05-05 21:43:57 INFO  com.dsalgo.automation.pages.HomePage - Clicked on Sign out link.
2025-05-05 21:43:57 INFO  com.dsalgo.automation.pages.HomePage - clicked Get Startedlink on LinkedList
2025-05-05 21:43:57 DEBUG org.apache.poi.openxml4j.opc.PackageRelationshipCollection - Parsing relationship: /xl/_rels/workbook.xml.rels
2025-05-05 21:43:57 DEBUG org.apache.poi.openxml4j.opc.PackageRelationshipCollection - Parsing relationship: /_rels/.rels
2025-05-05 21:43:57 INFO  com.dsalgo.automation.pages.HomePage - HomePage initialized with WebDriver and waitHelper
2025-05-05 21:43:57 INFO  com.dsalgo.automation.pages.HomePage - HomePage initialized with WebDriver and waitHelper
2025-05-05 21:43:57 INFO  com.dsalgo.automation.pages.LoginPage - LoginPage initialized with WebDriver and waitHelper
2025-05-05 21:43:57 INFO  com.dsalgo.automation.pages.HomePage - Navigated to DSAlgo portal: https://dsportalapp.herokuapp.com/
2025-05-05 21:43:57 INFO  com.dsalgo.automation.pages.HomePage - clicked Get Startedlink on queue 
2025-05-05 21:43:57 INFO  com.dsalgo.automation.pages.HomePage - Clicked on Get Started button in DSAlgo Portal.
2025-05-05 21:43:57 INFO  com.dsalgo.automation.utils.NavigationUtil - Navigated to DS Algo Home Page
2025-05-05 21:43:57 INFO  com.dsalgo.automation.pages.HomePage - Clicked on Signin link.
2025-05-05 21:43:57 INFO  com.dsalgo.automation.utils.NavigationUtil - Login performed successfully
2025-05-05 21:43:58 ERROR com.dsalgo.automation.tests.QueuePageTest - Assertion failed: expected [true] but found [false]
2025-05-05 21:43:58 INFO  com.dsalgo.automation.pages.HomePage - clicked Get Startedlink on Array 
2025-05-05 21:43:58 INFO  com.dsalgo.automation.pages.HomePage - Clicked on Sign out link.
2025-05-05 21:43:58 DEBUG org.apache.poi.openxml4j.opc.PackageRelationshipCollection - Parsing relationship: /xl/_rels/workbook.xml.rels
2025-05-05 21:43:58 DEBUG org.apache.poi.openxml4j.opc.PackageRelationshipCollection - Parsing relationship: /_rels/.rels
2025-05-05 21:43:58 INFO  com.dsalgo.automation.pages.HomePage - HomePage initialized with WebDriver and waitHelper
2025-05-05 21:43:58 INFO  com.dsalgo.automation.pages.LoginPage - LoginPage initialized with WebDriver and waitHelper
2025-05-05 21:43:58 INFO  com.dsalgo.automation.pages.HomePage - Navigated to DSAlgo portal: https://dsportalapp.herokuapp.com/
2025-05-05 21:43:59 INFO  com.dsalgo.automation.pages.HomePage - Clicked on Get Started button in DSAlgo Portal.
2025-05-05 21:43:59 INFO  com.dsalgo.automation.utils.NavigationUtil - Navigated to DS Algo Home Page
2025-05-05 21:43:59 INFO  com.dsalgo.automation.pages.HomePage - Clicked on Signin link.
2025-05-05 21:43:59 INFO  com.dsalgo.automation.utils.NavigationUtil - Login performed successfully
2025-05-05 21:43:59 INFO  com.dsalgo.automation.tests.ArrayPageTest - Actual Output upon clicking Run is [4, 9, 9, 49, 121]
2025-05-05 21:43:59 INFO  com.dsalgo.automation.pages.HomePage - Clicked on Sign out link.
2025-05-05 21:43:59 INFO  com.dsalgo.automation.pages.HomePage - HomePage initialized with WebDriver and waitHelper
2025-05-05 21:43:59 INFO  com.dsalgo.automation.pages.HomePage - HomePage initialized with WebDriver and waitHelper
2025-05-05 21:43:59 INFO  com.dsalgo.automation.pages.LoginPage - LoginPage initialized with WebDriver and waitHelper
2025-05-05 21:43:59 INFO  com.dsalgo.automation.pages.HomePage - Navigated to DSAlgo portal: https://dsportalapp.herokuapp.com/
2025-05-05 21:43:59 INFO  com.dsalgo.automation.pages.HomePage - clicked Get Startedlink on queue 
2025-05-05 21:44:00 INFO  com.dsalgo.automation.pages.HomePage - Clicked on Get Started button in DSAlgo Portal.
2025-05-05 21:44:00 INFO  com.dsalgo.automation.utils.NavigationUtil - Navigated to DS Algo Home Page
2025-05-05 21:44:00 INFO  com.dsalgo.automation.pages.HomePage - Clicked on Signin link.
2025-05-05 21:44:01 INFO  com.dsalgo.automation.utils.NavigationUtil - Login performed successfully
2025-05-05 21:44:01 INFO  com.dsalgo.automation.pages.HomePage - clicked Get Startedlink on Array 
2025-05-05 21:44:01 INFO  com.dsalgo.automation.pages.HomePage - Clicked on Sign out link.
2025-05-05 21:44:01 INFO  com.dsalgo.automation.pages.HomePage - HomePage initialized with WebDriver and waitHelper
2025-05-05 21:44:01 INFO  com.dsalgo.automation.pages.LoginPage - LoginPage initialized with WebDriver and waitHelper
2025-05-05 21:44:02 INFO  com.dsalgo.automation.pages.HomePage - Navigated to DSAlgo portal: https://dsportalapp.herokuapp.com/
2025-05-05 21:44:02 INFO  com.dsalgo.automation.pages.HomePage - Clicked on Get Started button in DSAlgo Portal.
2025-05-05 21:44:02 INFO  com.dsalgo.automation.utils.NavigationUtil - Navigated to DS Algo Home Page
2025-05-05 21:44:02 INFO  com.dsalgo.automation.pages.HomePage - Clicked on Signin link.
2025-05-05 21:44:02 INFO  com.dsalgo.automation.utils.NavigationUtil - Login performed successfully
2025-05-05 21:44:02 INFO  com.dsalgo.automation.pages.HomePage - Clicked on Sign out link.
2025-05-05 21:44:02 INFO  com.dsalgo.automation.pages.HomePage - HomePage initialized with WebDriver and waitHelper
2025-05-05 21:44:02 INFO  com.dsalgo.automation.pages.HomePage - HomePage initialized with WebDriver and waitHelper
2025-05-05 21:44:02 INFO  com.dsalgo.automation.pages.LoginPage - LoginPage initialized with WebDriver and waitHelper
2025-05-05 21:44:02 INFO  com.dsalgo.automation.pages.HomePage - Navigated to DSAlgo portal: https://dsportalapp.herokuapp.com/
2025-05-05 21:44:02 INFO  com.dsalgo.automation.pages.HomePage - Clicked on Get Started button in DSAlgo Portal.
2025-05-05 21:44:02 INFO  com.dsalgo.automation.utils.NavigationUtil - Navigated to DS Algo Home Page
2025-05-05 21:44:02 INFO  com.dsalgo.automation.pages.HomePage - clicked Get Startedlink on queue 
2025-05-05 21:44:03 INFO  com.dsalgo.automation.pages.HomePage - Clicked on Signin link.
2025-05-05 21:44:03 INFO  com.dsalgo.automation.utils.NavigationUtil - Login performed successfully
2025-05-05 21:44:03 INFO  com.dsalgo.automation.pages.HomePage - Clicked on Sign out link.
2025-05-05 21:44:03 INFO  com.dsalgo.automation.pages.HomePage - HomePage initialized with WebDriver and waitHelper
2025-05-05 21:44:03 INFO  com.dsalgo.automation.pages.HomePage - HomePage initialized with WebDriver and waitHelper
2025-05-05 21:44:03 INFO  com.dsalgo.automation.pages.LoginPage - LoginPage initialized with WebDriver and waitHelper
2025-05-05 21:44:03 INFO  com.dsalgo.automation.pages.HomePage - Navigated to DSAlgo portal: https://dsportalapp.herokuapp.com/
2025-05-05 21:44:03 INFO  com.dsalgo.automation.pages.HomePage - clicked Get Startedlink on Array 
2025-05-05 21:44:04 INFO  com.dsalgo.automation.pages.HomePage - Clicked on Get Started button in DSAlgo Portal.
2025-05-05 21:44:04 INFO  com.dsalgo.automation.utils.NavigationUtil - Navigated to DS Algo Home Page
2025-05-05 21:44:04 INFO  com.dsalgo.automation.pages.HomePage - Clicked on Sign out link.
2025-05-05 21:44:04 INFO  com.dsalgo.automation.pages.HomePage - HomePage initialized with WebDriver and waitHelper
2025-05-05 21:44:04 INFO  com.dsalgo.automation.pages.LoginPage - LoginPage initialized with WebDriver and waitHelper
2025-05-05 21:44:04 INFO  com.dsalgo.automation.pages.HomePage - Navigated to DSAlgo portal: https://dsportalapp.herokuapp.com/
2025-05-05 21:44:04 INFO  com.dsalgo.automation.pages.HomePage - Clicked on Get Started button in DSAlgo Portal.
2025-05-05 21:44:04 INFO  com.dsalgo.automation.utils.NavigationUtil - Navigated to DS Algo Home Page
2025-05-05 21:44:04 INFO  com.dsalgo.automation.pages.HomePage - Clicked on Signin link.
2025-05-05 21:44:04 INFO  com.dsalgo.automation.pages.HomePage - Clicked on Signin link.
2025-05-05 21:44:05 INFO  com.dsalgo.automation.utils.NavigationUtil - Login performed successfully
2025-05-05 21:44:05 INFO  com.dsalgo.automation.pages.HomePage - clicked Get Startedlink on LinkedList
2025-05-05 21:44:05 INFO  com.dsalgo.automation.utils.NavigationUtil - Login performed successfully
2025-05-05 21:44:05 INFO  com.dsalgo.automation.pages.HomePage - clicked Get Startedlink on queue 
2025-05-05 21:44:05 INFO  com.dsalgo.automation.pages.HomePage - Clicked on Sign out link.
2025-05-05 21:44:05 INFO  com.dsalgo.automation.pages.HomePage - HomePage initialized with WebDriver and waitHelper
2025-05-05 21:44:05 INFO  com.dsalgo.automation.pages.HomePage - HomePage initialized with WebDriver and waitHelper
2025-05-05 21:44:05 INFO  com.dsalgo.automation.pages.LoginPage - LoginPage initialized with WebDriver and waitHelper
2025-05-05 21:44:06 INFO  com.dsalgo.automation.pages.HomePage - Navigated to DSAlgo portal: https://dsportalapp.herokuapp.com/
2025-05-05 21:44:06 INFO  com.dsalgo.automation.pages.HomePage - Clicked on Get Started button in DSAlgo Portal.
2025-05-05 21:44:06 INFO  com.dsalgo.automation.utils.NavigationUtil - Navigated to DS Algo Home Page
2025-05-05 21:44:06 INFO  com.dsalgo.automation.pages.HomePage - Clicked on Signin link.
2025-05-05 21:44:06 INFO  com.dsalgo.automation.utils.NavigationUtil - Login performed successfully
2025-05-05 21:44:06 INFO  com.dsalgo.automation.pages.HomePage - Clicked on Sign out link.
2025-05-05 21:44:06 INFO  com.dsalgo.automation.pages.HomePage - HomePage initialized with WebDriver and waitHelper
2025-05-05 21:44:06 INFO  com.dsalgo.automation.pages.LoginPage - LoginPage initialized with WebDriver and waitHelper
2025-05-05 21:44:06 INFO  com.dsalgo.automation.pages.HomePage - Navigated to DSAlgo portal: https://dsportalapp.herokuapp.com/
2025-05-05 21:44:06 INFO  com.dsalgo.automation.pages.HomePage - Clicked on Get Started button in DSAlgo Portal.
2025-05-05 21:44:06 INFO  com.dsalgo.automation.utils.NavigationUtil - Navigated to DS Algo Home Page
2025-05-05 21:44:06 INFO  com.dsalgo.automation.pages.HomePage - clicked Get Startedlink on Array 
2025-05-05 21:44:06 INFO  com.dsalgo.automation.pages.HomePage - Clicked on Signin link.
2025-05-05 21:44:07 INFO  com.dsalgo.automation.utils.NavigationUtil - Login performed successfully
2025-05-05 21:44:07 INFO  com.dsalgo.automation.pages.HomePage - clicked Get Startedlink on queue 
2025-05-05 21:44:08 INFO  com.dsalgo.automation.pages.HomePage - Clicked on Sign out link.
2025-05-05 21:44:08 INFO  com.dsalgo.automation.pages.HomePage - HomePage initialized with WebDriver and waitHelper
2025-05-05 21:44:08 INFO  com.dsalgo.automation.pages.LoginPage - LoginPage initialized with WebDriver and waitHelper
2025-05-05 21:44:08 INFO  com.dsalgo.automation.pages.HomePage - Navigated to DSAlgo portal: https://dsportalapp.herokuapp.com/
2025-05-05 21:44:08 INFO  com.dsalgo.automation.pages.HomePage - Clicked on Get Started button in DSAlgo Portal.
2025-05-05 21:44:08 INFO  com.dsalgo.automation.utils.NavigationUtil - Navigated to DS Algo Home Page
2025-05-05 21:44:08 INFO  com.dsalgo.automation.pages.HomePage - Clicked on Sign out link.
2025-05-05 21:44:08 INFO  com.dsalgo.automation.pages.HomePage - HomePage initialized with WebDriver and waitHelper
2025-05-05 21:44:08 INFO  com.dsalgo.automation.pages.HomePage - HomePage initialized with WebDriver and waitHelper
2025-05-05 21:44:08 INFO  com.dsalgo.automation.pages.LoginPage - LoginPage initialized with WebDriver and waitHelper
2025-05-05 21:44:08 INFO  com.dsalgo.automation.pages.HomePage - Clicked on Signin link.
2025-05-05 21:44:08 INFO  com.dsalgo.automation.pages.HomePage - Navigated to DSAlgo portal: https://dsportalapp.herokuapp.com/
2025-05-05 21:44:08 INFO  com.dsalgo.automation.pages.HomePage - Clicked on Get Started button in DSAlgo Portal.
2025-05-05 21:44:08 INFO  com.dsalgo.automation.utils.NavigationUtil - Navigated to DS Algo Home Page
2025-05-05 21:44:09 INFO  com.dsalgo.automation.pages.HomePage - Clicked on Signin link.
2025-05-05 21:44:09 INFO  com.dsalgo.automation.utils.NavigationUtil - Login performed successfully
2025-05-05 21:44:09 INFO  com.dsalgo.automation.utils.NavigationUtil - Login performed successfully
2025-05-05 21:44:09 INFO  com.dsalgo.automation.pages.HomePage - clicked Get Startedlink on queue 
2025-05-05 21:44:09 INFO  com.dsalgo.automation.pages.HomePage - clicked Get Startedlink on Array 
2025-05-05 21:44:10 ERROR com.dsalgo.automation.tests.QueuePageTest - Assertion failed: expected [true] but found [false]
2025-05-05 21:44:10 INFO  com.dsalgo.automation.pages.HomePage - Clicked on Sign out link.
2025-05-05 21:44:10 INFO  com.dsalgo.automation.pages.HomePage - HomePage initialized with WebDriver and waitHelper
2025-05-05 21:44:10 INFO  com.dsalgo.automation.pages.LoginPage - LoginPage initialized with WebDriver and waitHelper
2025-05-05 21:44:10 INFO  com.dsalgo.automation.pages.HomePage - Navigated to DSAlgo portal: https://dsportalapp.herokuapp.com/
2025-05-05 21:44:10 INFO  com.dsalgo.automation.pages.HomePage - Clicked on Get Started button in DSAlgo Portal.
2025-05-05 21:44:10 INFO  com.dsalgo.automation.utils.NavigationUtil - Navigated to DS Algo Home Page
2025-05-05 21:44:10 INFO  com.dsalgo.automation.pages.HomePage - Clicked on Signin link.
2025-05-05 21:44:11 INFO  com.dsalgo.automation.tests.ArrayPageTest - Actual Output upon clicking Submit is  No tests were collected
2025-05-05 21:44:11 INFO  com.dsalgo.automation.pages.HomePage - Clicked on Sign out link.
2025-05-05 21:44:11 INFO  com.dsalgo.automation.pages.HomePage - HomePage initialized with WebDriver and waitHelper
2025-05-05 21:44:11 INFO  com.dsalgo.automation.pages.HomePage - HomePage initialized with WebDriver and waitHelper
2025-05-05 21:44:11 INFO  com.dsalgo.automation.pages.LoginPage - LoginPage initialized with WebDriver and waitHelper
2025-05-05 21:44:11 INFO  com.dsalgo.automation.pages.HomePage - Navigated to DSAlgo portal: https://dsportalapp.herokuapp.com/
2025-05-05 21:44:11 INFO  com.dsalgo.automation.utils.NavigationUtil - Login performed successfully
2025-05-05 21:44:11 INFO  com.dsalgo.automation.pages.HomePage - clicked Get Startedlink on queue 
2025-05-05 21:44:11 INFO  com.dsalgo.automation.pages.HomePage - Clicked on Sign out link.
2025-05-05 21:44:11 DEBUG org.apache.poi.openxml4j.opc.PackageRelationshipCollection - Parsing relationship: /xl/_rels/workbook.xml.rels
2025-05-05 21:44:11 DEBUG org.apache.poi.openxml4j.opc.PackageRelationshipCollection - Parsing relationship: /_rels/.rels
2025-05-05 21:44:11 INFO  com.dsalgo.automation.pages.HomePage - HomePage initialized with WebDriver and waitHelper
2025-05-05 21:44:11 INFO  com.dsalgo.automation.pages.HomePage - HomePage initialized with WebDriver and waitHelper
2025-05-05 21:44:11 INFO  com.dsalgo.automation.pages.LoginPage - LoginPage initialized with WebDriver and waitHelper
2025-05-05 21:44:11 INFO  com.dsalgo.automation.pages.HomePage - Navigated to DSAlgo portal: https://dsportalapp.herokuapp.com/
2025-05-05 21:44:11 INFO  com.dsalgo.automation.pages.HomePage - Clicked on Get Started button in DSAlgo Portal.
2025-05-05 21:44:11 INFO  com.dsalgo.automation.utils.NavigationUtil - Navigated to DS Algo Home Page
2025-05-05 21:44:11 INFO  com.dsalgo.automation.pages.HomePage - Clicked on Get Started button in DSAlgo Portal.
2025-05-05 21:44:11 INFO  com.dsalgo.automation.utils.NavigationUtil - Navigated to DS Algo Home Page
2025-05-05 21:44:11 INFO  com.dsalgo.automation.pages.HomePage - Clicked on Signin link.
2025-05-05 21:44:12 ERROR com.dsalgo.automation.tests.QueuePageTest - Assertion failed: expected [true] but found [false]
2025-05-05 21:44:12 INFO  com.dsalgo.automation.pages.HomePage - Clicked on Signin link.
2025-05-05 21:44:12 INFO  com.dsalgo.automation.utils.NavigationUtil - Login performed successfully
2025-05-05 21:44:12 INFO  com.dsalgo.automation.pages.HomePage - Clicked on Sign out link.
2025-05-05 21:44:12 INFO  com.dsalgo.automation.pages.HomePage - HomePage initialized with WebDriver and waitHelper
2025-05-05 21:44:12 INFO  com.dsalgo.automation.pages.LoginPage - LoginPage initialized with WebDriver and waitHelper
2025-05-05 21:44:12 INFO  com.dsalgo.automation.utils.NavigationUtil - Login performed successfully
2025-05-05 21:44:12 INFO  com.dsalgo.automation.pages.HomePage - Navigated to DSAlgo portal: https://dsportalapp.herokuapp.com/
2025-05-05 21:44:12 INFO  com.dsalgo.automation.pages.HomePage - clicked Get Startedlink on Array 
2025-05-05 21:44:12 INFO  com.dsalgo.automation.pages.HomePage - Clicked on Get Started button in DSAlgo Portal.
2025-05-05 21:44:12 INFO  com.dsalgo.automation.utils.NavigationUtil - Navigated to DS Algo Home Page
2025-05-05 21:44:13 INFO  com.dsalgo.automation.pages.HomePage - clicked Get Startedlink on LinkedList
2025-05-05 21:44:13 INFO  com.dsalgo.automation.pages.HomePage - Clicked on Signin link.
2025-05-05 21:44:13 INFO  com.dsalgo.automation.utils.NavigationUtil - Login performed successfully
2025-05-05 21:44:13 INFO  com.dsalgo.automation.pages.HomePage - clicked Get Startedlink on queue 
2025-05-05 21:44:13 INFO  com.dsalgo.automation.pages.HomePage - Clicked on Sign out link.
2025-05-05 21:44:13 INFO  com.dsalgo.automation.pages.HomePage - HomePage initialized with WebDriver and waitHelper
2025-05-05 21:44:13 INFO  com.dsalgo.automation.pages.HomePage - HomePage initialized with WebDriver and waitHelper
2025-05-05 21:44:13 INFO  com.dsalgo.automation.pages.LoginPage - LoginPage initialized with WebDriver and waitHelper
2025-05-05 21:44:14 INFO  com.dsalgo.automation.pages.HomePage - Navigated to DSAlgo portal: https://dsportalapp.herokuapp.com/
2025-05-05 21:44:14 INFO  com.dsalgo.automation.pages.HomePage - Clicked on Get Started button in DSAlgo Portal.
2025-05-05 21:44:14 INFO  com.dsalgo.automation.utils.NavigationUtil - Navigated to DS Algo Home Page
2025-05-05 21:44:14 ERROR com.dsalgo.automation.tests.QueuePageTest - Assertion failed: expected [true] but found [false]
2025-05-05 21:44:14 INFO  com.dsalgo.automation.pages.HomePage - Clicked on Signin link.
2025-05-05 21:44:14 INFO  com.dsalgo.automation.pages.HomePage - Clicked on Sign out link.
2025-05-05 21:44:14 DEBUG org.apache.poi.openxml4j.opc.PackageRelationshipCollection - Parsing relationship: /xl/_rels/workbook.xml.rels
2025-05-05 21:44:14 DEBUG org.apache.poi.openxml4j.opc.PackageRelationshipCollection - Parsing relationship: /_rels/.rels
2025-05-05 21:44:14 INFO  com.dsalgo.automation.pages.HomePage - HomePage initialized with WebDriver and waitHelper
2025-05-05 21:44:14 INFO  com.dsalgo.automation.pages.LoginPage - LoginPage initialized with WebDriver and waitHelper
2025-05-05 21:44:15 INFO  com.dsalgo.automation.utils.NavigationUtil - Login performed successfully
2025-05-05 21:44:15 INFO  com.dsalgo.automation.pages.HomePage - Navigated to DSAlgo portal: https://dsportalapp.herokuapp.com/
2025-05-05 21:44:15 INFO  com.dsalgo.automation.pages.HomePage - clicked Get Startedlink on Array 
2025-05-05 21:44:15 INFO  com.dsalgo.automation.pages.HomePage - Clicked on Get Started button in DSAlgo Portal.
2025-05-05 21:44:15 INFO  com.dsalgo.automation.utils.NavigationUtil - Navigated to DS Algo Home Page
2025-05-05 21:44:15 INFO  com.dsalgo.automation.pages.HomePage - Clicked on Signin link.
2025-05-05 21:44:15 INFO  com.dsalgo.automation.utils.NavigationUtil - Login performed successfully
2025-05-05 21:44:16 INFO  com.dsalgo.automation.pages.HomePage - clicked Get Startedlink on queue 
2025-05-05 21:44:16 INFO  com.dsalgo.automation.pages.HomePage - Clicked on Sign out link.
2025-05-05 21:44:16 INFO  com.dsalgo.automation.pages.HomePage - HomePage initialized with WebDriver and waitHelper
2025-05-05 21:44:16 INFO  com.dsalgo.automation.pages.HomePage - HomePage initialized with WebDriver and waitHelper
2025-05-05 21:44:16 INFO  com.dsalgo.automation.pages.LoginPage - LoginPage initialized with WebDriver and waitHelper
2025-05-05 21:44:16 INFO  com.dsalgo.automation.pages.HomePage - Navigated to DSAlgo portal: https://dsportalapp.herokuapp.com/
2025-05-05 21:44:16 INFO  com.dsalgo.automation.pages.HomePage - Clicked on Get Started button in DSAlgo Portal.
2025-05-05 21:44:16 INFO  com.dsalgo.automation.utils.NavigationUtil - Navigated to DS Algo Home Page
2025-05-05 21:44:16 INFO  com.dsalgo.automation.pages.HomePage - Clicked on Signin link.
2025-05-05 21:44:16 INFO  com.dsalgo.automation.utils.NavigationUtil - Login performed successfully
2025-05-05 21:44:17 INFO  com.dsalgo.automation.pages.HomePage - Clicked on Sign out link.
2025-05-05 21:44:17 INFO  com.dsalgo.automation.pages.HomePage - HomePage initialized with WebDriver and waitHelper
2025-05-05 21:44:17 INFO  com.dsalgo.automation.pages.LoginPage - LoginPage initialized with WebDriver and waitHelper
2025-05-05 21:44:17 INFO  com.dsalgo.automation.pages.HomePage - Navigated to DSAlgo portal: https://dsportalapp.herokuapp.com/
2025-05-05 21:44:17 INFO  com.dsalgo.automation.pages.HomePage - clicked Get Startedlink on Array 
2025-05-05 21:44:17 INFO  com.dsalgo.automation.pages.HomePage - Clicked on Get Started button in DSAlgo Portal.
2025-05-05 21:44:17 INFO  com.dsalgo.automation.utils.NavigationUtil - Navigated to DS Algo Home Page
2025-05-05 21:44:17 INFO  com.dsalgo.automation.pages.HomePage - Clicked on Signin link.
2025-05-05 21:44:17 INFO  com.dsalgo.automation.utils.NavigationUtil - Login performed successfully
2025-05-05 21:44:18 INFO  com.dsalgo.automation.tests.ArrayPageTest - Tested alert with code: System.out.println("Hello,World"); | Alert: NameError: name 'System' is not defined on line 1
2025-05-05 21:44:18 INFO  com.dsalgo.automation.pages.HomePage - clicked Get Startedlink on queue 
2025-05-05 21:44:18 INFO  com.dsalgo.automation.pages.HomePage - Clicked on Sign out link.
2025-05-05 21:44:19 INFO  com.dsalgo.automation.pages.HomePage - Clicked on Sign out link.
2025-05-05 21:44:19 INFO  com.dsalgo.automation.pages.HomePage - HomePage initialized with WebDriver and waitHelper
2025-05-05 21:44:19 INFO  com.dsalgo.automation.pages.HomePage - HomePage initialized with WebDriver and waitHelper
2025-05-05 21:44:19 INFO  com.dsalgo.automation.pages.LoginPage - LoginPage initialized with WebDriver and waitHelper
2025-05-05 21:44:19 INFO  com.dsalgo.automation.pages.HomePage - Clicked on Sign out link.
2025-05-05 21:44:19 INFO  com.dsalgo.automation.pages.HomePage - HomePage initialized with WebDriver and waitHelper
2025-05-05 21:44:19 INFO  com.dsalgo.automation.pages.LoginPage - LoginPage initialized with WebDriver and waitHelper
2025-05-05 21:44:19 INFO  com.dsalgo.automation.pages.HomePage - Navigated to DSAlgo portal: https://dsportalapp.herokuapp.com/
2025-05-05 21:44:19 INFO  com.dsalgo.automation.pages.HomePage - Navigated to DSAlgo portal: https://dsportalapp.herokuapp.com/
2025-05-05 21:44:19 INFO  com.dsalgo.automation.pages.HomePage - Clicked on Get Started button in DSAlgo Portal.
2025-05-05 21:44:19 INFO  com.dsalgo.automation.utils.NavigationUtil - Navigated to DS Algo Home Page
2025-05-05 21:44:19 INFO  com.dsalgo.automation.pages.HomePage - Clicked on Signin link.
2025-05-05 21:44:19 INFO  com.dsalgo.automation.utils.NavigationUtil - Login performed successfully
2025-05-05 21:44:19 INFO  com.dsalgo.automation.pages.HomePage - Clicked on Get Started button in DSAlgo Portal.
2025-05-05 21:44:19 INFO  com.dsalgo.automation.utils.NavigationUtil - Navigated to DS Algo Home Page
2025-05-05 21:44:20 INFO  com.dsalgo.automation.pages.HomePage - Clicked on Signin link.
2025-05-05 21:44:20 INFO  com.dsalgo.automation.pages.HomePage - clicked Get Startedlink on queue 
2025-05-05 21:44:20 INFO  com.dsalgo.automation.utils.NavigationUtil - Login performed successfully
2025-05-05 21:44:20 INFO  com.dsalgo.automation.pages.HomePage - clicked Get Startedlink on LinkedList
2025-05-05 21:44:21 INFO  com.dsalgo.automation.pages.HomePage - Clicked on Sign out link.
2025-05-05 21:44:21 INFO  com.dsalgo.automation.pages.HomePage - HomePage initialized with WebDriver and waitHelper
2025-05-05 21:44:21 INFO  com.dsalgo.automation.pages.LoginPage - LoginPage initialized with WebDriver and waitHelper
2025-05-05 21:44:21 INFO  com.dsalgo.automation.pages.HomePage - HomePage initialized with WebDriver and waitHelper
2025-05-05 21:44:21 INFO  com.dsalgo.automation.pages.LoginPage - LoginPage initialized with WebDriver and waitHelper
2025-05-05 21:44:21 INFO  com.dsalgo.automation.pages.HomePage - Navigated to DSAlgo portal: https://dsportalapp.herokuapp.com/
2025-05-05 21:44:21 INFO  com.dsalgo.automation.pages.HomePage - Clicked on Get Started button in DSAlgo Portal.
2025-05-05 21:44:21 INFO  com.dsalgo.automation.utils.NavigationUtil - Navigated to DS Algo Home Page
2025-05-05 21:44:22 INFO  com.dsalgo.automation.pages.HomePage - Clicked on Signin link.
2025-05-05 21:44:22 INFO  com.dsalgo.automation.pages.HomePage - Navigated to DSAlgo portal: https://dsportalapp.herokuapp.com/
2025-05-05 21:44:22 INFO  com.dsalgo.automation.utils.NavigationUtil - Login performed successfully
2025-05-05 21:44:22 INFO  com.dsalgo.automation.pages.HomePage - Clicked on Get Started button in DSAlgo Portal.
2025-05-05 21:44:22 INFO  com.dsalgo.automation.utils.NavigationUtil - Navigated to DS Algo Home Page
2025-05-05 21:44:22 INFO  com.dsalgo.automation.pages.HomePage - Clicked on Signin link.
2025-05-05 21:44:22 INFO  com.dsalgo.automation.pages.HomePage - clicked Get Startedlink on queue 
2025-05-05 21:44:23 INFO  com.dsalgo.automation.utils.NavigationUtil - Login performed successfully
2025-05-05 21:44:23 INFO  com.dsalgo.automation.pages.HomePage - clicked Get Startedlink on Tree 
2025-05-05 21:44:23 INFO  com.dsalgo.automation.pages.HomePage - Clicked on Sign out link.
2025-05-05 21:44:23 INFO  com.dsalgo.automation.pages.HomePage - HomePage initialized with WebDriver and waitHelper
2025-05-05 21:44:23 INFO  com.dsalgo.automation.pages.LoginPage - LoginPage initialized with WebDriver and waitHelper
2025-05-05 21:44:23 INFO  com.dsalgo.automation.pages.HomePage - Navigated to DSAlgo portal: https://dsportalapp.herokuapp.com/
2025-05-05 21:44:24 INFO  com.dsalgo.automation.pages.HomePage - Clicked on Get Started button in DSAlgo Portal.
2025-05-05 21:44:24 INFO  com.dsalgo.automation.utils.NavigationUtil - Navigated to DS Algo Home Page
2025-05-05 21:44:24 INFO  com.dsalgo.automation.pages.HomePage - Clicked on Signin link.
2025-05-05 21:44:24 INFO  com.dsalgo.automation.utils.NavigationUtil - Login performed successfully
2025-05-05 21:44:24 INFO  com.dsalgo.automation.pages.HomePage - Clicked on Sign out link.
2025-05-05 21:44:24 INFO  com.dsalgo.automation.pages.HomePage - Navigated to DSAlgo portal: https://dsportalapp.herokuapp.com/
2025-05-05 21:44:24 INFO  com.dsalgo.automation.pages.HomePage - Clicked on Get Started button in DSAlgo Portal.
2025-05-05 21:44:24 INFO  com.dsalgo.automation.utils.NavigationUtil - Navigated to DS Algo Home Page
2025-05-05 21:44:24 INFO  com.dsalgo.automation.pages.HomePage - Clicked on Signin link.
2025-05-05 21:44:24 INFO  com.dsalgo.automation.pages.HomePage - clicked Get Startedlink on queue 
2025-05-05 21:44:24 INFO  com.dsalgo.automation.utils.NavigationUtil - Login performed successfully
2025-05-05 21:44:25 INFO  com.dsalgo.automation.pages.HomePage - clicked Get Startedlink on Tree 
2025-05-05 21:44:25 ERROR com.dsalgo.automation.tests.QueuePageTest - Assertion failed: expected [true] but found [false]
2025-05-05 21:44:25 INFO  com.dsalgo.automation.pages.HomePage - Clicked on Sign out link.
2025-05-05 21:44:25 INFO  com.dsalgo.automation.pages.HomePage - HomePage initialized with WebDriver and waitHelper
2025-05-05 21:44:25 INFO  com.dsalgo.automation.pages.LoginPage - LoginPage initialized with WebDriver and waitHelper
2025-05-05 21:44:26 INFO  com.dsalgo.automation.pages.HomePage - Navigated to DSAlgo portal: https://dsportalapp.herokuapp.com/
2025-05-05 21:44:26 INFO  com.dsalgo.automation.pages.HomePage - Clicked on Get Started button in DSAlgo Portal.
2025-05-05 21:44:26 INFO  com.dsalgo.automation.utils.NavigationUtil - Navigated to DS Algo Home Page
2025-05-05 21:44:26 INFO  com.dsalgo.automation.pages.HomePage - Clicked on Sign out link.
2025-05-05 21:44:26 INFO  com.dsalgo.automation.pages.HomePage - Clicked on Signin link.
2025-05-05 21:44:26 INFO  com.dsalgo.automation.pages.HomePage - Navigated to DSAlgo portal: https://dsportalapp.herokuapp.com/
2025-05-05 21:44:26 INFO  com.dsalgo.automation.utils.NavigationUtil - Login performed successfully
2025-05-05 21:44:26 INFO  com.dsalgo.automation.pages.HomePage - Clicked on Get Started button in DSAlgo Portal.
2025-05-05 21:44:26 INFO  com.dsalgo.automation.utils.NavigationUtil - Navigated to DS Algo Home Page
2025-05-05 21:44:26 INFO  com.dsalgo.automation.pages.HomePage - Clicked on Signin link.
2025-05-05 21:44:26 INFO  com.dsalgo.automation.utils.NavigationUtil - Login performed successfully
2025-05-05 21:44:26 INFO  com.dsalgo.automation.pages.HomePage - clicked Get Startedlink on queue 
2025-05-05 21:44:27 INFO  com.dsalgo.automation.pages.HomePage - Clicked on Sign out link.
2025-05-05 21:44:27 INFO  com.dsalgo.automation.pages.HomePage - HomePage initialized with WebDriver and waitHelper
2025-05-05 21:44:27 INFO  com.dsalgo.automation.pages.HomePage - HomePage initialized with WebDriver and waitHelper
2025-05-05 21:44:27 INFO  com.dsalgo.automation.pages.LoginPage - LoginPage initialized with WebDriver and waitHelper
2025-05-05 21:44:27 INFO  com.dsalgo.automation.pages.HomePage - clicked Get Startedlink on Tree 
2025-05-05 21:44:27 INFO  com.dsalgo.automation.pages.HomePage - Navigated to DSAlgo portal: https://dsportalapp.herokuapp.com/
2025-05-05 21:44:27 ERROR com.dsalgo.automation.tests.QueuePageTest - Assertion failed: expected [true] but found [false]
2025-05-05 21:44:27 INFO  com.dsalgo.automation.pages.HomePage - Clicked on Get Started button in DSAlgo Portal.
2025-05-05 21:44:27 INFO  com.dsalgo.automation.utils.NavigationUtil - Navigated to DS Algo Home Page
2025-05-05 21:44:27 ERROR com.dsalgo.automation.tests.TreePageTest - Assertion failed: expected [true] but found [false]
2025-05-05 21:44:28 INFO  com.dsalgo.automation.pages.HomePage - Clicked on Sign out link.
2025-05-05 21:44:28 INFO  com.dsalgo.automation.pages.HomePage - HomePage initialized with WebDriver and waitHelper
2025-05-05 21:44:28 INFO  com.dsalgo.automation.pages.LoginPage - LoginPage initialized with WebDriver and waitHelper
2025-05-05 21:44:28 INFO  com.dsalgo.automation.pages.HomePage - Navigated to DSAlgo portal: https://dsportalapp.herokuapp.com/
2025-05-05 21:44:28 INFO  com.dsalgo.automation.pages.HomePage - Clicked on Get Started button in DSAlgo Portal.
2025-05-05 21:44:28 INFO  com.dsalgo.automation.utils.NavigationUtil - Navigated to DS Algo Home Page
2025-05-05 21:44:28 INFO  com.dsalgo.automation.pages.HomePage - Clicked on Signin link.
2025-05-05 21:44:28 INFO  com.dsalgo.automation.pages.HomePage - Clicked on Signin link.
2025-05-05 21:44:28 INFO  com.dsalgo.automation.pages.HomePage - Clicked on Sign out link.
2025-05-05 21:44:28 INFO  com.dsalgo.automation.utils.NavigationUtil - Login performed successfully
2025-05-05 21:44:28 INFO  com.dsalgo.automation.pages.HomePage - Navigated to DSAlgo portal: https://dsportalapp.herokuapp.com/
2025-05-05 21:44:28 INFO  com.dsalgo.automation.pages.HomePage - Clicked on Get Started button in DSAlgo Portal.
2025-05-05 21:44:28 INFO  com.dsalgo.automation.utils.NavigationUtil - Navigated to DS Algo Home Page
2025-05-05 21:44:28 INFO  com.dsalgo.automation.pages.HomePage - Clicked on Signin link.
2025-05-05 21:44:28 INFO  com.dsalgo.automation.pages.HomePage - clicked Get Startedlink on LinkedList
2025-05-05 21:44:29 INFO  com.dsalgo.automation.utils.NavigationUtil - Login performed successfully
2025-05-05 21:44:29 INFO  com.dsalgo.automation.pages.HomePage - clicked Get Startedlink on queue 
2025-05-05 21:44:29 INFO  com.dsalgo.automation.utils.NavigationUtil - Login performed successfully
2025-05-05 21:44:29 INFO  com.dsalgo.automation.pages.HomePage - clicked Get Startedlink on Tree 
2025-05-05 21:44:29 ERROR com.dsalgo.automation.tests.QueuePageTest - Assertion failed: expected [true] but found [false]
2025-05-05 21:44:30 ERROR com.dsalgo.automation.tests.TreePageTest - Assertion failed: expected [true] but found [false]
2025-05-05 21:44:30 INFO  com.dsalgo.automation.pages.HomePage - Clicked on Sign out link.
2025-05-05 21:44:30 DEBUG org.apache.poi.openxml4j.opc.PackageRelationshipCollection - Parsing relationship: /xl/_rels/workbook.xml.rels
2025-05-05 21:44:30 DEBUG org.apache.poi.openxml4j.opc.PackageRelationshipCollection - Parsing relationship: /_rels/.rels
2025-05-05 21:44:30 INFO  com.dsalgo.automation.pages.HomePage - HomePage initialized with WebDriver and waitHelper
2025-05-05 21:44:30 INFO  com.dsalgo.automation.pages.LoginPage - LoginPage initialized with WebDriver and waitHelper
2025-05-05 21:44:30 INFO  com.dsalgo.automation.pages.HomePage - Navigated to DSAlgo portal: https://dsportalapp.herokuapp.com/
2025-05-05 21:44:30 INFO  com.dsalgo.automation.pages.HomePage - Clicked on Get Started button in DSAlgo Portal.
2025-05-05 21:44:30 INFO  com.dsalgo.automation.utils.NavigationUtil - Navigated to DS Algo Home Page
2025-05-05 21:44:30 INFO  com.dsalgo.automation.pages.HomePage - Clicked on Sign out link.
2025-05-05 21:44:30 INFO  com.dsalgo.automation.pages.HomePage - Navigated to DSAlgo portal: https://dsportalapp.herokuapp.com/
2025-05-05 21:44:30 INFO  com.dsalgo.automation.pages.HomePage - Clicked on Signin link.
2025-05-05 21:44:30 INFO  com.dsalgo.automation.pages.HomePage - Clicked on Get Started button in DSAlgo Portal.
2025-05-05 21:44:30 INFO  com.dsalgo.automation.utils.NavigationUtil - Navigated to DS Algo Home Page
2025-05-05 21:44:30 INFO  com.dsalgo.automation.utils.NavigationUtil - Login performed successfully
2025-05-05 21:44:30 INFO  com.dsalgo.automation.pages.HomePage - Clicked on Signin link.
2025-05-05 21:44:31 INFO  com.dsalgo.automation.pages.HomePage - clicked Get Startedlink on queue 
2025-05-05 21:44:31 INFO  com.dsalgo.automation.utils.NavigationUtil - Login performed successfully
2025-05-05 21:44:31 INFO  com.dsalgo.automation.pages.HomePage - clicked Get Startedlink on Tree 
2025-05-05 21:44:32 ERROR com.dsalgo.automation.tests.TreePageTest - Assertion failed: expected [true] but found [false]
2025-05-05 21:44:32 INFO  com.dsalgo.automation.pages.HomePage - Clicked on Sign out link.
2025-05-05 21:44:32 INFO  com.dsalgo.automation.pages.HomePage - HomePage initialized with WebDriver and waitHelper
2025-05-05 21:44:32 INFO  com.dsalgo.automation.pages.LoginPage - LoginPage initialized with WebDriver and waitHelper
2025-05-05 21:44:32 INFO  com.dsalgo.automation.pages.HomePage - Navigated to DSAlgo portal: https://dsportalapp.herokuapp.com/
2025-05-05 21:44:32 INFO  com.dsalgo.automation.pages.HomePage - Clicked on Get Started button in DSAlgo Portal.
2025-05-05 21:44:32 INFO  com.dsalgo.automation.utils.NavigationUtil - Navigated to DS Algo Home Page
2025-05-05 21:44:32 INFO  com.dsalgo.automation.pages.HomePage - Clicked on Signin link.
2025-05-05 21:44:32 INFO  com.dsalgo.automation.pages.HomePage - Clicked on Sign out link.
2025-05-05 21:44:32 DEBUG org.apache.poi.openxml4j.opc.PackageRelationshipCollection - Parsing relationship: /xl/_rels/workbook.xml.rels
2025-05-05 21:44:32 DEBUG org.apache.poi.openxml4j.opc.PackageRelationshipCollection - Parsing relationship: /_rels/.rels
2025-05-05 21:44:33 INFO  com.dsalgo.automation.pages.HomePage - Navigated to DSAlgo portal: https://dsportalapp.herokuapp.com/
2025-05-05 21:44:33 INFO  com.dsalgo.automation.pages.HomePage - Clicked on Get Started button in DSAlgo Portal.
2025-05-05 21:44:33 INFO  com.dsalgo.automation.utils.NavigationUtil - Navigated to DS Algo Home Page
2025-05-05 21:44:33 INFO  com.dsalgo.automation.utils.NavigationUtil - Login performed successfully
2025-05-05 21:44:33 INFO  com.dsalgo.automation.pages.HomePage - Clicked on Signin link.
2025-05-05 21:44:33 INFO  com.dsalgo.automation.pages.HomePage - clicked Get Startedlink on queue 
2025-05-05 21:44:33 INFO  com.dsalgo.automation.utils.NavigationUtil - Login performed successfully
2025-05-05 21:44:33 INFO  com.dsalgo.automation.pages.HomePage - clicked Get Startedlink on Tree 
2025-05-05 21:44:34 INFO  com.dsalgo.automation.pages.HomePage - Clicked on Sign out link.
2025-05-05 21:44:34 INFO  com.dsalgo.automation.pages.HomePage - HomePage initialized with WebDriver and waitHelper
2025-05-05 21:44:34 INFO  com.dsalgo.automation.pages.LoginPage - LoginPage initialized with WebDriver and waitHelper
2025-05-05 21:44:34 INFO  com.dsalgo.automation.pages.HomePage - Navigated to DSAlgo portal: https://dsportalapp.herokuapp.com/
2025-05-05 21:44:34 INFO  com.dsalgo.automation.pages.HomePage - Clicked on Get Started button in DSAlgo Portal.
2025-05-05 21:44:34 INFO  com.dsalgo.automation.utils.NavigationUtil - Navigated to DS Algo Home Page
2025-05-05 21:44:34 INFO  com.dsalgo.automation.pages.HomePage - Clicked on Signin link.
2025-05-05 21:44:35 INFO  com.dsalgo.automation.utils.NavigationUtil - Login performed successfully
2025-05-05 21:44:35 INFO  com.dsalgo.automation.pages.HomePage - clicked Get Startedlink on queue 
2025-05-05 21:44:35 INFO  com.dsalgo.automation.pages.HomePage - Clicked on Sign out link.
2025-05-05 21:44:36 INFO  com.dsalgo.automation.pages.HomePage - Navigated to DSAlgo portal: https://dsportalapp.herokuapp.com/
2025-05-05 21:44:36 INFO  com.dsalgo.automation.pages.HomePage - Clicked on Get Started button in DSAlgo Portal.
2025-05-05 21:44:36 INFO  com.dsalgo.automation.utils.NavigationUtil - Navigated to DS Algo Home Page
2025-05-05 21:44:36 INFO  com.dsalgo.automation.pages.HomePage - Clicked on Signin link.
2025-05-05 21:44:36 INFO  com.dsalgo.automation.pages.HomePage - Clicked on Sign out link.
2025-05-05 21:44:36 INFO  com.dsalgo.automation.pages.HomePage - HomePage initialized with WebDriver and waitHelper
2025-05-05 21:44:36 INFO  com.dsalgo.automation.pages.LoginPage - LoginPage initialized with WebDriver and waitHelper
2025-05-05 21:44:36 INFO  com.dsalgo.automation.pages.HomePage - Navigated to DSAlgo portal: https://dsportalapp.herokuapp.com/
2025-05-05 21:44:36 INFO  com.dsalgo.automation.pages.HomePage - Clicked on Get Started button in DSAlgo Portal.
2025-05-05 21:44:36 INFO  com.dsalgo.automation.utils.NavigationUtil - Navigated to DS Algo Home Page
2025-05-05 21:44:36 INFO  com.dsalgo.automation.pages.HomePage - Clicked on Signin link.
2025-05-05 21:44:36 INFO  com.dsalgo.automation.utils.NavigationUtil - Login performed successfully
2025-05-05 21:44:37 INFO  com.dsalgo.automation.pages.HomePage - clicked Get Startedlink on Tree 
2025-05-05 21:44:37 INFO  com.dsalgo.automation.utils.NavigationUtil - Login performed successfully
2025-05-05 21:44:37 INFO  com.dsalgo.automation.pages.HomePage - clicked Get Startedlink on queue 
2025-05-05 21:44:38 INFO  com.dsalgo.automation.pages.HomePage - Clicked on Sign out link.
2025-05-05 21:44:38 INFO  com.dsalgo.automation.pages.HomePage - Navigated to DSAlgo portal: https://dsportalapp.herokuapp.com/
2025-05-05 21:44:38 INFO  com.dsalgo.automation.pages.HomePage - Clicked on Sign out link.
2025-05-05 21:44:38 INFO  com.dsalgo.automation.pages.HomePage - HomePage initialized with WebDriver and waitHelper
2025-05-05 21:44:38 INFO  com.dsalgo.automation.pages.LoginPage - LoginPage initialized with WebDriver and waitHelper
2025-05-05 21:44:38 INFO  com.dsalgo.automation.pages.HomePage - Clicked on Get Started button in DSAlgo Portal.
2025-05-05 21:44:38 INFO  com.dsalgo.automation.utils.NavigationUtil - Navigated to DS Algo Home Page
2025-05-05 21:44:38 INFO  com.dsalgo.automation.pages.HomePage - Navigated to DSAlgo portal: https://dsportalapp.herokuapp.com/
2025-05-05 21:44:38 INFO  com.dsalgo.automation.pages.HomePage - Clicked on Get Started button in DSAlgo Portal.
2025-05-05 21:44:38 INFO  com.dsalgo.automation.utils.NavigationUtil - Navigated to DS Algo Home Page
2025-05-05 21:44:38 INFO  com.dsalgo.automation.pages.HomePage - Clicked on Signin link.
2025-05-05 21:44:38 INFO  com.dsalgo.automation.pages.HomePage - Clicked on Signin link.
2025-05-05 21:44:39 INFO  com.dsalgo.automation.utils.NavigationUtil - Login performed successfully
2025-05-05 21:44:39 INFO  com.dsalgo.automation.pages.HomePage - Clicked on Sign out link.
2025-05-05 21:44:39 INFO  com.dsalgo.automation.pages.HomePage - HomePage initialized with WebDriver and waitHelper
2025-05-05 21:44:39 INFO  com.dsalgo.automation.pages.HomePage - HomePage initialized with WebDriver and waitHelper
2025-05-05 21:44:39 INFO  com.dsalgo.automation.pages.LoginPage - LoginPage initialized with WebDriver and waitHelper
2025-05-05 21:44:39 INFO  com.dsalgo.automation.utils.NavigationUtil - Login performed successfully
2025-05-05 21:44:39 INFO  com.dsalgo.automation.pages.HomePage - clicked Get Startedlink on Tree 
2025-05-05 21:44:39 INFO  com.dsalgo.automation.pages.HomePage - Navigated to DSAlgo portal: https://dsportalapp.herokuapp.com/
2025-05-05 21:44:39 INFO  com.dsalgo.automation.pages.HomePage - clicked Get Startedlink on queue 
2025-05-05 21:44:40 INFO  com.dsalgo.automation.pages.HomePage - Clicked on Get Started button in DSAlgo Portal.
2025-05-05 21:44:40 INFO  com.dsalgo.automation.utils.NavigationUtil - Navigated to DS Algo Home Page
2025-05-05 21:44:40 ERROR com.dsalgo.automation.tests.QueuePageTest - Assertion failed: expected [true] but found [false]
2025-05-05 21:44:40 INFO  com.dsalgo.automation.pages.HomePage - Clicked on Signin link.
2025-05-05 21:44:40 INFO  com.dsalgo.automation.utils.NavigationUtil - Login performed successfully
2025-05-05 21:44:40 INFO  com.dsalgo.automation.pages.HomePage - Clicked on Sign out link.
2025-05-05 21:44:40 INFO  com.dsalgo.automation.pages.HomePage - Clicked on Sign out link.
2025-05-05 21:44:40 INFO  com.dsalgo.automation.pages.HomePage - HomePage initialized with WebDriver and waitHelper
2025-05-05 21:44:40 INFO  com.dsalgo.automation.pages.LoginPage - LoginPage initialized with WebDriver and waitHelper
2025-05-05 21:44:40 INFO  com.dsalgo.automation.pages.HomePage - Navigated to DSAlgo portal: https://dsportalapp.herokuapp.com/
2025-05-05 21:44:40 INFO  com.dsalgo.automation.pages.HomePage - Navigated to DSAlgo portal: https://dsportalapp.herokuapp.com/
2025-05-05 21:44:41 INFO  com.dsalgo.automation.pages.HomePage - Clicked on Get Started button in DSAlgo Portal.
2025-05-05 21:44:41 INFO  com.dsalgo.automation.utils.NavigationUtil - Navigated to DS Algo Home Page
2025-05-05 21:44:41 INFO  com.dsalgo.automation.pages.HomePage - Clicked on Get Started button in DSAlgo Portal.
2025-05-05 21:44:41 INFO  com.dsalgo.automation.utils.NavigationUtil - Navigated to DS Algo Home Page
2025-05-05 21:44:41 INFO  com.dsalgo.automation.pages.HomePage - clicked Get Startedlink on LinkedList
2025-05-05 21:44:41 INFO  com.dsalgo.automation.pages.HomePage - Clicked on Signin link.
2025-05-05 21:44:41 INFO  com.dsalgo.automation.pages.HomePage - Clicked on Signin link.
2025-05-05 21:44:41 INFO  com.dsalgo.automation.utils.NavigationUtil - Login performed successfully
2025-05-05 21:44:41 INFO  com.dsalgo.automation.utils.NavigationUtil - Login performed successfully
2025-05-05 21:44:42 INFO  com.dsalgo.automation.pages.HomePage - clicked Get Startedlink on queue 
2025-05-05 21:44:42 INFO  com.dsalgo.automation.pages.HomePage - clicked Get Startedlink on Tree 
2025-05-05 21:44:42 ERROR com.dsalgo.automation.tests.QueuePageTest - Assertion failed: expected [true] but found [false]
2025-05-05 21:44:43 INFO  com.dsalgo.automation.pages.HomePage - Clicked on Sign out link.
2025-05-05 21:44:43 INFO  com.dsalgo.automation.pages.HomePage - Clicked on Sign out link.
2025-05-05 21:44:43 INFO  com.dsalgo.automation.pages.HomePage - HomePage initialized with WebDriver and waitHelper
2025-05-05 21:44:43 INFO  com.dsalgo.automation.pages.LoginPage - LoginPage initialized with WebDriver and waitHelper
2025-05-05 21:44:43 INFO  com.dsalgo.automation.pages.HomePage - Navigated to DSAlgo portal: https://dsportalapp.herokuapp.com/
2025-05-05 21:44:43 INFO  com.dsalgo.automation.pages.HomePage - Navigated to DSAlgo portal: https://dsportalapp.herokuapp.com/
2025-05-05 21:44:43 INFO  com.dsalgo.automation.pages.HomePage - Clicked on Get Started button in DSAlgo Portal.
2025-05-05 21:44:43 INFO  com.dsalgo.automation.utils.NavigationUtil - Navigated to DS Algo Home Page
2025-05-05 21:44:43 INFO  com.dsalgo.automation.pages.HomePage - Clicked on Get Started button in DSAlgo Portal.
2025-05-05 21:44:43 INFO  com.dsalgo.automation.utils.NavigationUtil - Navigated to DS Algo Home Page
2025-05-05 21:44:43 INFO  com.dsalgo.automation.pages.HomePage - Clicked on Signin link.
2025-05-05 21:44:43 INFO  com.dsalgo.automation.pages.HomePage - Clicked on Signin link.
2025-05-05 21:44:44 INFO  com.dsalgo.automation.utils.NavigationUtil - Login performed successfully
2025-05-05 21:44:44 INFO  com.dsalgo.automation.utils.NavigationUtil - Login performed successfully
2025-05-05 21:44:44 INFO  com.dsalgo.automation.pages.HomePage - clicked Get Startedlink on Tree 
2025-05-05 21:44:44 INFO  com.dsalgo.automation.pages.HomePage - clicked Get Startedlink on queue 
2025-05-05 21:44:44 ERROR com.dsalgo.automation.tests.TreePageTest - Assertion failed: Test failed: Column Value is blank
2025-05-05 21:44:45 ERROR com.dsalgo.automation.tests.QueuePageTest - Assertion failed: expected [true] but found [false]
2025-05-05 21:44:45 INFO  com.dsalgo.automation.pages.HomePage - Clicked on Sign out link.
2025-05-05 21:44:45 INFO  com.dsalgo.automation.pages.HomePage - Navigated to DSAlgo portal: https://dsportalapp.herokuapp.com/
2025-05-05 21:44:45 INFO  com.dsalgo.automation.pages.HomePage - Clicked on Sign out link.
2025-05-05 21:44:45 DEBUG org.apache.poi.openxml4j.opc.PackageRelationshipCollection - Parsing relationship: /xl/_rels/workbook.xml.rels
2025-05-05 21:44:45 DEBUG org.apache.poi.openxml4j.opc.PackageRelationshipCollection - Parsing relationship: /_rels/.rels
2025-05-05 21:44:45 INFO  com.dsalgo.automation.pages.HomePage - HomePage initialized with WebDriver and waitHelper
2025-05-05 21:44:45 INFO  com.dsalgo.automation.pages.LoginPage - LoginPage initialized with WebDriver and waitHelper
2025-05-05 21:44:45 INFO  com.dsalgo.automation.pages.HomePage - Navigated to DSAlgo portal: https://dsportalapp.herokuapp.com/
2025-05-05 21:44:45 INFO  com.dsalgo.automation.pages.HomePage - Clicked on Get Started button in DSAlgo Portal.
2025-05-05 21:44:45 INFO  com.dsalgo.automation.utils.NavigationUtil - Navigated to DS Algo Home Page
2025-05-05 21:44:45 INFO  com.dsalgo.automation.pages.HomePage - Clicked on Get Started button in DSAlgo Portal.
2025-05-05 21:44:45 INFO  com.dsalgo.automation.utils.NavigationUtil - Navigated to DS Algo Home Page
2025-05-05 21:44:45 INFO  com.dsalgo.automation.pages.HomePage - Clicked on Signin link.
2025-05-05 21:44:45 INFO  com.dsalgo.automation.pages.HomePage - Clicked on Signin link.
2025-05-05 21:44:46 INFO  com.dsalgo.automation.utils.NavigationUtil - Login performed successfully
2025-05-05 21:44:46 INFO  com.dsalgo.automation.utils.NavigationUtil - Login performed successfully
2025-05-05 21:44:46 INFO  com.dsalgo.automation.pages.HomePage - clicked Get Startedlink on Tree 
2025-05-05 21:44:46 INFO  com.dsalgo.automation.pages.HomePage - clicked Get Startedlink on queue 
2025-05-05 21:44:47 ERROR com.dsalgo.automation.tests.TreePageTest - Assertion failed: Test failed: Column Value is blank
2025-05-05 21:44:47 INFO  com.dsalgo.automation.pages.HomePage - Clicked on Sign out link.
2025-05-05 21:44:47 INFO  com.dsalgo.automation.pages.HomePage - Clicked on Sign out link.
2025-05-05 21:44:47 INFO  com.dsalgo.automation.pages.HomePage - HomePage initialized with WebDriver and waitHelper
2025-05-05 21:44:47 INFO  com.dsalgo.automation.pages.HomePage - HomePage initialized with WebDriver and waitHelper
2025-05-05 21:44:47 INFO  com.dsalgo.automation.pages.LoginPage - LoginPage initialized with WebDriver and waitHelper
2025-05-05 21:44:47 INFO  com.dsalgo.automation.pages.HomePage - Navigated to DSAlgo portal: https://dsportalapp.herokuapp.com/
2025-05-05 21:44:47 INFO  com.dsalgo.automation.pages.HomePage - Navigated to DSAlgo portal: https://dsportalapp.herokuapp.com/
2025-05-05 21:44:47 INFO  com.dsalgo.automation.pages.HomePage - Clicked on Sign out link.
2025-05-05 21:44:47 INFO  com.dsalgo.automation.pages.HomePage - HomePage initialized with WebDriver and waitHelper
2025-05-05 21:44:47 INFO  com.dsalgo.automation.pages.LoginPage - LoginPage initialized with WebDriver and waitHelper
2025-05-05 21:44:47 INFO  com.dsalgo.automation.pages.HomePage - Navigated to DSAlgo portal: https://dsportalapp.herokuapp.com/
2025-05-05 21:44:47 INFO  com.dsalgo.automation.pages.HomePage - Clicked on Get Started button in DSAlgo Portal.
2025-05-05 21:44:47 INFO  com.dsalgo.automation.utils.NavigationUtil - Navigated to DS Algo Home Page
2025-05-05 21:44:47 INFO  com.dsalgo.automation.pages.HomePage - Clicked on Get Started button in DSAlgo Portal.
2025-05-05 21:44:47 INFO  com.dsalgo.automation.utils.NavigationUtil - Navigated to DS Algo Home Page
2025-05-05 21:44:48 INFO  com.dsalgo.automation.pages.HomePage - Clicked on Signin link.
2025-05-05 21:44:48 INFO  com.dsalgo.automation.pages.HomePage - Clicked on Signin link.
2025-05-05 21:44:48 INFO  com.dsalgo.automation.pages.HomePage - Clicked on Get Started button in DSAlgo Portal.
2025-05-05 21:44:48 INFO  com.dsalgo.automation.utils.NavigationUtil - Navigated to DS Algo Home Page
2025-05-05 21:44:48 INFO  com.dsalgo.automation.pages.HomePage - Clicked on Signin link.
2025-05-05 21:44:48 INFO  com.dsalgo.automation.utils.NavigationUtil - Login performed successfully
2025-05-05 21:44:48 INFO  com.dsalgo.automation.utils.NavigationUtil - Login performed successfully
2025-05-05 21:44:48 INFO  com.dsalgo.automation.pages.HomePage - clicked Get Startedlink on Tree 
2025-05-05 21:44:48 INFO  com.dsalgo.automation.utils.NavigationUtil - Login performed successfully
2025-05-05 21:44:48 INFO  com.dsalgo.automation.pages.HomePage - clicked Get Startedlink on queue 
2025-05-05 21:44:49 INFO  com.dsalgo.automation.pages.HomePage - clicked Get Startedlink on LinkedList
2025-05-05 21:44:49 ERROR com.dsalgo.automation.tests.TreePageTest - Assertion failed: Test failed: Column Value is blank
2025-05-05 21:44:49 INFO  com.dsalgo.automation.tests.ArrayPageTest - Redirected to Linked List Landing page successfully
2025-05-05 21:44:50 INFO  com.dsalgo.automation.pages.HomePage - Clicked on Sign out link.
2025-05-05 21:44:50 INFO  com.dsalgo.automation.pages.HomePage - HomePage initialized with WebDriver and waitHelper
2025-05-05 21:44:50 INFO  com.dsalgo.automation.pages.HomePage - HomePage initialized with WebDriver and waitHelper
2025-05-05 21:44:50 INFO  com.dsalgo.automation.pages.LoginPage - LoginPage initialized with WebDriver and waitHelper
2025-05-05 21:44:50 INFO  com.dsalgo.automation.pages.HomePage - Clicked on Sign out link.
2025-05-05 21:44:50 INFO  com.dsalgo.automation.pages.HomePage - Navigated to DSAlgo portal: https://dsportalapp.herokuapp.com/
2025-05-05 21:44:50 INFO  com.dsalgo.automation.pages.HomePage - Navigated to DSAlgo portal: https://dsportalapp.herokuapp.com/
2025-05-05 21:44:50 INFO  com.dsalgo.automation.pages.HomePage - Clicked on Get Started button in DSAlgo Portal.
2025-05-05 21:44:50 INFO  com.dsalgo.automation.utils.NavigationUtil - Navigated to DS Algo Home Page
2025-05-05 21:44:50 INFO  com.dsalgo.automation.pages.HomePage - Clicked on Sign out link.
2025-05-05 21:44:50 INFO  com.dsalgo.automation.pages.HomePage - HomePage initialized with WebDriver and waitHelper
2025-05-05 21:44:50 INFO  com.dsalgo.automation.pages.LoginPage - LoginPage initialized with WebDriver and waitHelper
2025-05-05 21:44:50 INFO  com.dsalgo.automation.pages.HomePage - Clicked on Signin link.
2025-05-05 21:44:50 INFO  com.dsalgo.automation.pages.HomePage - Navigated to DSAlgo portal: https://dsportalapp.herokuapp.com/
2025-05-05 21:44:50 INFO  com.dsalgo.automation.pages.HomePage - Clicked on Get Started button in DSAlgo Portal.
2025-05-05 21:44:50 INFO  com.dsalgo.automation.utils.NavigationUtil - Navigated to DS Algo Home Page
2025-05-05 21:44:50 INFO  com.dsalgo.automation.pages.HomePage - Clicked on Get Started button in DSAlgo Portal.
2025-05-05 21:44:50 INFO  com.dsalgo.automation.utils.NavigationUtil - Navigated to DS Algo Home Page
2025-05-05 21:44:51 INFO  com.dsalgo.automation.pages.HomePage - Clicked on Signin link.
2025-05-05 21:44:51 INFO  com.dsalgo.automation.pages.HomePage - Clicked on Signin link.
2025-05-05 21:44:51 INFO  com.dsalgo.automation.utils.NavigationUtil - Login performed successfully
2025-05-05 21:44:51 INFO  com.dsalgo.automation.pages.HomePage - clicked Get Startedlink on Tree 
2025-05-05 21:44:51 INFO  com.dsalgo.automation.utils.NavigationUtil - Login performed successfully
2025-05-05 21:44:51 INFO  com.dsalgo.automation.pages.HomePage - clicked Get Startedlink on queue 
2025-05-05 21:44:52 INFO  com.dsalgo.automation.utils.NavigationUtil - Login performed successfully
2025-05-05 21:44:52 INFO  com.dsalgo.automation.pages.HomePage - clicked Get Startedlink on LinkedList
2025-05-05 21:44:52 ERROR com.dsalgo.automation.tests.TreePageTest - Assertion failed: expected [true] but found [false]
2025-05-05 21:44:53 INFO  com.dsalgo.automation.tests.ArrayPageTest - Redirected to Creating Linked List Landing page successfully
2025-05-05 21:44:53 INFO  com.dsalgo.automation.pages.HomePage - Clicked on Sign out link.
2025-05-05 21:44:53 INFO  com.dsalgo.automation.pages.HomePage - Navigated to DSAlgo portal: https://dsportalapp.herokuapp.com/
2025-05-05 21:44:53 INFO  com.dsalgo.automation.pages.HomePage - Clicked on Sign out link.
2025-05-05 21:44:53 INFO  com.dsalgo.automation.pages.HomePage - Clicked on Get Started button in DSAlgo Portal.
2025-05-05 21:44:53 INFO  com.dsalgo.automation.utils.NavigationUtil - Navigated to DS Algo Home Page
2025-05-05 21:44:53 INFO  com.dsalgo.automation.pages.HomePage - Clicked on Sign out link.
2025-05-05 21:44:53 INFO  com.dsalgo.automation.pages.HomePage - HomePage initialized with WebDriver and waitHelper
2025-05-05 21:44:53 INFO  com.dsalgo.automation.pages.HomePage - HomePage initialized with WebDriver and waitHelper
2025-05-05 21:44:53 INFO  com.dsalgo.automation.pages.LoginPage - LoginPage initialized with WebDriver and waitHelper
2025-05-05 21:44:53 INFO  com.dsalgo.automation.pages.HomePage - Clicked on Signin link.
2025-05-05 21:44:53 INFO  com.dsalgo.automation.pages.HomePage - Navigated to DSAlgo portal: https://dsportalapp.herokuapp.com/
2025-05-05 21:44:54 INFO  com.dsalgo.automation.pages.HomePage - Clicked on Get Started button in DSAlgo Portal.
2025-05-05 21:44:54 INFO  com.dsalgo.automation.utils.NavigationUtil - Navigated to DS Algo Home Page
2025-05-05 21:44:54 INFO  com.dsalgo.automation.utils.NavigationUtil - Login performed successfully
2025-05-05 21:44:54 INFO  com.dsalgo.automation.pages.HomePage - clicked Get Startedlink on Tree 
2025-05-05 21:44:54 INFO  com.dsalgo.automation.pages.HomePage - Clicked on Signin link.
2025-05-05 21:44:54 INFO  com.dsalgo.automation.utils.NavigationUtil - Login performed successfully
2025-05-05 21:44:55 ERROR com.dsalgo.automation.tests.TreePageTest - Assertion failed: expected [true] but found [false]
2025-05-05 21:44:55 INFO  com.dsalgo.automation.pages.HomePage - clicked Get Startedlink on LinkedList
2025-05-05 21:44:55 INFO  com.dsalgo.automation.pages.HomePage - Clicked on Sign out link.
2025-05-05 21:44:56 INFO  com.dsalgo.automation.pages.HomePage - Navigated to DSAlgo portal: https://dsportalapp.herokuapp.com/
2025-05-05 21:44:56 INFO  com.dsalgo.automation.pages.HomePage - Clicked on Get Started button in DSAlgo Portal.
2025-05-05 21:44:56 INFO  com.dsalgo.automation.utils.NavigationUtil - Navigated to DS Algo Home Page
2025-05-05 21:44:56 INFO  com.dsalgo.automation.pages.HomePage - Clicked on Signin link.
2025-05-05 21:44:56 INFO  com.dsalgo.automation.utils.NavigationUtil - Login performed successfully
2025-05-05 21:44:56 INFO  com.dsalgo.automation.pages.HomePage - clicked Get Startedlink on Tree 
2025-05-05 21:44:57 ERROR com.dsalgo.automation.tests.TreePageTest - Assertion failed: expected [true] but found [false]
2025-05-05 21:44:57 INFO  com.dsalgo.automation.tests.ArrayPageTest - Redirected to Creating Linked List Text Edit Landing page successfully
2025-05-05 21:44:58 INFO  com.dsalgo.automation.pages.HomePage - HomePage initialized with WebDriver and waitHelper
2025-05-05 21:44:58 DEBUG org.apache.poi.openxml4j.opc.PackageRelationshipCollection - Parsing relationship: /xl/_rels/workbook.xml.rels
2025-05-05 21:44:58 DEBUG org.apache.poi.openxml4j.opc.PackageRelationshipCollection - Parsing relationship: /_rels/.rels
2025-05-05 21:44:58 INFO  com.dsalgo.automation.pages.HomePage - Clicked on Sign out link.
2025-05-05 21:44:58 DEBUG org.apache.poi.openxml4j.opc.PackageRelationshipCollection - Parsing relationship: /xl/_rels/workbook.xml.rels
2025-05-05 21:44:58 DEBUG org.apache.poi.openxml4j.opc.PackageRelationshipCollection - Parsing relationship: /_rels/.rels
2025-05-05 21:44:58 INFO  com.dsalgo.automation.pages.HomePage - Navigated to DSAlgo portal: https://dsportalapp.herokuapp.com/
2025-05-05 21:44:58 INFO  com.dsalgo.automation.pages.HomePage - Clicked on Sign out link.
2025-05-05 21:44:58 INFO  com.dsalgo.automation.pages.HomePage - HomePage initialized with WebDriver and waitHelper
2025-05-05 21:44:58 INFO  com.dsalgo.automation.pages.HomePage - HomePage initialized with WebDriver and waitHelper
2025-05-05 21:44:58 INFO  com.dsalgo.automation.pages.LoginPage - LoginPage initialized with WebDriver and waitHelper
2025-05-05 21:44:58 INFO  com.dsalgo.automation.pages.HomePage - Navigated to DSAlgo portal: https://dsportalapp.herokuapp.com/
2025-05-05 21:44:58 INFO  com.dsalgo.automation.pages.HomePage - Clicked on Get Started button in DSAlgo Portal.
2025-05-05 21:44:58 INFO  com.dsalgo.automation.utils.NavigationUtil - Navigated to DS Algo Home Page
2025-05-05 21:44:59 INFO  com.dsalgo.automation.pages.HomePage - Clicked on Signin link.
2025-05-05 21:44:59 INFO  com.dsalgo.automation.pages.HomePage - Navigated to DSAlgo portal: https://dsportalapp.herokuapp.com/
2025-05-05 21:44:59 INFO  com.dsalgo.automation.pages.HomePage - Clicked on Get Started button in DSAlgo Portal.
2025-05-05 21:44:59 INFO  com.dsalgo.automation.utils.NavigationUtil - Navigated to DS Algo Home Page
2025-05-05 21:44:59 INFO  com.dsalgo.automation.pages.HomePage - Clicked on Register link.
2025-05-05 21:44:59 INFO  com.dsalgo.automation.pages.HomePage - Clicked on Get Started button in DSAlgo Portal.
2025-05-05 21:44:59 INFO  com.dsalgo.automation.utils.NavigationUtil - Navigated to DS Algo Home Page
2025-05-05 21:44:59 INFO  com.dsalgo.automation.utils.NavigationUtil - Login performed successfully
2025-05-05 21:44:59 INFO  com.dsalgo.automation.pages.HomePage - clicked Get Startedlink on Tree 
2025-05-05 21:44:59 INFO  com.dsalgo.automation.pages.HomePage - Navigated to DSAlgo portal: https://dsportalapp.herokuapp.com/
2025-05-05 21:44:59 INFO  com.dsalgo.automation.pages.HomePage - Clicked on Get Started button in DSAlgo Portal.
2025-05-05 21:44:59 INFO  com.dsalgo.automation.utils.NavigationUtil - Navigated to DS Algo Home Page
2025-05-05 21:44:59 INFO  com.dsalgo.automation.pages.HomePage - Clicked on Signin link.
2025-05-05 21:45:00 INFO  com.dsalgo.automation.pages.HomePage - Clicked on Register link.
2025-05-05 21:45:00 INFO  com.dsalgo.automation.pages.HomePage - Navigated to DSAlgo portal: https://dsportalapp.herokuapp.com/
2025-05-05 21:45:00 INFO  com.dsalgo.automation.pages.HomePage - Clicked on Get Started button in DSAlgo Portal.
2025-05-05 21:45:00 INFO  com.dsalgo.automation.utils.NavigationUtil - Navigated to DS Algo Home Page
2025-05-05 21:45:00 INFO  com.dsalgo.automation.utils.NavigationUtil - Login performed successfully
2025-05-05 21:45:00 INFO  com.dsalgo.automation.pages.HomePage - clicked Get Startedlink on LinkedList
2025-05-05 21:45:00 INFO  com.dsalgo.automation.pages.HomePage - Clicked on Register link.
2025-05-05 21:45:00 INFO  com.dsalgo.automation.pages.HomePage - Clicked on Sign out link.
2025-05-05 21:45:01 INFO  com.dsalgo.automation.pages.HomePage - Navigated to DSAlgo portal: https://dsportalapp.herokuapp.com/
2025-05-05 21:45:01 INFO  com.dsalgo.automation.pages.HomePage - Clicked on Get Started button in DSAlgo Portal.
2025-05-05 21:45:01 INFO  com.dsalgo.automation.utils.NavigationUtil - Navigated to DS Algo Home Page
2025-05-05 21:45:01 INFO  com.dsalgo.automation.pages.HomePage - Navigated to DSAlgo portal: https://dsportalapp.herokuapp.com/
2025-05-05 21:45:01 INFO  com.dsalgo.automation.pages.HomePage - Clicked on Signin link.
2025-05-05 21:45:01 INFO  com.dsalgo.automation.pages.HomePage - Clicked on Get Started button in DSAlgo Portal.
2025-05-05 21:45:01 INFO  com.dsalgo.automation.utils.NavigationUtil - Navigated to DS Algo Home Page
2025-05-05 21:45:01 INFO  com.dsalgo.automation.tests.ArrayPageTest - Redirected to deletion Landing page successfully
2025-05-05 21:45:01 INFO  com.dsalgo.automation.pages.HomePage - Clicked on Register link.
2025-05-05 21:45:01 INFO  com.dsalgo.automation.pages.HomePage - Navigated to DSAlgo portal: https://dsportalapp.herokuapp.com/
2025-05-05 21:45:02 INFO  com.dsalgo.automation.pages.HomePage - Clicked on Sign out link.
2025-05-05 21:45:02 INFO  com.dsalgo.automation.pages.HomePage - HomePage initialized with WebDriver and waitHelper
2025-05-05 21:45:02 INFO  com.dsalgo.automation.pages.HomePage - HomePage initialized with WebDriver and waitHelper
2025-05-05 21:45:02 INFO  com.dsalgo.automation.pages.LoginPage - LoginPage initialized with WebDriver and waitHelper
2025-05-05 21:45:02 INFO  com.dsalgo.automation.utils.NavigationUtil - Login performed successfully
2025-05-05 21:45:02 INFO  com.dsalgo.automation.pages.HomePage - clicked Get Startedlink on Tree 
2025-05-05 21:45:02 INFO  com.dsalgo.automation.pages.HomePage - Clicked on Get Started button in DSAlgo Portal.
2025-05-05 21:45:02 INFO  com.dsalgo.automation.utils.NavigationUtil - Navigated to DS Algo Home Page
2025-05-05 21:45:02 INFO  com.dsalgo.automation.pages.HomePage - Clicked on Register link.
2025-05-05 21:45:02 INFO  com.dsalgo.automation.pages.HomePage - Navigated to DSAlgo portal: https://dsportalapp.herokuapp.com/
2025-05-05 21:45:02 INFO  com.dsalgo.automation.pages.HomePage - Navigated to DSAlgo portal: https://dsportalapp.herokuapp.com/
2025-05-05 21:45:02 INFO  com.dsalgo.automation.pages.HomePage - Clicked on Get Started button in DSAlgo Portal.
2025-05-05 21:45:02 INFO  com.dsalgo.automation.utils.NavigationUtil - Navigated to DS Algo Home Page
2025-05-05 21:45:02 INFO  com.dsalgo.automation.pages.HomePage - Clicked on Get Started button in DSAlgo Portal.
2025-05-05 21:45:02 INFO  com.dsalgo.automation.utils.NavigationUtil - Navigated to DS Algo Home Page
2025-05-05 21:45:02 INFO  com.dsalgo.automation.pages.HomePage - Clicked on Register link.
2025-05-05 21:45:03 INFO  com.dsalgo.automation.pages.HomePage - Clicked on Signin link.
2025-05-05 21:45:03 ERROR com.dsalgo.automation.tests.RegisterPageTest - Assertion failed: Test failed: Incorrect error message displayed.
2025-05-05 21:45:03 INFO  com.dsalgo.automation.pages.HomePage - Clicked on Sign out link.
2025-05-05 21:45:03 INFO  com.dsalgo.automation.pages.HomePage - Navigated to DSAlgo portal: https://dsportalapp.herokuapp.com/
2025-05-05 21:45:03 INFO  com.dsalgo.automation.utils.NavigationUtil - Login performed successfully
2025-05-05 21:45:03 INFO  com.dsalgo.automation.pages.HomePage - Navigated to DSAlgo portal: https://dsportalapp.herokuapp.com/
2025-05-05 21:45:03 INFO  com.dsalgo.automation.pages.HomePage - Clicked on Get Started button in DSAlgo Portal.
2025-05-05 21:45:03 INFO  com.dsalgo.automation.utils.NavigationUtil - Navigated to DS Algo Home Page
2025-05-05 21:45:03 INFO  com.dsalgo.automation.pages.HomePage - Clicked on Get Started button in DSAlgo Portal.
2025-05-05 21:45:03 INFO  com.dsalgo.automation.utils.NavigationUtil - Navigated to DS Algo Home Page
2025-05-05 21:45:03 INFO  com.dsalgo.automation.pages.HomePage - Clicked on Register link.
2025-05-05 21:45:03 INFO  com.dsalgo.automation.pages.HomePage - Clicked on Signin link.
2025-05-05 21:45:03 INFO  com.dsalgo.automation.pages.HomePage - clicked Get Startedlink on LinkedList
2025-05-05 21:45:03 ERROR com.dsalgo.automation.tests.RegisterPageTest - Assertion failed: Test failed: Incorrect error message displayed.
2025-05-05 21:45:04 INFO  com.dsalgo.automation.pages.HomePage - Navigated to DSAlgo portal: https://dsportalapp.herokuapp.com/
2025-05-05 21:45:04 INFO  com.dsalgo.automation.pages.HomePage - Clicked on Get Started button in DSAlgo Portal.
2025-05-05 21:45:04 INFO  com.dsalgo.automation.utils.NavigationUtil - Navigated to DS Algo Home Page
2025-05-05 21:45:04 INFO  com.dsalgo.automation.pages.HomePage - Clicked on Register link.
2025-05-05 21:45:04 INFO  com.dsalgo.automation.utils.NavigationUtil - Login performed successfully
2025-05-05 21:45:04 INFO  com.dsalgo.automation.pages.HomePage - clicked Get Startedlink on Tree 
2025-05-05 21:45:04 ERROR com.dsalgo.automation.tests.RegisterPageTest - Assertion failed: Test failed: Incorrect error message displayed.
2025-05-05 21:45:05 INFO  com.dsalgo.automation.pages.HomePage - Navigated to DSAlgo portal: https://dsportalapp.herokuapp.com/
2025-05-05 21:45:05 INFO  com.dsalgo.automation.tests.ArrayPageTest - Redirected to deletion Text Edit Landing page successfully
2025-05-05 21:45:05 INFO  com.dsalgo.automation.pages.HomePage - Clicked on Get Started button in DSAlgo Portal.
2025-05-05 21:45:05 INFO  com.dsalgo.automation.utils.NavigationUtil - Navigated to DS Algo Home Page
2025-05-05 21:45:05 INFO  com.dsalgo.automation.pages.HomePage - Clicked on Register link.
2025-05-05 21:45:05 INFO  com.dsalgo.automation.pages.HomePage - Clicked on Sign out link.
2025-05-05 21:45:05 INFO  com.dsalgo.automation.pages.HomePage - HomePage initialized with WebDriver and waitHelper
2025-05-05 21:45:05 INFO  com.dsalgo.automation.pages.HomePage - HomePage initialized with WebDriver and waitHelper
2025-05-05 21:45:05 INFO  com.dsalgo.automation.pages.LoginPage - LoginPage initialized with WebDriver and waitHelper
2025-05-05 21:45:05 INFO  com.dsalgo.automation.pages.HomePage - Navigated to DSAlgo portal: https://dsportalapp.herokuapp.com/
2025-05-05 21:45:05 INFO  com.dsalgo.automation.pages.HomePage - Clicked on Sign out link.
2025-05-05 21:45:05 INFO  com.dsalgo.automation.pages.HomePage - Navigated to DSAlgo portal: https://dsportalapp.herokuapp.com/
2025-05-05 21:45:05 INFO  com.dsalgo.automation.pages.HomePage - Navigated to DSAlgo portal: https://dsportalapp.herokuapp.com/
2025-05-05 21:45:05 INFO  com.dsalgo.automation.pages.HomePage - Clicked on Get Started button in DSAlgo Portal.
2025-05-05 21:45:05 INFO  com.dsalgo.automation.utils.NavigationUtil - Navigated to DS Algo Home Page
2025-05-05 21:45:06 INFO  com.dsalgo.automation.pages.HomePage - Clicked on Get Started button in DSAlgo Portal.
2025-05-05 21:45:06 INFO  com.dsalgo.automation.utils.NavigationUtil - Navigated to DS Algo Home Page
2025-05-05 21:45:06 INFO  com.dsalgo.automation.pages.HomePage - Clicked on Register link.
2025-05-05 21:45:06 INFO  com.dsalgo.automation.pages.HomePage - Clicked on Get Started button in DSAlgo Portal.
2025-05-05 21:45:06 INFO  com.dsalgo.automation.utils.NavigationUtil - Navigated to DS Algo Home Page
2025-05-05 21:45:06 INFO  com.dsalgo.automation.pages.HomePage - Clicked on Signin link.
2025-05-05 21:45:06 INFO  com.dsalgo.automation.pages.HomePage - Navigated to DSAlgo portal: https://dsportalapp.herokuapp.com/
2025-05-05 21:45:06 INFO  com.dsalgo.automation.pages.HomePage - Clicked on Signin link.
2025-05-05 21:45:06 INFO  com.dsalgo.automation.pages.HomePage - Clicked on Get Started button in DSAlgo Portal.
2025-05-05 21:45:06 INFO  com.dsalgo.automation.utils.NavigationUtil - Navigated to DS Algo Home Page
2025-05-05 21:45:06 INFO  com.dsalgo.automation.pages.HomePage - Clicked on Register link.
2025-05-05 21:45:06 INFO  com.dsalgo.automation.utils.NavigationUtil - Login performed successfully
2025-05-05 21:45:07 INFO  com.dsalgo.automation.pages.HomePage - clicked Get Startedlink on Tree 
2025-05-05 21:45:07 ERROR com.dsalgo.automation.tests.RegisterPageTest - Assertion failed: Test failed: Incorrect error message displayed.
2025-05-05 21:45:07 INFO  com.dsalgo.automation.pages.HomePage - Navigated to DSAlgo portal: https://dsportalapp.herokuapp.com/
2025-05-05 21:45:07 INFO  com.dsalgo.automation.utils.NavigationUtil - Login performed successfully
2025-05-05 21:45:07 INFO  com.dsalgo.automation.pages.HomePage - clicked Get Startedlink on LinkedList
2025-05-05 21:45:07 INFO  com.dsalgo.automation.pages.HomePage - Clicked on Get Started button in DSAlgo Portal.
2025-05-05 21:45:07 INFO  com.dsalgo.automation.utils.NavigationUtil - Navigated to DS Algo Home Page
2025-05-05 21:45:07 INFO  com.dsalgo.automation.pages.HomePage - Clicked on Register link.
2025-05-05 21:45:07 INFO  com.dsalgo.automation.pages.HomePage - Clicked on Sign out link.
2025-05-05 21:45:07 ERROR com.dsalgo.automation.tests.RegisterPageTest - Assertion failed: Test failed: Incorrect error message displayed.
2025-05-05 21:45:08 INFO  com.dsalgo.automation.pages.HomePage - Navigated to DSAlgo portal: https://dsportalapp.herokuapp.com/
2025-05-05 21:45:08 INFO  com.dsalgo.automation.pages.HomePage - Navigated to DSAlgo portal: https://dsportalapp.herokuapp.com/
2025-05-05 21:45:08 INFO  com.dsalgo.automation.tests.ArrayPageTest - Redirected to Implement Linked List in Python Landing page successfully
2025-05-05 21:45:08 INFO  com.dsalgo.automation.pages.HomePage - Clicked on Get Started button in DSAlgo Portal.
2025-05-05 21:45:08 INFO  com.dsalgo.automation.utils.NavigationUtil - Navigated to DS Algo Home Page
2025-05-05 21:45:08 INFO  com.dsalgo.automation.pages.HomePage - Clicked on Get Started button in DSAlgo Portal.
2025-05-05 21:45:08 INFO  com.dsalgo.automation.utils.NavigationUtil - Navigated to DS Algo Home Page
2025-05-05 21:45:08 INFO  com.dsalgo.automation.pages.HomePage - Clicked on Register link.
2025-05-05 21:45:08 INFO  com.dsalgo.automation.pages.HomePage - Clicked on Signin link.
2025-05-05 21:45:08 INFO  com.dsalgo.automation.pages.HomePage - Clicked on Sign out link.
2025-05-05 21:45:08 INFO  com.dsalgo.automation.pages.HomePage - HomePage initialized with WebDriver and waitHelper
2025-05-05 21:45:08 INFO  com.dsalgo.automation.pages.HomePage - HomePage initialized with WebDriver and waitHelper
2025-05-05 21:45:08 INFO  com.dsalgo.automation.pages.LoginPage - LoginPage initialized with WebDriver and waitHelper
2025-05-05 21:45:08 INFO  com.dsalgo.automation.pages.HomePage - Navigated to DSAlgo portal: https://dsportalapp.herokuapp.com/
2025-05-05 21:45:08 ERROR com.dsalgo.automation.tests.RegisterPageTest - Assertion failed: Test failed: Incorrect error message displayed.
2025-05-05 21:45:09 INFO  com.dsalgo.automation.pages.HomePage - Navigated to DSAlgo portal: https://dsportalapp.herokuapp.com/
2025-05-05 21:45:09 INFO  com.dsalgo.automation.pages.HomePage - Clicked on Get Started button in DSAlgo Portal.
2025-05-05 21:45:09 INFO  com.dsalgo.automation.utils.NavigationUtil - Navigated to DS Algo Home Page
2025-05-05 21:45:09 INFO  com.dsalgo.automation.utils.NavigationUtil - Login performed successfully
2025-05-05 21:45:09 INFO  com.dsalgo.automation.pages.HomePage - clicked Get Startedlink on Tree 
2025-05-05 21:45:09 INFO  com.dsalgo.automation.pages.HomePage - Clicked on Get Started button in DSAlgo Portal.
2025-05-05 21:45:09 INFO  com.dsalgo.automation.utils.NavigationUtil - Navigated to DS Algo Home Page
2025-05-05 21:45:09 INFO  com.dsalgo.automation.pages.HomePage - Clicked on Register link.
2025-05-05 21:45:09 INFO  com.dsalgo.automation.pages.HomePage - Clicked on Signin link.
2025-05-05 21:45:09 ERROR com.dsalgo.automation.tests.RegisterPageTest - Assertion failed: Test failed: Incorrect error message displayed.
2025-05-05 21:45:10 INFO  com.dsalgo.automation.pages.HomePage - Navigated to DSAlgo portal: https://dsportalapp.herokuapp.com/
2025-05-05 21:45:10 ERROR com.dsalgo.automation.tests.TreePageTest - Assertion failed: expected [true] but found [false]
2025-05-05 21:45:10 INFO  com.dsalgo.automation.pages.HomePage - Clicked on Get Started button in DSAlgo Portal.
2025-05-05 21:45:10 INFO  com.dsalgo.automation.utils.NavigationUtil - Navigated to DS Algo Home Page
2025-05-05 21:45:10 INFO  com.dsalgo.automation.pages.HomePage - Clicked on Register link.
2025-05-05 21:45:10 INFO  com.dsalgo.automation.pages.HomePage - Clicked on Sign out link.
2025-05-05 21:45:10 INFO  com.dsalgo.automation.utils.NavigationUtil - Login performed successfully
2025-05-05 21:45:10 INFO  com.dsalgo.automation.pages.HomePage - clicked Get Startedlink on LinkedList
2025-05-05 21:45:10 INFO  com.dsalgo.automation.pages.HomePage - Navigated to DSAlgo portal: https://dsportalapp.herokuapp.com/
2025-05-05 21:45:10 ERROR com.dsalgo.automation.tests.RegisterPageTest - Assertion failed: Test failed: Incorrect error message displayed.
2025-05-05 21:45:11 INFO  com.dsalgo.automation.pages.HomePage - Clicked on Get Started button in DSAlgo Portal.
2025-05-05 21:45:11 INFO  com.dsalgo.automation.utils.NavigationUtil - Navigated to DS Algo Home Page
2025-05-05 21:45:11 INFO  com.dsalgo.automation.pages.HomePage - Navigated to DSAlgo portal: https://dsportalapp.herokuapp.com/
2025-05-05 21:45:11 INFO  com.dsalgo.automation.pages.HomePage - Clicked on Signin link.
2025-05-05 21:45:11 INFO  com.dsalgo.automation.pages.HomePage - Clicked on Get Started button in DSAlgo Portal.
2025-05-05 21:45:11 INFO  com.dsalgo.automation.utils.NavigationUtil - Navigated to DS Algo Home Page
2025-05-05 21:45:11 INFO  com.dsalgo.automation.pages.HomePage - Clicked on Register link.
2025-05-05 21:45:11 ERROR com.dsalgo.automation.tests.RegisterPageTest - Assertion failed: Test failed: Incorrect error message displayed.
2025-05-05 21:45:11 INFO  com.dsalgo.automation.utils.NavigationUtil - Login performed successfully
2025-05-05 21:45:11 INFO  com.dsalgo.automation.pages.HomePage - clicked Get Startedlink on Tree 
2025-05-05 21:45:12 INFO  com.dsalgo.automation.tests.ArrayPageTest - Redirected to Implement Linked List in Python Text Edit Landing page successfully
2025-05-05 21:45:12 INFO  com.dsalgo.automation.pages.HomePage - Navigated to DSAlgo portal: https://dsportalapp.herokuapp.com/
2025-05-05 21:45:12 INFO  com.dsalgo.automation.pages.HomePage - Clicked on Get Started button in DSAlgo Portal.
2025-05-05 21:45:12 INFO  com.dsalgo.automation.utils.NavigationUtil - Navigated to DS Algo Home Page
2025-05-05 21:45:12 INFO  com.dsalgo.automation.pages.HomePage - Clicked on Register link.
2025-05-05 21:45:12 INFO  com.dsalgo.automation.pages.HomePage - Clicked on Sign out link.
2025-05-05 21:45:12 INFO  com.dsalgo.automation.pages.HomePage - HomePage initialized with WebDriver and waitHelper
2025-05-05 21:45:12 INFO  com.dsalgo.automation.pages.HomePage - HomePage initialized with WebDriver and waitHelper
2025-05-05 21:45:12 INFO  com.dsalgo.automation.pages.LoginPage - LoginPage initialized with WebDriver and waitHelper
2025-05-05 21:45:12 ERROR com.dsalgo.automation.tests.TreePageTest - Assertion failed: expected [true] but found [false]
2025-05-05 21:45:13 INFO  com.dsalgo.automation.pages.HomePage - Navigated to DSAlgo portal: https://dsportalapp.herokuapp.com/
2025-05-05 21:45:13 ERROR com.dsalgo.automation.tests.RegisterPageTest - Assertion failed: Test failed: Incorrect error message displayed.
2025-05-05 21:45:13 INFO  com.dsalgo.automation.pages.HomePage - Navigated to DSAlgo portal: https://dsportalapp.herokuapp.com/
2025-05-05 21:45:13 INFO  com.dsalgo.automation.pages.HomePage - Clicked on Sign out link.
2025-05-05 21:45:13 INFO  com.dsalgo.automation.pages.HomePage - Clicked on Get Started button in DSAlgo Portal.
2025-05-05 21:45:13 INFO  com.dsalgo.automation.utils.NavigationUtil - Navigated to DS Algo Home Page
2025-05-05 21:45:13 INFO  com.dsalgo.automation.pages.HomePage - Navigated to DSAlgo portal: https://dsportalapp.herokuapp.com/
2025-05-05 21:45:13 INFO  com.dsalgo.automation.pages.HomePage - Clicked on Get Started button in DSAlgo Portal.
2025-05-05 21:45:13 INFO  com.dsalgo.automation.utils.NavigationUtil - Navigated to DS Algo Home Page
2025-05-05 21:45:13 INFO  com.dsalgo.automation.pages.HomePage - Clicked on Register link.
2025-05-05 21:45:13 INFO  com.dsalgo.automation.pages.HomePage - Clicked on Get Started button in DSAlgo Portal.
2025-05-05 21:45:13 INFO  com.dsalgo.automation.utils.NavigationUtil - Navigated to DS Algo Home Page
2025-05-05 21:45:13 INFO  com.dsalgo.automation.pages.HomePage - Clicked on Signin link.
2025-05-05 21:45:14 INFO  com.dsalgo.automation.pages.HomePage - Clicked on Signin link.
2025-05-05 21:45:14 ERROR com.dsalgo.automation.tests.RegisterPageTest - Assertion failed: Test failed: Incorrect error message displayed.
2025-05-05 21:45:14 INFO  com.dsalgo.automation.pages.HomePage - Navigated to DSAlgo portal: https://dsportalapp.herokuapp.com/
2025-05-05 21:45:14 INFO  com.dsalgo.automation.pages.HomePage - Clicked on Get Started button in DSAlgo Portal.
2025-05-05 21:45:14 INFO  com.dsalgo.automation.utils.NavigationUtil - Navigated to DS Algo Home Page
2025-05-05 21:45:14 INFO  com.dsalgo.automation.utils.NavigationUtil - Login performed successfully
2025-05-05 21:45:14 INFO  com.dsalgo.automation.pages.HomePage - Clicked on Register link.
2025-05-05 21:45:14 INFO  com.dsalgo.automation.pages.HomePage - clicked Get Startedlink on Tree 
2025-05-05 21:45:14 INFO  com.dsalgo.automation.utils.NavigationUtil - Login performed successfully
2025-05-05 21:45:14 INFO  com.dsalgo.automation.pages.HomePage - clicked Get Startedlink on LinkedList
2025-05-05 21:45:15 ERROR com.dsalgo.automation.tests.RegisterPageTest - Assertion failed: Test failed: Incorrect error message displayed.
2025-05-05 21:45:15 INFO  com.dsalgo.automation.pages.HomePage - Navigated to DSAlgo portal: https://dsportalapp.herokuapp.com/
2025-05-05 21:45:15 ERROR com.dsalgo.automation.tests.TreePageTest - Assertion failed: expected [true] but found [false]
2025-05-05 21:45:15 INFO  com.dsalgo.automation.tests.ArrayPageTest - Redirected to Insertion Landing page successfully
2025-05-05 21:45:15 INFO  com.dsalgo.automation.pages.HomePage - Clicked on Get Started button in DSAlgo Portal.
2025-05-05 21:45:15 INFO  com.dsalgo.automation.utils.NavigationUtil - Navigated to DS Algo Home Page
2025-05-05 21:45:16 INFO  com.dsalgo.automation.pages.HomePage - Clicked on Register link.
2025-05-05 21:45:16 INFO  com.dsalgo.automation.pages.HomePage - Clicked on Sign out link.
2025-05-05 21:45:16 INFO  com.dsalgo.automation.pages.HomePage - HomePage initialized with WebDriver and waitHelper
2025-05-05 21:45:16 INFO  com.dsalgo.automation.pages.HomePage - HomePage initialized with WebDriver and waitHelper
2025-05-05 21:45:16 INFO  com.dsalgo.automation.pages.LoginPage - LoginPage initialized with WebDriver and waitHelper
2025-05-05 21:45:16 ERROR com.dsalgo.automation.tests.RegisterPageTest - Assertion failed: Test failed: Incorrect error message displayed.
2025-05-05 21:45:16 INFO  com.dsalgo.automation.pages.HomePage - Clicked on Sign out link.
2025-05-05 21:45:16 DEBUG org.apache.poi.openxml4j.opc.PackageRelationshipCollection - Parsing relationship: /xl/_rels/workbook.xml.rels
2025-05-05 21:45:16 DEBUG org.apache.poi.openxml4j.opc.PackageRelationshipCollection - Parsing relationship: /_rels/.rels
2025-05-05 21:45:16 INFO  com.dsalgo.automation.pages.HomePage - Navigated to DSAlgo portal: https://dsportalapp.herokuapp.com/
2025-05-05 21:45:16 INFO  com.dsalgo.automation.pages.HomePage - Navigated to DSAlgo portal: https://dsportalapp.herokuapp.com/
2025-05-05 21:45:16 INFO  com.dsalgo.automation.pages.HomePage - Navigated to DSAlgo portal: https://dsportalapp.herokuapp.com/
2025-05-05 21:45:16 INFO  com.dsalgo.automation.pages.HomePage - Clicked on Get Started button in DSAlgo Portal.
2025-05-05 21:45:16 INFO  com.dsalgo.automation.utils.NavigationUtil - Navigated to DS Algo Home Page
2025-05-05 21:45:16 INFO  com.dsalgo.automation.pages.HomePage - Clicked on Get Started button in DSAlgo Portal.
2025-05-05 21:45:16 INFO  com.dsalgo.automation.utils.NavigationUtil - Navigated to DS Algo Home Page
2025-05-05 21:45:16 INFO  com.dsalgo.automation.pages.HomePage - Clicked on Get Started button in DSAlgo Portal.
2025-05-05 21:45:16 INFO  com.dsalgo.automation.utils.NavigationUtil - Navigated to DS Algo Home Page
2025-05-05 21:45:16 INFO  com.dsalgo.automation.pages.HomePage - Clicked on Register link.
2025-05-05 21:45:17 INFO  com.dsalgo.automation.pages.HomePage - Clicked on Signin link.
2025-05-05 21:45:17 ERROR com.dsalgo.automation.tests.RegisterPageTest - Assertion failed: Test failed: Incorrect error message displayed.
2025-05-05 21:45:17 INFO  com.dsalgo.automation.pages.HomePage - Clicked on Signin link.
2025-05-05 21:45:17 INFO  com.dsalgo.automation.pages.HomePage - Navigated to DSAlgo portal: https://dsportalapp.herokuapp.com/
2025-05-05 21:45:17 INFO  com.dsalgo.automation.pages.HomePage - Clicked on Get Started button in DSAlgo Portal.
2025-05-05 21:45:17 INFO  com.dsalgo.automation.utils.NavigationUtil - Navigated to DS Algo Home Page
2025-05-05 21:45:17 INFO  com.dsalgo.automation.pages.HomePage - Clicked on Register link.
2025-05-05 21:45:17 INFO  com.dsalgo.automation.utils.NavigationUtil - Login performed successfully
2025-05-05 21:45:17 INFO  com.dsalgo.automation.utils.NavigationUtil - Login performed successfully
2025-05-05 21:45:17 INFO  com.dsalgo.automation.pages.HomePage - clicked Get Startedlink on Tree 
2025-05-05 21:45:18 INFO  com.dsalgo.automation.pages.HomePage - clicked Get Startedlink on LinkedList
2025-05-05 21:45:18 ERROR com.dsalgo.automation.tests.RegisterPageTest - Assertion failed: Test failed: Incorrect error message displayed.
2025-05-05 21:45:18 INFO  com.dsalgo.automation.pages.HomePage - Navigated to DSAlgo portal: https://dsportalapp.herokuapp.com/
2025-05-05 21:45:18 INFO  com.dsalgo.automation.pages.HomePage - Clicked on Get Started button in DSAlgo Portal.
2025-05-05 21:45:18 INFO  com.dsalgo.automation.utils.NavigationUtil - Navigated to DS Algo Home Page
2025-05-05 21:45:18 INFO  com.dsalgo.automation.pages.HomePage - Clicked on Register link.
2025-05-05 21:45:19 INFO  com.dsalgo.automation.pages.HomePage - Clicked on Sign out link.
2025-05-05 21:45:19 INFO  com.dsalgo.automation.pages.HomePage - Navigated to DSAlgo portal: https://dsportalapp.herokuapp.com/
2025-05-05 21:45:19 INFO  com.dsalgo.automation.pages.HomePage - Navigated to DSAlgo portal: https://dsportalapp.herokuapp.com/
2025-05-05 21:45:19 INFO  com.dsalgo.automation.tests.ArrayPageTest - Redirected to Insertion Text Edit Landing page successfully
2025-05-05 21:45:19 INFO  com.dsalgo.automation.pages.HomePage - Clicked on Get Started button in DSAlgo Portal.
2025-05-05 21:45:19 INFO  com.dsalgo.automation.utils.NavigationUtil - Navigated to DS Algo Home Page
2025-05-05 21:45:19 INFO  com.dsalgo.automation.pages.HomePage - Clicked on Get Started button in DSAlgo Portal.
2025-05-05 21:45:19 INFO  com.dsalgo.automation.utils.NavigationUtil - Navigated to DS Algo Home Page
2025-05-05 21:45:19 INFO  com.dsalgo.automation.pages.HomePage - Clicked on Register link.
2025-05-05 21:45:19 INFO  com.dsalgo.automation.pages.HomePage - Clicked on Signin link.
2025-05-05 21:45:19 INFO  com.dsalgo.automation.pages.HomePage - Clicked on Sign out link.
2025-05-05 21:45:19 INFO  com.dsalgo.automation.pages.HomePage - HomePage initialized with WebDriver and waitHelper
2025-05-05 21:45:19 INFO  com.dsalgo.automation.pages.HomePage - HomePage initialized with WebDriver and waitHelper
2025-05-05 21:45:19 INFO  com.dsalgo.automation.pages.LoginPage - LoginPage initialized with WebDriver and waitHelper
2025-05-05 21:45:20 INFO  com.dsalgo.automation.pages.HomePage - Navigated to DSAlgo portal: https://dsportalapp.herokuapp.com/
2025-05-05 21:45:20 INFO  com.dsalgo.automation.utils.NavigationUtil - Login performed successfully
2025-05-05 21:45:20 INFO  com.dsalgo.automation.pages.HomePage - Clicked on Get Started button in DSAlgo Portal.
2025-05-05 21:45:20 INFO  com.dsalgo.automation.utils.NavigationUtil - Navigated to DS Algo Home Page
2025-05-05 21:45:20 INFO  com.dsalgo.automation.pages.HomePage - clicked Get Startedlink on Tree 
2025-05-05 21:45:20 INFO  com.dsalgo.automation.pages.HomePage - Navigated to DSAlgo portal: https://dsportalapp.herokuapp.com/
2025-05-05 21:45:20 INFO  com.dsalgo.automation.pages.HomePage - Clicked on Get Started button in DSAlgo Portal.
2025-05-05 21:45:20 INFO  com.dsalgo.automation.utils.NavigationUtil - Navigated to DS Algo Home Page
2025-05-05 21:45:20 INFO  com.dsalgo.automation.pages.HomePage - Clicked on Signin link.
2025-05-05 21:45:20 INFO  com.dsalgo.automation.pages.HomePage - Clicked on Register link.
2025-05-05 21:45:21 INFO  com.dsalgo.automation.pages.HomePage - Navigated to DSAlgo portal: https://dsportalapp.herokuapp.com/
2025-05-05 21:45:21 INFO  com.dsalgo.automation.pages.HomePage - Clicked on Get Started button in DSAlgo Portal.
2025-05-05 21:45:21 INFO  com.dsalgo.automation.utils.NavigationUtil - Navigated to DS Algo Home Page
2025-05-05 21:45:21 INFO  com.dsalgo.automation.pages.HomePage - Clicked on Register link.
2025-05-05 21:45:21 INFO  com.dsalgo.automation.utils.NavigationUtil - Login performed successfully
2025-05-05 21:45:21 INFO  com.dsalgo.automation.pages.HomePage - clicked Get Startedlink on LinkedList
2025-05-05 21:45:22 INFO  com.dsalgo.automation.pages.HomePage - Navigated to DSAlgo portal: https://dsportalapp.herokuapp.com/
2025-05-05 21:45:22 INFO  com.dsalgo.automation.pages.HomePage - Clicked on Get Started button in DSAlgo Portal.
2025-05-05 21:45:22 INFO  com.dsalgo.automation.utils.NavigationUtil - Navigated to DS Algo Home Page
2025-05-05 21:45:22 INFO  com.dsalgo.automation.pages.HomePage - Clicked on Register link.
2025-05-05 21:45:22 INFO  com.dsalgo.automation.pages.HomePage - Clicked on Sign out link.
2025-05-05 21:45:22 INFO  com.dsalgo.automation.tests.ArrayPageTest - Redirected to Linked List Introuduction Landing page successfully
2025-05-05 21:45:22 INFO  com.dsalgo.automation.pages.HomePage - Navigated to DSAlgo portal: https://dsportalapp.herokuapp.com/
2025-05-05 21:45:23 INFO  com.dsalgo.automation.pages.HomePage - Clicked on Get Started button in DSAlgo Portal.
2025-05-05 21:45:23 INFO  com.dsalgo.automation.utils.NavigationUtil - Navigated to DS Algo Home Page
2025-05-05 21:45:23 INFO  com.dsalgo.automation.pages.HomePage - Clicked on Sign out link.
2025-05-05 21:45:23 INFO  com.dsalgo.automation.pages.HomePage - HomePage initialized with WebDriver and waitHelper
2025-05-05 21:45:23 INFO  com.dsalgo.automation.pages.HomePage - HomePage initialized with WebDriver and waitHelper
2025-05-05 21:45:23 INFO  com.dsalgo.automation.pages.LoginPage - LoginPage initialized with WebDriver and waitHelper
2025-05-05 21:45:23 INFO  com.dsalgo.automation.pages.HomePage - Clicked on Signin link.
2025-05-05 21:45:23 INFO  com.dsalgo.automation.pages.HomePage - Navigated to DSAlgo portal: https://dsportalapp.herokuapp.com/
2025-05-05 21:45:24 INFO  com.dsalgo.automation.utils.NavigationUtil - Login performed successfully
2025-05-05 21:45:24 INFO  com.dsalgo.automation.pages.HomePage - Clicked on Get Started button in DSAlgo Portal.
2025-05-05 21:45:24 INFO  com.dsalgo.automation.utils.NavigationUtil - Navigated to DS Algo Home Page
2025-05-05 21:45:24 INFO  com.dsalgo.automation.pages.HomePage - clicked Get Startedlink on Tree 
2025-05-05 21:45:24 INFO  com.dsalgo.automation.pages.HomePage - Clicked on Signin link.
2025-05-05 21:45:25 INFO  com.dsalgo.automation.utils.NavigationUtil - Login performed successfully
2025-05-05 21:45:25 INFO  com.dsalgo.automation.pages.HomePage - clicked Get Startedlink on LinkedList
2025-05-05 21:45:25 INFO  com.dsalgo.automation.pages.HomePage - Clicked on Sign out link.
2025-05-05 21:45:25 INFO  com.dsalgo.automation.pages.HomePage - Navigated to DSAlgo portal: https://dsportalapp.herokuapp.com/
2025-05-05 21:45:25 INFO  com.dsalgo.automation.pages.HomePage - Clicked on Get Started button in DSAlgo Portal.
2025-05-05 21:45:25 INFO  com.dsalgo.automation.utils.NavigationUtil - Navigated to DS Algo Home Page
2025-05-05 21:45:26 INFO  com.dsalgo.automation.pages.HomePage - Clicked on Signin link.
2025-05-05 21:45:26 INFO  com.dsalgo.automation.tests.ArrayPageTest - Redirected to Linked List Introuduction Text Edit Landing page successfully
2025-05-05 21:45:26 INFO  com.dsalgo.automation.utils.NavigationUtil - Login performed successfully
2025-05-05 21:45:26 INFO  com.dsalgo.automation.pages.HomePage - clicked Get Startedlink on Tree 
2025-05-05 21:45:27 INFO  com.dsalgo.automation.pages.HomePage - Clicked on Sign out link.
2025-05-05 21:45:27 DEBUG org.apache.poi.openxml4j.opc.PackageRelationshipCollection - Parsing relationship: /xl/_rels/workbook.xml.rels
2025-05-05 21:45:27 DEBUG org.apache.poi.openxml4j.opc.PackageRelationshipCollection - Parsing relationship: /_rels/.rels
2025-05-05 21:45:27 INFO  com.dsalgo.automation.pages.HomePage - HomePage initialized with WebDriver and waitHelper
2025-05-05 21:45:27 INFO  com.dsalgo.automation.pages.HomePage - HomePage initialized with WebDriver and waitHelper
2025-05-05 21:45:27 INFO  com.dsalgo.automation.pages.LoginPage - LoginPage initialized with WebDriver and waitHelper
2025-05-05 21:45:27 INFO  com.dsalgo.automation.pages.HomePage - Navigated to DSAlgo portal: https://dsportalapp.herokuapp.com/
2025-05-05 21:45:27 INFO  com.dsalgo.automation.pages.HomePage - Clicked on Sign out link.
2025-05-05 21:45:27 INFO  com.dsalgo.automation.pages.HomePage - Navigated to DSAlgo portal: https://dsportalapp.herokuapp.com/
2025-05-05 21:45:27 INFO  com.dsalgo.automation.pages.HomePage - Clicked on Get Started button in DSAlgo Portal.
2025-05-05 21:45:27 INFO  com.dsalgo.automation.utils.NavigationUtil - Navigated to DS Algo Home Page
2025-05-05 21:45:28 INFO  com.dsalgo.automation.pages.HomePage - Clicked on Get Started button in DSAlgo Portal.
2025-05-05 21:45:28 INFO  com.dsalgo.automation.utils.NavigationUtil - Navigated to DS Algo Home Page
2025-05-05 21:45:28 INFO  com.dsalgo.automation.pages.HomePage - Clicked on Signin link.
2025-05-05 21:45:28 INFO  com.dsalgo.automation.pages.HomePage - Clicked on Signin link.
2025-05-05 21:45:28 INFO  com.dsalgo.automation.utils.NavigationUtil - Login performed successfully
2025-05-05 21:45:28 INFO  com.dsalgo.automation.utils.NavigationUtil - Login performed successfully
2025-05-05 21:45:28 INFO  com.dsalgo.automation.pages.HomePage - clicked Get Startedlink on LinkedList
2025-05-05 21:45:28 INFO  com.dsalgo.automation.pages.HomePage - clicked Get Startedlink on Tree 
2025-05-05 21:45:29 INFO  com.dsalgo.automation.pages.HomePage - Clicked on Sign out link.
2025-05-05 21:45:29 INFO  com.dsalgo.automation.pages.HomePage - Navigated to DSAlgo portal: https://dsportalapp.herokuapp.com/
2025-05-05 21:45:30 INFO  com.dsalgo.automation.pages.HomePage - Clicked on Get Started button in DSAlgo Portal.
2025-05-05 21:45:30 INFO  com.dsalgo.automation.utils.NavigationUtil - Navigated to DS Algo Home Page
2025-05-05 21:45:30 INFO  com.dsalgo.automation.pages.HomePage - Clicked on Signin link.
2025-05-05 21:45:30 INFO  com.dsalgo.automation.pages.HomePage - Clicked on Sign out link.
2025-05-05 21:45:30 INFO  com.dsalgo.automation.pages.HomePage - HomePage initialized with WebDriver and waitHelper
2025-05-05 21:45:30 INFO  com.dsalgo.automation.pages.HomePage - HomePage initialized with WebDriver and waitHelper
2025-05-05 21:45:30 INFO  com.dsalgo.automation.pages.LoginPage - LoginPage initialized with WebDriver and waitHelper
2025-05-05 21:45:30 INFO  com.dsalgo.automation.utils.NavigationUtil - Login performed successfully
2025-05-05 21:45:30 INFO  com.dsalgo.automation.pages.HomePage - clicked Get Startedlink on Tree 
2025-05-05 21:45:31 INFO  com.dsalgo.automation.pages.HomePage - Navigated to DSAlgo portal: https://dsportalapp.herokuapp.com/
2025-05-05 21:45:31 INFO  com.dsalgo.automation.pages.HomePage - Clicked on Get Started button in DSAlgo Portal.
2025-05-05 21:45:31 INFO  com.dsalgo.automation.utils.NavigationUtil - Navigated to DS Algo Home Page
2025-05-05 21:45:31 INFO  com.dsalgo.automation.pages.HomePage - Clicked on Sign out link.
2025-05-05 21:45:31 INFO  com.dsalgo.automation.pages.HomePage - Navigated to DSAlgo portal: https://dsportalapp.herokuapp.com/
2025-05-05 21:45:31 INFO  com.dsalgo.automation.pages.HomePage - Clicked on Signin link.
2025-05-05 21:45:32 INFO  com.dsalgo.automation.pages.HomePage - Clicked on Get Started button in DSAlgo Portal.
2025-05-05 21:45:32 INFO  com.dsalgo.automation.utils.NavigationUtil - Navigated to DS Algo Home Page
2025-05-05 21:45:32 INFO  com.dsalgo.automation.pages.HomePage - Clicked on Signin link.
2025-05-05 21:45:32 INFO  com.dsalgo.automation.utils.NavigationUtil - Login performed successfully
2025-05-05 21:45:32 INFO  com.dsalgo.automation.utils.NavigationUtil - Login performed successfully
2025-05-05 21:45:32 INFO  com.dsalgo.automation.pages.HomePage - clicked Get Startedlink on LinkedList
2025-05-05 21:45:32 INFO  com.dsalgo.automation.pages.HomePage - clicked Get Startedlink on Tree 
2025-05-05 21:45:33 ERROR com.dsalgo.automation.tests.TreePageTest - Assertion failed: expected [true] but found [false]
2025-05-05 21:45:33 INFO  com.dsalgo.automation.pages.HomePage - Clicked on Sign out link.
2025-05-05 21:45:34 INFO  com.dsalgo.automation.pages.HomePage - Navigated to DSAlgo portal: https://dsportalapp.herokuapp.com/
2025-05-05 21:45:34 INFO  com.dsalgo.automation.pages.HomePage - Clicked on Get Started button in DSAlgo Portal.
2025-05-05 21:45:34 INFO  com.dsalgo.automation.utils.NavigationUtil - Navigated to DS Algo Home Page
2025-05-05 21:45:34 INFO  com.dsalgo.automation.pages.HomePage - Clicked on Sign out link.
2025-05-05 21:45:34 INFO  com.dsalgo.automation.pages.HomePage - HomePage initialized with WebDriver and waitHelper
2025-05-05 21:45:34 INFO  com.dsalgo.automation.pages.HomePage - HomePage initialized with WebDriver and waitHelper
2025-05-05 21:45:34 INFO  com.dsalgo.automation.pages.LoginPage - LoginPage initialized with WebDriver and waitHelper
2025-05-05 21:45:34 INFO  com.dsalgo.automation.pages.HomePage - Navigated to DSAlgo portal: https://dsportalapp.herokuapp.com/
2025-05-05 21:45:34 INFO  com.dsalgo.automation.pages.HomePage - Clicked on Signin link.
2025-05-05 21:45:34 INFO  com.dsalgo.automation.utils.NavigationUtil - Login performed successfully
2025-05-05 21:45:34 INFO  com.dsalgo.automation.pages.HomePage - Clicked on Get Started button in DSAlgo Portal.
2025-05-05 21:45:34 INFO  com.dsalgo.automation.utils.NavigationUtil - Navigated to DS Algo Home Page
2025-05-05 21:45:35 INFO  com.dsalgo.automation.pages.HomePage - clicked Get Startedlink on Tree 
2025-05-05 21:45:35 INFO  com.dsalgo.automation.pages.HomePage - Clicked on Signin link.
2025-05-05 21:45:35 INFO  com.dsalgo.automation.utils.NavigationUtil - Login performed successfully
2025-05-05 21:45:36 ERROR com.dsalgo.automation.tests.TreePageTest - Assertion failed: expected [true] but found [false]
2025-05-05 21:45:36 INFO  com.dsalgo.automation.pages.HomePage - clicked Get Startedlink on LinkedList
2025-05-05 21:45:36 INFO  com.dsalgo.automation.pages.HomePage - Clicked on Sign out link.
2025-05-05 21:45:36 INFO  com.dsalgo.automation.pages.HomePage - Navigated to DSAlgo portal: https://dsportalapp.herokuapp.com/
2025-05-05 21:45:36 INFO  com.dsalgo.automation.pages.HomePage - Clicked on Get Started button in DSAlgo Portal.
2025-05-05 21:45:36 INFO  com.dsalgo.automation.utils.NavigationUtil - Navigated to DS Algo Home Page
2025-05-05 21:45:36 INFO  com.dsalgo.automation.pages.HomePage - Clicked on Signin link.
2025-05-05 21:45:37 INFO  com.dsalgo.automation.tests.ArrayPageTest - Tested alert with code: System.out.println("Hello,World"); | Alert: NameError: name 'System' is not defined on line 1
2025-05-05 21:45:37 INFO  com.dsalgo.automation.utils.NavigationUtil - Login performed successfully
2025-05-05 21:45:37 INFO  com.dsalgo.automation.pages.HomePage - clicked Get Startedlink on Tree 
2025-05-05 21:45:37 INFO  com.dsalgo.automation.pages.HomePage - Clicked on Sign out link.
2025-05-05 21:45:37 INFO  com.dsalgo.automation.pages.HomePage - HomePage initialized with WebDriver and waitHelper
2025-05-05 21:45:37 INFO  com.dsalgo.automation.pages.HomePage - HomePage initialized with WebDriver and waitHelper
2025-05-05 21:45:37 INFO  com.dsalgo.automation.pages.LoginPage - LoginPage initialized with WebDriver and waitHelper
2025-05-05 21:45:38 INFO  com.dsalgo.automation.pages.HomePage - Navigated to DSAlgo portal: https://dsportalapp.herokuapp.com/
2025-05-05 21:45:38 ERROR com.dsalgo.automation.tests.TreePageTest - Assertion failed: expected [true] but found [false]
2025-05-05 21:45:38 INFO  com.dsalgo.automation.pages.HomePage - Clicked on Get Started button in DSAlgo Portal.
2025-05-05 21:45:38 INFO  com.dsalgo.automation.utils.NavigationUtil - Navigated to DS Algo Home Page
2025-05-05 21:45:38 INFO  com.dsalgo.automation.pages.HomePage - Clicked on Sign out link.
2025-05-05 21:45:38 DEBUG org.apache.poi.openxml4j.opc.PackageRelationshipCollection - Parsing relationship: /xl/_rels/workbook.xml.rels
2025-05-05 21:45:38 DEBUG org.apache.poi.openxml4j.opc.PackageRelationshipCollection - Parsing relationship: /_rels/.rels
2025-05-05 21:45:38 INFO  com.dsalgo.automation.pages.HomePage - Clicked on Signin link.
2025-05-05 21:45:38 INFO  com.dsalgo.automation.pages.HomePage - Navigated to DSAlgo portal: https://dsportalapp.herokuapp.com/
2025-05-05 21:45:39 INFO  com.dsalgo.automation.pages.HomePage - Clicked on Get Started button in DSAlgo Portal.
2025-05-05 21:45:39 INFO  com.dsalgo.automation.utils.NavigationUtil - Navigated to DS Algo Home Page
2025-05-05 21:45:39 INFO  com.dsalgo.automation.pages.HomePage - Clicked on Signin link.
2025-05-05 21:45:39 INFO  com.dsalgo.automation.utils.NavigationUtil - Login performed successfully
2025-05-05 21:45:39 INFO  com.dsalgo.automation.utils.NavigationUtil - Login performed successfully
2025-05-05 21:45:39 INFO  com.dsalgo.automation.pages.HomePage - clicked Get Startedlink on LinkedList
2025-05-05 21:45:40 INFO  com.dsalgo.automation.pages.HomePage - clicked Get Startedlink on Tree 
2025-05-05 21:45:40 INFO  com.dsalgo.automation.tests.ArrayPageTest - Redirected to Traversal Landing page successfully
2025-05-05 21:45:41 INFO  com.dsalgo.automation.pages.HomePage - Clicked on Sign out link.
2025-05-05 21:45:41 INFO  com.dsalgo.automation.pages.HomePage - HomePage initialized with WebDriver and waitHelper
2025-05-05 21:45:41 INFO  com.dsalgo.automation.pages.HomePage - HomePage initialized with WebDriver and waitHelper
2025-05-05 21:45:41 INFO  com.dsalgo.automation.pages.LoginPage - LoginPage initialized with WebDriver and waitHelper
2025-05-05 21:45:41 INFO  com.dsalgo.automation.pages.HomePage - Clicked on Sign out link.
2025-05-05 21:45:41 INFO  com.dsalgo.automation.pages.HomePage - Navigated to DSAlgo portal: https://dsportalapp.herokuapp.com/
2025-05-05 21:45:41 INFO  com.dsalgo.automation.pages.HomePage - Navigated to DSAlgo portal: https://dsportalapp.herokuapp.com/
2025-05-05 21:45:41 INFO  com.dsalgo.automation.pages.HomePage - Clicked on Get Started button in DSAlgo Portal.
2025-05-05 21:45:41 INFO  com.dsalgo.automation.utils.NavigationUtil - Navigated to DS Algo Home Page
2025-05-05 21:45:41 INFO  com.dsalgo.automation.pages.HomePage - Clicked on Get Started button in DSAlgo Portal.
2025-05-05 21:45:41 INFO  com.dsalgo.automation.utils.NavigationUtil - Navigated to DS Algo Home Page
2025-05-05 21:45:41 INFO  com.dsalgo.automation.pages.HomePage - Clicked on Signin link.
2025-05-05 21:45:42 INFO  com.dsalgo.automation.pages.HomePage - Clicked on Signin link.
2025-05-05 21:45:42 INFO  com.dsalgo.automation.utils.NavigationUtil - Login performed successfully
2025-05-05 21:45:42 INFO  com.dsalgo.automation.pages.HomePage - clicked Get Startedlink on Tree 
2025-05-05 21:45:42 INFO  com.dsalgo.automation.utils.NavigationUtil - Login performed successfully
2025-05-05 21:45:42 INFO  com.dsalgo.automation.pages.HomePage - clicked Get Startedlink on LinkedList
2025-05-05 21:45:43 INFO  com.dsalgo.automation.pages.HomePage - Clicked on Sign out link.
2025-05-05 21:45:43 INFO  com.dsalgo.automation.pages.HomePage - Navigated to DSAlgo portal: https://dsportalapp.herokuapp.com/
2025-05-05 21:45:44 INFO  com.dsalgo.automation.pages.HomePage - Clicked on Get Started button in DSAlgo Portal.
2025-05-05 21:45:44 INFO  com.dsalgo.automation.utils.NavigationUtil - Navigated to DS Algo Home Page
2025-05-05 21:45:44 INFO  com.dsalgo.automation.tests.ArrayPageTest - Redirected to Traversal Text Edit Landing page successfully
2025-05-05 21:45:44 INFO  com.dsalgo.automation.pages.HomePage - Clicked on Signin link.
2025-05-05 21:45:44 INFO  com.dsalgo.automation.pages.HomePage - Clicked on Sign out link.
2025-05-05 21:45:44 INFO  com.dsalgo.automation.pages.HomePage - HomePage initialized with WebDriver and waitHelper
2025-05-05 21:45:44 INFO  com.dsalgo.automation.pages.HomePage - HomePage initialized with WebDriver and waitHelper
2025-05-05 21:45:44 INFO  com.dsalgo.automation.pages.LoginPage - LoginPage initialized with WebDriver and waitHelper
2025-05-05 21:45:44 INFO  com.dsalgo.automation.utils.NavigationUtil - Login performed successfully
2025-05-05 21:45:45 INFO  com.dsalgo.automation.pages.HomePage - Navigated to DSAlgo portal: https://dsportalapp.herokuapp.com/
2025-05-05 21:45:45 INFO  com.dsalgo.automation.pages.HomePage - clicked Get Startedlink on Tree 
2025-05-05 21:45:45 INFO  com.dsalgo.automation.pages.HomePage - Clicked on Get Started button in DSAlgo Portal.
2025-05-05 21:45:45 INFO  com.dsalgo.automation.utils.NavigationUtil - Navigated to DS Algo Home Page
2025-05-05 21:45:45 INFO  com.dsalgo.automation.pages.HomePage - Clicked on Signin link.
2025-05-05 21:45:46 INFO  com.dsalgo.automation.pages.HomePage - Clicked on Sign out link.
2025-05-05 21:45:46 INFO  com.dsalgo.automation.pages.HomePage - Navigated to DSAlgo portal: https://dsportalapp.herokuapp.com/
2025-05-05 21:45:46 INFO  com.dsalgo.automation.utils.NavigationUtil - Login performed successfully
2025-05-05 21:45:46 INFO  com.dsalgo.automation.pages.HomePage - clicked Get Startedlink on LinkedList
2025-05-05 21:45:46 INFO  com.dsalgo.automation.pages.HomePage - Clicked on Get Started button in DSAlgo Portal.
2025-05-05 21:45:46 INFO  com.dsalgo.automation.utils.NavigationUtil - Navigated to DS Algo Home Page
2025-05-05 21:45:46 INFO  com.dsalgo.automation.pages.HomePage - Clicked on Signin link.
2025-05-05 21:45:47 INFO  com.dsalgo.automation.tests.ArrayPageTest - Redirected to Types of Linked List Landing page successfully
2025-05-05 21:45:47 INFO  com.dsalgo.automation.utils.NavigationUtil - Login performed successfully
2025-05-05 21:45:47 INFO  com.dsalgo.automation.pages.HomePage - clicked Get Startedlink on Tree 
2025-05-05 21:45:47 INFO  com.dsalgo.automation.pages.HomePage - Clicked on Sign out link.
2025-05-05 21:45:47 INFO  com.dsalgo.automation.pages.HomePage - HomePage initialized with WebDriver and waitHelper
2025-05-05 21:45:47 INFO  com.dsalgo.automation.pages.HomePage - HomePage initialized with WebDriver and waitHelper
2025-05-05 21:45:47 INFO  com.dsalgo.automation.pages.LoginPage - LoginPage initialized with WebDriver and waitHelper
2025-05-05 21:45:48 INFO  com.dsalgo.automation.pages.HomePage - Navigated to DSAlgo portal: https://dsportalapp.herokuapp.com/
2025-05-05 21:45:48 INFO  com.dsalgo.automation.pages.HomePage - Clicked on Get Started button in DSAlgo Portal.
2025-05-05 21:45:48 INFO  com.dsalgo.automation.utils.NavigationUtil - Navigated to DS Algo Home Page
2025-05-05 21:45:48 INFO  com.dsalgo.automation.pages.HomePage - Clicked on Sign out link.
2025-05-05 21:45:48 INFO  com.dsalgo.automation.pages.HomePage - Navigated to DSAlgo portal: https://dsportalapp.herokuapp.com/
2025-05-05 21:45:48 INFO  com.dsalgo.automation.pages.HomePage - Clicked on Get Started button in DSAlgo Portal.
2025-05-05 21:45:48 INFO  com.dsalgo.automation.utils.NavigationUtil - Navigated to DS Algo Home Page
2025-05-05 21:45:48 INFO  com.dsalgo.automation.pages.HomePage - Clicked on Signin link.
2025-05-05 21:45:49 INFO  com.dsalgo.automation.pages.HomePage - Clicked on Signin link.
2025-05-05 21:45:49 INFO  com.dsalgo.automation.utils.NavigationUtil - Login performed successfully
2025-05-05 21:45:49 INFO  com.dsalgo.automation.utils.NavigationUtil - Login performed successfully
2025-05-05 21:45:49 INFO  com.dsalgo.automation.pages.HomePage - clicked Get Startedlink on LinkedList
2025-05-05 21:45:49 INFO  com.dsalgo.automation.pages.HomePage - clicked Get Startedlink on Tree 
2025-05-05 21:45:50 INFO  com.dsalgo.automation.pages.HomePage - Clicked on Sign out link.
2025-05-05 21:45:50 INFO  com.dsalgo.automation.pages.HomePage - Navigated to DSAlgo portal: https://dsportalapp.herokuapp.com/
2025-05-05 21:45:50 INFO  com.dsalgo.automation.tests.ArrayPageTest - Redirected to Linked List Introuduction Text Edit Landing page successfully
2025-05-05 21:45:50 INFO  com.dsalgo.automation.pages.HomePage - Clicked on Get Started button in DSAlgo Portal.
2025-05-05 21:45:50 INFO  com.dsalgo.automation.utils.NavigationUtil - Navigated to DS Algo Home Page
2025-05-05 21:45:51 INFO  com.dsalgo.automation.pages.HomePage - Clicked on Signin link.
2025-05-05 21:45:51 INFO  com.dsalgo.automation.pages.HomePage - Clicked on Sign out link.
2025-05-05 21:45:51 INFO  com.dsalgo.automation.utils.NavigationUtil - Login performed successfully
2025-05-05 21:45:51 INFO  com.dsalgo.automation.pages.HomePage - clicked Get Startedlink on Tree 
2025-05-05 21:45:52 ERROR com.dsalgo.automation.tests.TreePageTest - Assertion failed: expected [true] but found [false]
2025-05-05 21:45:52 INFO  com.dsalgo.automation.pages.HomePage - Clicked on Sign out link.
2025-05-05 21:45:53 INFO  com.dsalgo.automation.pages.HomePage - Navigated to DSAlgo portal: https://dsportalapp.herokuapp.com/
2025-05-05 21:45:53 INFO  com.dsalgo.automation.pages.HomePage - Clicked on Get Started button in DSAlgo Portal.
2025-05-05 21:45:53 INFO  com.dsalgo.automation.utils.NavigationUtil - Navigated to DS Algo Home Page
2025-05-05 21:45:53 INFO  com.dsalgo.automation.pages.HomePage - Clicked on Signin link.
2025-05-05 21:45:54 INFO  com.dsalgo.automation.utils.NavigationUtil - Login performed successfully
2025-05-05 21:45:54 INFO  com.dsalgo.automation.pages.HomePage - clicked Get Startedlink on Tree 
2025-05-05 21:45:54 ERROR com.dsalgo.automation.tests.TreePageTest - Assertion failed: expected [true] but found [false]
2025-05-05 21:45:55 INFO  com.dsalgo.automation.pages.HomePage - Clicked on Sign out link.
2025-05-05 21:45:55 INFO  com.dsalgo.automation.pages.HomePage - Navigated to DSAlgo portal: https://dsportalapp.herokuapp.com/
2025-05-05 21:45:55 INFO  com.dsalgo.automation.pages.HomePage - Clicked on Get Started button in DSAlgo Portal.
2025-05-05 21:45:55 INFO  com.dsalgo.automation.utils.NavigationUtil - Navigated to DS Algo Home Page
2025-05-05 21:45:55 INFO  com.dsalgo.automation.pages.HomePage - Clicked on Signin link.
2025-05-05 21:45:55 INFO  com.dsalgo.automation.utils.NavigationUtil - Login performed successfully
2025-05-05 21:45:56 INFO  com.dsalgo.automation.pages.HomePage - clicked Get Startedlink on Tree 
2025-05-05 21:45:56 ERROR com.dsalgo.automation.tests.TreePageTest - Assertion failed: expected [true] but found [false]
2025-05-05 21:45:57 INFO  com.dsalgo.automation.pages.HomePage - Clicked on Sign out link.
2025-05-05 21:45:57 DEBUG org.apache.poi.openxml4j.opc.PackageRelationshipCollection - Parsing relationship: /xl/_rels/workbook.xml.rels
2025-05-05 21:45:57 DEBUG org.apache.poi.openxml4j.opc.PackageRelationshipCollection - Parsing relationship: /_rels/.rels
2025-05-05 21:45:57 INFO  com.dsalgo.automation.pages.HomePage - Navigated to DSAlgo portal: https://dsportalapp.herokuapp.com/
2025-05-05 21:45:57 INFO  com.dsalgo.automation.pages.HomePage - Clicked on Get Started button in DSAlgo Portal.
2025-05-05 21:45:57 INFO  com.dsalgo.automation.utils.NavigationUtil - Navigated to DS Algo Home Page
2025-05-05 21:45:57 INFO  com.dsalgo.automation.pages.HomePage - Clicked on Signin link.
2025-05-05 21:45:58 INFO  com.dsalgo.automation.utils.NavigationUtil - Login performed successfully
2025-05-05 21:45:58 INFO  com.dsalgo.automation.pages.HomePage - clicked Get Startedlink on Tree 
2025-05-05 21:45:59 INFO  com.dsalgo.automation.pages.HomePage - Clicked on Sign out link.
2025-05-05 21:45:59 INFO  com.dsalgo.automation.pages.HomePage - Navigated to DSAlgo portal: https://dsportalapp.herokuapp.com/
2025-05-05 21:46:00 INFO  com.dsalgo.automation.pages.HomePage - Clicked on Get Started button in DSAlgo Portal.
2025-05-05 21:46:00 INFO  com.dsalgo.automation.utils.NavigationUtil - Navigated to DS Algo Home Page
2025-05-05 21:46:00 INFO  com.dsalgo.automation.pages.HomePage - Clicked on Signin link.
2025-05-05 21:46:00 INFO  com.dsalgo.automation.utils.NavigationUtil - Login performed successfully
2025-05-05 21:46:00 INFO  com.dsalgo.automation.pages.HomePage - clicked Get Startedlink on Tree 
2025-05-05 21:46:02 INFO  com.dsalgo.automation.pages.HomePage - Clicked on Sign out link.
2025-05-05 21:46:02 INFO  com.dsalgo.automation.pages.HomePage - Navigated to DSAlgo portal: https://dsportalapp.herokuapp.com/
2025-05-05 21:46:02 INFO  com.dsalgo.automation.pages.HomePage - Clicked on Get Started button in DSAlgo Portal.
2025-05-05 21:46:02 INFO  com.dsalgo.automation.utils.NavigationUtil - Navigated to DS Algo Home Page
2025-05-05 21:46:02 INFO  com.dsalgo.automation.pages.HomePage - Clicked on Signin link.
2025-05-05 21:46:02 INFO  com.dsalgo.automation.utils.NavigationUtil - Login performed successfully
2025-05-05 21:46:03 INFO  com.dsalgo.automation.pages.HomePage - clicked Get Startedlink on Tree 
2025-05-05 21:46:04 INFO  com.dsalgo.automation.pages.HomePage - Clicked on Sign out link.
2025-05-05 21:46:04 INFO  com.dsalgo.automation.pages.HomePage - Navigated to DSAlgo portal: https://dsportalapp.herokuapp.com/
2025-05-05 21:46:04 INFO  com.dsalgo.automation.pages.HomePage - Clicked on Get Started button in DSAlgo Portal.
2025-05-05 21:46:04 INFO  com.dsalgo.automation.utils.NavigationUtil - Navigated to DS Algo Home Page
2025-05-05 21:46:04 INFO  com.dsalgo.automation.pages.HomePage - Clicked on Signin link.
2025-05-05 21:46:05 INFO  com.dsalgo.automation.utils.NavigationUtil - Login performed successfully
2025-05-05 21:46:05 INFO  com.dsalgo.automation.pages.HomePage - clicked Get Startedlink on Tree 
2025-05-05 21:46:06 INFO  com.dsalgo.automation.pages.HomePage - Clicked on Sign out link.
2025-05-05 21:46:06 INFO  com.dsalgo.automation.pages.HomePage - Navigated to DSAlgo portal: https://dsportalapp.herokuapp.com/
2025-05-05 21:46:06 INFO  com.dsalgo.automation.pages.HomePage - Clicked on Get Started button in DSAlgo Portal.
2025-05-05 21:46:06 INFO  com.dsalgo.automation.utils.NavigationUtil - Navigated to DS Algo Home Page
2025-05-05 21:46:06 INFO  com.dsalgo.automation.pages.HomePage - Clicked on Signin link.
2025-05-05 21:46:07 INFO  com.dsalgo.automation.utils.NavigationUtil - Login performed successfully
2025-05-05 21:46:07 INFO  com.dsalgo.automation.pages.HomePage - clicked Get Startedlink on Tree 
2025-05-05 21:46:08 INFO  com.dsalgo.automation.pages.HomePage - Clicked on Sign out link.
2025-05-05 21:46:08 INFO  com.dsalgo.automation.pages.HomePage - Navigated to DSAlgo portal: https://dsportalapp.herokuapp.com/
2025-05-05 21:46:08 INFO  com.dsalgo.automation.pages.HomePage - Clicked on Get Started button in DSAlgo Portal.
2025-05-05 21:46:08 INFO  com.dsalgo.automation.utils.NavigationUtil - Navigated to DS Algo Home Page
2025-05-05 21:46:08 INFO  com.dsalgo.automation.pages.HomePage - Clicked on Signin link.
2025-05-05 21:46:09 INFO  com.dsalgo.automation.utils.NavigationUtil - Login performed successfully
2025-05-05 21:46:09 INFO  com.dsalgo.automation.pages.HomePage - clicked Get Startedlink on Tree 
2025-05-05 21:46:10 ERROR com.dsalgo.automation.tests.TreePageTest - Assertion failed: expected [true] but found [false]
2025-05-05 21:46:10 INFO  com.dsalgo.automation.pages.HomePage - Clicked on Sign out link.
2025-05-05 21:46:10 INFO  com.dsalgo.automation.pages.HomePage - Navigated to DSAlgo portal: https://dsportalapp.herokuapp.com/
2025-05-05 21:46:10 INFO  com.dsalgo.automation.pages.HomePage - Clicked on Get Started button in DSAlgo Portal.
2025-05-05 21:46:10 INFO  com.dsalgo.automation.utils.NavigationUtil - Navigated to DS Algo Home Page
2025-05-05 21:46:11 INFO  com.dsalgo.automation.pages.HomePage - Clicked on Signin link.
2025-05-05 21:46:11 INFO  com.dsalgo.automation.utils.NavigationUtil - Login performed successfully
2025-05-05 21:46:11 INFO  com.dsalgo.automation.pages.HomePage - clicked Get Startedlink on Tree 
2025-05-05 21:46:12 ERROR com.dsalgo.automation.tests.TreePageTest - Assertion failed: expected [true] but found [false]
2025-05-05 21:46:12 INFO  com.dsalgo.automation.pages.HomePage - Clicked on Sign out link.
2025-05-05 21:46:12 INFO  com.dsalgo.automation.pages.HomePage - Navigated to DSAlgo portal: https://dsportalapp.herokuapp.com/
2025-05-05 21:46:13 INFO  com.dsalgo.automation.pages.HomePage - Clicked on Get Started button in DSAlgo Portal.
2025-05-05 21:46:13 INFO  com.dsalgo.automation.utils.NavigationUtil - Navigated to DS Algo Home Page
2025-05-05 21:46:13 INFO  com.dsalgo.automation.pages.HomePage - Clicked on Signin link.
2025-05-05 21:46:13 INFO  com.dsalgo.automation.utils.NavigationUtil - Login performed successfully
2025-05-05 21:46:13 INFO  com.dsalgo.automation.pages.HomePage - clicked Get Startedlink on Tree 
2025-05-05 21:46:14 ERROR com.dsalgo.automation.tests.TreePageTest - Assertion failed: expected [true] but found [false]
2025-05-05 21:46:14 INFO  com.dsalgo.automation.pages.HomePage - Clicked on Sign out link.
2025-05-05 21:46:14 DEBUG org.apache.poi.openxml4j.opc.PackageRelationshipCollection - Parsing relationship: /xl/_rels/workbook.xml.rels
2025-05-05 21:46:14 DEBUG org.apache.poi.openxml4j.opc.PackageRelationshipCollection - Parsing relationship: /_rels/.rels
2025-05-05 21:46:15 INFO  com.dsalgo.automation.pages.HomePage - Navigated to DSAlgo portal: https://dsportalapp.herokuapp.com/
2025-05-05 21:46:15 INFO  com.dsalgo.automation.pages.HomePage - Clicked on Get Started button in DSAlgo Portal.
2025-05-05 21:46:15 INFO  com.dsalgo.automation.utils.NavigationUtil - Navigated to DS Algo Home Page
2025-05-05 21:46:15 INFO  com.dsalgo.automation.pages.HomePage - Clicked on Signin link.
2025-05-05 21:46:16 INFO  com.dsalgo.automation.utils.NavigationUtil - Login performed successfully
2025-05-05 21:46:16 INFO  com.dsalgo.automation.pages.HomePage - clicked Get Startedlink on Tree 
2025-05-05 21:46:17 INFO  com.dsalgo.automation.pages.HomePage - Clicked on Sign out link.
2025-05-05 21:46:17 INFO  com.dsalgo.automation.pages.HomePage - Navigated to DSAlgo portal: https://dsportalapp.herokuapp.com/
2025-05-05 21:46:17 INFO  com.dsalgo.automation.pages.HomePage - Clicked on Get Started button in DSAlgo Portal.
2025-05-05 21:46:17 INFO  com.dsalgo.automation.utils.NavigationUtil - Navigated to DS Algo Home Page
2025-05-05 21:46:17 INFO  com.dsalgo.automation.pages.HomePage - Clicked on Signin link.
2025-05-05 21:46:18 INFO  com.dsalgo.automation.utils.NavigationUtil - Login performed successfully
2025-05-05 21:46:18 INFO  com.dsalgo.automation.pages.HomePage - clicked Get Startedlink on Tree 
2025-05-05 21:46:19 INFO  com.dsalgo.automation.pages.HomePage - Clicked on Sign out link.
2025-05-05 21:46:19 INFO  com.dsalgo.automation.pages.HomePage - Navigated to DSAlgo portal: https://dsportalapp.herokuapp.com/
2025-05-05 21:46:19 INFO  com.dsalgo.automation.pages.HomePage - Clicked on Get Started button in DSAlgo Portal.
2025-05-05 21:46:19 INFO  com.dsalgo.automation.utils.NavigationUtil - Navigated to DS Algo Home Page
2025-05-05 21:46:20 INFO  com.dsalgo.automation.pages.HomePage - Clicked on Signin link.
2025-05-05 21:46:20 INFO  com.dsalgo.automation.utils.NavigationUtil - Login performed successfully
2025-05-05 21:46:20 INFO  com.dsalgo.automation.pages.HomePage - clicked Get Startedlink on Tree 
2025-05-05 21:46:21 INFO  com.dsalgo.automation.pages.HomePage - Clicked on Sign out link.
2025-05-05 21:46:21 INFO  com.dsalgo.automation.pages.HomePage - Navigated to DSAlgo portal: https://dsportalapp.herokuapp.com/
2025-05-05 21:46:22 INFO  com.dsalgo.automation.pages.HomePage - Clicked on Get Started button in DSAlgo Portal.
2025-05-05 21:46:22 INFO  com.dsalgo.automation.utils.NavigationUtil - Navigated to DS Algo Home Page
2025-05-05 21:46:22 INFO  com.dsalgo.automation.pages.HomePage - Clicked on Signin link.
2025-05-05 21:46:23 INFO  com.dsalgo.automation.utils.NavigationUtil - Login performed successfully
2025-05-05 21:46:23 INFO  com.dsalgo.automation.pages.HomePage - clicked Get Startedlink on Tree 
2025-05-05 21:46:24 INFO  com.dsalgo.automation.pages.HomePage - Clicked on Sign out link.
2025-05-05 21:46:24 INFO  com.dsalgo.automation.pages.HomePage - Navigated to DSAlgo portal: https://dsportalapp.herokuapp.com/
2025-05-05 21:46:24 INFO  com.dsalgo.automation.pages.HomePage - Clicked on Get Started button in DSAlgo Portal.
2025-05-05 21:46:24 INFO  com.dsalgo.automation.utils.NavigationUtil - Navigated to DS Algo Home Page
2025-05-05 21:46:24 INFO  com.dsalgo.automation.pages.HomePage - Clicked on Signin link.
2025-05-05 21:46:25 INFO  com.dsalgo.automation.utils.NavigationUtil - Login performed successfully
2025-05-05 21:46:25 INFO  com.dsalgo.automation.pages.HomePage - clicked Get Startedlink on Tree 
2025-05-05 21:46:26 INFO  com.dsalgo.automation.pages.HomePage - Clicked on Sign out link.
2025-05-05 21:46:26 INFO  com.dsalgo.automation.pages.HomePage - Navigated to DSAlgo portal: https://dsportalapp.herokuapp.com/
2025-05-05 21:46:26 INFO  com.dsalgo.automation.pages.HomePage - Clicked on Get Started button in DSAlgo Portal.
2025-05-05 21:46:26 INFO  com.dsalgo.automation.utils.NavigationUtil - Navigated to DS Algo Home Page
2025-05-05 21:46:26 INFO  com.dsalgo.automation.pages.HomePage - Clicked on Signin link.
2025-05-05 21:46:26 INFO  com.dsalgo.automation.utils.NavigationUtil - Login performed successfully
2025-05-05 21:46:27 INFO  com.dsalgo.automation.pages.HomePage - clicked Get Startedlink on Tree 
2025-05-05 21:46:28 INFO  com.dsalgo.automation.pages.HomePage - Clicked on Sign out link.
2025-05-05 21:46:28 INFO  com.dsalgo.automation.pages.HomePage - Navigated to DSAlgo portal: https://dsportalapp.herokuapp.com/
2025-05-05 21:46:28 INFO  com.dsalgo.automation.pages.HomePage - Clicked on Get Started button in DSAlgo Portal.
2025-05-05 21:46:28 INFO  com.dsalgo.automation.utils.NavigationUtil - Navigated to DS Algo Home Page
2025-05-05 21:46:28 INFO  com.dsalgo.automation.pages.HomePage - Clicked on Signin link.
2025-05-05 21:46:29 INFO  com.dsalgo.automation.utils.NavigationUtil - Login performed successfully
2025-05-05 21:46:29 INFO  com.dsalgo.automation.pages.HomePage - clicked Get Startedlink on Tree 
2025-05-05 21:46:30 ERROR com.dsalgo.automation.tests.TreePageTest - Assertion failed: expected [true] but found [false]
2025-05-05 21:46:30 INFO  com.dsalgo.automation.pages.HomePage - Clicked on Sign out link.
2025-05-05 21:46:30 INFO  com.dsalgo.automation.pages.HomePage - Navigated to DSAlgo portal: https://dsportalapp.herokuapp.com/
2025-05-05 21:46:31 INFO  com.dsalgo.automation.pages.HomePage - Clicked on Get Started button in DSAlgo Portal.
2025-05-05 21:46:31 INFO  com.dsalgo.automation.utils.NavigationUtil - Navigated to DS Algo Home Page
2025-05-05 21:46:31 INFO  com.dsalgo.automation.pages.HomePage - Clicked on Signin link.
2025-05-05 21:46:31 INFO  com.dsalgo.automation.utils.NavigationUtil - Login performed successfully
2025-05-05 21:46:31 INFO  com.dsalgo.automation.pages.HomePage - clicked Get Startedlink on Tree 
2025-05-05 21:46:32 ERROR com.dsalgo.automation.tests.TreePageTest - Assertion failed: expected [true] but found [false]
2025-05-05 21:46:33 INFO  com.dsalgo.automation.pages.HomePage - Clicked on Sign out link.
2025-05-05 21:46:33 INFO  com.dsalgo.automation.pages.HomePage - Navigated to DSAlgo portal: https://dsportalapp.herokuapp.com/
2025-05-05 21:46:33 INFO  com.dsalgo.automation.pages.HomePage - Clicked on Get Started button in DSAlgo Portal.
2025-05-05 21:46:33 INFO  com.dsalgo.automation.utils.NavigationUtil - Navigated to DS Algo Home Page
2025-05-05 21:46:33 INFO  com.dsalgo.automation.pages.HomePage - Clicked on Signin link.
2025-05-05 21:46:34 INFO  com.dsalgo.automation.utils.NavigationUtil - Login performed successfully
2025-05-05 21:46:34 INFO  com.dsalgo.automation.pages.HomePage - clicked Get Startedlink on Tree 
2025-05-05 21:46:34 ERROR com.dsalgo.automation.tests.TreePageTest - Assertion failed: expected [true] but found [false]
2025-05-05 21:46:35 INFO  com.dsalgo.automation.pages.HomePage - Clicked on Sign out link.
2025-05-05 21:46:35 DEBUG org.apache.poi.openxml4j.opc.PackageRelationshipCollection - Parsing relationship: /xl/_rels/workbook.xml.rels
2025-05-05 21:46:35 DEBUG org.apache.poi.openxml4j.opc.PackageRelationshipCollection - Parsing relationship: /_rels/.rels
2025-05-05 21:46:35 INFO  com.dsalgo.automation.pages.HomePage - Navigated to DSAlgo portal: https://dsportalapp.herokuapp.com/
2025-05-05 21:46:35 INFO  com.dsalgo.automation.pages.HomePage - Clicked on Get Started button in DSAlgo Portal.
2025-05-05 21:46:35 INFO  com.dsalgo.automation.utils.NavigationUtil - Navigated to DS Algo Home Page
2025-05-05 21:46:35 INFO  com.dsalgo.automation.pages.HomePage - Clicked on Signin link.
2025-05-05 21:46:36 INFO  com.dsalgo.automation.utils.NavigationUtil - Login performed successfully
2025-05-05 21:46:36 INFO  com.dsalgo.automation.pages.HomePage - clicked Get Startedlink on Tree 
2025-05-05 21:46:37 INFO  com.dsalgo.automation.pages.HomePage - Clicked on Sign out link.
2025-05-05 21:46:38 INFO  com.dsalgo.automation.pages.HomePage - Navigated to DSAlgo portal: https://dsportalapp.herokuapp.com/
2025-05-05 21:46:38 INFO  com.dsalgo.automation.pages.HomePage - Clicked on Get Started button in DSAlgo Portal.
2025-05-05 21:46:38 INFO  com.dsalgo.automation.utils.NavigationUtil - Navigated to DS Algo Home Page
2025-05-05 21:46:38 INFO  com.dsalgo.automation.pages.HomePage - Clicked on Signin link.
2025-05-05 21:46:38 INFO  com.dsalgo.automation.utils.NavigationUtil - Login performed successfully
2025-05-05 21:46:39 INFO  com.dsalgo.automation.pages.HomePage - clicked Get Startedlink on Tree 
2025-05-05 21:46:40 INFO  com.dsalgo.automation.pages.HomePage - Clicked on Sign out link.
2025-05-05 21:46:40 INFO  com.dsalgo.automation.pages.HomePage - Navigated to DSAlgo portal: https://dsportalapp.herokuapp.com/
2025-05-05 21:46:40 INFO  com.dsalgo.automation.pages.HomePage - Clicked on Get Started button in DSAlgo Portal.
2025-05-05 21:46:40 INFO  com.dsalgo.automation.utils.NavigationUtil - Navigated to DS Algo Home Page
2025-05-05 21:46:40 INFO  com.dsalgo.automation.pages.HomePage - Clicked on Signin link.
2025-05-05 21:46:41 INFO  com.dsalgo.automation.utils.NavigationUtil - Login performed successfully
2025-05-05 21:46:41 INFO  com.dsalgo.automation.pages.HomePage - clicked Get Startedlink on Tree 
2025-05-05 21:46:42 INFO  com.dsalgo.automation.pages.HomePage - Clicked on Sign out link.
2025-05-05 21:46:42 INFO  com.dsalgo.automation.pages.HomePage - Navigated to DSAlgo portal: https://dsportalapp.herokuapp.com/
2025-05-05 21:46:42 INFO  com.dsalgo.automation.pages.HomePage - Clicked on Get Started button in DSAlgo Portal.
2025-05-05 21:46:42 INFO  com.dsalgo.automation.utils.NavigationUtil - Navigated to DS Algo Home Page
2025-05-05 21:46:42 INFO  com.dsalgo.automation.pages.HomePage - Clicked on Signin link.
2025-05-05 21:46:43 INFO  com.dsalgo.automation.utils.NavigationUtil - Login performed successfully
2025-05-05 21:46:43 INFO  com.dsalgo.automation.pages.HomePage - clicked Get Startedlink on Tree 
2025-05-05 21:46:44 INFO  com.dsalgo.automation.pages.HomePage - Clicked on Sign out link.
2025-05-05 21:46:44 INFO  com.dsalgo.automation.pages.HomePage - Navigated to DSAlgo portal: https://dsportalapp.herokuapp.com/
2025-05-05 21:46:44 INFO  com.dsalgo.automation.pages.HomePage - Clicked on Get Started button in DSAlgo Portal.
2025-05-05 21:46:44 INFO  com.dsalgo.automation.utils.NavigationUtil - Navigated to DS Algo Home Page
2025-05-05 21:46:44 INFO  com.dsalgo.automation.pages.HomePage - Clicked on Signin link.
2025-05-05 21:46:45 INFO  com.dsalgo.automation.utils.NavigationUtil - Login performed successfully
2025-05-05 21:46:45 INFO  com.dsalgo.automation.pages.HomePage - clicked Get Startedlink on Tree 
2025-05-05 21:46:46 ERROR com.dsalgo.automation.tests.TreePageTest - Assertion failed: expected [true] but found [false]
2025-05-05 21:46:46 INFO  com.dsalgo.automation.pages.HomePage - Clicked on Sign out link.
2025-05-05 21:46:46 INFO  com.dsalgo.automation.pages.HomePage - Navigated to DSAlgo portal: https://dsportalapp.herokuapp.com/
2025-05-05 21:46:46 INFO  com.dsalgo.automation.pages.HomePage - Clicked on Get Started button in DSAlgo Portal.
2025-05-05 21:46:46 INFO  com.dsalgo.automation.utils.NavigationUtil - Navigated to DS Algo Home Page
2025-05-05 21:46:46 INFO  com.dsalgo.automation.pages.HomePage - Clicked on Signin link.
2025-05-05 21:46:47 INFO  com.dsalgo.automation.utils.NavigationUtil - Login performed successfully
2025-05-05 21:46:47 INFO  com.dsalgo.automation.pages.HomePage - clicked Get Startedlink on Tree 
2025-05-05 21:46:48 ERROR com.dsalgo.automation.tests.TreePageTest - Assertion failed: expected [true] but found [false]
2025-05-05 21:46:48 INFO  com.dsalgo.automation.pages.HomePage - Clicked on Sign out link.
2025-05-05 21:46:48 INFO  com.dsalgo.automation.pages.HomePage - Navigated to DSAlgo portal: https://dsportalapp.herokuapp.com/
2025-05-05 21:46:48 INFO  com.dsalgo.automation.pages.HomePage - Clicked on Get Started button in DSAlgo Portal.
2025-05-05 21:46:48 INFO  com.dsalgo.automation.utils.NavigationUtil - Navigated to DS Algo Home Page
2025-05-05 21:46:48 INFO  com.dsalgo.automation.pages.HomePage - Clicked on Signin link.
2025-05-05 21:46:49 INFO  com.dsalgo.automation.utils.NavigationUtil - Login performed successfully
2025-05-05 21:46:49 INFO  com.dsalgo.automation.pages.HomePage - clicked Get Startedlink on Tree 
2025-05-05 21:46:50 ERROR com.dsalgo.automation.tests.TreePageTest - Assertion failed: expected [true] but found [false]
2025-05-05 21:46:50 INFO  com.dsalgo.automation.pages.HomePage - Clicked on Sign out link.
2025-05-05 21:46:50 DEBUG org.apache.poi.openxml4j.opc.PackageRelationshipCollection - Parsing relationship: /xl/_rels/workbook.xml.rels
2025-05-05 21:46:50 DEBUG org.apache.poi.openxml4j.opc.PackageRelationshipCollection - Parsing relationship: /_rels/.rels
2025-05-05 21:46:51 INFO  com.dsalgo.automation.pages.HomePage - Navigated to DSAlgo portal: https://dsportalapp.herokuapp.com/
2025-05-05 21:46:51 INFO  com.dsalgo.automation.pages.HomePage - Clicked on Get Started button in DSAlgo Portal.
2025-05-05 21:46:51 INFO  com.dsalgo.automation.utils.NavigationUtil - Navigated to DS Algo Home Page
2025-05-05 21:46:51 INFO  com.dsalgo.automation.pages.HomePage - Clicked on Signin link.
2025-05-05 21:46:51 INFO  com.dsalgo.automation.utils.NavigationUtil - Login performed successfully
2025-05-05 21:46:52 INFO  com.dsalgo.automation.pages.HomePage - clicked Get Startedlink on Tree 
2025-05-05 21:46:53 INFO  com.dsalgo.automation.pages.HomePage - Clicked on Sign out link.
2025-05-05 21:46:53 INFO  com.dsalgo.automation.pages.HomePage - Navigated to DSAlgo portal: https://dsportalapp.herokuapp.com/
2025-05-05 21:46:53 INFO  com.dsalgo.automation.pages.HomePage - Clicked on Get Started button in DSAlgo Portal.
2025-05-05 21:46:53 INFO  com.dsalgo.automation.utils.NavigationUtil - Navigated to DS Algo Home Page
2025-05-05 21:46:53 INFO  com.dsalgo.automation.pages.HomePage - Clicked on Signin link.
2025-05-05 21:46:54 INFO  com.dsalgo.automation.utils.NavigationUtil - Login performed successfully
2025-05-05 21:46:54 INFO  com.dsalgo.automation.pages.HomePage - clicked Get Startedlink on Tree 
2025-05-05 21:46:55 INFO  com.dsalgo.automation.pages.HomePage - Clicked on Sign out link.
2025-05-05 21:46:55 INFO  com.dsalgo.automation.pages.HomePage - Navigated to DSAlgo portal: https://dsportalapp.herokuapp.com/
2025-05-05 21:46:56 INFO  com.dsalgo.automation.pages.HomePage - Clicked on Get Started button in DSAlgo Portal.
2025-05-05 21:46:56 INFO  com.dsalgo.automation.utils.NavigationUtil - Navigated to DS Algo Home Page
2025-05-05 21:46:56 INFO  com.dsalgo.automation.pages.HomePage - Clicked on Signin link.
2025-05-05 21:46:56 INFO  com.dsalgo.automation.utils.NavigationUtil - Login performed successfully
2025-05-05 21:46:56 INFO  com.dsalgo.automation.pages.HomePage - clicked Get Startedlink on Tree 
2025-05-05 21:46:58 INFO  com.dsalgo.automation.pages.HomePage - Clicked on Sign out link.
2025-05-05 21:46:58 INFO  com.dsalgo.automation.pages.HomePage - Navigated to DSAlgo portal: https://dsportalapp.herokuapp.com/
2025-05-05 21:46:58 INFO  com.dsalgo.automation.pages.HomePage - Clicked on Get Started button in DSAlgo Portal.
2025-05-05 21:46:58 INFO  com.dsalgo.automation.utils.NavigationUtil - Navigated to DS Algo Home Page
2025-05-05 21:46:58 INFO  com.dsalgo.automation.pages.HomePage - Clicked on Signin link.
2025-05-05 21:46:58 INFO  com.dsalgo.automation.utils.NavigationUtil - Login performed successfully
2025-05-05 21:46:59 INFO  com.dsalgo.automation.pages.HomePage - clicked Get Startedlink on Tree 
2025-05-05 21:47:00 INFO  com.dsalgo.automation.pages.HomePage - Clicked on Sign out link.
2025-05-05 21:47:00 INFO  com.dsalgo.automation.pages.HomePage - Navigated to DSAlgo portal: https://dsportalapp.herokuapp.com/
2025-05-05 21:47:00 INFO  com.dsalgo.automation.pages.HomePage - Clicked on Get Started button in DSAlgo Portal.
2025-05-05 21:47:00 INFO  com.dsalgo.automation.utils.NavigationUtil - Navigated to DS Algo Home Page
2025-05-05 21:47:00 INFO  com.dsalgo.automation.pages.HomePage - Clicked on Signin link.
2025-05-05 21:47:01 INFO  com.dsalgo.automation.utils.NavigationUtil - Login performed successfully
2025-05-05 21:47:01 INFO  com.dsalgo.automation.pages.HomePage - clicked Get Startedlink on Tree 
2025-05-05 21:47:01 INFO  com.dsalgo.automation.pages.HomePage - Clicked on Sign out link.
2025-05-05 21:47:02 INFO  com.dsalgo.automation.pages.HomePage - Navigated to DSAlgo portal: https://dsportalapp.herokuapp.com/
2025-05-05 21:47:02 INFO  com.dsalgo.automation.pages.HomePage - Clicked on Get Started button in DSAlgo Portal.
2025-05-05 21:47:02 INFO  com.dsalgo.automation.utils.NavigationUtil - Navigated to DS Algo Home Page
2025-05-05 21:47:02 INFO  com.dsalgo.automation.pages.HomePage - Clicked on Signin link.
2025-05-05 21:47:02 INFO  com.dsalgo.automation.utils.NavigationUtil - Login performed successfully
2025-05-05 21:47:02 INFO  com.dsalgo.automation.pages.HomePage - clicked Get Startedlink on Tree 
2025-05-05 21:47:03 ERROR com.dsalgo.automation.tests.TreePageTest - Assertion failed: expected [true] but found [false]
2025-05-05 21:47:03 INFO  com.dsalgo.automation.pages.HomePage - Clicked on Sign out link.
2025-05-05 21:47:04 INFO  com.dsalgo.automation.pages.HomePage - Navigated to DSAlgo portal: https://dsportalapp.herokuapp.com/
2025-05-05 21:47:04 INFO  com.dsalgo.automation.pages.HomePage - Clicked on Get Started button in DSAlgo Portal.
2025-05-05 21:47:04 INFO  com.dsalgo.automation.utils.NavigationUtil - Navigated to DS Algo Home Page
2025-05-05 21:47:04 INFO  com.dsalgo.automation.pages.HomePage - Clicked on Signin link.
2025-05-05 21:47:04 INFO  com.dsalgo.automation.utils.NavigationUtil - Login performed successfully
2025-05-05 21:47:04 INFO  com.dsalgo.automation.pages.HomePage - clicked Get Startedlink on Tree 
2025-05-05 21:47:05 ERROR com.dsalgo.automation.tests.TreePageTest - Assertion failed: expected [true] but found [false]
2025-05-05 21:47:05 INFO  com.dsalgo.automation.pages.HomePage - Clicked on Sign out link.
2025-05-05 21:47:05 INFO  com.dsalgo.automation.pages.HomePage - Navigated to DSAlgo portal: https://dsportalapp.herokuapp.com/
2025-05-05 21:47:06 INFO  com.dsalgo.automation.pages.HomePage - Clicked on Get Started button in DSAlgo Portal.
2025-05-05 21:47:06 INFO  com.dsalgo.automation.utils.NavigationUtil - Navigated to DS Algo Home Page
2025-05-05 21:47:06 INFO  com.dsalgo.automation.pages.HomePage - Clicked on Signin link.
2025-05-05 21:47:06 INFO  com.dsalgo.automation.utils.NavigationUtil - Login performed successfully
2025-05-05 21:47:06 INFO  com.dsalgo.automation.pages.HomePage - clicked Get Startedlink on Tree 
2025-05-05 21:47:07 ERROR com.dsalgo.automation.tests.TreePageTest - Assertion failed: expected [true] but found [false]
2025-05-05 21:47:07 INFO  com.dsalgo.automation.pages.HomePage - Clicked on Sign out link.
2025-05-05 21:47:07 DEBUG org.apache.poi.openxml4j.opc.PackageRelationshipCollection - Parsing relationship: /xl/_rels/workbook.xml.rels
2025-05-05 21:47:07 DEBUG org.apache.poi.openxml4j.opc.PackageRelationshipCollection - Parsing relationship: /_rels/.rels
2025-05-05 21:47:08 INFO  com.dsalgo.automation.pages.HomePage - Navigated to DSAlgo portal: https://dsportalapp.herokuapp.com/
2025-05-05 21:47:08 INFO  com.dsalgo.automation.pages.HomePage - Clicked on Get Started button in DSAlgo Portal.
2025-05-05 21:47:08 INFO  com.dsalgo.automation.utils.NavigationUtil - Navigated to DS Algo Home Page
2025-05-05 21:47:08 INFO  com.dsalgo.automation.pages.HomePage - Clicked on Signin link.
2025-05-05 21:47:08 INFO  com.dsalgo.automation.utils.NavigationUtil - Login performed successfully
2025-05-05 21:47:09 INFO  com.dsalgo.automation.pages.HomePage - clicked Get Startedlink on Tree 
2025-05-05 21:47:10 INFO  com.dsalgo.automation.pages.HomePage - Clicked on Sign out link.
2025-05-05 21:47:10 INFO  com.dsalgo.automation.pages.HomePage - Navigated to DSAlgo portal: https://dsportalapp.herokuapp.com/
2025-05-05 21:47:10 INFO  com.dsalgo.automation.pages.HomePage - Clicked on Get Started button in DSAlgo Portal.
2025-05-05 21:47:10 INFO  com.dsalgo.automation.utils.NavigationUtil - Navigated to DS Algo Home Page
2025-05-05 21:47:10 INFO  com.dsalgo.automation.pages.HomePage - Clicked on Signin link.
2025-05-05 21:47:10 INFO  com.dsalgo.automation.utils.NavigationUtil - Login performed successfully
2025-05-05 21:47:11 INFO  com.dsalgo.automation.pages.HomePage - clicked Get Startedlink on Tree 
2025-05-05 21:47:12 INFO  com.dsalgo.automation.pages.HomePage - Clicked on Sign out link.
2025-05-05 21:47:12 INFO  com.dsalgo.automation.pages.HomePage - Navigated to DSAlgo portal: https://dsportalapp.herokuapp.com/
2025-05-05 21:47:12 INFO  com.dsalgo.automation.pages.HomePage - Clicked on Get Started button in DSAlgo Portal.
2025-05-05 21:47:12 INFO  com.dsalgo.automation.utils.NavigationUtil - Navigated to DS Algo Home Page
2025-05-05 21:47:12 INFO  com.dsalgo.automation.pages.HomePage - Clicked on Signin link.
2025-05-05 21:47:13 INFO  com.dsalgo.automation.utils.NavigationUtil - Login performed successfully
2025-05-05 21:47:13 INFO  com.dsalgo.automation.pages.HomePage - clicked Get Startedlink on Tree 
2025-05-05 21:47:14 INFO  com.dsalgo.automation.pages.HomePage - Clicked on Sign out link.
2025-05-05 21:47:14 INFO  com.dsalgo.automation.pages.HomePage - Navigated to DSAlgo portal: https://dsportalapp.herokuapp.com/
2025-05-05 21:47:14 INFO  com.dsalgo.automation.pages.HomePage - Clicked on Get Started button in DSAlgo Portal.
2025-05-05 21:47:14 INFO  com.dsalgo.automation.utils.NavigationUtil - Navigated to DS Algo Home Page
2025-05-05 21:47:15 INFO  com.dsalgo.automation.pages.HomePage - Clicked on Signin link.
2025-05-05 21:47:15 INFO  com.dsalgo.automation.utils.NavigationUtil - Login performed successfully
2025-05-05 21:47:15 INFO  com.dsalgo.automation.pages.HomePage - clicked Get Startedlink on Tree 
2025-05-05 21:47:16 INFO  com.dsalgo.automation.pages.HomePage - Clicked on Sign out link.
2025-05-05 21:47:16 INFO  com.dsalgo.automation.pages.HomePage - Navigated to DSAlgo portal: https://dsportalapp.herokuapp.com/
2025-05-05 21:47:16 INFO  com.dsalgo.automation.pages.HomePage - Clicked on Get Started button in DSAlgo Portal.
2025-05-05 21:47:16 INFO  com.dsalgo.automation.utils.NavigationUtil - Navigated to DS Algo Home Page
2025-05-05 21:47:17 INFO  com.dsalgo.automation.pages.HomePage - Clicked on Signin link.
2025-05-05 21:47:17 INFO  com.dsalgo.automation.utils.NavigationUtil - Login performed successfully
2025-05-05 21:47:17 INFO  com.dsalgo.automation.pages.HomePage - clicked Get Startedlink on Tree 
2025-05-05 21:47:18 ERROR com.dsalgo.automation.tests.TreePageTest - Assertion failed: expected [true] but found [false]
2025-05-05 21:47:18 INFO  com.dsalgo.automation.pages.HomePage - Clicked on Sign out link.
2025-05-05 21:47:18 INFO  com.dsalgo.automation.pages.HomePage - Navigated to DSAlgo portal: https://dsportalapp.herokuapp.com/
2025-05-05 21:47:19 INFO  com.dsalgo.automation.pages.HomePage - Clicked on Get Started button in DSAlgo Portal.
2025-05-05 21:47:19 INFO  com.dsalgo.automation.utils.NavigationUtil - Navigated to DS Algo Home Page
2025-05-05 21:47:19 INFO  com.dsalgo.automation.pages.HomePage - Clicked on Signin link.
2025-05-05 21:47:19 INFO  com.dsalgo.automation.utils.NavigationUtil - Login performed successfully
2025-05-05 21:47:19 INFO  com.dsalgo.automation.pages.HomePage - clicked Get Startedlink on Tree 
2025-05-05 21:47:20 ERROR com.dsalgo.automation.tests.TreePageTest - Assertion failed: expected [true] but found [false]
2025-05-05 21:47:20 INFO  com.dsalgo.automation.pages.HomePage - Clicked on Sign out link.
2025-05-05 21:47:21 INFO  com.dsalgo.automation.pages.HomePage - Navigated to DSAlgo portal: https://dsportalapp.herokuapp.com/
2025-05-05 21:47:21 INFO  com.dsalgo.automation.pages.HomePage - Clicked on Get Started button in DSAlgo Portal.
2025-05-05 21:47:21 INFO  com.dsalgo.automation.utils.NavigationUtil - Navigated to DS Algo Home Page
2025-05-05 21:47:21 INFO  com.dsalgo.automation.pages.HomePage - Clicked on Signin link.
2025-05-05 21:47:22 INFO  com.dsalgo.automation.utils.NavigationUtil - Login performed successfully
2025-05-05 21:47:22 INFO  com.dsalgo.automation.pages.HomePage - clicked Get Startedlink on Tree 
2025-05-05 21:47:22 ERROR com.dsalgo.automation.tests.TreePageTest - Assertion failed: expected [true] but found [false]
2025-05-05 21:47:23 INFO  com.dsalgo.automation.pages.HomePage - Clicked on Sign out link.
2025-05-05 21:47:23 DEBUG org.apache.poi.openxml4j.opc.PackageRelationshipCollection - Parsing relationship: /xl/_rels/workbook.xml.rels
2025-05-05 21:47:23 DEBUG org.apache.poi.openxml4j.opc.PackageRelationshipCollection - Parsing relationship: /_rels/.rels
2025-05-05 21:47:23 INFO  com.dsalgo.automation.pages.HomePage - Navigated to DSAlgo portal: https://dsportalapp.herokuapp.com/
2025-05-05 21:47:23 INFO  com.dsalgo.automation.pages.HomePage - Clicked on Get Started button in DSAlgo Portal.
2025-05-05 21:47:23 INFO  com.dsalgo.automation.utils.NavigationUtil - Navigated to DS Algo Home Page
2025-05-05 21:47:23 INFO  com.dsalgo.automation.pages.HomePage - Clicked on Signin link.
2025-05-05 21:47:23 INFO  com.dsalgo.automation.utils.NavigationUtil - Login performed successfully
2025-05-05 21:47:24 INFO  com.dsalgo.automation.pages.HomePage - clicked Get Startedlink on Tree 
2025-05-05 21:47:25 INFO  com.dsalgo.automation.pages.HomePage - Clicked on Sign out link.
2025-05-05 21:47:25 INFO  com.dsalgo.automation.pages.HomePage - Navigated to DSAlgo portal: https://dsportalapp.herokuapp.com/
2025-05-05 21:47:26 INFO  com.dsalgo.automation.pages.HomePage - Clicked on Get Started button in DSAlgo Portal.
2025-05-05 21:47:26 INFO  com.dsalgo.automation.utils.NavigationUtil - Navigated to DS Algo Home Page
2025-05-05 21:47:26 INFO  com.dsalgo.automation.pages.HomePage - Clicked on Signin link.
2025-05-05 21:47:26 INFO  com.dsalgo.automation.utils.NavigationUtil - Login performed successfully
2025-05-05 21:47:26 INFO  com.dsalgo.automation.pages.HomePage - clicked Get Startedlink on Tree 
2025-05-05 21:47:27 INFO  com.dsalgo.automation.pages.HomePage - Clicked on Sign out link.
2025-05-05 21:47:27 INFO  com.dsalgo.automation.pages.HomePage - Navigated to DSAlgo portal: https://dsportalapp.herokuapp.com/
2025-05-05 21:47:28 INFO  com.dsalgo.automation.pages.HomePage - Clicked on Get Started button in DSAlgo Portal.
2025-05-05 21:47:28 INFO  com.dsalgo.automation.utils.NavigationUtil - Navigated to DS Algo Home Page
2025-05-05 21:47:28 INFO  com.dsalgo.automation.pages.HomePage - Clicked on Signin link.
2025-05-05 21:47:28 INFO  com.dsalgo.automation.utils.NavigationUtil - Login performed successfully
2025-05-05 21:47:28 INFO  com.dsalgo.automation.pages.HomePage - clicked Get Startedlink on Tree 
2025-05-05 21:47:29 INFO  com.dsalgo.automation.pages.HomePage - Clicked on Sign out link.
2025-05-05 21:47:30 INFO  com.dsalgo.automation.pages.HomePage - Navigated to DSAlgo portal: https://dsportalapp.herokuapp.com/
2025-05-05 21:47:30 INFO  com.dsalgo.automation.pages.HomePage - Clicked on Get Started button in DSAlgo Portal.
2025-05-05 21:47:30 INFO  com.dsalgo.automation.utils.NavigationUtil - Navigated to DS Algo Home Page
2025-05-05 21:47:30 INFO  com.dsalgo.automation.pages.HomePage - Clicked on Signin link.
2025-05-05 21:47:30 INFO  com.dsalgo.automation.utils.NavigationUtil - Login performed successfully
2025-05-05 21:47:31 INFO  com.dsalgo.automation.pages.HomePage - clicked Get Startedlink on Tree 
2025-05-05 21:47:31 INFO  com.dsalgo.automation.pages.HomePage - Clicked on Sign out link.
2025-05-05 21:47:31 INFO  com.dsalgo.automation.pages.HomePage - Navigated to DSAlgo portal: https://dsportalapp.herokuapp.com/
2025-05-05 21:47:32 INFO  com.dsalgo.automation.pages.HomePage - Clicked on Get Started button in DSAlgo Portal.
2025-05-05 21:47:32 INFO  com.dsalgo.automation.utils.NavigationUtil - Navigated to DS Algo Home Page
2025-05-05 21:47:32 INFO  com.dsalgo.automation.pages.HomePage - Clicked on Signin link.
2025-05-05 21:47:32 INFO  com.dsalgo.automation.utils.NavigationUtil - Login performed successfully
2025-05-05 21:47:32 INFO  com.dsalgo.automation.pages.HomePage - clicked Get Startedlink on Tree 
2025-05-05 21:47:33 ERROR com.dsalgo.automation.tests.TreePageTest - Assertion failed: expected [true] but found [false]
2025-05-05 21:47:33 INFO  com.dsalgo.automation.pages.HomePage - Clicked on Sign out link.
2025-05-05 21:47:33 INFO  com.dsalgo.automation.pages.HomePage - Navigated to DSAlgo portal: https://dsportalapp.herokuapp.com/
2025-05-05 21:47:34 INFO  com.dsalgo.automation.pages.HomePage - Clicked on Get Started button in DSAlgo Portal.
2025-05-05 21:47:34 INFO  com.dsalgo.automation.utils.NavigationUtil - Navigated to DS Algo Home Page
2025-05-05 21:47:34 INFO  com.dsalgo.automation.pages.HomePage - Clicked on Signin link.
2025-05-05 21:47:34 INFO  com.dsalgo.automation.utils.NavigationUtil - Login performed successfully
2025-05-05 21:47:34 INFO  com.dsalgo.automation.pages.HomePage - clicked Get Startedlink on Tree 
2025-05-05 21:47:35 ERROR com.dsalgo.automation.tests.TreePageTest - Assertion failed: expected [true] but found [false]
2025-05-05 21:47:35 INFO  com.dsalgo.automation.pages.HomePage - Clicked on Sign out link.
2025-05-05 21:47:35 INFO  com.dsalgo.automation.pages.HomePage - Navigated to DSAlgo portal: https://dsportalapp.herokuapp.com/
2025-05-05 21:47:36 INFO  com.dsalgo.automation.pages.HomePage - Clicked on Get Started button in DSAlgo Portal.
2025-05-05 21:47:36 INFO  com.dsalgo.automation.utils.NavigationUtil - Navigated to DS Algo Home Page
2025-05-05 21:47:36 INFO  com.dsalgo.automation.pages.HomePage - Clicked on Signin link.
2025-05-05 21:47:36 INFO  com.dsalgo.automation.utils.NavigationUtil - Login performed successfully
2025-05-05 21:47:36 INFO  com.dsalgo.automation.pages.HomePage - clicked Get Startedlink on Tree 
2025-05-05 21:47:37 ERROR com.dsalgo.automation.tests.TreePageTest - Assertion failed: expected [true] but found [false]
2025-05-05 21:47:38 INFO  com.dsalgo.automation.pages.HomePage - Clicked on Sign out link.
2025-05-05 21:47:38 DEBUG org.apache.poi.openxml4j.opc.PackageRelationshipCollection - Parsing relationship: /xl/_rels/workbook.xml.rels
2025-05-05 21:47:38 DEBUG org.apache.poi.openxml4j.opc.PackageRelationshipCollection - Parsing relationship: /_rels/.rels
2025-05-05 21:47:38 INFO  com.dsalgo.automation.pages.HomePage - Navigated to DSAlgo portal: https://dsportalapp.herokuapp.com/
2025-05-05 21:47:38 INFO  com.dsalgo.automation.pages.HomePage - Clicked on Get Started button in DSAlgo Portal.
2025-05-05 21:47:38 INFO  com.dsalgo.automation.utils.NavigationUtil - Navigated to DS Algo Home Page
2025-05-05 21:47:38 INFO  com.dsalgo.automation.pages.HomePage - Clicked on Signin link.
2025-05-05 21:47:39 INFO  com.dsalgo.automation.utils.NavigationUtil - Login performed successfully
2025-05-05 21:47:39 INFO  com.dsalgo.automation.pages.HomePage - clicked Get Startedlink on Tree 
2025-05-05 21:47:40 INFO  com.dsalgo.automation.pages.HomePage - Clicked on Sign out link.
2025-05-05 21:47:40 INFO  com.dsalgo.automation.pages.HomePage - Navigated to DSAlgo portal: https://dsportalapp.herokuapp.com/
2025-05-05 21:47:40 INFO  com.dsalgo.automation.pages.HomePage - Clicked on Get Started button in DSAlgo Portal.
2025-05-05 21:47:40 INFO  com.dsalgo.automation.utils.NavigationUtil - Navigated to DS Algo Home Page
2025-05-05 21:47:40 INFO  com.dsalgo.automation.pages.HomePage - Clicked on Signin link.
2025-05-05 21:47:41 INFO  com.dsalgo.automation.utils.NavigationUtil - Login performed successfully
2025-05-05 21:47:41 INFO  com.dsalgo.automation.pages.HomePage - clicked Get Startedlink on Tree 
2025-05-05 21:47:42 INFO  com.dsalgo.automation.pages.HomePage - Clicked on Sign out link.
2025-05-05 21:47:42 INFO  com.dsalgo.automation.pages.HomePage - Navigated to DSAlgo portal: https://dsportalapp.herokuapp.com/
2025-05-05 21:47:42 INFO  com.dsalgo.automation.pages.HomePage - Clicked on Get Started button in DSAlgo Portal.
2025-05-05 21:47:42 INFO  com.dsalgo.automation.utils.NavigationUtil - Navigated to DS Algo Home Page
2025-05-05 21:47:42 INFO  com.dsalgo.automation.pages.HomePage - Clicked on Signin link.
2025-05-05 21:47:42 INFO  com.dsalgo.automation.utils.NavigationUtil - Login performed successfully
2025-05-05 21:47:43 INFO  com.dsalgo.automation.pages.HomePage - clicked Get Startedlink on Tree 
2025-05-05 21:47:44 INFO  com.dsalgo.automation.pages.HomePage - Clicked on Sign out link.
2025-05-05 21:47:44 INFO  com.dsalgo.automation.pages.HomePage - Navigated to DSAlgo portal: https://dsportalapp.herokuapp.com/
2025-05-05 21:47:44 INFO  com.dsalgo.automation.pages.HomePage - Clicked on Get Started button in DSAlgo Portal.
2025-05-05 21:47:44 INFO  com.dsalgo.automation.utils.NavigationUtil - Navigated to DS Algo Home Page
2025-05-05 21:47:44 INFO  com.dsalgo.automation.pages.HomePage - Clicked on Signin link.
2025-05-05 21:47:45 INFO  com.dsalgo.automation.utils.NavigationUtil - Login performed successfully
2025-05-05 21:47:45 INFO  com.dsalgo.automation.pages.HomePage - clicked Get Startedlink on Tree 
2025-05-05 21:47:46 INFO  com.dsalgo.automation.pages.HomePage - Clicked on Sign out link.
2025-05-05 21:47:46 INFO  com.dsalgo.automation.pages.HomePage - Navigated to DSAlgo portal: https://dsportalapp.herokuapp.com/
2025-05-05 21:47:47 INFO  com.dsalgo.automation.pages.HomePage - Clicked on Get Started button in DSAlgo Portal.
2025-05-05 21:47:47 INFO  com.dsalgo.automation.utils.NavigationUtil - Navigated to DS Algo Home Page
2025-05-05 21:47:47 INFO  com.dsalgo.automation.pages.HomePage - Clicked on Signin link.
2025-05-05 21:47:47 INFO  com.dsalgo.automation.utils.NavigationUtil - Login performed successfully
2025-05-05 21:47:47 INFO  com.dsalgo.automation.pages.HomePage - clicked Get Startedlink on Tree 
2025-05-05 21:47:48 INFO  com.dsalgo.automation.pages.HomePage - Clicked on Sign out link.
2025-05-05 21:47:48 INFO  com.dsalgo.automation.pages.HomePage - Navigated to DSAlgo portal: https://dsportalapp.herokuapp.com/
2025-05-05 21:47:49 INFO  com.dsalgo.automation.pages.HomePage - Clicked on Get Started button in DSAlgo Portal.
2025-05-05 21:47:49 INFO  com.dsalgo.automation.utils.NavigationUtil - Navigated to DS Algo Home Page
2025-05-05 21:47:49 INFO  com.dsalgo.automation.pages.HomePage - Clicked on Signin link.
2025-05-05 21:47:49 INFO  com.dsalgo.automation.utils.NavigationUtil - Login performed successfully
2025-05-05 21:47:49 INFO  com.dsalgo.automation.pages.HomePage - clicked Get Startedlink on Tree 
2025-05-05 21:47:50 ERROR com.dsalgo.automation.tests.TreePageTest - Assertion failed: expected [true] but found [false]
2025-05-05 21:47:50 INFO  com.dsalgo.automation.pages.HomePage - Clicked on Sign out link.
2025-05-05 21:47:50 INFO  com.dsalgo.automation.pages.HomePage - Navigated to DSAlgo portal: https://dsportalapp.herokuapp.com/
2025-05-05 21:47:51 INFO  com.dsalgo.automation.pages.HomePage - Clicked on Get Started button in DSAlgo Portal.
2025-05-05 21:47:51 INFO  com.dsalgo.automation.utils.NavigationUtil - Navigated to DS Algo Home Page
2025-05-05 21:47:51 INFO  com.dsalgo.automation.pages.HomePage - Clicked on Signin link.
2025-05-05 21:47:51 INFO  com.dsalgo.automation.utils.NavigationUtil - Login performed successfully
2025-05-05 21:47:51 INFO  com.dsalgo.automation.pages.HomePage - clicked Get Startedlink on Tree 
2025-05-05 21:47:52 ERROR com.dsalgo.automation.tests.TreePageTest - Assertion failed: expected [true] but found [false]
2025-05-05 21:47:52 INFO  com.dsalgo.automation.pages.HomePage - Clicked on Sign out link.
2025-05-05 21:47:52 INFO  com.dsalgo.automation.pages.HomePage - Navigated to DSAlgo portal: https://dsportalapp.herokuapp.com/
2025-05-05 21:47:53 INFO  com.dsalgo.automation.pages.HomePage - Clicked on Get Started button in DSAlgo Portal.
2025-05-05 21:47:53 INFO  com.dsalgo.automation.utils.NavigationUtil - Navigated to DS Algo Home Page
2025-05-05 21:47:53 INFO  com.dsalgo.automation.pages.HomePage - Clicked on Signin link.
2025-05-05 21:47:53 INFO  com.dsalgo.automation.utils.NavigationUtil - Login performed successfully
2025-05-05 21:47:53 INFO  com.dsalgo.automation.pages.HomePage - clicked Get Startedlink on Tree 
2025-05-05 21:47:54 ERROR com.dsalgo.automation.tests.TreePageTest - Assertion failed: expected [true] but found [false]
2025-05-05 21:47:55 INFO  com.dsalgo.automation.pages.HomePage - Clicked on Sign out link.
2025-05-05 21:47:55 DEBUG org.apache.poi.openxml4j.opc.PackageRelationshipCollection - Parsing relationship: /xl/_rels/workbook.xml.rels
2025-05-05 21:47:55 DEBUG org.apache.poi.openxml4j.opc.PackageRelationshipCollection - Parsing relationship: /_rels/.rels
2025-05-05 21:47:55 INFO  com.dsalgo.automation.pages.HomePage - Navigated to DSAlgo portal: https://dsportalapp.herokuapp.com/
2025-05-05 21:47:55 INFO  com.dsalgo.automation.pages.HomePage - Clicked on Get Started button in DSAlgo Portal.
2025-05-05 21:47:55 INFO  com.dsalgo.automation.utils.NavigationUtil - Navigated to DS Algo Home Page
2025-05-05 21:47:55 INFO  com.dsalgo.automation.pages.HomePage - Clicked on Signin link.
2025-05-05 21:47:56 INFO  com.dsalgo.automation.utils.NavigationUtil - Login performed successfully
2025-05-05 21:47:56 INFO  com.dsalgo.automation.pages.HomePage - clicked Get Startedlink on Tree 
2025-05-05 21:47:57 INFO  com.dsalgo.automation.pages.HomePage - Clicked on Sign out link.
2025-05-05 21:47:57 INFO  com.dsalgo.automation.pages.HomePage - Navigated to DSAlgo portal: https://dsportalapp.herokuapp.com/
2025-05-05 21:47:57 INFO  com.dsalgo.automation.pages.HomePage - Clicked on Get Started button in DSAlgo Portal.
2025-05-05 21:47:57 INFO  com.dsalgo.automation.utils.NavigationUtil - Navigated to DS Algo Home Page
2025-05-05 21:47:57 INFO  com.dsalgo.automation.pages.HomePage - Clicked on Signin link.
2025-05-05 21:47:58 INFO  com.dsalgo.automation.utils.NavigationUtil - Login performed successfully
2025-05-05 21:47:58 INFO  com.dsalgo.automation.pages.HomePage - clicked Get Startedlink on Tree 
2025-05-05 21:47:59 INFO  com.dsalgo.automation.pages.HomePage - Clicked on Sign out link.
2025-05-05 21:47:59 INFO  com.dsalgo.automation.pages.HomePage - Navigated to DSAlgo portal: https://dsportalapp.herokuapp.com/
2025-05-05 21:47:59 INFO  com.dsalgo.automation.pages.HomePage - Clicked on Get Started button in DSAlgo Portal.
2025-05-05 21:47:59 INFO  com.dsalgo.automation.utils.NavigationUtil - Navigated to DS Algo Home Page
2025-05-05 21:48:00 INFO  com.dsalgo.automation.pages.HomePage - Clicked on Signin link.
2025-05-05 21:48:00 INFO  com.dsalgo.automation.utils.NavigationUtil - Login performed successfully
2025-05-05 21:48:00 INFO  com.dsalgo.automation.pages.HomePage - clicked Get Startedlink on Tree 
2025-05-05 21:48:01 INFO  com.dsalgo.automation.pages.HomePage - Clicked on Sign out link.
2025-05-05 21:48:01 INFO  com.dsalgo.automation.pages.HomePage - Navigated to DSAlgo portal: https://dsportalapp.herokuapp.com/
2025-05-05 21:48:02 INFO  com.dsalgo.automation.pages.HomePage - Clicked on Get Started button in DSAlgo Portal.
2025-05-05 21:48:02 INFO  com.dsalgo.automation.utils.NavigationUtil - Navigated to DS Algo Home Page
2025-05-05 21:48:02 INFO  com.dsalgo.automation.pages.HomePage - Clicked on Signin link.
2025-05-05 21:48:02 INFO  com.dsalgo.automation.utils.NavigationUtil - Login performed successfully
2025-05-05 21:48:02 INFO  com.dsalgo.automation.pages.HomePage - clicked Get Startedlink on Tree 
2025-05-05 21:48:03 INFO  com.dsalgo.automation.pages.HomePage - Clicked on Sign out link.
2025-05-05 21:48:03 INFO  com.dsalgo.automation.pages.HomePage - Navigated to DSAlgo portal: https://dsportalapp.herokuapp.com/
2025-05-05 21:48:03 INFO  com.dsalgo.automation.pages.HomePage - Clicked on Get Started button in DSAlgo Portal.
2025-05-05 21:48:03 INFO  com.dsalgo.automation.utils.NavigationUtil - Navigated to DS Algo Home Page
2025-05-05 21:48:04 INFO  com.dsalgo.automation.pages.HomePage - Clicked on Signin link.
2025-05-05 21:48:04 INFO  com.dsalgo.automation.utils.NavigationUtil - Login performed successfully
2025-05-05 21:48:04 INFO  com.dsalgo.automation.pages.HomePage - clicked Get Startedlink on Tree 
2025-05-05 21:48:05 ERROR com.dsalgo.automation.tests.TreePageTest - Assertion failed: expected [true] but found [false]
2025-05-05 21:48:05 INFO  com.dsalgo.automation.pages.HomePage - Clicked on Sign out link.
2025-05-05 21:48:05 INFO  com.dsalgo.automation.pages.HomePage - Navigated to DSAlgo portal: https://dsportalapp.herokuapp.com/
2025-05-05 21:48:05 INFO  com.dsalgo.automation.pages.HomePage - Clicked on Get Started button in DSAlgo Portal.
2025-05-05 21:48:05 INFO  com.dsalgo.automation.utils.NavigationUtil - Navigated to DS Algo Home Page
2025-05-05 21:48:06 INFO  com.dsalgo.automation.pages.HomePage - Clicked on Signin link.
2025-05-05 21:48:06 INFO  com.dsalgo.automation.utils.NavigationUtil - Login performed successfully
2025-05-05 21:48:06 INFO  com.dsalgo.automation.pages.HomePage - clicked Get Startedlink on Tree 
2025-05-05 21:48:07 ERROR com.dsalgo.automation.tests.TreePageTest - Assertion failed: expected [true] but found [false]
2025-05-05 21:48:07 INFO  com.dsalgo.automation.pages.HomePage - Clicked on Sign out link.
2025-05-05 21:48:07 INFO  com.dsalgo.automation.pages.HomePage - Navigated to DSAlgo portal: https://dsportalapp.herokuapp.com/
2025-05-05 21:48:07 INFO  com.dsalgo.automation.pages.HomePage - Clicked on Get Started button in DSAlgo Portal.
2025-05-05 21:48:07 INFO  com.dsalgo.automation.utils.NavigationUtil - Navigated to DS Algo Home Page
2025-05-05 21:48:08 INFO  com.dsalgo.automation.pages.HomePage - Clicked on Signin link.
2025-05-05 21:48:08 INFO  com.dsalgo.automation.utils.NavigationUtil - Login performed successfully
2025-05-05 21:48:08 INFO  com.dsalgo.automation.pages.HomePage - clicked Get Startedlink on Tree 
2025-05-05 21:48:09 ERROR com.dsalgo.automation.tests.TreePageTest - Assertion failed: expected [true] but found [false]
2025-05-05 21:48:09 INFO  com.dsalgo.automation.pages.HomePage - Clicked on Sign out link.
2025-05-05 21:48:09 DEBUG org.apache.poi.openxml4j.opc.PackageRelationshipCollection - Parsing relationship: /xl/_rels/workbook.xml.rels
2025-05-05 21:48:09 DEBUG org.apache.poi.openxml4j.opc.PackageRelationshipCollection - Parsing relationship: /_rels/.rels
2025-05-05 21:48:10 INFO  com.dsalgo.automation.pages.HomePage - Navigated to DSAlgo portal: https://dsportalapp.herokuapp.com/
2025-05-05 21:48:10 INFO  com.dsalgo.automation.pages.HomePage - Clicked on Get Started button in DSAlgo Portal.
2025-05-05 21:48:10 INFO  com.dsalgo.automation.utils.NavigationUtil - Navigated to DS Algo Home Page
2025-05-05 21:48:10 INFO  com.dsalgo.automation.pages.HomePage - Clicked on Signin link.
2025-05-05 21:48:10 INFO  com.dsalgo.automation.utils.NavigationUtil - Login performed successfully
2025-05-05 21:48:10 INFO  com.dsalgo.automation.pages.HomePage - clicked Get Startedlink on Tree 
2025-05-05 21:48:12 INFO  com.dsalgo.automation.pages.HomePage - Clicked on Sign out link.
2025-05-05 21:48:12 INFO  com.dsalgo.automation.pages.HomePage - Navigated to DSAlgo portal: https://dsportalapp.herokuapp.com/
2025-05-05 21:48:12 INFO  com.dsalgo.automation.pages.HomePage - Clicked on Get Started button in DSAlgo Portal.
2025-05-05 21:48:12 INFO  com.dsalgo.automation.utils.NavigationUtil - Navigated to DS Algo Home Page
2025-05-05 21:48:12 INFO  com.dsalgo.automation.pages.HomePage - Clicked on Signin link.
2025-05-05 21:48:12 INFO  com.dsalgo.automation.utils.NavigationUtil - Login performed successfully
2025-05-05 21:48:13 INFO  com.dsalgo.automation.pages.HomePage - clicked Get Startedlink on Tree 
2025-05-05 21:48:14 INFO  com.dsalgo.automation.pages.HomePage - Clicked on Sign out link.
2025-05-05 21:48:14 INFO  com.dsalgo.automation.pages.HomePage - Navigated to DSAlgo portal: https://dsportalapp.herokuapp.com/
2025-05-05 21:48:14 INFO  com.dsalgo.automation.pages.HomePage - Clicked on Get Started button in DSAlgo Portal.
2025-05-05 21:48:14 INFO  com.dsalgo.automation.utils.NavigationUtil - Navigated to DS Algo Home Page
2025-05-05 21:48:14 INFO  com.dsalgo.automation.pages.HomePage - Clicked on Signin link.
2025-05-05 21:48:15 INFO  com.dsalgo.automation.utils.NavigationUtil - Login performed successfully
2025-05-05 21:48:15 INFO  com.dsalgo.automation.pages.HomePage - clicked Get Startedlink on Tree 
2025-05-05 21:48:16 INFO  com.dsalgo.automation.pages.HomePage - Clicked on Sign out link.
